重启第 1 次
b'\r\n'
b'Password: \r\n'
b'\r\n'
b'reboot\r\n'
b'Login incorrect\r\n'
b'Ambarella login: '
b''
重启第 2 次
b'\r\n'
b'Ambarella login: \r\n'
b'root\r\n'
b"Ambarella login: login[558]: root login on 'ttyS0'\r\r\n"
b'# \r\n'
b'# reboot\r\n'
b'# \rThe system is going down NOW!\r\n'
b'\rSent SIGTERM to all processes\r\n'
b'\x1b[1;37mCapture signal[15]\x1b[0m\r\n'
b'~ClassPointer\r\n'
b'~ClassPointer\r\n'
b'~ClassPointer\r\n'
b'\rSent SIGKILL to all processes\r\n'
b'\rRequesting system reboot\r\n'
b'[ 3093.106450] ambarella-i2c e400a000.i2c: No ACK from address 0xb4, 0:0!\r\n'
b'[ 3093.113947] ambarella-i2c e400a000.i2c: No ACK from address 0xb4, 0:0!\r\n'
b'[ 3093.121446] ambarella-i2c e400a000.i2c: No ACK from address 0xb4, 0:0!\r\n'
b'[ 3093.128888] ambarella-i2c e400a000.i2c: No ACK from address 0xb4, 0:0!\r\n'
b'[ 3093.136337] ambarella-i2c e400a000.i2c: No ACK from address 0xb4, 0:0!\r\n'
b'[ 3093.143818] ambarella-i2c e400a000.i2c: No ACK from address 0xb4, 0:0!\r\n'
b'[ 3093.151274] ambarella-i2c e400a000.i2c: No ACK from address 0xb4, 0:0!\r\n'
b'[ 3094.748181] ambarella-wdt ec002000.wdt: ambarella_wdt_shutdown @ 5.\r\n'
b'[ 3094.754486] reboot: Restarting system\r\n'
b'\x1b[4l\r\n'
b'[    0.000000] Booting Linux on physical CPU 0x0\r\n'
b'[    0.000000] Linux version 4.14.181 (bean@tbox-compile1) (gcc version 8.2.1 20180802 (Linaro GCC 8.2-2018.08~dev)) #1 SMP PREEMPT Fri Dec 18 14:48:02 CST 2020\r\n'
b'[    0.000000] Boot CPU: AArch64 Processor [410fd034]\r\n'
b'[    0.000000] Machine model: Ambarella CV22 Walnut Board\r\n'
b'[    0.000000] Reserved memory: created CMA memory pool at 0x000000003cc00000, size 48 MiB\r\n'
b'[    0.000000] OF: reserved mem: initialized node linux,cma, compatible id shared-dma-pool\r\n'
b'[    0.000000] Reserved memory: created CMA memory pool at 0x0000000040000000, size 508 MiB\r\n'
b'[    0.000000] OF: reserved mem: initialized node iav@0x40000000, compatible id shared-dma-pool\r\n'
b'[    0.000000] Reserved memory: created CMA memory pool at 0x0000000060000000, size 508 MiB\r\n'
b'[    0.000000] OF: reserved mem: initialized node cavalry@0x60000000, compatible id shared-dma-pool\r\n'
b'[    0.000000] percpu: Embedded 19 pages/cpu s38552 r8192 d31080 u77824\r\n'
b'[    0.000000] Detected VIPT I-cache on CPU0\r\n'
b'[    0.000000] CPU features: enabling workaround for ARM erratum 845719\r\n'
b'[    0.000000] Built 1 zonelists, mobility grouping on.  Total pages: 515592\r\n'
b'[    0.000000] Kernel command line: console=ttyS0 noinitrd root=/dev/mmcblk0p9 rw rootfstype=ext4 init=/linuxrc rootwait\r\n'
b'[    0.000000] PID hash table entries: 4096 (order: 3, 32768 bytes)\r\n'
b'[    0.000000] Dentry cache hash table entries: 262144 (order: 9, 2097152 bytes)\r\n'
b'[    0.000000] Inode-cache hash table entries: 131072 (order: 8, 1048576 bytes)\r\n'
b'[    0.000000] Memory: 962048K/2095104K available (4670K kernel code, 432K rwdata, 1336K rodata, 320K init, 224K bss, 43520K reserved, 1089536K cma-reserved)\r\n'
b'[    0.000000] Virtual kernel memory layout:\r\n'
b'[    0.000000]     modules : 0xffffff8000000000 - 0xffffff8008000000   (   128 MB)\r\n'
b'[    0.000000]     vmalloc : 0xffffff8008000000 - 0xffffffbebfff0000   (   250 GB)\r\n'
b'[    0.000000]       .text : 0xffffff8008080000 - 0xffffff8008510000   (  4672 KB)\r\n'
b'[    0.000000]     .rodata : 0xffffff8008510000 - 0xffffff8008670000   (  1408 KB)\r\n'
b'[    0.000000]       .init : 0xffffff8008670000 - 0xffffff80086c0000   (   320 KB)\r\n'
b'[    0.000000]       .data : 0xffffff80086c0000 - 0xffffff800872c008   (   433 KB)\r\n'
b'[    0.000000]        .bss : 0xffffff800872c008 - 0xffffff8008764178   (   225 KB)\r\n'
b'[    0.000000]     fixed   : 0xffffffbefe7fb000 - 0xffffffbefec00000   (  4116 KB)\r\n'
b'[    0.000000]     PCI I/O : 0xffffffbefee00000 - 0xffffffbeffe00000   (    16 MB)\r\n'
b'[    0.000000]     vmemmap : 0xffffffbf00000000 - 0xffffffc000000000   (     4 GB maximum)\r\n'
b'[    0.000000]               0xffffffbf00008000 - 0xffffffbf02000000   (    31 MB actual)\r\n'
b'[    0.000000]     memory  : 0xffffffc000200000 - 0xffffffc080000000   (  2046 MB)\r\n'
b'[    0.000000] SLUB: HWalign=64, Order=0-3, MinObjects=0, CPUs=4, Nodes=1\r\n'
b'[    0.000000] Preemptible hierarchical RCU implementation.\r\n'
b'[    0.000000] \tTasks RCU enabled.\r\n'
b'[    0.000000] NR_IRQS: 64, nr_irqs: 64, preallocated irqs: 0\r\n'
b'[    0.000000] CPU features: GIC system register CPU interface present but disabled by higher exception level\r\n'
b'[    0.000000] vco = 384000000, 24000000, 1, 16, 1\r\n'
b'[    0.000000] arch_timer: cp15 timer(s) running at 47.25MHz (virt).\r\n'
b'[    0.000000] clocksource: arch_sys_counter: mask: 0xffffffffffffff max_cycles: 0xae5b54743, max_idle_ns: 440795204480 ns\r\n'
b'[    0.000005] sched_clock: 56 bits at 47MHz, resolution 21ns, wraps every 4398046511098ns\r\n'
b'[    0.000276] Console: colour dummy device 80x25\r\n'
b'[    0.302274] console [ttyS0] enabled\r\n'
b'[    0.305759] Calibrating delay loop (skipped), value calculated using timer frequency.. 94.50 BogoMIPS (lpj=47250)\r\n'
b'[    0.315998] pid_max: default: 32768 minimum: 301\r\n'
b'[    0.320698] Mount-cache hash table entries: 4096 (order: 3, 32768 bytes)\r\n'
b'[    0.327398] Mountpoint-cache hash table entries: 4096 (order: 3, 32768 bytes)\r\n'
b'[    0.338579] ASID allocator initialised with 32768 entries\r\n'
b'[    0.345989] Hierarchical SRCU implementation.\r\n'
b'[    0.354373] smp: Bringing up secondary CPUs ...\r\n'
b'[    0.365995] Detected VIPT I-cache on CPU1\r\n'
b'[    0.370022] CPU1: Booted secondary processor [410fd034]\r\n'
b'[    0.382085] Detected VIPT I-cache on CPU2\r\n'
b'[    0.386097] CPU2: Booted secondary processor [410fd034]\r\n'
b'[    0.398187] Detected VIPT I-cache on CPU3\r\n'
b'[    0.402198] CPU3: Booted secondary processor [410fd034]\r\n'
b'[    0.407477] smp: Brought up 1 node, 4 CPUs\r\n'
b'[    0.411573] SMP: Total of 4 processors activated.\r\n'
b'[    0.416264] CPU features: detected: 32-bit EL0 Support\r\n'
b'[    0.421885] CPU: All CPU(s) started at EL1\r\n'
b'[    0.425986] alternatives: patching kernel code\r\n'
b'[    0.431534] devtmpfs: initialized\r\n'
b'[    0.440619] random: get_random_u32 called from bucket_table_alloc+0x108/0x268 with crng_init=0\r\n'
b'[    0.449554] clocksource: jiffies: mask: 0xffffffff max_cycles: 0xffffffff, max_idle_ns: 1911260446275000 ns\r\n'
b'[    0.459282] futex hash table entries: 1024 (order: 5, 131072 bytes)\r\n'
b'[    0.507705] pinctrl core: initialized pinctrl subsystem\r\n'
b'[    0.513264] NET: Registered protocol family 16\r\n'
b'[    0.518396] vdso: 2 pages (1 code @ ffffff8008515000, 1 data @ ffffff80086c4000)\r\n'
b'[    0.532805] DMA: preallocated 256 KiB pool for atomic allocations\r\n'
b'[    0.542116] ambarella-pinctrl ec003000.pinctrl: Ambarella pinctrl driver registered\r\n'
b'[    0.550478] ambarella-gpio ec003000.pinctrl:gpio@0: Ambarella GPIO driver registered\r\n'
b'[    0.565022] HugeTLB registered 2.00 MiB page size, pre-allocated 0 pages\r\n'
b'[    0.572819] ambarella-dma e0020000.dma: Ambarella DMA Engine \r\n'
b'[    0.579143] ambarella-dma e0021000.dma: Ambarella DMA Engine \r\n'
b'[    0.585283] ambarella-i2c e4008000.i2c: Ambarella I2C adapter[0] probed, clock:100000!\r\n'
b'[    0.593385] ambarella-i2c e4009000.i2c: Ambarella I2C adapter[1] probed, clock:100000!\r\n'
b'[    0.601578] ambarella-i2c e400a000.i2c: Ambarella I2C adapter[2] probed, clock:100000!\r\n'
b'[    0.609679] ambarella-i2c e400b000.i2c: Ambarella I2C adapter[3] probed, clock:100000!\r\n'
b'[    0.618470] clocksource: Switched to clocksource arch_sys_counter\r\n'
b'[    0.630745] NET: Registered protocol family 2\r\n'
b'[    0.635549] TCP established hash table entries: 16384 (order: 5, 131072 bytes)\r\n'
b'[    0.642918] TCP bind hash table entries: 16384 (order: 6, 262144 bytes)\r\n'
b'[    0.649847] TCP: Hash tables configured (established 16384 bind 16384)\r\n'
b'[    0.656494] UDP hash table entries: 1024 (order: 3, 32768 bytes)\r\n'
b'[    0.662547] UDP-Lite hash table entries: 1024 (order: 3, 32768 bytes)\r\n'
b'[    0.669130] NET: Registered protocol family 1\r\n'
b'[    0.673778] RPC: Registered named UNIX socket transport module.\r\n'
b'[    0.679701] RPC: Registered udp transport module.\r\n'
b'[    0.684393] RPC: Registered tcp transport module.\r\n'
b'[    0.689083] RPC: Registered tcp NFSv4.1 backchannel transport module.\r\n'
b'[    0.699143] workingset: timestamp_bits=62 max_order=19 bucket_order=0\r\n'
b'[    0.711234] squashfs: version 4.0 (2009/01/31) Phillip Lougher\r\n'
b'[    0.721577] Block layer SCSI generic (bsg) driver version 0.4 loaded (major 251)\r\n'
b'[    0.728962] io scheduler noop registered\r\n'
b'[    0.732878] io scheduler deadline registered\r\n'
b'[    0.737230] io scheduler cfq registered (default)\r\n'
b'[    0.741928] io scheduler mq-deadline registered\r\n'
b'[    0.746446] io scheduler kyber registered\r\n'
b'[    0.751039] ambarella-gdma e000c000.gdma: Ambarella GDMA driver init\r\n'
b'[    0.757769] e4000000.uart: ttyS0 at MMIO 0xe4000000 (irq = 11, base_baud = 1500000) is a ambuart\r\n'
b'[    0.766861] e0017000.uart: ttyS1 at MMIO 0xe0017000 (irq = 32, base_baud = 1500000) is a ambuart\r\n'
b'[    0.775913] e001a000.uart: ttyS4 at MMIO 0xe001a000 (irq = 33, base_baud = 1500000) is a ambuart\r\n'
b'[    0.784991] cacheinfo: Unable to detect cache hierarchy for CPU 0\r\n'
b'[    0.791672] brd: module loaded\r\n'
b'[    0.800747] loop: module loaded\r\n'
b'[    0.804031] mousedev: PS/2 mouse device common for all mice\r\n'
b'[    0.809933] ambarella-rtc e8001000.rtc: rtc core: registered e8001000.rtc as rtc0\r\n'
b'[    0.817404] ambarella-rtc e8001000.rtc: Warning: RTC lost power.....\r\n'
b'[    0.829120] ambarella-wdt ec002000.wdt: Ambarella Watchdog Timer Probed.\r\n'
b'[    1.188547] ambarella-sd e0004000.sdmmc0: Max frequency is 120000000Hz\r\n'
b'[    1.574516] ambarella-sd e0005000.sdmmc1: Max frequency is 48000000Hz\r\n'
b'[    1.581229] Initializing XFRM netlink socket\r\n'
b'[    1.585505] NET: Registered protocol family 17\r\n'
b'[    1.589968] Key type dns_resolver registered\r\n'
b'[    1.600086] console [netcon0] enabled\r\n'
b'[    1.603759] netconsole: network logging started\r\n'
b'[    1.625209] ambarella-rtc e8001000.rtc: setting system clock to 1970-02-18 13:22:40 UTC (4195360)\r\n'
b'[    1.634449] Waiting for root device /dev/mmcblk0p9...\r\n'
b'[    1.754041] mmc0: new high speed MMC card at address 0001\r\n'
b'[    1.780753] mmcblk0: mmc0:0001 S0J57X 29.6 GiB \r\n'
b'[    1.807720] mmcblk0boot0: mmc0:0001 S0J57X partition 1 31.5 MiB\r\n'
b'[    1.813809] mmcblk0boot1: mmc0:0001 S0J57X partition 2 31.5 MiB\r\n'
b'[    1.829774] mmcblk0rpmb: mmc0:0001 S0J57X partition 3 4.00 MiB, chardev (250:0)\r\n'
b'[    1.849500]  (bst): 0x0000000000000000, 0x0000000000001000\r\n'
b'[    1.854979]  (bld): 0x0000000000001000, 0x0000000000100000\r\n'
b'[    1.860471]  (ptb): 0x0000000000101000, 0x00000000000e0000\r\n'
b'[    1.865956]  (atf): 0x00000000001e1000, 0x0000000000100000\r\n'
b'[    1.871445]  (pba): 0x00000000002e1000, 0x0000000001000000\r\n'
b'[    1.876932]  (pri): 0x00000000012e1000, 0x0000000001000000\r\n'
b'[    1.882419]  (sec): 0x00000000022e1000, 0x0000000040000000\r\n'
b'[    1.887895]  (dsp): 0x00000000422e1000, 0x0000000006400000\r\n'
b'[    1.893370]  (lnx): 0x00000000486e1000, 0x0000000026600000\r\n'
b'[    1.898857]  (swp): 0x000000006ece1000, 0x0000000300000000\r\n'
b'[    1.904345]  (add): 0x000000036ece1000, 0x0000000080000000\r\n'
b'[    1.909832]  (raw): 0x00000003eece1000, 0x000000037a31f000\r\n'
b'[    1.915316]  mmcblk0: p1(bst) p2(bld) p3(ptb) p4(atf) p5(pba) p6(pri) p7(sec) p8(dsp) p9(lnx) p10(swp) p11(add) p12(raw)\r\n'
b'[    1.967054] random: fast init done\r\n'
b'[    1.968050] mmc1: new high speed SDHC card at address aaaa\r\n'
b'[    1.976348] mmcblk1: mmc1:aaaa SC32G 29.7 GiB \r\n'
b'[    1.984517]  mmcblk1: p1\r\n'
b'[    2.017350] EXT4-fs (mmcblk0p9): recovery complete\r\n'
b'[    2.022856] EXT4-fs (mmcblk0p9): mounted filesystem with ordered data mode. Opts: (null)\r\n'
b'[    2.030964] VFS: Mounted root (ext4 filesystem) on device 179:9.\r\n'
b'[    2.037024] devtmpfs: mounted\r\n'
b'[    2.040204] Freeing unused kernel memory: 320K\r\n'
b'[    2.151372] EXT4-fs (mmcblk0p9): re-mounted. Opts: errors=remount-ro,data=ordered\r\n'
b'net.core.wmem_default = 524288\r\n'
b'net.core.wmem_max = 1048576\r\n'
b'vm.laptop_mode = 0\r\n'
b'vm.min_free_kbytes = 8192\r\n'
b'vm.vfs_cache_pressure = 160\r\n'
b'vm.dirty_expire_centisecs = 600\r\n'
b'vm.dirty_writeback_centisecs = 200\r\n'
b'vm.dirty_ratio = 3\r\n'
b'vm.dirty_background_ratio = 3\r\n'
b'[    2.260216] i2c /dev entries driver\r\n'
b'[    2.270985] ambarella-spi e0011000.spi: Ambarella spi controller 0 created.\r\r\n'
b'[    2.321833] ambcma: loading out-of-tree module taints kernel.\r\n'
b'[    2.328612] platform iav:ambcma: assigned reserved memory node iav@0x40000000\r\n'
b"[    2.627337] imgproc: module license 'Proprietary' taints kernel.\r\n"
b'[    2.633367] Disabling lock debugging due to kernel taint\r\n'
b'[    2.813081] amba_debug_init 247:0.\r\n'
b'Populating cv22_bmap using udev: Starting version v242-1.amba\r\n'
b'Done\r\n'
b'Loading CV22 private driver: [    3.147962] pps_core: LinuxPPS API ver. 1 registered\r\n'
b'[    3.153142] pps_core: Software ver. 5.3.6 - Copyright 2005-2007 Rodolfo Giometti <giometti@linux.it>\r\n'
b'[    3.173009] pps pps0: new PPS source pps.-1\r\n'
b'[    3.177360] pps pps0: Registered IRQ 52 as PPS source\r\n'
b'[    3.214562] libphy: Fixed MDIO Bus: probed\r\n'
b'[    3.343500] libphy: Ambarella MDIO Bus: probed\r\n'
b'[    3.351268] rtl9000_probe id 1c\r\n'
b'[    3.354478] rtl9000_probe id cb00\r\n'
b'[    3.358181] ambarella-eth e000e000.ethernet: Enhance Ethernet PHY[0]: 0x001ccb00!\r\n'
b'[    3.366297] ambarella-eth e000e000.ethernet: CONFIG_PTP_1588_CLOCK is not set\r\n'
b'[    3.373540] ambarella-eth e000e000.ethernet: MAC Address[de:60:3b:8e:4c:ad].\r\n'
b'[    3.384975] FAT-fs (mmcblk1p1): Volume was not properly unmounted. Some data may be corrupt. Please run fsck.\r\n'
b'modprobe: FATAL: Module ambarella_sd not found in directory /lib/modules/4.14.181\r\n'
b'modprobe: FATAL: Module mmc_block not found in directory /lib/modules/4.14.181\r\n'
b'[    3.450867] usbcore: registered new interface driver usbfs\r\n'
b'[    3.456548] usbcore: registered new interface driver hub\r\n'
b'[    3.462100] usbcore: registered new device driver usb\r\n'
b"[    3.486184] ehci_hcd: USB 2.0 'Enhanced' Host Controller (EHCI) Driver\r\n"
b'[    3.498725] ehci-ambarella: AMBARELLA-EHCI Host Controller driver\r\n'
b'[    3.505171] ambarella-ehci e001f000.ehci: EHCI Host Controller\r\n'
b'[    3.511080] ambarella-ehci e001f000.ehci: new USB bus registered, assigned bus number 1\r\n'
b'[    3.520013] ambarella-ehci e001f000.ehci: irq 26, io mem 0xe001f000\r\n'
b'[    3.532486] ambarella-ehci e001f000.ehci: USB 2.0 started, EHCI 1.00\r\n'
b'[    3.539729] usb usb1: New USB device found, idVendor=1d6b, idProduct=0002\r\n'
b'[    3.546514] usb usb1: New USB device strings: Mfr=3, Product=2, SerialNumber=1\r\n'
b'[    3.553756] usb usb1: Product: EHCI Host Controller\r\n'
b'[    3.558687] usb usb1: Manufacturer: Linux 4.14.181 ehci_hcd\r\n'
b'[    3.564271] usb usb1: SerialNumber: AmbUSB\r\n'
b'[    3.568936] hub 1-0:1.0: USB hub found\r\n'
b'[    3.572730] hub 1-0:1.0: 1 port detected\r\n'
b"[    3.588966] ohci_hcd: USB 1.1 'Open' Host Controller (OHCI) Driver\r\n"
b'[    3.595643] ambarella-ohci e001e000.ohci: Ambarella OHCI\r\n'
b'[    3.601005] ambarella-ohci e001e000.ohci: new USB bus registered, assigned bus number 2\r\n'
b'[    3.609087] ambarella-ohci e001e000.ohci: irq 25, io mem 0xe001e000\r\n'
b'[    3.638445] EXT4-fs (mmcblk0p7): Unrecognized mount option "flush" or missing value\r\n'
b'[    3.671083] EXT4-fs (mmcblk0p8): Unrecognized mount option "flush" or missing value\r\n'
b'[    3.671681] usb usb2: New USB device found, idVendor=1d6b, idProduct=0001\r\n'
b'[    3.685522] usb usb2: New USB device strings: Mfr=3, Product=2, SerialNumber=1\r\n'
b'[    3.692746] usb usb2: Product: Ambarella OHCI\r\n'
b'[    3.697094] usb usb2: Manufacturer: Linux 4.14.181 ohci_hcd\r\n'
b'[    3.702658] usb usb2: SerialNumber: AmbUSB\r\n'
b'[    3.707259] hub 2-0:1.0: USB hub found\r\n'
b'[    3.711038] hub 2-0:1.0: 1 port detected\r\n'
b'[    3.725655] ambarella-udc e0006000.udc: ambarella_udc: version 21 Jan 2016\r\n'
b'[    3.760279] using random self ethernet address\r\n'
b'[    3.764759] using random host ethernet address\r\n'
b'[    3.769660] usb0: HOST MAC 96:03:6c:a2:c5:54\r\n'
b'[    3.774435] usb0: MAC f6:7b:3f:42:69:4e\r\n'
b'[    3.778296] using random self ethernet address\r\n'
b'[    3.782735] using random host ethernet address\r\n'
b'[    3.787232] g_ether gadget: Ethernet Gadget, version: Memorial Day 2008\r\n'
b'[    3.793838] g_ether gadget: g_ether ready\r\n'
b'Install Auido...\r\n'
b'OK!\r\n'
b'Initializing random number generator... [    3.857964] random: dd: uninitialized urandom read (512 bytes read)\r\n'
b'done.\r\n'
b'run /usr/beantechs/bin/dlt-daemonstart successful\r\n'
b'/usr/beantechs/bin:/usr/untouch/bin:/usr/beantechs/unit_test:/bin:/sbin:/usr/bin:/usr/sbin:/usr/bin/X11:/usr/local/bin:/usr/local/sbin\r\n'
b'[    3.922450] ambhdmi e000b000.hdmi: Ambarella hdmi controller version:2.0 \r\n'
b'Init without VIN drivers...\r\n'
b'Default init without lens driver\r\n'
b'Use default settings\r\n'
b'map_size = 0x500000, nr_item = 4\r\n'
b'addr_offset = 0x00000000, filename = orccode.bin\r\n'
b'addr_offset = 0x00300000, filename = orcme.bin\r\n'
b'addr_offset = 0x003a0000, filename = orcmdxf.bin\r\n'
b'addr_offset = 0x003e0000, filename = default_binary.bin\r\n'
b'mmap returns 0x7f87ed8000\r\n'
b'loading /lib/firmware/orccode.bin...addr = 0x7f87ed8000, size = 0x206bbf\r\n'
b'loading /lib/firmware/orcme.bin...addr = 0x7f881d8000, size = 0x42894\r\n'
b'loading /lib/firmware/orcmdxf.bin...addr = 0x7f88278000, size = 0x28ed0\r\n'
b'loading /lib/firmware/default_binary.bin...addr = 0x7f882b8000, size = 0x6bf84\r\n'
b'===============================================\r\n'
b'ucode (CV22) version = 2020/5/25 288664.288656\r\n'
b'===============================================\r\n'
b'[    4.214481] -------------------ambrg_hw_reset---id:1,ambrg->rst_gpio[0]:51!\r\n'
b'[    5.386479] -------------------ambrg_hw_reset---id:1,ambrg->rst_gpio[0]:51!\r\n'
b'[    6.562479] -------------------ambrg_hw_reset---id:1,ambrg->rst_gpio[0]:51!\r\n'
b'[    7.738479] -------------------ambrg_hw_reset---id:1,ambrg->rst_gpio[0]:51!\r\n'
b'[    8.914480] -------------------ambrg_hw_reset---id:1,ambrg->rst_gpio[0]:51!\r\n'
b'[   10.090480] -------------------ambrg_hw_reset---id:1,ambrg->rst_gpio[0]:51!\r\n'
b'[   10.312703] random: crng init done\r\n'
b"modprobe: ERROR: could not insert 'ov2775_mipi_brg': Input/output error\r\n"
b'[   11.258440] vco = 432000000, 24000000, 1, 18, 1\r\n'
b'[   11.315480] -------------------ambrg_hw_reset---id:0,ambrg->rst_gpio[0]:35!\r\n'
b'[   11.333482] -------------------ambarella_set_vsync_gpio116_alt1\r\n'
b'[   12.391479] -------------------ambrg_hw_reset---id:0,ambrg->rst_gpio[0]:35!\r\n'
b'[   12.409481] -------------------ambarella_set_vsync_gpio116_alt1\r\n'
b'[   13.467479] -------------------ambrg_hw_reset---id:0,ambrg->rst_gpio[0]:35!\r\n'
b'[   13.485481] -------------------ambarella_set_vsync_gpio116_alt1\r\n'
b'[   14.543479] -------------------ambrg_hw_reset---id:0,ambrg->rst_gpio[0]:35!\r\n'
b'[   14.561481] -------------------ambarella_set_vsync_gpio116_alt1\r\n'
b'[   15.619479] -------------------ambrg_hw_reset---id:0,ambrg->rst_gpio[0]:35!\r\n'
b'[   15.637481] -------------------ambarella_set_vsync_gpio116_alt1\r\n'
b'[   16.695479] -------------------ambrg_hw_reset---id:0,ambrg->rst_gpio[0]:35!\r\n'
b'[   16.713482] -------------------ambarella_set_vsync_gpio116_alt1\r\n'
b"modprobe: ERROR: could not insert 'ov2311_mipi_brg': Input/output error\r\n"
b'[   17.760292] cavalry sub_scheduler0: assigned reserved memory node cavalry@0x60000000\r\n'
b'map_cavalry: phys: 0x60400000, virt: 0x7fbea8c000, total size: 0x100000\r\n'
b'Cavalry Ucode Version = CV22-Ver.84-20200509-58b[   17.788703] vco = 384000000, 24000000, 1, 16, 1\r\n'
b'2ac3f-hl_fw.00000001\r\n'
b'[   17.799480] vco = 1512000000, 24000000, 1, 63, 1\r\n'
b'[   17.816589] ambarella-i2c e400a000.i2c: No ACK from address 0xb4, 0:0!\r\n'
b'Start app: \r\n'
b'[   17.824069] ambarella-i2c e400a000.i2c: No ACK from address 0xb4, 0:0!\r\n'
b'[   17.831756] ambarella-i2c e400a000.i2c: No ACK from address 0xb4, 0:0!\r\n'
b'found blkid\r\n'
b'[   17.839277] ambarella-i2c e400a000.i2c: No ACK from address 0xb4, 0:0!\r\n'
b'found df\r\n'
b'[   17.846971] ambarella-i2c e400a000.i2c: No ACK from address 0xb4, 0:0!\r\n'
b'[   17.854729] ambarella-i2c e400a000.i2c: No ACK from address 0xb4, 0:0!\r\n'
b'[   17.862178] ambarella-i2c e400a000.i2c: No ACK from address 0xb4, 0:0!\r\n'
b'[   17.869677] ambarella-i2c e400a000.i2c: No ACK from address 0xb4, 0:0!\r\n'
b'[   17.877123] ambarella-i2c e400a000.i2c: No ACK from address 0xb4, 0:0!\r\n'
b'[   17.884564] ambarella-i2c e400a000.i2c: No ACK from address 0xb4, 0:0!\r\n'
b'[   17.892002] ambarella-i2c e400a000.i2c: No ACK from address 0xb4, 0:0!\r\n'
b'[   17.899448] ambarella-i2c e400a000.i2c: No ACK from address 0xb4, 0:0!\r\n'
b'[   17.906618] EXT4-fs (mmcblk0p7): mounted filesystem with ordered data mode. Opts: (null)\r\n'
b'[   17.906891] ambarella-i2c e400a000.i2c: No ACK from address 0xb4, 0:0!\r\n'
b'[   17.922518] asoc-simple-card sound: ak4637-aif <-> e000d000.i2s mapping ok\r\n'
b'[   17.930403] ambarella-i2c e400a000.i2c: No ACK from address 0xb4, 0:0!\r\n'
b'[   17.937931] ambarella-i2c e400a000.i2c: No ACK from address 0xb4, 0:0!\r\n'
b'[   17.945423] ambarella-i2c e400a000.i2c: No ACK from address 0xb4, 0:0!\r\n'
b'[   17.952878] ambarella-i2c e400a000.i2c: No ACK from address 0xb4, 0:0!\r\n'
b'[   17.960454] ambarella-i2c e400a000.i2c: No ACK from address 0xb4, 0:0!\r\n'
b'[   17.964906] EXT4-fs (mmcblk0p8): mounted filesystem with ordered data mode. Opts: (null)\r\n'
b'[   17.967934] ambarella-i2c e400a000.i2c: No ACK from address 0xb4, 0:0!\r\n'
b'[   17.982550] ambarella-i2c e400a000.i2c: No ACK from address 0xb4, 0:0!\r\n'
b'[   17.990004] ambarella-i2c e400a000.i2c: No ACK from address 0xb4, 0:0!\r\n'
b'[   17.997548] ambarella-i2c e400a000.i2c: No ACK from address 0xb4, 0:0!\r\n'
b'[   18.005189] ambarella-i2c e400a000.i2c: No ACK from address 0xb4, 0:0!\r\n'
b'[   18.039388] EXT4-fs (mmcblk0p11): mounted filesystem with ordered data mode. Opts: (null)\r\n'
b'[   18.076502] ambarella-i2c e400a000.i2c: No ACK from address 0xb4, 0:0!\r\n'
b'[   18.084109] ambarella-i2c e400a000.i2c: No ACK from address 0xb4, 0:0!\r\n'
b'[   18.091919] ambarella-i2c e400a000.i2c: No ACK from address 0xb4, 0:0!\r\n'
b'[   18.099762] ambarella-i2c e400a000.i2c: No ACK from address 0xb4, 0:0!\r\n'
b'[   18.105408] EXT4-fs (mmcblk0p10): mounted filesystem with ordered data mode. Opts: (null)\r\n'
b'[   18.107420] ambarella-i2c e400a000.i2c: No ACK from address 0xb4, 0:0!\r\n'
b'[   18.122115] ambarella-i2c e400a000.i2c: No ACK from address 0xb4, 0:0!\r\n'
b'[   18.129707] ambarella-i2c e400a000.i2c: No ACK from address 0xb4, 0:0!\r\n'
b'[   18.137309] ambarella-i2c e400a000.i2c: No ACK from address 0xb4, 0:0!\r\n'
b'[   18.144922] ambarella-i2c e400a000.i2c: No ACK from address 0xb4, 0:0!\r\n'
b'[   18.152616] ambarella-i2c e400a000.i2c: No ACK from address 0xb4, 0:0!\r\n'
b'[   18.160366] ambarella-i2c e400a000.i2c: No ACK from address 0xb4, 0:0!\r\n'
b'[   18.167293] EXT4-fs (mmcblk0p12): mounted filesystem with ordered data mode. Opts: (null)\r\n'
b'[   18.168019] ambarella-i2c e400a000.i2c: No ACK from address 0xb4, 0:0!\r\n'
b'Start app: \r\n'
b'OK!\r\n'
b'[   18.183255] ambarella-i2c e400a000.i2c: No ACK from address 0xb4, 0:0!\r\n'
b'[   18.191276] ambarella-i2c e400a000.i2c: No ACK from address 0xb4, 0:0!\r\n'
b'[   18.199137] ambarella-i2c e400a000.i2c: No ACK from address 0xb4, 0:0!\r\n'
b'[   18.206768] ambarella-i2c e400a000.i2c: No ACK from address 0xb4, 0:0!\r\n'
b'[   18.214350] ambarella-i2c e400a000.i2c: No ACK from address 0xb4, 0:0!\r\n'
b'[   18.221937] ambarella-i2c e400a000.i2c: No ACK from address 0xb4, 0:0!\r\n'
b'[   18.229519] ambarella-i2c e400a000.i2c: No ACK from address 0xb4, 0:0!\r\n'
b'[   18.237088] ambarella-i2c e400a000.i2c: No ACK from address 0xb4, 0:0!\r\n'
b'[   18.244659] ambarella-i2c e400a000.i2c: No ACK from address 0xb4, 0:0!\r\n'
b'[   18.252354] ambarella-i2c e400a000.i2c: No ACK from address 0xb4, 0:0!\r\n'
b'[   18.259984] ambarella-i2c e400a000.i2c: No ACK from address 0xb4, 0:0!\r\n'
b'[   18.267839] ambarella-i2c e400a000.i2c: No ACK from address 0xb4, 0:0!\r\n'
b'[   18.275334] ambarella-i2c e400a000.i2c: No ACK from address 0xb4, 0:0!\r\n'
b'[   18.281857] ak4637 2-005a: ASoC: SPKLO Mixer DAPM update failed: -16\r\n'
b'[   18.289434] ambarella-i2c e400a000.i2c: No ACK from address 0xb4, 0:0!\r\n'
b'[   18.296928] ambarella-i2c e400a000.i2c: No ACK from address 0xb4, 0:0!\r\n'
b'[   18.303454] ak4637 2-005a: ASoC: SPKLO MUX DAPM update failed: -16\r\n'
b'[   18.310800] ambarella-i2c e400a000.i2c: No ACK from address 0xb4, 0:0!\r\n'
b'[   18.317333] ak4637 2-005a: ASoC: PFSDO MUX DAPM update failed: -16\r\n'
b'[   18.324521] ambarella-i2c e400a000.i2c: No ACK from address 0xb4, 0:0!\r\n'
b'[   18.332009] ambarella-i2c e400a000.i2c: No ACK from address 0xb4, 0:0!\r\n'
b'[   18.338531] ak4637 2-005a: ASoC: PFIL MUX DAPM update failed: -16\r\n'
b'[   18.346107] ambarella-i2c e400a000.i2c: No ACK from address 0xb4, 0:0!\r\n'
b'Starting network...\r\n'
b'[   18.353622] ambarella-i2c e400a000.i2c: No ACK from address 0xb4, 0:0!\r\n'
b'[   18.361059] ak4637 2-005a: ASoC: MIC MUX DAPM update failed: -16\r\n'
b'[InstanceSpecifier] size= 21: service/monitorServer\r\n'
b'SupervisedEntity sv_specifier_:service/monitorServer, len:21\r\n'
b'the open the file is successful,fd=5.\r\n'
b'read 79 Byte\r\n'
b'write successful 79\r\n'
b'name:plf_health_mgmt\r\n'
b'name:gps_service\r\n'
b'name:test_gps_client\r\n'
b'name:data_distribution\r\n'
b'name:data_integration\r\n'
b'~ClassPointer\r\n'
b'get msg id 0\r\n'
b'get msg id 32769\r\n'
b'get msg id 65538\r\n'
b'get msg id 98307\r\n'
b'get msg id 131076\r\n'
b'the open the file is successful,fd=5.\r\n'
b'~InstanceSpecifier\r\n'
b'/usr/beantechs/etc//system.xml\r\n'
b'monitor print_type == 0\r\n'
b'the open the file is successful,fd=6.\r\n'
b'read 91 Byte\r\n'
b'msg queue name[6]: mediaServer\r\n'
b'msg queue name[7]: cvServer\r\n'
b'msg queue name[8]: recoderServer\r\n'
b'msg queue name[9]: osdServer\r\n'
b'msg queue name[10]: monitorServer\r\n'
b'write successful 150\r\n'
b'name:plf_health_mgmt\r\n'
b'name:gps_service\r\n'
b'name:test_gps_client\r\n'
b'name:data_distribution\r\n'
b'name:data_integration\r\n'
b'name:V2cloudStub\r\n'
b'name:mediaServer\r\n'
b'name:cvServer\r\n'
b'name:recoderServer\r\n'
b'name:osdServer\r\n'
b'name:monitorServer\r\n'
b'~ClassPointer\r\n'
b'get msg id 0\r\n'
b'get msg id 32769\r\n'
b'get msg id 65538\r\n'
b'get msg id 98307\r\n'
b'get msg id 131076\r\n'
b'get msg id 163845\r\n'
b'creat msg id 196614\r\n'
b'creat msg id 229383\r\n'
b'creat msg id 262152\r\n'
b'creat msg id 294921\r\n'
b'creat msg id 327690\r\n'
b'the open the file is successful,fd=6.\r\n'
b'\x1b[1;37mConnection established with kernel.\x1b[0m\r\n'
b'[InstanceSpecifier] size= 18: exe0/TestLibphmApp\r\n'
b'HealthChannel sv_specifier_:exe0/TestLibphmApp, len:18\r\n'
b'the open the file is successful,fd=7.\r\n'
b'read 154 Byte\r\n'
b'write successful 154\r\n'
b'name:plf_health_mgmt\r\n'
b'name:gps_service\r\n'
b'name:test_gps_client\r\n'
b'name:data_distribution\r\n'
b'name:data_integration\r\n'
b'name:V2cloudStub\r\n'
b'name:mediaServer\r\n'
b'name:cvServer\r\n'
b'name:recoderServer\r\n'
b'name:osdServer\r\n'
b'name:monitorServer\r\n'
b'name:phm\r\n'
b'~ClassPointer\r\n'
b'get msg id 0\r\n'
b'get msg id 32769\r\n'
b'get msg id 65538\r\n'
b'get msg id 98307\r\n'
b'get msg id 131076\r\n'
b'get msg id 163845\r\n'
b'get msg id 196614\r\n'
b'get msg id 229383\r\n'
b'get msg id 262152\r\n'
b'get msg id 294921\r\n'
b'get msg id 327690\r\n'
b'get msg id 360459\r\n'
b'the open the file is successful,fd=7.\r\n'
b'~InstanceSpecifier\r\n'
b'[InstanceSpecifier] size= 17: service/osdServer\r\n'
b'SupervisedEntity sv_specifier_:service/osdServer, len:17\r\n'
b'the open the file is successful,fd=5.\r\n'
b'read 154 Byte\r\n'
b'write successful 154\r\n'
b'name:plf_health_mgmt\r\n'
b'name:gps_service\r\n'
b'name:test_gps_client\r\n'
b'name:data_distribution\r\n'
b'name:data_integration\r\n'
b'name:V2cloudStub\r\n'
b'name:mediaServer\r\n'
b'name:cvServer\r\n'
b'name:recoderServer\r\n'
b'name:osdServer\r\n'
b'name:monitorServer\r\n'
b'name:phm\r\n'
b'~ClassPointer\r\n'
b'get msg id 0\r\n'
b'get msg id 32769\r\n'
b'get msg id 65538\r\n'
b'get msg id 98307\r\n'
b'get msg id 131076\r\n'
b'get msg id 163845\r\n'
b'get msg id 196614\r\n'
b'get msg id 229383\r\n'
b'get msg id 262152\r\n'
b'get msg id 294921\r\n'
b'get msg id 327690\r\n'
b'get msg id 360459\r\n'
b'the open the file is successful,fd=5.\r\n'
b'~InstanceSpecifier\r\n'
b'Configure file path[/usr/beantechs/etc/oryx]\r\n'
b'[\x1b[1;31m ERROR\x1b[0m]\x1b[36m[\x1b[0m\x1b[1;37m 846\x1b[0m\x1b[36m: am_platform_iav5.cpp: sensor_info_get()]: \x1b[0m\x1b[31mIAV_IOC_VIN_GET_DEVINFO: No such device\x1b[0m\r\n'
b'[\x1b[1;31m ERROR\x1b[0m]\x1b[36m[\x1b[0m\x1b[1;37m 111\x1b[0m\x1b[36m: am_vin_control.cpp: create_vin_devices()]: \x1b[0m\x1b[31mFaild to get VIN[0] info!\x1b[0m\r\n'
b'[\x1b[1;31m ERROR\x1b[0m]\x1b[36m[\x1b[0m\x1b[1;37m 846\x1b[0m\x1b[36m: am_platform_iav5.cpp: sensor_info_get()]: \x1b[0m\x1b[31mIAV_IOC_VIN_GET_DEVINFO: No such device\x1b[0m\r\n'
b'[\x1b[1;31m ERROR\x1b[0m]\x1b[36m[\x1b[0m\x1b[1;37m 111\x1b[0m\x1b[36m: am_vin_control.cpp: create_vin_devices()]: \x1b[0m\x1b[31mFaild to get VIN[1] info!\x1b[0m\r\n'
b'[\x1b[1;31m ERROR\x1b[0m]\x1b[36m[\x1b[0m\x1b[1;37m 846\x1b[0m\x1b[36m: am_platform_iav5.cpp: sensor_info_get()]: \x1b[0m\x1b[31mIAV_IOC_VIN_GET_DEVINFO: No such device\x1b[0m\r\n'
b'[\x1b[1;31m ERROR\x1b[0m]\x1b[36m[\x1b[0m\x1b[1;37m 111\x1b[0m\x1b[36m: am_vin_control.cpp: create_vin_devices()]: \x1b[0m\x1b[31mFaild to get VIN[2] info!\x1b[0m\r\n'
b'[\x1b[1;31m ERROR\x1b[0m]\x1b[36m[\x1b[0m\x1b[1;37m 132\x1b[0m\x1b[36m: am_vin_control.cpp: create_vin_devices()]: \x1b[0m\x1b[31mNo Vin Enabled!\x1b[0m\r\n'
b'[\x1b[1;31m ERROR\x1b[0m]\x1b[36m[\x1b[0m\x1b[1;37m 132\x1b[0m\x1b[36m: am_encode_device.cpp: init()]: \x1b[0m\x1b[31mFailed to create vin devices!\x1b[0m\r\n'
b'[\x1b[1;31m ERROR\x1b[0m]\x1b[36m[\x1b[0m\x1b[1;37m 118\x1b[0m\x1b[36m: am_video_camera.cpp: init()]: \x1b[0m\x1b[31mFailed to create AMEncodeDevice!\x1b[0m\r\n'
b'\x1b[1m\x1b[45;33m [ERROR]:\x1b[0mVideoService get instance failed\r\n'
b'\r\n'
b'\x1b[1m\x1b[45;33m [ERROR]:\x1b[0mCreate instance failed!!!!\r\n'
b'\x1b[1m\x1b[45;33m [ERROR]:\x1b[0mGet oryx modules instance failed!\r\n'
b'\r\n'
b'[\x1b[1;31m ERROR\x1b[0m]\x1b[36m[\x1b[0m\x1b[1;37m  74\x1b[0m\x1b[36m: am_signal_unwind.cpp: void critical_error_handler()]: \x1b[0m\x1b[31mCaught signal "Segmentation fault(11)", accessing address(           (nil)) from 0x0000555ac82a80!\x1b[0m\r\n'
b'[\x1b[1;31m ERROR\x1b[0m]\x1b[36m[\x1b[0m\x1b[1;37m  75\x1b[0m\x1b[36m: am_signal_unwind.cpp: void critical_error_handler()]: \x1b[0m\x1b[31mRegister dump:\x1b[0m\r\n'
b'[\x1b[1;31m ERROR\x1b[0m]\x1b[36m[\x1b[0m\x1b[1;37m  78\x1b[0m\x1b[36m: am_signal_unwind.cpp: void critical_error_handler()]: \x1b[0m\x1b[31mReg[ 0]: 0x0000000000000000\x1b[0m\r\n'
b'[\x1b[1;31m ERROR\x1b[0m]\x1b[36m[\x1b[0m\x1b[1;37m 846\x1b[0m\x1b[36m: am_platform_iav5.cpp: sensor_info_get()]: \x1b[0m\x1b[31mIAV_IOC_VIN_GET_DEVINFO: No such device\x1b[0m\r\n'
b'[\x1b[1;31m ERROR\x1b[0m]\x1b[36m[\x1b[0m\x1b[1;37m  78\x1b[0m\x1b[36m: am_signal_unwind.cpp: void critical_error_handler()]: \x1b[0m\x1b[31mReg[ 1]: 0x0000007fde2e7e00\x1b[0m\r\n'
b'[\x1b[1;31m ERROR\x1b[0m]\x1b[36m[\x1b[0m\x1b[1;37m 111\x1b[0m\x1b[36m: am_vin_control.cpp: create_vin_devices()]: \x1b[0m\x1b[31mFaild to get VIN[0] info!\x1b[0m\r\n'
b'[\x1b[1;31m ERROR\x1b[0m]\x1b[36m[\x1b[0m\x1b[1;37m  78\x1b[0m\x1b[36m: am_signal_unwind.cpp: void critical_error_handler()]: \x1b[0m\x1b[31mReg[ 2]: 0x0000007fde2e7e20\x1b[0m\r\n'
b'[\x1b[1;31m ERROR\x1b[0m]\x1b[36m[\x1b[0m\x1b[1;37m  78\x1b[0m\x1b[36m: am_signal_unwind.cpp: void critical_error_handler()]: \x1b[0m\x1b[31mReg[ 3]: 0x0000000000000000\x1b[0m\r\n'
b'[\x1b[1;31m ERROR\x1b[0m]\x1b[36m[\x1b[0m\x1b[1;37m  78\x1b[0m\x1b[36m: am_signal_unwind.cpp: void critical_error_handler()]: \x1b[0m\x1b[31mReg[ 4]: 0x0000007fde2e7f28\x1b[0m\r\n'
b'[\x1b[1;31m ERROR\x1b[0m]\x1b[36m[\x1b[0m\x1b[1;37m 846\x1b[0m\x1b[36m: am_platform_iav5.cpp: sensor_info_get()]: \x1b[0m\x1b[31mIAV_IOC_VIN_GET_DEVINFO: No such device\x1b[0m\r\n'
b'[\x1b[1;31m ERROR\x1b[0m]\x1b[36m[\x1b[0m\x1b[1;37m  78\x1b[0m\x1b[36m: am_signal_unwind.cpp: void critical_error_handler()]: \x1b[0m\x1b[31mReg[ 5]: 0x0000000000000004\x1b[0m\r\n'
b'[\x1b[1;31m ERROR\x1b[0m]\x1b[36m[\x1b[0m\x1b[1;37m 111\x1b[0m\x1b[36m: am_vin_control.cpp: create_vin_devices()]: \x1b[0m\x1b[31mFaild to get VIN[1] info!\x1b[0m\r\n'
b'[\x1b[1;31m ERROR\x1b[0m]\x1b[36m[\x1b[0m\x1b[1;37m  78\x1b[0m\x1b[36m: am_signal_unwind.cpp: void critical_error_handler()]: \x1b[0m\x1b[31mReg[ 6]: 0x0000000000000009\x1b[0m\r\n'
b'[\x1b[1;31m ERROR\x1b[0m]\x1b[36m[\x1b[0m\x1b[1;37m  78\x1b[0m\x1b[36m: am_signal_unwind.cpp: void critical_error_handler()]: \x1b[0m\x1b[31mReg[ 7]: 0x000000000000000a\x1b[0m\r\n'
b'[\x1b[1;31m ERROR\x1b[0m]\x1b[36m[\x1b[0m\x1b[1;37m 846\x1b[0m\x1b[36m: am_platform_iav5.cpp: sensor_info_get()]: \x1b[0m\x1b[31mIAV_IOC_VIN_GET_DEVINFO: No such device\x1b[0m\r\n'
b'[\x1b[1;31m ERROR\x1b[0m]\x1b[36m[\x1b[0m\x1b[1;37m  78\x1b[0m\x1b[36m: am_signal_unwind.cpp: void critical_error_handler()]: \x1b[0m\x1b[31mReg[ 8]: 0x0000000000000040\x1b[0m\r\n'
b'[\x1b[1;31m ERROR\x1b[0m]\x1b[36m[\x1b[0m\x1b[1;37m 111\x1b[0m\x1b[36m: am_vin_control.cpp: create_vin_devices()]: \x1b[0m\x1b[31mFaild to get VIN[2] info!\x1b[0m\r\n'
b'[\x1b[1;31m ERROR\x1b[0m]\x1b[36m[\x1b[0m\x1b[1;37m  78\x1b[0m\x1b[36m: am_signal_unwind.cpp: void critical_error_handler()]: \x1b[0m\x1b[31mReg[ 9]: 0x64656c6961662065\x1b[0m\r\n'
b'[\x1b[1;31m ERROR\x1b[0m]\x1b[36m[\x1b[0m\x1b[1;37m 132\x1b[0m\x1b[36m: am_vin_control.cpp: create_vin_devices()]: \x1b[0m\x1b[31mNo Vin Enabled!\x1b[0m\r\n'
b'[\x1b[1;31m ERROR\x1b[0m]\x1b[36m[\x1b[0m\x1b[1;37m  78\x1b[0m\x1b[36m: am_signal_unwind.cpp: void critical_error_handler()]: \x1b[0m\x1b[31mReg[10]: 0x6d207879726f2074\x1b[0m\r\n'
b'[\x1b[1;31m ERROR\x1b[0m]\x1b[36m[\x1b[0m\x1b[1;37m 132\x1b[0m\x1b[36m: am_encode_device.cpp: init()]: \x1b[0m\x1b[31mFailed to create vin devices!\x1b[0m\r\n'
b'[\x1b[1;31m ERROR\x1b[0m]\x1b[36m[\x1b[0m\x1b[1;37m  78\x1b[0m\x1b[36m: am_signal_unwind.cpp: void critical_error_handler()]: \x1b[0m\x1b[31mReg[11]: 0x692073656c75646f\x1b[0m\r\n'
b'[\x1b[1;31m ERROR\x1b[0m]\x1b[36m[\x1b[0m\x1b[1;37m  78\x1b[0m\x1b[36m: am_signal_unwind.cpp: void critical_error_handler()]: \x1b[0m\x1b[31mReg[12]: 0x2065636e6174736e\x1b[0m\r\n'
b'[\x1b[1;31m ERROR\x1b[0m]\x1b[36m[\x1b[0m\x1b[1;37m  78\x1b[0m\x1b[36m: am_signal_unwind.cpp: void critical_error_handler()]: \x1b[0m\x1b[31mReg[13]: 0x0a2164656c696166\x1b[0m\r\n'
b'[\x1b[1;31m ERROR\x1b[0m]\x1b[36m[\x1b[0m\x1b[1;37m  78\x1b[0m\x1b[36m: am_signal_unwind.cpp: void critical_error_handler()]: \x1b[0m\x1b[31mReg[14]: 0x0000000000000000\x1b[0m\r\n'
b'[\x1b[1;31m ERROR\x1b[0m]\x1b[36m[\x1b[0m\x1b[1;37m  78\x1b[0m\x1b[36m: am_signal_unwind.cpp: void critical_error_handler()]: \x1b[0m\x1b[31mReg[15]: 0x000000000000070b\x1b[0m\r\n'
b'[\x1b[1;31m ERROR\x1b[0m]\x1b[36m[\x1b[0m\x1b[1;37m  78\x1b[0m\x1b[36m: am_signal_unwind.cpp: void critical_error_handler()]: \x1b[0m\x1b[31mReg[16]: 0x000000555aca3098\x1b[0m\r\n'
b'[\x1b[1;31m ERROR\x1b[0m]\x1b[36m[\x1b[0m\x1b[1;37m 118\x1b[0m\x1b[36m: am_video_camera.cpp: init()]: \x1b[0m\x1b[31mFailed to create AMEncodeDevice!\x1b[0m\r\n'
b'[\x1b[1;31m ERROR\x1b[0m]\x1b[36m[\x1b[0m\x1b[1;37m  78\x1b[0m\x1b[36m: am_signal_unwind.cpp: void critical_error_handler()]: \x1b[0m\x1b[31mReg[17]: 0x0000007f833ddac0\x1b[0m\r\n'
b'[\x1b[1;31m ERROR\x1b[0m]\x1b[36m[\x1b[0m\x1b[1;37m  78\x1b[0m\x1b[36m: am_signal_unwind.cpp: void critical_error_handler()]: \x1b[0m\x1b[31mReg[18]: 0x000000000000002f\x1b[0m\r\n'
b'[\x1b[1;31m ERROR\x1b[0m]\x1b[36m[\x1b[0m\x1b[1;37m  74\x1b[0m\x1b[36m: am_signal_unwind.cpp: void critical_error_handler()]: \x1b[0m\x1b[31mCaught signal "Segmentation fault(11)", accessing address(           (nil)) from 0x0000556bd31d30!\x1b[0m\r\n'
b'[InstanceSpecifier] size= 24: untouch/oms_msg_receiver\r\n'
b'[\x1b[1;31m ERROR\x1b[0m]\x1b[36m[\x1b[0m\x1b[1;37m  78\x1b[0m\x1b[36m: am_signal_unwind.cpp: void critical_error_handler()]: \x1b[0m\x1b[31mReg[19]: 0x0000007fde2e7e00\x1b[0m\r\n'
b'[InstanceSpecifier] size= 24: untouch/dms_msg_receiver\r\n'
b'[\x1b[1;31m ERROR\x1b[0m]\x1b[36m[\x1b[0m\x1b[1;37m  75\x1b[0m\x1b[36m: am_signal_unwind.cpp: void critical_error_handler()]: \x1b[0m\x1b[31mRegister dump:\x1b[0m\r\n'
b'[\x1b[1;31m ERROR\x1b[0m]\x1b[36m[\x1b[0m\x1b[1;37m  78\x1b[0m\x1b[36m: am_signal_unwind.cpp: void critical_error[   19.296072] ambarella-i2c e400a000.i2c: No ACK from address 0xb4, 0:0!\r\n'
b'_handler()]: \x1b[0m\x1b[31mReg[20]: 0x000000555aca2000\x1b[0m\r\n'
b'[\x1b[1;31m ERROR\x1b[0m]\x1b[36m[\x1b[0m\x1b[1;37m  78\x1b[0m\x1b[36m: am_signal_unwind.cpp: void critical_error_handler()]: [   19.316344] ambarella-i2c e400a000.i2c: No ACK from address 0xb4, 0:0!\r\n'
b'\x1b[0m\x1b[31mReg[ 0][   19.324773] ambarella-i2c e400a000.i2c: No ACK from address 0xb4, 0:0!\r\n'
b': 0x000000000000[   19.332678] ambarella-i2c e400a000.i2c: No ACK from address 0xb4, 0:0!\r\n'
b'0000\x1b[0m\r\n'
b'[\x1b[1;3[   19.340549] ambarella-i2c e400a000.i2c: No ACK from address 0xb4, 0:0!\r\n'
b'1m ERROR\x1b[0m]\x1b[36m[\x1b[0m\x1b[1;37m  78\x1b[0m\x1b[36m: am_signal_unwind.cp[   19.351757] ambarella-i2c e400a000.i2c: No ACK from address 0xb4, 0:0!\r\n'
b'p: void critical[   19.360580] ambarella-i2c e400a000.i2c: No ACK from address 0xb4, 0:0!\r\n'
b'_error_handler()[   19.368482] ambarella-i2c e400a000.i2c: No ACK from address 0xb4, 0:0!\r\n'
b']: \x1b[0m\x1b[31mReg[[   19.376290] ambarella-i2c e400a000.i2c: No ACK from address 0xb4, 0:0!\r\n'
b'21]: 0x0000007fd[   19.384167] ambarella-i2c e400a000.i2c: No ACK from address 0xb4, 0:0!\r\n'
b'e2e8020\x1b[0m\r\n'
b'[\x1b[[   19.392140] ambarella-i2c e400a000.i2c: No ACK from address 0xb4, 0:0!\r\n'
b'1;31m ERROR\x1b[0m][   19.400063] ambarella-i2c e400a000.i2c: No ACK from address 0xb4, 0:0!\r\n'
b'\x1b[36m[\x1b[0m\x1b[1;37m  78\x1b[0m\x1b[36m: am_signal_unwind.cpp: void critical_error_handler()]: \x1b[0m\x1b[31mReg[ 1]: 0x0000007ff21e6dd0\x1b[0m\r\n'
b'[\x1b[1;31m ERROR\x1b[0m]\x1b[36m[\x1b[0m\x1b[1;37m  78\x1b[0m\x1b[36m: am_signal_unwind.cpp: void critical_error_handler()]: \x1b[0m\x1b[31mReg[22]: 0x0000007fde2e7e20\x1b[0m\r\n'
b'[\x1b[1;31m ERROR\x1b[0m]\x1b[36m[\x1b[0m\x1b[1;37m  78\x1b[0m\x1b[36m: am_signal_unwind.cpp: void critical_error_handler()]: \x1b[0m\x1b[31mReg[ 2]: 0x0000007ff21e6df0\x1b[0m\r\n'
b'[\x1b[1;31m ERROR\x1b[0m]\x1b[36m[\x1b[0m\x1b[1;37m  78\x1b[0m\x1b[36m: am_signal_unwind.cpp: void critical_error_handler()]: \x1b[0m\x1b[31mReg[23]: 0x000000555aca2000\x1b[0m\r\n'
b'SupervisedEntity sv_specifier_:untouch/oms_msg_receiver, len:24\r\n'
b'SupervisedEntity sv_specifier_:untouch/dms_msg_receiver, len:24\r\n'
b'[\x1b[1;31m ERROR\x1b[0m]\x1b[36m[\x1b[0m\x1b[1;37m  78\x1b[0m\x1b[36m: am_signal_unwind.cpp: void critical_error_handler()]: \x1b[0m\x1b[31mReg[ 3]: 0x0000000000000000\x1b[0m\r\n'
b'[\x1b[1;31m ERROR\x1b[0m]\x1b[36m[\x1b[0m\x1b[1;37m  78\x1b[0m\x1b[36m: am_signal_unwind.cpp: void critical_error_handler()]: \x1b[0m\x1b[31mReg[24]: 0x0000007fde2e7fb8\x1b[0m\r\n'
b'[\x1b[1;31m ERROR\x1b[0m]\x1b[36m[\x1b[0m\x1b[1;37m  78\x1b[0m\x1b[36m: am_signal_unwind.cpp: void critical_error_handler()]: \x1b[0m\x1b[31mReg[ 4]: 0x0000007ff21e6ef8\x1b[0m\r\n'
b'[\x1b[1;31m ERROR\x1b[0m]\x1b[36m[\x1b[0m\x1b[1;37m  78\x1b[0m\x1b[36m: am_signal_unwind.cpp: void critical_error_handler()]: \x1b[0m\x1b[31mReg[25]: 0x0000007fde2e7f90\x1b[0m\r\n'
b'[\x1b[1;31m ERROR\x1b[0m]\x1b[36m[\x1b[0m\x1b[1;37m  78\x1b[0m\x1b[36m: am_signal_unwind.cpp: void critical_error_handler()]: \x1b[0m\x1b[31mReg[ 5]: 0x0000000000000004\x1b[0m\r\n'
b'[\x1b[1;31m ERROR\x1b[0m]\x1b[36m[\x1b[0m\x1b[1;37m  78\x1b[0m\x1b[36m: am_signal_unwind.cpp: void critical_error_handler()]: \x1b[0m\x1b[31mReg[26]: 0x0000000000000000\x1b[0m\r\n'
b'[\x1b[1;31m ERROR\x1b[0m]\x1b[36m[\x1b[0m\x1b[1;37m  78\x1b[0m\x1b[36m: am_signal_unwind.cpp: void critical_error_handler()]: \x1b[0m\x1b[31mReg[ 6]: 0x726553616964656d\x1b[0m\r\n'
b'[\x1b[1;31m ERROR\x1b[0m]\x1b[36m[\x1b[0m\x1b[1;37m  78\x1b[0m\x1b[36m: am_signal_unwind.cpp: void critical_error_handler()]: \x1b[0m\x1b[31mReg[27]: 0x00000055640d2f70\x1b[0m\r\n'
b'the open the file is successful,fd=3.\r\n'
b'the open the file is successful,fd=3.\r\n'
b'[\x1b[1;31m ERROR\x1b[0m]\x1b[36m[\x1b[0m\x1b[1;37m  78\x1b[0m\x1b[36m: am_signal_unwind.cpp: void critical_error_handler()]: \x1b[0m\x1b[31mReg[ 7]: 0x7265767265536169\x1b[0m\r\n'
b'[\x1b[1;31m ERROR\x1b[0m]\x1b[36m[\x1b[0m\x1b[1;37m  78\x1b[0m\x1b[36m: am_signal_unwind.cpp: void critical_error_handler()]: \x1b[0m\x1b[31mReg[28]: 0x0000000000000000\x1b[0m\r\n'
b'read 154 Byte\r\n'
b'read 154 Byte\r\n'
b'[\x1b[1;31m ERROR\x1b[0m]\x1b[36m[\x1b[0m\x1b[1;37m  78\x1b[0m\x1b[36m: am_signal_unwind.cpp: void critical_error_handler()]: \x1b[0m\x1b[31mReg[ 8]: 0x636e6174736e6920\x1b[0m\r\n'
b'[\x1b[1;31m ERROR\x1b[0m]\x1b[36m[\x1b[0m\x1b[1;37m  78\x1b[0m\x1b[36m: am_signal_unwind.cpp: void critical_error_handler()]: \x1b[0m\x1b[31mReg[29]: 0x0000007fde2e7dc0\x1b[0m\r\n'
b'[\x1b[1;31m ERROR\x1b[0m]\x1b[36m[\x1b[0m\x1b[1;37m  78\x1b[0m\x1b[36m: am_signal_unwind.cpp: void critical_error_handler()]: \x1b[0m\x1b[31mReg[ 9]: 0x64656c6961662065\x1b[0m\r\n'
b'[\x1b[1;31m ERROR\x1b[0m]\x1b[36m[\x1b[0m\x1b[1;37m  78\x1b[0m\x1b[36m: am_signal_unwind.cpp: void critical_error_handler()]: \x1b[0m\x1b[31mReg[30]: 0x000000555ac82a70\x1b[0m\r\n'
b'ip: RTNETLINK answers: File exists\r\n'
b'write successful 154\r\n'
b'write successful 154\r\n'
b'name:plf_health_mgmt\r\n'
b'name:plf_health_mgmt\r\n'
b'name:gps_service\r\n'
b'name:gps_service\r\n'
b'name:test_gps_client\r\n'
b'name:test_gps_client\r\n'
b'name:data_distribution\r\n'
b'name:data_distribution\r\n'
b'name:data_integration\r\n'
b'name:V2cloudStub\r\n'
b'name:mediaServer\r\n'
b'name:cvServer\r\n'
b'name:recoderServer\r\n'
b'name:osdServer\r\n'
b'name:monitorServer\r\n'
b'name:phm\r\n'
b'name:data_integration\r\n'
b'name:V2cloudStub\r\n'
b'~ClassPointer\r\n'
b'name:mediaServer\r\n'
b'name:cvServer\r\n'
b'get msg id 0\r\n'
b'name:recoderServer\r\n'
b'get msg id 32769\r\n'
b'name:osdServer\r\n'
b'get msg id 65538\r\n'
b'name:monitorServer\r\n'
b'get msg id 98307\r\n'
b'name:phm\r\n'
b'get msg id 131076\r\n'
b'get msg id 163845\r\n'
b'get msg id 196614\r\n'
b'get msg id 229383\r\n'
b'~ClassPointer\r\n'
b'get msg id 262152\r\n'
b'get msg id 0\r\n'
b'get msg id 294921\r\n'
b'get msg id 32769\r\n'
b'get msg id 327690\r\n'
b'get msg id 65538\r\n'
b'get msg id 360459\r\n'
b'get msg id 98307\r\n'
b'get msg id 131076\r\n'
b'the open the file is successful,fd=3.\r\n'
b'[\x1b[1;31m ERROR\x1b[0m]\x1b[36m[\x1b[0m\x1b[1;37m  78\x1b[0m\x1b[36m: am_signal_unwind.cpp: void critical_error_handler()]: \x1b[0m\x1b[31mReg[10]: 0x6d207879726f2074\x1b[0m\r\n'
b'get msg id 163845\r\n'
b'get msg id 196614\r\n'
b'get msg id 229383\r\n'
b'get msg id 262152\r\n'
b'get msg id 294921\r\n'
b'get msg id 327690\r\n'
b'get msg id 360459\r\n'
b'[\x1b[1;31m ERROR\x1b[0m]\x1b[36m[\x1b[0m\x1b[1;37m  78\x1b[0m\x1b[36m: am_signal_unwind.cpp: void critical_error_handler()]: \x1b[0m\x1b[31mReg[11]: 0x692073656c75646f\x1b[0m\r\n'
b'the open the file is successful,fd=3.\r\n'
b'~InstanceSpecifier\r\n'
b'[\x1b[1;31m ERROR\x1b[0m]\x1b[36m[\x1b[0m\x1b[1;37m  78\x1b[0m\x1b[36m: am_signal_unwind.cpp: void critical_error_handler()]: \x1b[0m\x1b[31mReg[12]: 0x2065636e6174736e\x1b[0m\r\n'
b'[\x1b[1;31m ERROR\x1b[0m]\x1b[36m[\x1b[0m\x1b[1;37m  78\x1b[0m\x1b[36m: am_signal_unwind.cpp: void critical_error_handler()]: \x1b[0m\x1b[31mReg[13]: 0x0a2164656c696166\x1b[0m\r\n'
b'~InstanceSpecifier\r\n'
b'[\x1b[1;31m ERROR\x1b[0m]\x1b[36m[\x1b[0m\x1b[1;37m  78\x1b[0m\x1b[36m: am_signal_unwind.cpp: void critical_error_handler()]: \x1b[0m\x1b[31mReg[14]: 0x0000000000000021\x1b[0m\r\n'
b'[\x1b[1;31m ERROR\x1b[0m]\x1b[36m[\x1b[0m\x1b[1;37m  78\x1b[0m\x1b[36m: am_signal_unwind.cpp: void critical_error_handler()]: \x1b[0m\x1b[31mReg[15]: 0x000000000000070b\x1b[0m\r\n'
b'[\x1b[1;31m ERROR\x1b[0m]\x1b[36m[\x1b[0m\x1b[1;37m  78\x1b[0m\x1b[36m: am_signal_unwind.cpp: void critical_error_handler()]: \x1b[0m\x1b[31mReg[16]: 0x000000556bd4b0b8\x1b[0m\r\n'
b'[\x1b[1;31m ERROR\x1b[0m]\x1b[36m[\x1b[0m\x1b[1;37m  78\x1b[0m\x1b[36m: am_signal_unwind.cpp: void critical_error_handler()]: \x1b[0m\x1b[31mReg[17]: 0x0000007f80a05ac0\x1b[0m\r\n'
b'[\x1b[1;31m ERROR\x1b[0m]\x1b[36m[\x1b[0m\x1b[1;37m  78\x1b[0m\x1b[36m: am_signal_unwind.cpp: void critical_error_handler()]: \x1b[0m\x1b[31mReg[18]: 0x000000000000002f\x1b[0m\r\n'
b'[\x1b[1;31m ERROR\x1b[0m]\x1b[36m[\x1b[0m\x1b[1;37m  78\x1b[0m\x1b[36m: am_signal_unwind.cpp: void critical_error_handler()]: \x1b[0m\x1b[31mReg[19]: 0x0000007ff21e6dd0\x1b[0m\r\n'
b'[\x1b[1;31m ERROR\x1b[0m]\x1b[36m[\x1b[0m\x1b[1;37m  78\x1b[0m\x1b[36m: am_signal_unwind.cpp: void critical_error_handler()]: \x1b[0m\x1b[31mReg[20]: 0x000000556bd4a000\x1b[0m\r\n'
b'[\x1b[1;31m ERROR\x1b[0m]\x1b[36m[\x1b[0m\x1b[1;37m  78\x1b[0m\x1b[36m: am_signal_unwind.cpp: void critical_error_handler()]: \x1b[0m\x1b[31mReg[21]: 0x0000007ff21e6ff8\x1b[0m\r\n'
b'[\x1b[1;31m ERROR\x1b[0m]\x1b[36m[\x1b[0m\x1b[1;37m  78\x1b[0m\x1b[36m: am_signal_unwind.cpp: void critical_error_handler()]: \x1b[0m\x1b[31mReg[22]: 0x00000055735cff40\x1b[0m\r\n'
b'[\x1b[1;31m ERROR\x1b[0m]\x1b[36m[\x1b[0m\x1b[1;37m  78\x1b[0m\x1b[36m: am_signal_unwind.cpp: void critical_error_handler()]: \x1b[0m\x1b[31mReg[23]: 0x000000556bd4a000\x1b[0m\r\n'
b'[\x1b[1;31m ERROR\x1b[0m]\x1b[36m[\x1b[0m\x1b[1;37m  78\x1b[0m\x1b[36m: am_signal_unwind.cpp: void critical_error_handler()]: \x1b[0m\x1b[31mReg[24]: 0x0000007ff21e73b8\x1b[0m\r\n'
b'[\x1b[1;31m ERROR\x1b[0m]\x1b[36m[\x1b[0m\x1b[1;37m  78\x1b[0m\x1b[36m: am_signal_unwind.cpp: void critical_error_handler()]: \x1b[0m\x1b[31mReg[25]: 0x0000007ff21e6f90\x1b[0m\r\n'
b'[\x1b[1;31m ERROR\x1b[0m]\x1b[36m[\x1b[0m\x1b[1;37m  78\x1b[0m\x1b[36m: am_signal_unwind.cpp: void critical_error_handler()]: \x1b[0m\x1b[31mReg[26]: 0x0000007ff21e6f68\x1b[0m\r\n'
b'[\x1b[1;31m ERROR\x1b[0m]\x1b[36m[\x1b[0m\x1b[1;37m  78\x1b[0m\x1b[36m: am_signal_unwind.cpp: void critical_error_handler()]: \x1b[0m\x1b[31mReg[27]: 0x0000000000000000\x1b[0m\r\n'
b'[\x1b[1;31m ERROR\x1b[0m]\x1b[36m[\x1b[0m\x1b[1;37m  78\x1b[0m\x1b[36m: am_signal_unwind.cpp: void critical_error_handler()]: \x1b[0m\x1b[31mReg[28]: 0x00000055735d0f70\x1b[0m\r\n'
b'[\x1b[1;31m ERROR\x1b[0m]\x1b[36m[\x1b[0m\x1b[1;37m 157\x1b[0m\x1b[36m: am_signal_unwind.cpp: void critical_error_handler()]: \x1b[0m\x1b[31m#0 : [Function: 0x0000007f83853668] sp=0x0000007fde2e6b40  + 0x0\x1b[0m\r\n'
b'/usr/beantechs/etc/config/dms_data_process.xml\r\n'
b'/usr/beantechs/etc/config/dms_data_process.xml\r\n'
b'[\x1b[1;31m ERROR\x1b[0m]\x1b[36m[\x1b[0m\x1b[1;37m  78\x1b[0m\x1b[36m: am_signal_unwind.cpp: void critical_error_handler()]: \x1b[0m\x1b[31mReg[29]: 0x0000007ff21e6da0\x1b[0m\r\n'
b'[\x1b[1;31m ERROR\x1b[0m]\x1b[36m[\x1b[0m\x1b[1;37m  78\x1b[0m\x1b[36m: am_signal_unwind.cpp: void critical_error_handler()]: \x1b[0m\x1b[31mReg[30]: 0x000000556bd31d20\x1b[0m\r\n'
b'dms_data_process/message/process_oms:untouch_oms_app\r\n'
b'dms_data_process/message/process_own_oms:receiver_oms_demo\r\n'
b'dms_data_process/message/process_mcu:data_distribution\r\n'
b'dms_data_process/message/process_msvr:recoderServer\r\n'
b'dms_data_process/message/process_osd:osdServer\r\n'
b'dms_data_process/configList/log_switch:1\r\n'
b'ifup: interface eth0 already configured\r\n'
b'dms_data_process/message/process_dms:untouch_dms_app\r\n'
b'dms_data_process/message/process_own_dms:receiver_dms_demo\r\n'
b'dms_data_process/message/process_mcu:data_distribution\r\n'
b'dms_data_process/message/process_msvr:recoderServer\r\n'
b'dms_data_process/message/process_osd:osdServer\r\n'
b'ShareMemory is ctor!\r\n'
b'ShareMemory is get\r\n'
b'dms_data_process/configList/log_switch:1\r\n'
b'untouch_response_oms created!\r\n'
b'ShareMemory is ctor!\r\n'
b'ShareMemory is get\r\n'
b'67104768 left for ShareMemory!\r\n'
b'the open the file is successful,fd=6.\r\n'
b'read 222 Byte\r\n'
b'untouch_response_dms created!\r\n'
b'67104768 left for ShareMemory!\r\n'
b'write successful 222\r\n'
b'name:plf_health_mgmt\r\n'
b'name:gps_service\r\n'
b'name:test_gps_client\r\n'
b'the open the file is successful,fd=6.\r\n'
b'name:data_distribution\r\n'
b'read 222 Byte\r\n'
b'name:data_integration\r\n'
b'[\x1b[1;31m ERROR\x1b[0m]\x1b[36m[\x1b[0m\x1b[1;37m 142\x1b[0m\x1b[36m: am_signal_unwind.cpp: void critical_error_handler()]: \x1b[0m\x1b[31m#1 : [Function: 0x000000555ac82a80] sp=0x0000007fde2e7da0 (null) !!!! BAD Address (nil)\x1b[0m\r\n'
b'name:V2cloudStub\r\n'
b'name:mediaServer\r\n'
b'name:cvServer\r\n'
b'[\x1b[1;31m ERROR\x1b[0m]\x1b[36m[\x1b[0m\x1b[1;37m 157\x1b[0m\x1b[36m: am_signal_unwind.cpp: void critical_error_handler()]: \x1b[0m\x1b[31m#2 : [Function: 0x000000555ac82a80] sp=0x0000007fde2e7da0 std::_Sp_counted_base<(__gnu_cxx::_Lock_policy)2>::_M_release() + 0xf50\x1b[0m\r\n'
b'write successful 222\r\n'
b'name:recoderServer\r\n'
b'name:plf_health_mgmt\r\n'
b'name:osdServer\r\n'
b'name:gps_service\r\n'
b'name:monitorServer\r\n'
b'name:test_gps_client\r\n'
b'name:phm\r\n'
b'name:data_distribution\r\n'
b'name:untouch_oms_app\r\n'
b'name:data_integration\r\n'
b'name:receiver_oms_demo\r\n'
b'name:V2cloudStub\r\n'
b'name:untouch_dms_app\r\n'
b'name:mediaServer\r\n'
b'name:receiver_dms_demo\r\n'
b'name:cvServer\r\n'
b'name:recoderServer\r\n'
b'~ClassPointer\r\n'
b'name:osdServer\r\n'
b'get msg id 0\r\n'
b'name:monitorServer\r\n'
b'get msg id 32769\r\n'
b'name:phm\r\n'
b'get msg id 65538\r\n'
b'name:untouch_oms_app\r\n'
b'get msg id 98307\r\n'
b'name:receiver_oms_demo\r\n'
b'get msg id 131076\r\n'
b'name:untouch_dms_app\r\n'
b'get msg id 163845\r\n'
b'name:receiver_dms_demo\r\n'
b'get msg id 196614\r\n'
b'get msg id 229383\r\n'
b'~ClassPointer\r\n'
b'get msg id 262152\r\n'
b'get msg id 0\r\n'
b'get msg id 294921\r\n'
b'get msg id 32769\r\n'
b'get msg id 327690\r\n'
b'get msg id 65538\r\n'
b'get msg id 360459\r\n'
b'get msg id 98307\r\n'
b'get msg id 393228\r\n'
b'get msg id 131076\r\n'
b'get msg id 425997\r\n'
b'get msg id 163845\r\n'
b'get msg id 458766\r\n'
b'get msg id 196614\r\n'
b'get msg id 491535\r\n'
b'get msg id 229383\r\n'
b'get msg id 262152\r\n'
b'the open the file is successful,fd=6.\r\n'
b'get msg id 294921\r\n'
b'get msg id 327690\r\n'
b'get msg id 360459\r\n'
b'get msg id 393228\r\n'
b'get msg id 425997\r\n'
b'get msg id 458766\r\n'
b'get msg id 491535\r\n'
b'the open the file is successful,fd=6.\r\n'
b'[\x1b[1;31m ERROR\x1b[0m]\x1b[36m[\x1b[0m\x1b[1;37m 157\x1b[0m\x1b[36m: am_signal_unwind.cpp: void critical_error_handler()]: \x1b[0m\x1b[31m#3 : [Function: 0x000000555ac808e4] sp=0x0000007fde2e7f30 _ZNSt6vectorINSt7__cxx1112basic_stringIcSt11char_traitsIcESaIcEEESaIS5_EEaSERKS7_ + 0xf50\x1b[0m\r\n'
b'[\x1b[1;31m ERROR\x1b[0m]\x1b[36m[\x1b[0m\x1b[1;37m 157\x1b[0m\x1b[36m: am_signal_unwind.cpp: void critical_error_handler()]: \x1b[0m\x1b[31m#4 : [Function: 0x0000007f8337cce4] sp=0x0000007fde2e8160 __libc_start_main + 0xe4\x1b[0m\r\n'
b'[\x1b[1;31m ERROR\x1b[0m]\x1b[36m[\x1b[0m\x1b[1;37m 157\x1b[0m\x1b[36m: am_signal_unwind.cpp: void critical_error_handler()]: \x1b[0m\x1b[31m#0 : [Function: 0x0000007f80ecf668] sp=0x0000007ff21e5b40  + 0x0\x1b[0m\r\n'
b'[\x1b[1;31m ERROR\x1b[0m]\x1b[36m[\x1b[0m\x1b[1;37m 157\x1b[0m\x1b[36m: am_signal_unwind.cpp: void critical_error_handler()]: \x1b[0m\x1b[31m#5 : [Function: 0x000000555ac80d94] sp[   20.356969] ambarella_fb bogus_bus:framebuffer@0: 720x480, argb1555, 16 bits per pixel, buf pitch = 1440\r\n'
b'=0x0000007fde2e82a0 _ZNSt6vectorINSt7__cxx1112ba[   20.371519] ambarella_fb bogus_bus:framebuffer@1: 720x480, argb1555, 16 bits per pixel, buf pitch = 1440\r\n'
b'sic_stringIcSt11char_traitsIcESaIcEEESaIS5_EEaSERKS7_ + 0xe4\x1b[0m\r\n'
b'[\x1b[1;31m ERROR\x1b[0m]\x1b[36m[\x1b[0m\x1b[1;37m 142\x1b[0m\x1b[36m: am_signal_unwind.cpp: void critical_error_handler()]: \x1b[0m\x1b[31m#1 : [Function: 0x000000556bd31d30] sp=0x0000007ff21e6da0 (null) !!!! BAD Address (nil)\x1b[0m\r\n'
b'[\x1b[1;31m ERROR\x1b[0m]\x1b[36m[\x1b[0m\x1b[1;37m 157\x1b[0m\x1b[36m: am_signal_unwind.cpp: void critical_error_handler()]: \x1b[0m\x1b[31m#2 : [Function: 0x000000556bd31d30] sp=0x0000007ff21e6da0 std::_Sp_counted_base<(__gnu_cxx::_Lock_policy)2>::_M_release() + 0xcb0\x1b[0m\r\n'
b'[\x1b[1;31m ERROR\x1b[0m]\x1b[36m[\x1b[0m\x1b[1;37m 157\x1b[0m\x1b[36m: am_signal_unwind.cpp: void critical_error_handler()]: \x1b[0m\x1b[31m#3 : [Function: 0x000000556bd2fe28] sp=0x0000007ff21e6f00 _ZNSt6vectorINSt7__cxx1112basic_stringIcSt11char_traitsIcESaIcEEESaIS5_EEaSERKS7_ + 0xcb0\x1b[0m\r\n'
b'[\x1b[1;31m ERROR\x1b[0m]\x1b[36m[\x1b[0m\x1b[1;37m 157\x1b[0m\x1b[36m: am_signal_unwind.cpp: void critical_error_handler()]: \x1b[0m\x1b[31m#4 : [Function: 0x0000007f809a4ce4] sp=0x0000007ff21e7270 __libc_start_main + 0xe4\x1b[0m\r\n'
b'[\x1b[1;31m ERROR\x1b[0m]\x1b[36m[\x1b[0m\x1b[1;37m 157\x1b[0m\x1b[36m: am_signal_unwind.cpp: void critical_error_handler()]: \x1b[0m\x1b[31m#5 : [Function: 0x000000556bd302f0] sp=0x0000007ff21e73b0 _ZNSt6vectorINSt7__cxx1112basic_stringIcSt11char_traitsIcESaIcEEESaIS5_EEaSERKS7_ + 0xe4\x1b[0m\r\n'
b'Starting nginx: OK\r\n'
b'Starting fcgiwrap: OK\r\n'
b'\r\r\n'
b'\r\n'
b'\rWelcome to Ambarella\r\n'
b'\rAmbarella login: '
b''
重启第 3 次
b'\r\r\n'
b'\r\n'
b'\rWelcome to Ambarella\r\n'
b'\rAmbarella login: \r\r\n'
b'\r\n'
b'\rWelcome to Ambarella\r\n'
b'\rAmbarella login: root\r\n'
b"login[553]: root login on 'ttyS0'\r\r\n"
b'# \r\n'
b'# reboot\r\n'
b'# \rThe system is going down NOW!\r\n'
b'\rSent SIGTERM to all processes\r\n'
b'\x1b[1;37mCapture signal[15]\x1b[0m\r\n'
b'~ClassPointer\r\n'
b'~ClassPointer\r\n'
b'~ClassPointer\r\n'
b'\rSent SIGKILL to all processes\r\n'
b'\rRequesting system reboot\r\n'
b'[   47.823956] ambarella-i2c e400a000.i2c: No ACK from address 0xb4, 0:0!\r\n'
b'[   47.831396] ambarella-i2c e400a000.i2c: No ACK from address 0xb4, 0:0!\r\n'
b'[   47.838840] ambarella-i2c e400a000.i2c: No ACK from address 0xb4, 0:0!\r\n'
b'[   47.846269] ambarella-i2c e400a000.i2c: No ACK from address 0xb4, 0:0!\r\n'
b'[   47.853708] ambarella-i2c e400a000.i2c: No ACK from address 0xb4, 0:0!\r\n'
b'[   47.861159] ambarella-i2c e400a000.i2c: No ACK from address 0xb4, 0:0!\r\n'
b'[   47.868591] ambarella-i2c e400a000.i2c: No ACK from address 0xb4, 0:0!\r\n'
b'[   49.461840] ambarella-wdt ec002000.wdt: ambarella_wdt_shutdown @ 5.\r\n'
b'[   49.468162] reboot: Restarting system\r\n'
b'\x1b[4l\r\n'
b'[    0.000000] Booting Linux on physical CPU 0x0\r\n'
b'[    0.000000] Linux version 4.14.181 (bean@tbox-compile1) (gcc version 8.2.1 20180802 (Linaro GCC 8.2-2018.08~dev)) #1 SMP PREEMPT Fri Dec 18 14:48:02 CST 2020\r\n'
b'[    0.000000] Boot CPU: AArch64 Processor [410fd034]\r\n'
b'[    0.000000] Machine model: Ambarella CV22 Walnut Board\r\n'
b'[    0.000000] Reserved memory: created CMA memory pool at 0x000000003cc00000, size 48 MiB\r\n'
b'[    0.000000] OF: reserved mem: initialized node linux,cma, compatible id shared-dma-pool\r\n'
b'[    0.000000] Reserved memory: created CMA memory pool at 0x0000000040000000, size 508 MiB\r\n'
b'[    0.000000] OF: reserved mem: initialized node iav@0x40000000, compatible id shared-dma-pool\r\n'
b'[    0.000000] Reserved memory: created CMA memory pool at 0x0000000060000000, size 508 MiB\r\n'
b'[    0.000000] OF: reserved mem: initialized node cavalry@0x60000000, compatible id shared-dma-pool\r\n'
b'[    0.000000] percpu: Embedded 19 pages/cpu s38552 r8192 d31080 u77824\r\n'
b'[    0.000000] Detected VIPT I-cache on CPU0\r\n'
b'[    0.000000] CPU features: enabling workaround for ARM erratum 845719\r\n'
b'[    0.000000] Built 1 zonelists, mobility grouping on.  Total pages: 515592\r\n'
b'[    0.000000] Kernel command line: console=ttyS0 noinitrd root=/dev/mmcblk0p9 rw rootfstype=ext4 init=/linuxrc rootwait\r\n'
b'[    0.000000] PID hash table entries: 4096 (order: 3, 32768 bytes)\r\n'
b'[    0.000000] Dentry cache hash table entries: 262144 (order: 9, 2097152 bytes)\r\n'
b'[    0.000000] Inode-cache hash table entries: 131072 (order: 8, 1048576 bytes)\r\n'
b'[    0.000000] Memory: 962048K/2095104K available (4670K kernel code, 432K rwdata, 1336K rodata, 320K init, 224K bss, 43520K reserved, 1089536K cma-reserved)\r\n'
b'[    0.000000] Virtual kernel memory layout:\r\n'
b'[    0.000000]     modules : 0xffffff8000000000 - 0xffffff8008000000   (   128 MB)\r\n'
b'[    0.000000]     vmalloc : 0xffffff8008000000 - 0xffffffbebfff0000   (   250 GB)\r\n'
b'[    0.000000]       .text : 0xffffff8008080000 - 0xffffff8008510000   (  4672 KB)\r\n'
b'[    0.000000]     .rodata : 0xffffff8008510000 - 0xffffff8008670000   (  1408 KB)\r\n'
b'[    0.000000]       .init : 0xffffff8008670000 - 0xffffff80086c0000   (   320 KB)\r\n'
b'[    0.000000]       .data : 0xffffff80086c0000 - 0xffffff800872c008   (   433 KB)\r\n'
b'[    0.000000]        .bss : 0xffffff800872c008 - 0xffffff8008764178   (   225 KB)\r\n'
b'[    0.000000]     fixed   : 0xffffffbefe7fb000 - 0xffffffbefec00000   (  4116 KB)\r\n'
b'[    0.000000]     PCI I/O : 0xffffffbefee00000 - 0xffffffbeffe00000   (    16 MB)\r\n'
b'[    0.000000]     vmemmap : 0xffffffbf00000000 - 0xffffffc000000000   (     4 GB maximum)\r\n'
b'[    0.000000]               0xffffffbf00008000 - 0xffffffbf02000000   (    31 MB actual)\r\n'
b'[    0.000000]     memory  : 0xffffffc000200000 - 0xffffffc080000000   (  2046 MB)\r\n'
b'[    0.000000] SLUB: HWalign=64, Order=0-3, MinObjects=0, CPUs=4, Nodes=1\r\n'
b'[    0.000000] Preemptible hierarchical RCU implementation.\r\n'
b'[    0.000000] \tTasks RCU enabled.\r\n'
b'[    0.000000] NR_IRQS: 64, nr_irqs: 64, preallocated irqs: 0\r\n'
b'[    0.000000] CPU features: GIC system register CPU interface present but disabled by higher exception level\r\n'
b'[    0.000000] vco = 384000000, 24000000, 1, 16, 1\r\n'
b'[    0.000000] arch_timer: cp15 timer(s) running at 47.25MHz (virt).\r\n'
b'[    0.000000] clocksource: arch_sys_counter: mask: 0xffffffffffffff max_cycles: 0xae5b54743, max_idle_ns: 440795204480 ns\r\n'
b'[    0.000005] sched_clock: 56 bits at 47MHz, resolution 21ns, wraps every 4398046511098ns\r\n'
b'[    0.000275] Console: colour dummy device 80x25\r\n'
b'[    0.302268] console [ttyS0] enabled\r\n'
b'[    0.305753] Calibrating delay loop (skipped), value calculated using timer frequency.. 94.50 BogoMIPS (lpj=47250)\r\n'
b'[    0.315992] pid_max: default: 32768 minimum: 301\r\n'
b'[    0.320693] Mount-cache hash table entries: 4096 (order: 3, 32768 bytes)\r\n'
b'[    0.327393] Mountpoint-cache hash table entries: 4096 (order: 3, 32768 bytes)\r\n'
b'[    0.338575] ASID allocator initialised with 32768 entries\r\n'
b'[    0.345985] Hierarchical SRCU implementation.\r\n'
b'[    0.354370] smp: Bringing up secondary CPUs ...\r\n'
b'[    0.365991] Detected VIPT I-cache on CPU1\r\n'
b'[    0.370020] CPU1: Booted secondary processor [410fd034]\r\n'
b'[    0.382083] Detected VIPT I-cache on CPU2\r\n'
b'[    0.386095] CPU2: Booted secondary processor [410fd034]\r\n'
b'[    0.398186] Detected VIPT I-cache on CPU3\r\n'
b'[    0.402198] CPU3: Booted secondary processor [410fd034]\r\n'
b'[    0.407476] smp: Brought up 1 node, 4 CPUs\r\n'
b'[    0.411571] SMP: Total of 4 processors activated.\r\n'
b'[    0.416263] CPU features: detected: 32-bit EL0 Support\r\n'
b'[    0.421884] CPU: All CPU(s) started at EL1\r\n'
b'[    0.425984] alternatives: patching kernel code\r\n'
b'[    0.431528] devtmpfs: initialized\r\n'
b'[    0.440606] random: get_random_u32 called from bucket_table_alloc+0x108/0x268 with crng_init=0\r\n'
b'[    0.449539] clocksource: jiffies: mask: 0xffffffff max_cycles: 0xffffffff, max_idle_ns: 1911260446275000 ns\r\n'
b'[    0.459268] futex hash table entries: 1024 (order: 5, 131072 bytes)\r\n'
b'[    0.507633] pinctrl core: initialized pinctrl subsystem\r\n'
b'[    0.513193] NET: Registered protocol family 16\r\n'
b'[    0.518323] vdso: 2 pages (1 code @ ffffff8008515000, 1 data @ ffffff80086c4000)\r\n'
b'[    0.532832] DMA: preallocated 256 KiB pool for atomic allocations\r\n'
b'[    0.542128] ambarella-pinctrl ec003000.pinctrl: Ambarella pinctrl driver registered\r\n'
b'[    0.550488] ambarella-gpio ec003000.pinctrl:gpio@0: Ambarella GPIO driver registered\r\n'
b'[    0.565115] HugeTLB registered 2.00 MiB page size, pre-allocated 0 pages\r\n'
b'[    0.572926] ambarella-dma e0020000.dma: Ambarella DMA Engine \r\n'
b'[    0.579257] ambarella-dma e0021000.dma: Ambarella DMA Engine \r\n'
b'[    0.585405] ambarella-i2c e4008000.i2c: Ambarella I2C adapter[0] probed, clock:100000!\r\n'
b'[    0.593514] ambarella-i2c e4009000.i2c: Ambarella I2C adapter[1] probed, clock:100000!\r\n'
b'[    0.601709] ambarella-i2c e400a000.i2c: Ambarella I2C adapter[2] probed, clock:100000!\r\n'
b'[    0.609811] ambarella-i2c e400b000.i2c: Ambarella I2C adapter[3] probed, clock:100000!\r\n'
b'[    0.618608] clocksource: Switched to clocksource arch_sys_counter\r\n'
b'[    0.630879] NET: Registered protocol family 2\r\n'
b'[    0.635682] TCP established hash table entries: 16384 (order: 5, 131072 bytes)\r\n'
b'[    0.643051] TCP bind hash table entries: 16384 (order: 6, 262144 bytes)\r\n'
b'[    0.649983] TCP: Hash tables configured (established 16384 bind 16384)\r\n'
b'[    0.656630] UDP hash table entries: 1024 (order: 3, 32768 bytes)\r\n'
b'[    0.662683] UDP-Lite hash table entries: 1024 (order: 3, 32768 bytes)\r\n'
b'[    0.669265] NET: Registered protocol family 1\r\n'
b'[    0.673915] RPC: Registered named UNIX socket transport module.\r\n'
b'[    0.679839] RPC: Registered udp transport module.\r\n'
b'[    0.684530] RPC: Registered tcp transport module.\r\n'
b'[    0.689220] RPC: Registered tcp NFSv4.1 backchannel transport module.\r\n'
b'[    0.699335] workingset: timestamp_bits=62 max_order=19 bucket_order=0\r\n'
b'[    0.711433] squashfs: version 4.0 (2009/01/31) Phillip Lougher\r\n'
b'[    0.721811] Block layer SCSI generic (bsg) driver version 0.4 loaded (major 251)\r\n'
b'[    0.729196] io scheduler noop registered\r\n'
b'[    0.733112] io scheduler deadline registered\r\n'
b'[    0.737465] io scheduler cfq registered (default)\r\n'
b'[    0.742163] io scheduler mq-deadline registered\r\n'
b'[    0.746681] io scheduler kyber registered\r\n'
b'[    0.751261] ambarella-gdma e000c000.gdma: Ambarella GDMA driver init\r\n'
b'[    0.757988] e4000000.uart: ttyS0 at MMIO 0xe4000000 (irq = 11, base_baud = 1500000) is a ambuart\r\n'
b'[    0.767082] e0017000.uart: ttyS1 at MMIO 0xe0017000 (irq = 32, base_baud = 1500000) is a ambuart\r\n'
b'[    0.776137] e001a000.uart: ttyS4 at MMIO 0xe001a000 (irq = 33, base_baud = 1500000) is a ambuart\r\n'
b'[    0.785211] cacheinfo: Unable to detect cache hierarchy for CPU 0\r\n'
b'[    0.791894] brd: module loaded\r\n'
b'[    0.800948] loop: module loaded\r\n'
b'[    0.804216] mousedev: PS/2 mouse device common for all mice\r\n'
b'[    0.810107] ambarella-rtc e8001000.rtc: rtc core: registered e8001000.rtc as rtc0\r\n'
b'[    0.817577] ambarella-rtc e8001000.rtc: Warning: RTC lost power.....\r\n'
b'[    0.829267] ambarella-wdt ec002000.wdt: Ambarella Watchdog Timer Probed.\r\n'
b'[    1.187686] ambarella-sd e0004000.sdmmc0: Max frequency is 120000000Hz\r\n'
b'[    1.573653] ambarella-sd e0005000.sdmmc1: Max frequency is 48000000Hz\r\n'
b'[    1.580364] Initializing XFRM netlink socket\r\n'
b'[    1.584640] NET: Registered protocol family 17\r\n'
b'[    1.589100] Key type dns_resolver registered\r\n'
b'[    1.599235] console [netcon0] enabled\r\n'
b'[    1.602908] netconsole: network logging started\r\n'
b'[    1.624342] ambarella-rtc e8001000.rtc: setting system clock to 1970-02-18 13:22:40 UTC (4195360)\r\n'
b'[    1.633579] Waiting for root device /dev/mmcblk0p9...\r\n'
b'[    1.753178] mmc0: new high speed MMC card at address 0001\r\n'
b'[    1.779893] mmcblk0: mmc0:0001 S0J57X 29.6 GiB \r\n'
b'[    1.806856] mmcblk0boot0: mmc0:0001 S0J57X partition 1 31.5 MiB\r\n'
b'[    1.812945] mmcblk0boot1: mmc0:0001 S0J57X partition 2 31.5 MiB\r\n'
b'[    1.828909] mmcblk0rpmb: mmc0:0001 S0J57X partition 3 4.00 MiB, chardev (250:0)\r\n'
b'[    1.848638]  (bst): 0x0000000000000000, 0x0000000000001000\r\n'
b'[    1.854116]  (bld): 0x0000000000001000, 0x0000000000100000\r\n'
b'[    1.859608]  (ptb): 0x0000000000101000, 0x00000000000e0000\r\n'
b'[    1.865095]  (atf): 0x00000000001e1000, 0x0000000000100000\r\n'
b'[    1.870583]  (pba): 0x00000000002e1000, 0x0000000001000000\r\n'
b'[    1.876071]  (pri): 0x00000000012e1000, 0x0000000001000000\r\n'
b'[    1.881557]  (sec): 0x00000000022e1000, 0x0000000040000000\r\n'
b'[    1.887033]  (dsp): 0x00000000422e1000, 0x0000000006400000\r\n'
b'[    1.892508]  (lnx): 0x00000000486e1000, 0x0000000026600000\r\n'
b'[    1.897995]  (swp): 0x000000006ece1000, 0x0000000300000000\r\n'
b'[    1.903483]  (add): 0x000000036ece1000, 0x0000000080000000\r\n'
b'[    1.908970]  (raw): 0x00000003eece1000, 0x000000037a31f000\r\n'
b'[    1.914455]  mmcblk0: p1(bst) p2(bld) p3(ptb) p4(atf) p5(pba) p6(pri) p7(sec) p8(dsp) p9(lnx) p10(swp) p11(add) p12(raw)\r\n'
b'[    1.958248] random: fast init done\r\n'
b'[    1.967366] mmc1: new high speed SDHC card at address aaaa\r\n'
b'[    1.973225] mmcblk1: mmc1:aaaa SC32G 29.7 GiB \r\n'
b'[    1.981370]  mmcblk1: p1\r\n'
b'[    1.994596] EXT4-fs (mmcblk0p9): recovery complete\r\n'
b'[    2.000115] EXT4-fs (mmcblk0p9): mounted filesystem with ordered data mode. Opts: (null)\r\n'
b'[    2.008221] VFS: Mounted root (ext4 filesystem) on device 179:9.\r\n'
b'[    2.015002] devtmpfs: mounted\r\n'
b'[    2.018184] Freeing unused kernel memory: 320K\r\n'
b'[    2.130641] EXT4-fs (mmcblk0p9): re-mounted. Opts: errors=remount-ro,data=ordered\r\n'
b'net.core.wmem_default = 524288\r\n'
b'net.core.wmem_max = 1048576\r\n'
b'vm.laptop_mode = 0\r\n'
b'vm.min_free_kbytes = 8192\r\n'
b'vm.vfs_cache_pressure = 160\r\n'
b'vm.dirty_expire_centisecs = 600\r\n'
b'vm.dirty_writeback_centisecs = 200\r\n'
b'vm.dirty_ratio = 3\r\n'
b'vm.dirty_background_ratio = 3\r\n'
b'[    2.250927] i2c /dev entries driver\r\n'
b'[    2.262240] ambarella-spi e0011000.spi: Ambarella spi controller 0 created.\r\r\n'
b'[    2.317372] ambcma: loading out-of-tree module taints kernel.\r\n'
b'[    2.324146] platform iav:ambcma: assigned reserved memory node iav@0x40000000\r\n'
b"[    2.622627] imgproc: module license 'Proprietary' taints kernel.\r\n"
b'[    2.628654] Disabling lock debugging due to kernel taint\r\n'
b'[    2.809652] amba_debug_init 247:0.\r\n'
b'Populating cv22_bmap using udev: Starting version v242-1.amba\r\n'
b'Done\r\n'
b'Loading CV22 private driver: [    3.138437] pps_core: LinuxPPS API ver. 1 registered\r\n'
b'[    3.143403] pps_core: Software ver. 5.3.6 - Copyright 2005-2007 Rodolfo Giometti <giometti@linux.it>\r\n'
b'[    3.167025] pps pps0: new PPS source pps.-1\r\n'
b'[    3.171276] pps pps0: Registered IRQ 52 as PPS source\r\n'
b'[    3.209066] libphy: Fixed MDIO Bus: probed\r\n'
b'[    3.346651] libphy: Ambarella MDIO Bus: probed\r\n'
b'[    3.355857] rtl9000_probe id 1c\r\n'
b'[    3.359214] rtl9000_probe id cb00\r\n'
b'[    3.363135] ambarella-eth e000e000.ethernet: Enhance Ethernet PHY[0]: 0x001ccb00!\r\n'
b'[    3.371520] ambarella-eth e000e000.ethernet: CONFIG_PTP_1588_CLOCK is not set\r\n'
b'[    3.378757] ambarella-eth e000e000.ethernet: MAC Address[06:07:87:a5:6f:95].\r\n'
b'modprobe: FATAL: Module ambarella_sd not found in directory /lib/modules/4.14.181\r\n'
b'modprobe: FATAL: Module mmc_block not found in directory /lib/modules/4.14.181\r\n'
b'[    3.469684] usbcore: registered new interface driver usbfs\r\n'
b'[    3.475277] usbcore: registered new interface driver hub\r\n'
b'[    3.480787] usbcore: registered new device driver usb\r\n'
b"[    3.515413] ehci_hcd: USB 2.0 'Enhanced' Host Controller (EHCI) Driver\r\n"
b'[    3.531928] ehci-ambarella: AMBARELLA-EHCI Host Controller driver\r\n'
b'[    3.539529] ambarella-ehci e001f000.ehci: EHCI Host Controller\r\n'
b'[    3.545546] ambarella-ehci e001f000.ehci: new USB bus registered, assigned bus number 1\r\n'
b'[    3.550877] EXT4-fs (mmcblk0p7): Unrecognized mount option "flush" or missing value\r\n'
b'[    3.562640] ambarella-ehci e001f000.ehci: irq 26, io mem 0xe001f000\r\n'
b'[    3.575635] ambarella-ehci e001f000.ehci: USB 2.0 started, EHCI 1.00\r\n'
b'[    3.577415] EXT4-fs (mmcblk0p8): Unrecognized mount option "flush" or missing value\r\n'
b'[    3.582255] usb usb1: New USB device found, idVendor=1d6b, idProduct=0002\r\n'
b'[    3.596429] usb usb1: New USB device strings: Mfr=3, Product=2, SerialNumber=1\r\n'
b'[    3.603649] usb usb1: Product: EHCI Host Controller\r\n'
b'[    3.608523] usb usb1: Manufacturer: Linux 4.14.181 ehci_hcd\r\n'
b'[    3.614088] usb usb1: SerialNumber: AmbUSB\r\n'
b'[    3.618750] hub 1-0:1.0: USB hub found\r\n'
b'[    3.622540] hub 1-0:1.0: 1 port detected\r\n'
b"[    3.638964] ohci_hcd: USB 1.1 'Open' Host Controller (OHCI) Driver\r\n"
b'[    3.645480] ambarella-ohci e001e000.ohci: Ambarella OHCI\r\n'
b'[    3.650834] ambarella-ohci e001e000.ohci: new USB bus registered, assigned bus number 2\r\n'
b'[    3.658898] ambarella-ohci e001e000.ohci: irq 25, io mem 0xe001e000\r\n'
b'[    3.660726] FAT-fs (mmcblk1p1): Volume was not properly unmounted. Some data may be corrupt. Please run fsck.\r\n'
b'[    3.730796] usb usb2: New USB device found, idVendor=1d6b, idProduct=0001\r\n'
b'[    3.737580] usb usb2: New USB device strings: Mfr=3, Product=2, SerialNumber=1\r\n'
b'[    3.744789] usb usb2: Product: Ambarella OHCI\r\n'
b'[    3.749136] usb usb2: Manufacturer: Linux 4.14.181 ohci_hcd\r\n'
b'[    3.754695] usb usb2: SerialNumber: AmbUSB\r\n'
b'[    3.759273] hub 2-0:1.0: USB hub found\r\n'
b'[    3.763043] hub 2-0:1.0: 1 port detected\r\n'
b'[    3.778708] ambarella-udc e0006000.udc: ambarella_udc: version 21 Jan 2016\r\n'
b'[    3.813935] using random self ethernet address\r\n'
b'[    3.818407] using random host ethernet address\r\n'
b'[    3.823266] usb0: HOST MAC 56:7d:52:9b:56:92\r\n'
b'[    3.827626] usb0: MAC 8e:4a:de:f4:f0:ce\r\n'
b'[    3.831484] using random self ethernet address\r\n'
b'[    3.835923] using random host ethernet address\r\n'
b'[    3.840418] g_ether gadget: Ethernet Gadget, version: Memorial Day 2008\r\n'
b'[    3.847024] g_ether gadget: g_ether ready\r\n'
b'Install Auido...\r\n'
b'OK!\r\n'
b'Initializing random number generator... [    3.910392] random: dd: uninitialized urandom read (512 bytes read)\r\n'
b'done.\r\n'
b'run /usr/beantechs/bin/dlt-daemonstart successful\r\n'
b'/usr/beantechs/bin:/usr/untouch/bin:/usr/beantechs/unit_test:/bin:/sbin:/usr/bin:/usr/sbin:/usr/bin/X11:/usr/local/bin:/usr/local/sbin\r\n'
b'[    3.974476] ambhdmi e000b000.hdmi: Ambarella hdmi controller version:2.0 \r\n'
b'Init without VIN drivers...\r\n'
b'Default init without lens driver\r\n'
b'Use default settings\r\n'
b'map_size = 0x500000, nr_item = 4\r\n'
b'addr_offset = 0x00000000, filename = orccode.bin\r\n'
b'addr_offset = 0x00300000, filename = orcme.bin\r\n'
b'addr_offset = 0x003a0000, filename = orcmdxf.bin\r\n'
b'addr_offset = 0x003e0000, filename = default_binary.bin\r\n'
b'mmap returns 0x7f9e9f9000\r\n'
b'loading /lib/firmware/orccode.bin...addr = 0x7f9e9f9000, size = 0x206bbf\r\n'
b'loading /lib/firmware/orcme.bin...addr = 0x7f9ecf9000, size = 0x42894\r\n'
b'loading /lib/firmware/orcmdxf.bin...addr = 0x7f9ed99000, size = 0x28ed0\r\n'
b'loading /lib/firmware/default_binary.bin...addr = 0x7f9edd9000, size = 0x6bf84\r\n'
b'===============================================\r\n'
b'ucode (CV22) version = 2020/5/25 288664.288656\r\n'
b'===============================================\r\n'
b'[    4.263620] -------------------ambrg_hw_reset---id:1,ambrg->rst_gpio[0]:51!\r\n'
b'[    5.441618] -------------------ambrg_hw_reset---id:1,ambrg->rst_gpio[0]:51!\r\n'
b'[    6.617618] -------------------ambrg_hw_reset---id:1,ambrg->rst_gpio[0]:51!\r\n'
b'[    7.793618] -------------------ambrg_hw_reset---id:1,ambrg->rst_gpio[0]:51!\r\n'
b'[    8.970617] -------------------ambrg_hw_reset---id:1,ambrg->rst_gpio[0]:51!\r\n'
b'[   10.089040] random: crng init done\r\n'
b'[   10.146617] -------------------ambrg_hw_reset---id:1,ambrg->rst_gpio[0]:51!\r\n'
b"modprobe: ERROR: could not insert 'ov2775_mipi_brg': Input/output error\r\n"
b'[   11.313501] vco = 432000000, 24000000, 1, 18, 1\r\n'
b'[   11.370618] -------------------ambrg_hw_reset---id:0,ambrg->rst_gpio[0]:35!\r\n'
b'[   11.388620] -------------------ambarella_set_vsync_gpio116_alt1\r\n'
b'[   12.446617] -------------------ambrg_hw_reset---id:0,ambrg->rst_gpio[0]:35!\r\n'
b'[   12.464619] -------------------ambarella_set_vsync_gpio116_alt1\r\n'
b'[   13.522617] -------------------ambrg_hw_reset---id:0,ambrg->rst_gpio[0]:35!\r\n'
b'[   13.540620] -------------------ambarella_set_vsync_gpio116_alt1\r\n'
b'[   14.598617] -------------------ambrg_hw_reset---id:0,ambrg->rst_gpio[0]:35!\r\n'
b'[   14.616619] -------------------ambarella_set_vsync_gpio116_alt1\r\n'
b'[   15.674617] -------------------ambrg_hw_reset---id:0,ambrg->rst_gpio[0]:35!\r\n'
b'[   15.692620] -------------------ambarella_set_vsync_gpio116_alt1\r\n'
b'[   16.750617] -------------------ambrg_hw_reset---id:0,ambrg->rst_gpio[0]:35!\r\n'
b'[   16.768620] -------------------ambarella_set_vsync_gpio116_alt1\r\n'
b"modprobe: ERROR: could not insert 'ov2311_mipi_brg': Input/output error\r\n"
b'[   17.815204] cavalry sub_scheduler0: assigned reserved memory node cavalry@0x60000000\r\n'
b'map_cavalry: phys: 0x60400000, virt: 0x7f7ff05000, total size: 0x100000\r\n'
b'Cavalry Ucode Version = CV22-Ver.84-20200509-58b[   17.843765] vco = 384000000, 24000000, 1, 16, 1\r\n'
b'2ac3f-hl_fw.00000001\r\n'
b'[   17.854618] vco = 1512000000, 24000000, 1, 63, 1\r\n'
b'[   17.871665] ambarella-i2c e400a000.i2c: No ACK from address 0xb4, 0:0!\r\n'
b'Start app: \r\n'
b'[   17.879178] ambarella-i2c e400a000.i2c: No ACK from address 0xb4, 0:0!\r\n'
b'[   17.886858] ambarella-i2c e400a000.i2c: No ACK from address 0xb4, 0:0!\r\n'
b'found blkid\r\n'
b'[   17.894307] ambarella-i2c e400a000.i2c: No ACK from address 0xb4, 0:0!\r\n'
b'found df\r\n'
b'[   17.901930] ambarella-i2c e400a000.i2c: No ACK from address 0xb4, 0:0!\r\n'
b'[   17.909847] ambarella-i2c e400a000.i2c: No ACK from address 0xb4, 0:0!\r\n'
b'[   17.917342] ambarella-i2c e400a000.i2c: No ACK from address 0xb4, 0:0!\r\n'
b'[   17.924907] ambarella-i2c e400a000.i2c: No ACK from address 0xb4, 0:0!\r\n'
b'[   17.932399] ambarella-i2c e400a000.i2c: No ACK from address 0xb4, 0:0!\r\n'
b'[   17.939903] ambarella-i2c e400a000.i2c: No ACK from address 0xb4, 0:0!\r\n'
b'[   17.947346] ambarella-i2c e400a000.i2c: No ACK from address 0xb4, 0:0!\r\n'
b'[   17.954781] ambarella-i2c e400a000.i2c: No ACK from address 0xb4, 0:0!\r\n'
b'[   17.962211] ambarella-i2c e400a000.i2c: No ACK from address 0xb4, 0:0!\r\n'
b'[   17.969929] asoc-simple-card sound: ak4637-aif <-> e000d000.i2s mapping ok\r\n'
b'[   17.977822] ambarella-i2c e400a000.i2c: No ACK from address 0xb4, 0:0!\r\n'
b'[   17.985363] ambarella-i2c e400a000.i2c: No ACK from address 0xb4, 0:0!\r\n'
b'[   17.991755] EXT4-fs (mmcblk0p7): mounted filesystem with ordered data mode. Opts: (null)\r\n'
b'[   17.992909] ambarella-i2c e400a000.i2c: No ACK from address 0xb4, 0:0!\r\n'
b'[   18.007406] ambarella-i2c e400a000.i2c: No ACK from address 0xb4, 0:0!\r\n'
b'[   18.014947] ambarella-i2c e400a000.i2c: No ACK from address 0xb4, 0:0!\r\n'
b'[   18.022411] ambarella-i2c e400a000.i2c: No ACK from address 0xb4, 0:0!\r\n'
b'[   18.029874] ambarella-i2c e400a000.i2c: No ACK from address 0xb4, 0:0!\r\n'
b'[   18.037353] ambarella-i2c e400a000.i2c: No ACK from address 0xb4, 0:0!\r\n'
b'[   18.044949] ambarella-i2c e400a000.i2c: No ACK from address 0xb4, 0:0!\r\n'
b'[   18.052502] ambarella-i2c e400a000.i2c: No ACK from address 0xb4, 0:0!\r\n'
b'[   18.073426] EXT4-fs (mmcblk0p8): mounted filesystem with ordered data mode. Opts: (null)\r\n'
b'[   18.144038] ambarella-i2c e400a000.i2c: No ACK from address 0xb4, 0:0!\r\n'
b'[   18.151705] ambarella-i2c e400a000.i2c: No ACK from address 0xb4, 0:0!\r\n'
b'[   18.153934] EXT4-fs (mmcblk0p11): mounted filesystem with ordered data mode. Opts: (null)\r\n'
b'[   18.167196] ambarella-i2c e400a000.i2c: No ACK from address 0xb4, 0:0!\r\n'
b'[   18.174995] ambarella-i2c e400a000.i2c: No ACK from address 0xb4, 0:0!\r\n'
b'[   18.182620] ambarella-i2c e400a000.i2c: No ACK from address 0xb4, 0:0!\r\n'
b'[   18.190239] ambarella-i2c e400a000.i2c: No ACK from address 0xb4, 0:0!\r\n'
b'[   18.197881] ambarella-i2c e400a000.i2c: No ACK from address 0xb4, 0:0!\r\n'
b'[   18.205621] ambarella-i2c e400a000.i2c: No ACK from address 0xb4, 0:0!\r\n'
b'[   18.213311] ambarella-i2c e400a000.i2c: No ACK from address 0xb4, 0:0!\r\n'
b'[   18.220978] ambarella-i2c e400a000.i2c: No ACK from address 0xb4, 0:0!\r\n'
b'[   18.221373] EXT4-fs (mmcblk0p10): mounted filesystem with ordered data mode. Opts: (null)\r\n'
b'[   18.236498] ambarella-i2c e400a000.i2c: No ACK from address 0xb4, 0:0!\r\n'
b'[   18.244193] ambarella-i2c e400a000.i2c: No ACK from address 0xb4, 0:0!\r\n'
b'[   18.251788] ambarella-i2c e400a000.i2c: No ACK from address 0xb4, 0:0!\r\n'
b'[   18.259385] ambarella-i2c e400a000.i2c: No ACK from address 0xb4, 0:0!\r\n'
b'[   18.267397] ambarella-i2c e400a000.i2c: No ACK from address 0xb4, 0:0!\r\n'
b'[   18.275090] ambarella-i2c e400a000.i2c: No ACK from address 0xb4, 0:0!\r\n'
b'[   18.282810] ambarella-i2c e400a000.i2c: No ACK from address 0xb4, 0:0!\r\n'
b'[   18.288628] EXT4-fs (mmcblk0p12): mounted filesystem with ordered data mode. Opts: (null)\r\n'
b'[   18.298283] ambarella-i2c e400a000.i2c: No ACK from address 0xb4, 0:0!\r\n'
b'Start app: \r\n'
b'OK!\r\n'
b'[   18.306066] ambarella-i2c e400a000.i2c: No ACK from address 0xb4, 0:0!\r\n'
b'[   18.314050] ambarella-i2c e400a000.i2c: No ACK from address 0xb4, 0:0!\r\n'
b'[   18.321711] ambarella-i2c e400a000.i2c: No ACK from address 0xb4, 0:0!\r\n'
b'[   18.329452] ambarella-i2c e400a000.i2c: No ACK from address 0xb4, 0:0!\r\n'
b'[   18.337100] ambarella-i2c e400a000.i2c: No ACK from address 0xb4, 0:0!\r\n'
b'[   18.344971] ambarella-i2c e400a000.i2c: No ACK from address 0xb4, 0:0!\r\n'
b'[   18.352476] ambarella-i2c e400a000.i2c: No ACK from address 0xb4, 0:0!\r\n'
b'[   18.359000] ak4637 2-005a: ASoC: SPKLO Mixer DAPM update failed: -16\r\n'
b'[   18.366512] ambarella-i2c e400a000.i2c: No ACK from address 0xb4, 0:0!\r\n'
b'[   18.373994] ambarella-i2c e400a000.i2c: No ACK from address 0xb4, 0:0!\r\n'
b'[   18.380517] ak4637 2-005a: ASoC: SPKLO MUX DAPM update failed: -16\r\n'
b'[   18.387896] ambarella-i2c e400a000.i2c: No ACK from address 0xb4, 0:0!\r\n'
b'[   18.394425] ak4637 2-005a: ASoC: PFSDO MUX DAPM update failed: -16\r\n'
b'[   18.401593] ambarella-i2c e400a000.i2c: No ACK from address 0xb4, 0:0!\r\n'
b'[   18.409110] ambarella-i2c e400a000.i2c: No ACK from address 0xb4, 0:0!\r\n'
b'[   18.415634] ak4637 2-005a: ASoC: PFIL MUX DAPM update failed: -16\r\n'
b'[   18.423171] ambarella-i2c e400a000.i2c: No ACK from address 0xb4, 0:0!\r\n'
b'[   18.430659] ambarella-i2c e400a000.i2c: No ACK from address 0xb4, 0:0!\r\n'
b'[   18.437187] ak4637 2-005a: ASoC: MIC MUX DAPM update failed: -16\r\n'
b'Starting network...\r\n'
b'[InstanceSpecifier] size= 17: service/osdServer\r\n'
b'SupervisedEntity sv_specifier_:service/osdServer, len:17\r\n'
b'the open the file is successful,fd=5.\r\n'
b'read 16 Byte\r\n'
b'write successful 16\r\n'
b'name:plf_health_mgmt\r\n'
b'~ClassPointer\r\n'
b'get msg id 0\r\n'
b'the open the file is successful,fd=5.\r\n'
b'~InstanceSpecifier\r\n'
b'[InstanceSpecifier] size= 21: service/monitorServer\r\n'
b'Configure file path[/usr/beantechs/etc/oryx]\r\n'
b'SupervisedEntity sv_specifier_:service/monitorServer, len:21\r\n'
b'the open the file is successful,fd=5.\r\n'
b'read 16 Byte\r\n'
b'ip: RTNETLINK answers: File exists\r\n'
b'ifup: interface eth0 already configured\r\n'
b'write successful 16\r\n'
b'name:plf_health_mgmt\r\n'
b'~ClassPointer\r\n'
b'get msg id 0\r\n'
b'the open the file is successful,fd=5.\r\n'
b'~InstanceSpecifier\r\n'
b'/usr/beantechs/etc//system.xml\r\n'
b'monitor print_type == 0\r\n'
b'the open the file is successful,fd=6.\r\n'
b'read 112 Byte\r\n'
b'msg queue name[8]: recoderServer\r\n'
b'msg queue name[9]: osdServer\r\n'
b'msg queue name[10]: monitorServer\r\n'
b'write successful 150\r\n'
b'name:plf_health_mgmt\r\n'
b'name:gps_service\r\n'
b'name:test_gps_client\r\n'
b'name:data_distribution\r\n'
b'name:data_integration\r\n'
b'name:cvServer\r\n'
b'name:mediaServer\r\n'
b'name:V2cloudStub\r\n'
b'name:recoderServer\r\n'
b'name:osdServer\r\n'
b'name:monitorServer\r\n'
b'~ClassPointer\r\n'
b'get msg id 0\r\n'
b'get msg id 32769\r\n'
b'get msg id 65538\r\n'
b'get msg id 98307\r\n'
b'get msg id 131076\r\n'
b'get msg id 163845\r\n'
b'get msg id 196614\r\n'
b'get msg id 229383\r\n'
b'creat msg id 262152\r\n'
b'creat msg id 294921\r\n'
b'creat msg id 327690\r\n'
b'the open the file is successful,fd=6.\r\n'
b'\x1b[1;37mConnection established with kernel.\x1b[0m\r\n'
b'[InstanceSpecifier] size= 18: exe0/TestLibphmApp\r\n'
b'HealthChannel sv_specifier_:exe0/TestLibphmApp, len:18\r\n'
b'the open the file is successful,fd=7.\r\n'
b'read 150 Byte\r\n'
b'write successful 150\r\n'
b'name:plf_health_mgmt\r\n'
b'name:gps_service\r\n'
b'name:test_gps_client\r\n'
b'name:data_distribution\r\n'
b'name:data_integration\r\n'
b'name:cvServer\r\n'
b'name:mediaServer\r\n'
b'name:V2cloudStub\r\n'
b'name:recoderServer\r\n'
b'name:osdServer\r\n'
b'name:monitorServer\r\n'
b'~ClassPointer\r\n'
b'get msg id 0\r\n'
b'get msg id 32769\r\n'
b'get msg id 65538\r\n'
b'get msg id 98307\r\n'
b'get msg id 131076\r\n'
b'get msg id 163845\r\n'
b'get msg id 196614\r\n'
b'get msg id 229383\r\n'
b'get msg id 262152\r\n'
b'get msg id 294921\r\n'
b'get msg id 327690\r\n'
b'the open the file is successful,fd=7.\r\n'
b'~InstanceSpecifier\r\n'
b'[InstanceSpecifier] size= 24: untouch/oms_msg_receiver\r\n'
b'[InstanceSpecifier] size= 24: untouch/dms_msg_receiver\r\n'
b'SupervisedEntity sv_specifier_:untouch/oms_msg_receiver, len:24\r\n'
b'SupervisedEntity sv_specifier_:untouch/dms_msg_receiver, len:24\r\n'
b'the open the file is successful,fd=3.\r\n'
b'the open the file is successful,fd=3.\r\n'
b'read 154 Byte\r\n'
b'read 154 Byte\r\n'
b'write successful 154\r\n'
b'write successful 154\r\n'
b'name:plf_health_mgmt\r\n'
b'name:plf_health_mgmt\r\n'
b'name:gps_service\r\n'
b'name:gps_service\r\n'
b'name:test_gps_client\r\n'
b'name:test_gps_client\r\n'
b'name:data_distribution\r\n'
b'name:data_distribution\r\n'
b'name:data_integration\r\n'
b'name:data_integration\r\n'
b'name:cvServer\r\n'
b'name:cvServer\r\n'
b'name:mediaServer\r\n'
b'name:mediaServer\r\n'
b'name:V2cloudStub\r\n'
b'name:V2cloudStub\r\n'
b'name:recoderServer\r\n'
b'name:recoderServer\r\n'
b'name:osdServer\r\n'
b'name:osdServer\r\n'
b'name:monitorServer\r\n'
b'name:monitorServer\r\n'
b'name:phm\r\n'
b'name:phm\r\n'
b'~ClassPointer\r\n'
b'~ClassPointer\r\n'
b'get msg id 0\r\n'
b'get msg id 0\r\n'
b'get msg id 32769\r\n'
b'get msg id 32769\r\n'
b'get msg id 65538\r\n'
b'get msg id 65538\r\n'
b'get msg id 98307\r\n'
b'get msg id 98307\r\n'
b'get msg id 131076\r\n'
b'get msg id 131076\r\n'
b'get msg id 163845\r\n'
b'get msg id 163845\r\n'
b'get msg id 196614\r\n'
b'get msg id 196614\r\n'
b'get msg id 229383\r\n'
b'get msg id 229383\r\n'
b'get msg id 262152\r\n'
b'get msg id 262152\r\n'
b'get msg id 294921\r\n'
b'get msg id 294921\r\n'
b'get msg id 327690\r\n'
b'get msg id 327690\r\n'
b'get msg id 360459\r\n'
b'get msg id 360459\r\n'
b'the open the file is successful,fd=3.\r\n'
b'the open the file is successful,fd=3.\r\n'
b'~InstanceSpecifier\r\n'
b'~InstanceSpecifier\r\n'
b'/usr/beantechs/etc/config/dms_data_process.xml\r\n'
b'/usr/beantechs/etc/config/dms_data_process.xml\r\n'
b'dms_data_process/message/process_oms:untouch_oms_app\r\n'
b'dms_data_process/message/process_dms:untouch_dms_app\r\n'
b'dms_data_process/message/process_own_oms:receiver_oms_demo\r\n'
b'dms_data_process/message/process_own_dms:receiver_dms_demo\r\n'
b'dms_data_process/message/process_mcu:data_distribution\r\n'
b'dms_data_process/message/process_mcu:data_distribution\r\n'
b'dms_data_process/message/process_msvr:recoderServer\r\n'
b'dms_data_process/message/process_msvr:recoderServer\r\n'
b'dms_data_process/message/process_osd:osdServer\r\n'
b'dms_data_process/message/process_osd:osdServer\r\n'
b'dms_data_process/configList/log_switch:1\r\n'
b'dms_data_process/configList/log_switch:1\r\n'
b'ShareMemory is ctor!\r\n'
b'ShareMemory is get\r\n'
b'ShareMemory is ctor!\r\n'
b'ShareMemory is get\r\n'
b'untouch_response_dms created!\r\n'
b'untouch_response_oms created!\r\n'
b'67104768 left for ShareMemory!\r\n'
b'67104768 left for ShareMemory!\r\n'
b'the open the file is successful,fd=6.\r\n'
b'the open the file is successful,fd=6.\r\n'
b'read 154 Byte\r\n'
b'read 154 Byte\r\n'
b'msg queue name[12]: receiver_oms_demo\r\n'
b'msg queue name[12]: receiver_dms_demo\r\n'
b'msg queue name[13]: untouch_oms_app\r\n'
b'msg queue name[13]: untouch_dms_app\r\n'
b'write successful 188\r\n'
b'write successful 188\r\n'
b'name:plf_health_mgmt\r\n'
b'name:plf_health_mgmt\r\n'
b'name:gps_service\r\n'
b'name:gps_service\r\n'
b'name:test_gps_client\r\n'
b'name:test_gps_client\r\n'
b'name:data_distribution\r\n'
b'name:data_distribution\r\n'
b'name:data_integration\r\n'
b'name:cvServer\r\n'
b'name:mediaServer\r\n'
b'name:V2cloudStub\r\n'
b'name:data_integration\r\n'
b'name:recoderServer\r\n'
b'name:cvServer\r\n'
b'name:osdServer\r\n'
b'name:monitorServer\r\n'
b'name:mediaServer\r\n'
b'name:phm\r\n'
b'name:V2cloudStub\r\n'
b'name:receiver_dms_demo\r\n'
b'name:recoderServer\r\n'
b'name:untouch_dms_app\r\n'
b'name:osdServer\r\n'
b'name:monitorServer\r\n'
b'~ClassPointer\r\n'
b'name:phm\r\n'
b'get msg id 0\r\n'
b'name:receiver_oms_demo\r\n'
b'get msg id 32769\r\n'
b'name:untouch_oms_app\r\n'
b'get msg id 65538\r\n'
b'get msg id 98307\r\n'
b'~ClassPointer\r\n'
b'get msg id 131076\r\n'
b'get msg id 0\r\n'
b'get msg id 163845\r\n'
b'get msg id 32769\r\n'
b'get msg id 196614\r\n'
b'get msg id 65538\r\n'
b'get msg id 229383\r\n'
b'get msg id 98307\r\n'
b'get msg id 262152\r\n'
b'get msg id 131076\r\n'
b'get msg id 294921\r\n'
b'get msg id 163845\r\n'
b'get msg id 196614\r\n'
b'get msg id 327690\r\n'
b'get msg id 229383\r\n'
b'get msg id 360459\r\n'
b'get msg id 262152\r\n'
b'creat msg id 393228\r\n'
b'get msg id 294921\r\n'
b'creat msg id 425997\r\n'
b'get msg id 327690\r\n'
b'get msg id 360459\r\n'
b'get msg id 393228\r\n'
b'[\x1b[1;31m ERROR\x1b[0m]\x1b[36m[\x1b[0m\x1b[1;37m 846\x1b[0m\x1b[36m: am_platform_iav5.cpp: sensor_info_get()]: \x1b[0m\x1b[31mIAV_IOC_VIN_GET_DEVINFO: No such device\x1b[0m\r\n'
b'[\x1b[1;31m ERROR\x1b[0m]\x1b[36m[\x1b[0m\x1b[1;37m 846\x1b[0m\x1b[36m: am_platform_iav5.cpp: sensor_info_get()]: \x1b[0m\x1b[31mIAV_IOC_VIN_GET_DEVINFO: No such device\x1b[0m\r\n'
b'Starting nginx: [\x1b[1;31m ERROR\x1b[0m]\x1b[36m[\x1b[0m\x1b[1;37m 111\x1b[0m\x1b[36m: am_vin_control.cpp: create_vin_devices()]: \x1b[0m\x1b[31mFaild to get VIN[0] info!\x1b[0m\r\n'
b'[\x1b[1;31m ERROR\x1b[0m]\x1b[36m[\x1b[0m\x1b[1;37m 111\x1b[0m\x1b[36m: am_vin_control.cpp: create_vin_devices()]: \x1b[0m\x1b[31mFaild to get VIN[0] info!\x1b[0m\r\n'
b'[\x1b[1;31m ERROR\x1b[0m]\x1b[36m[\x1b[0m\x1b[1;37m 846\x1b[0m\x1b[36m: am_platform_iav5.cpp: sensor_info_get()]: \x1b[0m\x1b[31mIAV_IOC_VIN_GET_DEVINFO: No such device\x1b[0m\r\n'
b'[\x1b[1;31m ERROR\x1b[0m]\x1b[36m[\x1b[0m\x1b[1;37m 846\x1b[0m\x1b[36m: am_platform_iav5.cpp: sensor_info_get()]: \x1b[0m\x1b[31mIAV_IOC_VIN_GET_DEVINFO: No such device\x1b[0m\r\n'
b'[\x1b[1;31m ERROR\x1b[0m]\x1b[36m[\x1b[0m\x1b[1;37m 111\x1b[0m\x1b[36m: am_vin_control.cpp: create_vin_devices()]: \x1b[0m\x1b[31mFaild to get VIN[1] info!\x1b[0m\r\n'
b'[\x1b[1;31m ERROR\x1b[0m]\x1b[36m[\x1b[0m\x1b[1;37m 111\x1b[0m\x1b[36m: am_vin_control.cpp: create_vin_devices()]: \x1b[0m\x1b[31mFaild to get VIN[1] info!\x1b[0m\r\n'
b'[\x1b[1;31m ERROR\x1b[0m]\x1b[36m[\x1b[0m\x1b[1;37m 846\x1b[0m\x1b[36m: am_platform_iav5.cpp: sensor_info_get()]: \x1b[0m\x1b[31mIAV_IOC_VIN_GET_DEVINFO: No such device\x1b[0m\r\n'
b'[\x1b[1;31m ERROR\x1b[0m]\x1b[36m[\x1b[0m\x1b[1;37m 846\x1b[0m\x1b[36m: am_platform_iav5.cpp: sensor_info_get()]: \x1b[0m\x1b[31mIAV_IOC_VIN_GET_DEVINFO: No such device\x1b[0m\r\n'
b'[\x1b[1;31m ERROR\x1b[0m]\x1b[36m[\x1b[0m\x1b[1;37m 111\x1b[0m\x1b[36m: am_vin_control.cpp: create_vin_devices()]: \x1b[0m\x1b[31mFaild to get VIN[2] info!\x1b[0m\r\n'
b'[\x1b[1;31m ERROR\x1b[0m]\x1b[36m[\x1b[0m\x1b[1;37m 111\x1b[0m\x1b[36m: am_vin_control.cpp: create_vin_devices()]: \x1b[0m\x1b[31mFaild to get VIN[2] info!\x1b[0m\r\n'
b'[\x1b[1;31m ERROR\x1b[0m]\x1b[36m[\x1b[0m\x1b[1;37m 132\x1b[0m\x1b[36m: am_vin_control.cpp: create_vin_devices()]: \x1b[0m\x1b[31mNo Vin Enabled!\x1b[0m\r\n'
b'[\x1b[1;31m ERROR\x1b[0m]\x1b[36m[\x1b[0m\x1b[1;37m 132\x1b[0m\x1b[36m: am_vin_control.cpp: create_vin_devices()]: \x1b[0m\x1b[31mNo Vin Enabled!\x1b[0m\r\n'
b'[\x1b[1;31m ERROR\x1b[0m]\x1b[36m[\x1b[0m\x1b[1;37m 132\x1b[0m\x1b[36m: am_encode_device.cpp: init()]: \x1b[0m\x1b[31mFailed to create vin devices!\x1b[0m\r\n'
b'[\x1b[1;31m ERROR\x1b[0m]\x1b[36m[\x1b[0m\x1b[1;37m 132\x1b[0m\x1b[36m: am_encode_device.cpp: init()]: \x1b[0m\x1b[31mFailed to create vin devices!\x1b[0m\r\n'
b'OK\r\n'
b'[\x1b[1;31m ERROR\x1b[0m]\x1b[36m[\x1b[0m\x1b[1;37m 118\x1b[0m\x1b[36m: am_video_camera.cpp: init()]: \x1b[0m\x1b[31mFailed to create AMEncodeDevice!\x1b[0m\r\n'
b'[\x1b[1;31m ERROR\x1b[0m]\x1b[36m[\x1b[0m\x1b[1;37m 118\x1b[0m\x1b[36m: am_video_camera.cpp: init()]: \x1b[0m[   19.507656] ambarella-i2c e400a000.i2c: No ACK from address 0xb4, 0:0!\r\n'
b'\x1b[31mFailed to create AMEncodeDevice!\x1b[0m\r\n'
b'\x1b[1m\x1b[45;33m [ERROR]:\x1b[0mVideoService get instance failed\r\n'
b'\r\n'
b'\x1b[1m\x1b[45;33m [ERROR]:\x1b[0mCreate instance failed!!!!\r\n'
b'\x1b[1m\x1b[45;33m [ERROR]:\x1b[0mGet oryx modules instance failed!\r\n'
b'\r\n'
b'[\x1b[1;31m ERROR\x1b[0m]\x1b[36m[\x1b[0m\x1b[1;37m  74\x1b[0m\x1b[36m: am_signal_unwind.cpp: void critical_error_handler()]: \x1b[0m\x1b[31mCaught signal "Segmentation fault(11)", accessing address(           (nil)) from 0x00005566f3fd30!\x1b[0m\r\n'
b'[\x1b[1;31m ERROR\x1b[0m]\x1b[36m[\x1b[0m\x1b[1;37m  74\x1b[0m\x1b[36m: am_signal_unwind.cpp: void critical_error_handler()]: \x1b[[   19.561937] ambarella-i2c e400a000.i2c: No ACK from address 0xb4, 0:0!\r\n'
b'0m\x1b[31mCaught si[   19.569713] ambarella-i2c e400a000.i2c: No ACK from address 0xb4, 0:0!\r\n'
b'gnal "Segmentati[   19.577476] ambarella-i2c e400a000.i2c: No ACK from address 0xb4, 0:0!\r\n'
b'on fault(11)", a[   19.585382] ambarella-i2c e400a000.i2c: No ACK from address 0xb4, 0:0!\r\n'
b'ccessing address(           (nil)) from 0x000055[   19.596185] ambarella-i2c e400a000.i2c: No ACK from address 0xb4, 0:0!\r\n'
b'5d4fba80!\x1b[0m\r\n'
b'[\x1b[1;31m ERROR\x1b[0[   19.604644] ambarella-i2c e400a000.i2c: No ACK from address 0xb4, 0:0!\r\n'
b'm]\x1b[36m[\x1b[0m\x1b[1;[   19.613375] ambarella-i2c e400a000.i2c: No ACK from address 0xb4, 0:0!\r\n'
b'37m  75\x1b[0m\x1b[36m[   19.621243] ambarella-i2c e400a000.i2c: No ACK from address 0xb4, 0:0!\r\n'
b': am_signal_unwi[   19.629026] ambarella-i2c e400a000.i2c: No ACK from address 0xb4, 0:0!\r\n'
b'nd.cpp: void cri[   19.637031] ambarella-i2c e400a000.i2c: No ACK from address 0xb4, 0:0!\r\n'
b'tical_error_hand[   19.644733] ambarella-i2c e400a000.i2c: No ACK from address 0xb4, 0:0!\r\n'
b'ler()]: \x1b[0m\x1b[31mRegister dump:\x1b[0m\r\n'
b'[\x1b[1;31m ERROR\x1b[0m]\x1b[36m[\x1b[0m\x1b[1;37m  75\x1b[0m\x1b[36m: am_signal_unwind.cpp: void critical_error_handler()]: \x1b[0m\x1b[31mRegister dump:\x1b[0m\r\n'
b'[\x1b[1;31m ERROR\x1b[0m]\x1b[36m[\x1b[0m\x1b[1;37m  78\x1b[0m\x1b[36m: am_signal_unwind.cpp: void critical_error_handler()]: \x1b[0m\x1b[31mReg[ 0]: 0x0000000000000000\x1b[0m\r\n'
b'[\x1b[1;31m ERROR\x1b[0m]\x1b[36m[\x1b[0m\x1b[1;37m  78\x1b[0m\x1b[36m: am_signal_unwind.cpp: void critical_error_handler()]: \x1b[0m\x1b[31mReg[ 0]: 0x0000000000000000\x1b[0m\r\n'
b'[\x1b[1;31m ERROR\x1b[0m]\x1b[36m[\x1b[0m\x1b[1;37m  78\x1b[0m\x1b[36m: am_signal_unwind.cpp: void critical_error_handler()]: \x1b[0m\x1b[31mReg[ 1]: 0x0000007fe01a5470\x1b[0m\r\n'
b'the open the file is successful,fd=6.\r\n'
b'get msg id 425997\r\n'
b'[\x1b[1;31m ERROR\x1b[0m]\x1b[36m[\x1b[0m\x1b[1;37m  78\x1b[0m\x1b[36m: am_signal_unwind.cpp: void critical_error_handler()]: \x1b[0m\x1b[31mReg[ 1]: 0x0000007fd8310df0\x1b[0m\r\n'
b'the open the file is successful,fd=6.\r\n'
b'[\x1b[1;31m ERROR\x1b[0m]\x1b[36m[\x1b[0m\x1b[1;37m  78\x1b[0m\x1b[36m: am_signal_unwind.cpp: void critical_error_handler()]: \x1b[0m\x1b[31mReg[ 2]: 0x0000007fd8310e10\x1b[0m\r\n'
b'[\x1b[1;31m ERROR\x1b[0m]\x1b[36m[\x1b[0m\x1b[1;37m  78\x1b[0m\x1b[36m: am_signal_unwind.cpp: void critical_error_handler()]: \x1b[0m\x1b[31mReg[ 3]: 0x0000000000000000\x1b[0m\r\n'
b'[\x1b[1;31m ERROR\x1b[0m]\x1b[36m[\x1b[0m\x1b[1;37m  78\x1b[0m\x1b[36m: am_signal_unwind.cpp: void critical_error_handler()]: \x1b[0m\x1b[31mReg[ 4]: 0x0000007fd8310f18\x1b[0m\r\n'
b'[\x1b[1;31m ERROR\x1b[0m]\x1b[36m[\x1b[0m\x1b[1;37m  78\x1b[0m\x1b[36m: am_signal_unwind.cpp: void critical_error_handler()]: \x1b[0m\x1b[31mReg[ 5]: 0x0000000000000004\x1b[0m\r\n'
b'Starting fcgiwrap: [\x1b[1;31m ERROR\x1b[0m]\x1b[36m[\x1b[0m\x1b[1;37m  78\x1b[0m\x1b[36m: am_signal_unwind.cpp: void critical_error_handler()]: \x1b[0m\x1b[31mReg[ 6]: 0x0000000000000009\x1b[0m\r\n'
b'[\x1b[1;31m ERROR\x1b[0m]\x1b[36m[\x1b[0m\x1b[1;37m  78\x1b[0m\x1b[36m: am_signal_unwind.cpp: void critical_error_handler()]: \x1b[0m\x1b[31mReg[ 7]: 0x000000000000000a\x1b[0m\r\n'
b'[\x1b[1;31m ERROR\x1b[0m]\x1b[36m[\x1b[0m\x1b[1;37m  78\x1b[0m\x1b[36m: am_signal_unwind.cpp: void critical_error_handler()]: \x1b[0m\x1b[31mReg[ 8]: 0x0000000000000040\x1b[0m\r\n'
b'[\x1b[1;31m ERROR\x1b[0m]\x1b[36m[\x1b[0m\x1b[1;37m  78\x1b[0m\x1b[36m: am_signal_unwind.cpp: void critical_error_handler()]: \x1b[0m\x1b[31mReg[ 2]: 0x0000007fe01a5490\x1b[0m\r\n'
b'[\x1b[1;31m ERROR\x1b[0m]\x1b[36m[\x1b[0m\x1b[1;37m  78\x1b[0m\x1b[36m: am_signal_unwind.cpp: void critical_error_handler()]: \x1b[0m\x1b[31mReg[ 9]: 0x64656c6961662065\x1b[0m\r\n'
b'[\x1b[1;31m ERROR\x1b[0m]\x1b[36m[\x1b[0m\x1b[1;37m  78\x1b[0m\x1b[36m: am_signal_unwind.cpp: void critical_error_handler()]: \x1b[0m\x1b[31mReg[ 3]: 0x0000000000000000\x1b[0m\r\n'
b'[\x1b[1;31m ERROR\x1b[0m]\x1b[36m[\x1b[0m\x1b[1;37m  78\x1b[0m\x1b[36m: am_signal_unwind.cpp: void critical_error_handler()]: \x1b[0m\x1b[31mReg[10]: 0x6d207879726f2074\x1b[0m\r\n'
b'[\x1b[1;31m ERROR\x1b[0m]\x1b[36m[\x1b[0m\x1b[1;37m  78\x1b[0m\x1b[36m: am_signal_unwind.cpp: void critical_error_handler()]: \x1b[0m\x1b[31mReg[ 4]: 0x0000007fe01a5598\x1b[0m\r\n'
b'[\x1b[1;31m ERROR\x1b[0m]\x1b[36m[\x1b[0m\x1b[1;37m  78\x1b[0m\x1b[36m: am_signal_unwind.cpp: void critical_error_handler()]: \x1b[0m\x1b[31mReg[11]: 0x692073656c75646f\x1b[0m\r\n'
b'[\x1b[1;31m ERROR\x1b[0m]\x1b[36m[\x1b[0m\x1b[1;37m  78\x1b[0m\x1b[36m: am_signal_unwind.cpp: void critical_error_handler()]: \x1b[0m\x1b[31mReg[ 5]: 0x0000000000000004\x1b[0m\r\n'
b'[\x1b[1;31m ERROR\x1b[0m]\x1b[36m[\x1b[0m\x1b[1;37m  78\x1b[0m\x1b[36m: am_signal_unwind.cpp: void critical_error_handler()]: \x1b[0m\x1b[31mReg[12]: 0x2065636e6174736e\x1b[0m\r\n'
b'[\x1b[1;31m ERROR\x1b[0m]\x1b[36m[\x1b[0m\x1b[1;37m  78\x1b[0m\x1b[36m: am_signal_unwind.cpp: void critical_error_handler()]: \x1b[0m\x1b[31mReg[ 6]: 0x726553616964656d\x1b[0m\r\n'
b'[\x1b[1;31m ERROR\x1b[0m]\x1b[36m[\x1b[0m\x1b[1;37m  78\x1b[0m\x1b[36m: am_signal_unwind.cpp: void critical_error_handler()]: \x1b[0m\x1b[31mReg[13]: 0x0a2164656c696166\x1b[0m\r\n'
b'[\x1b[1;31m ERROR\x1b[0m]\x1b[36m[\x1b[0m\x1b[1;37m  78\x1b[0m\x1b[36m: am_signal_unwind.cpp: void critical_error_handler()]: \x1b[0m\x1b[31mReg[ 7]: 0x7265767265536169\x1b[0m\r\n'
b'[\x1b[1;31m ERROR\x1b[0m]\x1b[36m[\x1b[0m\x1b[1;37m  78\x1b[0m\x1b[36m: am_signal_unwind.cpp: void critical_error_handler()]: \x1b[0m\x1b[31mReg[14]: 0x0000000000000000\x1b[0m\r\n'
b'[\x1b[1;31m ERROR\x1b[0m]\x1b[36m[\x1b[0m\x1b[1;37m  78\x1b[0m\x1b[36m: am_signal_unwind.cpp: void critical_error_handler()]: \x1b[0m\x1b[31mReg[ 8]: 0x636e6174736e6920\x1b[0m\r\n'
b'[\x1b[1;31m ERROR\x1b[0m]\x1b[36m[\x1b[0m\x1b[1;37m  78\x1b[0m\x1b[36m: am_signal_unwind.cpp: void critical_error_handler()]: \x1b[0m\x1b[31mReg[15]: 0x000000000000070b\x1b[0m\r\n'
b'[\x1b[1;31m ERROR\x1b[0m]\x1b[36m[\x1b[0m\x1b[1;37m  78\x1b[0m\x1b[36m: am_signal_unwind.cpp: void critical_error_handler()]: \x1b[0m\x1b[31mReg[ 9]: 0x64656c6961662065\x1b[0m\r\n'
b'[\x1b[1;31m ERROR\x1b[0m]\x1b[36m[\x1b[0m\x1b[1;37m  78\x1b[0m\x1b[36m: am_signal_unwind.cpp: void critical_error_handler()]: \x1b[0m\x1b[31mReg[16]: 0x000000555d51c098\x1b[0m\r\n'
b'[\x1b[1;31m ERROR\x1b[0m]\x1b[36m[\x1b[0m\x1b[1;37m  78\x1b[0m\x1b[36m: am_signal_unwind.cpp: void critical_error_h[   20.028014] ambarella_fb bogus_bus:framebuffer@0: 720x480, argb1555, 16 bits per pixel, buf pitch = 1440\r\n'
b'andler()]: \x1b[0m\x1b[31mReg[10]: 0x6d207879726f2074\x1b[   20.041722] ambarella_fb bogus_bus:framebuffer@1: 720x480, argb1555, 16 bits per pixel, buf pitch = 1440\r\n'
b'[0m\r\n'
b'[\x1b[1;31m ERROR\x1b[0m]\x1b[36m[\x1b[0m\x1b[1;37m  78\x1b[0m\x1b[36m: am_signal_unwind.cpp: void critical_error_handler()]: \x1b[0m\x1b[31mReg[17]: 0x0000007f84be2ac0\x1b[0m\r\n'
b'OK\r\n'
b'[\x1b[1;31m ERROR\x1b[0m]\x1b[36m[\x1b[0m\x1b[1;37m  78\x1b[0m\x1b[36m: am_signal_unwind.cpp: void critical_error_handler()]: \x1b[0m\x1b[31mReg[11]: 0x692073656c75646f\x1b[0m\r\n'
b'[\x1b[1;31m ERROR\x1b[0m]\x1b[36m[\x1b[0m\x1b[1;37m  78\x1b[0m\x1b[36m: am_signal_unwind.cpp: void critical_error_handler()]: \x1b[0m\x1b[31mReg[18]: 0x000000000000002f\x1b[0m\r\n'
b'[\x1b[1;31m ERROR\x1b[0m]\x1b[36m[\x1b[0m\x1b[1;37m  78\x1b[0m\x1b[36m: am_signal_unwind.cpp: void critical_error_handler()]: \x1b[0m\x1b[31mReg[12]: 0x2065636e6174736e\x1b[0m\r\n'
b'[\x1b[1;31m ERROR\x1b[0m]\x1b[36m[\x1b[0m\x1b[1;37m  78\x1b[0m\x1b[36m: am_signal_unwind.cpp: void critical_error_handler()]: \x1b[0m\x1b[31mReg[19]: 0x0000007fd8310df0\x1b[0m\r\n'
b'[\x1b[1;31m ERROR\x1b[0m]\x1b[36m[\x1b[0m\x1b[1;37m  78\x1b[0m\x1b[36m: am_signal_unwind.cpp: void critical_error_handler()]: \x1b[0m\x1b[31mReg[13]: 0x0a2164656c696166\x1b[0m\r\n'
b'[\x1b[1;31m ERROR\x1b[0m]\x1b[36m[\x1b[0m\x1b[1;37m  78\x1b[0m\x1b[36m: am_signal_unwind.cpp: void critical_error_handler()]: \x1b[0m\x1b[31mReg[20]: 0x000000555d51b000\x1b[0m\r\n'
b'[\x1b[1;31m ERROR\x1b[0m]\x1b[36m[\x1b[0m\x1b[1;37m  78\x1b[0m\x1b[36m: am_signal_unwind.cpp: void critical_error_handler()]: \x1b[0m\x1b[31mReg[14]: 0x0000000000000021\x1b[0m\r\n'
