重启第 1 次
b'\r\n'
b'Password: \r\n'
b'Login incorrect\r\n'
b'Ambarella login: \r\n'
b'reboot\r\n'
b'Ambarella login: Password: '
b''
重启第 2 次
b'\r\n'
b'\r\n'
b'root\r\n'
b'Login incorrect\r\n'
b'Ambarella login: \r\n'
b'reboot\r\n'
b'Ambarella login: Password: '
b''
重启第 3 次
b'\r\n'
b'\r\r\n'
b'Login timed out after 60 seconds\r\r\n'
b'\r\r\n'
b'\r\n'
b'\rWelcome to Ambarella\r\n'
b'\rAmbarella login: \r\r\n'
b'\r\n'
b'\rWelcome to Ambarella\r\n'
b'\rAmbarella login: root\r\n'
b"login[586]: root login on 'ttyS0'\r\r\n"
b'# \r\n'
b'# reboot\r\n'
b'# \rThe system is going down NOW!\r\n'
b'\rSent SIGTERM to all processes\r\n'
b'\x1b[1;37mCapture signal[15]\x1b[0m\r\n'
b'~ClassPointer\r\n'
b'~ClassPointer\r\n'
b'~ClassPointer\r\n'
b'\rSent SIGKILL to all processes\r\n'
b'\rRequesting system reboot\r\n'
b'[ 9839.034046] ambarella-i2c e400a000.i2c: No ACK from address 0xb4, 0:0!\r\n'
b'[ 9839.041519] ambarella-i2c e400a000.i2c: No ACK from address 0xb4, 0:0!\r\n'
b'[ 9839.049199] ambarella-i2c e400a000.i2c: No ACK from address 0xb4, 0:0!\r\n'
b'[ 9839.056660] ambarella-i2c e400a000.i2c: No ACK from address 0xb4, 0:0!\r\n'
b'[ 9839.064115] ambarella-i2c e400a000.i2c: No ACK from address 0xb4, 0:0!\r\n'
b'[ 9839.071575] ambarella-i2c e400a000.i2c: No ACK from address 0xb4, 0:0!\r\n'
b'[ 9839.079007] ambarella-i2c e400a000.i2c: No ACK from address 0xb4, 0:0!\r\n'
b'[ 9840.677887] ambarella-wdt ec002000.wdt: ambarella_wdt_shutdown @ 5.\r\n'
b'[ 9840.684215] reboot: Restarting system\r\n'
b'\x1b[4l\r\n'
b'[    0.000000] Booting Linux on physical CPU 0x0\r\n'
b'[    0.000000] Linux version 4.14.181 (bean@tbox-compile1) (gcc version 8.2.1 20180802 (Linaro GCC 8.2-2018.08~dev)) #1 SMP PREEMPT Fri Dec 18 14:48:02 CST 2020\r\n'
b'[    0.000000] Boot CPU: AArch64 Processor [410fd034]\r\n'
b'[    0.000000] Machine model: Ambarella CV22 Walnut Board\r\n'
b'[    0.000000] Reserved memory: created CMA memory pool at 0x000000003cc00000, size 48 MiB\r\n'
b'[    0.000000] OF: reserved mem: initialized node linux,cma, compatible id shared-dma-pool\r\n'
b'[    0.000000] Reserved memory: created CMA memory pool at 0x0000000040000000, size 508 MiB\r\n'
b'[    0.000000] OF: reserved mem: initialized node iav@0x40000000, compatible id shared-dma-pool\r\n'
b'[    0.000000] Reserved memory: created CMA memory pool at 0x0000000060000000, size 508 MiB\r\n'
b'[    0.000000] OF: reserved mem: initialized node cavalry@0x60000000, compatible id shared-dma-pool\r\n'
b'[    0.000000] percpu: Embedded 19 pages/cpu s38552 r8192 d31080 u77824\r\n'
b'[    0.000000] Detected VIPT I-cache on CPU0\r\n'
b'[    0.000000] CPU features: enabling workaround for ARM erratum 845719\r\n'
b'[    0.000000] Built 1 zonelists, mobility grouping on.  Total pages: 515592\r\n'
b'[    0.000000] Kernel command line: console=ttyS0 noinitrd root=/dev/mmcblk0p9 rw rootfstype=ext4 init=/linuxrc rootwait\r\n'
b'[    0.000000] PID hash table entries: 4096 (order: 3, 32768 bytes)\r\n'
b'[    0.000000] Dentry cache hash table entries: 262144 (order: 9, 2097152 bytes)\r\n'
b'[    0.000000] Inode-cache hash table entries: 131072 (order: 8, 1048576 bytes)\r\n'
b'[    0.000000] Memory: 962048K/2095104K available (4670K kernel code, 432K rwdata, 1336K rodata, 320K init, 224K bss, 43520K reserved, 1089536K cma-reserved)\r\n'
b'[    0.000000] Virtual kernel memory layout:\r\n'
b'[    0.000000]     modules : 0xffffff8000000000 - 0xffffff8008000000   (   128 MB)\r\n'
b'[    0.000000]     vmalloc : 0xffffff8008000000 - 0xffffffbebfff0000   (   250 GB)\r\n'
b'[    0.000000]       .text : 0xffffff8008080000 - 0xffffff8008510000   (  4672 KB)\r\n'
b'[    0.000000]     .rodata : 0xffffff8008510000 - 0xffffff8008670000   (  1408 KB)\r\n'
b'[    0.000000]       .init : 0xffffff8008670000 - 0xffffff80086c0000   (   320 KB)\r\n'
b'[    0.000000]       .data : 0xffffff80086c0000 - 0xffffff800872c008   (   433 KB)\r\n'
b'[    0.000000]        .bss : 0xffffff800872c008 - 0xffffff8008764178   (   225 KB)\r\n'
b'[    0.000000]     fixed   : 0xffffffbefe7fb000 - 0xffffffbefec00000   (  4116 KB)\r\n'
b'[    0.000000]     PCI I/O : 0xffffffbefee00000 - 0xffffffbeffe00000   (    16 MB)\r\n'
b'[    0.000000]     vmemmap : 0xffffffbf00000000 - 0xffffffc000000000   (     4 GB maximum)\r\n'
b'[    0.000000]               0xffffffbf00008000 - 0xffffffbf02000000   (    31 MB actual)\r\n'
b'[    0.000000]     memory  : 0xffffffc000200000 - 0xffffffc080000000   (  2046 MB)\r\n'
b'[    0.000000] SLUB: HWalign=64, Order=0-3, MinObjects=0, CPUs=4, Nodes=1\r\n'
b'[    0.000000] Preemptible hierarchical RCU implementation.\r\n'
b'[    0.000000] \tTasks RCU enabled.\r\n'
b'[    0.000000] NR_IRQS: 64, nr_irqs: 64, preallocated irqs: 0\r\n'
b'[    0.000000] CPU features: GIC system register CPU interface present but disabled by higher exception level\r\n'
b'[    0.000000] vco = 384000000, 24000000, 1, 16, 1\r\n'
b'[    0.000000] arch_timer: cp15 timer(s) running at 47.25MHz (virt).\r\n'
b'[    0.000000] clocksource: arch_sys_counter: mask: 0xffffffffffffff max_cycles: 0xae5b54743, max_idle_ns: 440795204480 ns\r\n'
b'[    0.000005] sched_clock: 56 bits at 47MHz, resolution 21ns, wraps every 4398046511098ns\r\n'
b'[    0.000273] Console: colour dummy device 80x25\r\n'
b'[    0.302268] console [ttyS0] enabled\r\n'
b'[    0.305752] Calibrating delay loop (skipped), value calculated using timer frequency.. 94.50 BogoMIPS (lpj=47250)\r\n'
b'[    0.315991] pid_max: default: 32768 minimum: 301\r\n'
b'[    0.320693] Mount-cache hash table entries: 4096 (order: 3, 32768 bytes)\r\n'
b'[    0.327393] Mountpoint-cache hash table entries: 4096 (order: 3, 32768 bytes)\r\n'
b'[    0.338575] ASID allocator initialised with 32768 entries\r\n'
b'[    0.345984] Hierarchical SRCU implementation.\r\n'
b'[    0.354369] smp: Bringing up secondary CPUs ...\r\n'
b'[    0.365993] Detected VIPT I-cache on CPU1\r\n'
b'[    0.370022] CPU1: Booted secondary processor [410fd034]\r\n'
b'[    0.382084] Detected VIPT I-cache on CPU2\r\n'
b'[    0.386096] CPU2: Booted secondary processor [410fd034]\r\n'
b'[    0.398187] Detected VIPT I-cache on CPU3\r\n'
b'[    0.402199] CPU3: Booted secondary processor [410fd034]\r\n'
b'[    0.407476] smp: Brought up 1 node, 4 CPUs\r\n'
b'[    0.411572] SMP: Total of 4 processors activated.\r\n'
b'[    0.416264] CPU features: detected: 32-bit EL0 Support\r\n'
b'[    0.421888] CPU: All CPU(s) started at EL1\r\n'
b'[    0.425988] alternatives: patching kernel code\r\n'
b'[    0.431542] devtmpfs: initialized\r\n'
b'[    0.440637] random: get_random_u32 called from bucket_table_alloc+0x108/0x268 with crng_init=0\r\n'
b'[    0.449572] clocksource: jiffies: mask: 0xffffffff max_cycles: 0xffffffff, max_idle_ns: 1911260446275000 ns\r\n'
b'[    0.459300] futex hash table entries: 1024 (order: 5, 131072 bytes)\r\n'
b'[    0.507733] pinctrl core: initialized pinctrl subsystem\r\n'
b'[    0.513291] NET: Registered protocol family 16\r\n'
b'[    0.518423] vdso: 2 pages (1 code @ ffffff8008515000, 1 data @ ffffff80086c4000)\r\n'
b'[    0.532822] DMA: preallocated 256 KiB pool for atomic allocations\r\n'
b'[    0.542128] ambarella-pinctrl ec003000.pinctrl: Ambarella pinctrl driver registered\r\n'
b'[    0.550488] ambarella-gpio ec003000.pinctrl:gpio@0: Ambarella GPIO driver registered\r\n'
b'[    0.565129] HugeTLB registered 2.00 MiB page size, pre-allocated 0 pages\r\n'
b'[    0.572928] ambarella-dma e0020000.dma: Ambarella DMA Engine \r\n'
b'[    0.579259] ambarella-dma e0021000.dma: Ambarella DMA Engine \r\n'
b'[    0.585407] ambarella-i2c e4008000.i2c: Ambarella I2C adapter[0] probed, clock:100000!\r\n'
b'[    0.593514] ambarella-i2c e4009000.i2c: Ambarella I2C adapter[1] probed, clock:100000!\r\n'
b'[    0.601710] ambarella-i2c e400a000.i2c: Ambarella I2C adapter[2] probed, clock:100000!\r\n'
b'[    0.609811] ambarella-i2c e400b000.i2c: Ambarella I2C adapter[3] probed, clock:100000!\r\n'
b'[    0.618608] clocksource: Switched to clocksource arch_sys_counter\r\n'
b'[    0.630899] NET: Registered protocol family 2\r\n'
b'[    0.635703] TCP established hash table entries: 16384 (order: 5, 131072 bytes)\r\n'
b'[    0.643073] TCP bind hash table entries: 16384 (order: 6, 262144 bytes)\r\n'
b'[    0.650006] TCP: Hash tables configured (established 16384 bind 16384)\r\n'
b'[    0.656654] UDP hash table entries: 1024 (order: 3, 32768 bytes)\r\n'
b'[    0.662708] UDP-Lite hash table entries: 1024 (order: 3, 32768 bytes)\r\n'
b'[    0.669288] NET: Registered protocol family 1\r\n'
b'[    0.673942] RPC: Registered named UNIX socket transport module.\r\n'
b'[    0.679866] RPC: Registered udp transport module.\r\n'
b'[    0.684558] RPC: Registered tcp transport module.\r\n'
b'[    0.689247] RPC: Registered tcp NFSv4.1 backchannel transport module.\r\n'
b'[    0.699354] workingset: timestamp_bits=62 max_order=19 bucket_order=0\r\n'
b'[    0.711436] squashfs: version 4.0 (2009/01/31) Phillip Lougher\r\n'
b'[    0.721934] Block layer SCSI generic (bsg) driver version 0.4 loaded (major 251)\r\n'
b'[    0.729319] io scheduler noop registered\r\n'
b'[    0.733236] io scheduler deadline registered\r\n'
b'[    0.737611] io scheduler cfq registered (default)\r\n'
b'[    0.742308] io scheduler mq-deadline registered\r\n'
b'[    0.746830] io scheduler kyber registered\r\n'
b'[    0.751398] ambarella-gdma e000c000.gdma: Ambarella GDMA driver init\r\n'
b'[    0.758115] e4000000.uart: ttyS0 at MMIO 0xe4000000 (irq = 11, base_baud = 1500000) is a ambuart\r\n'
b'[    0.767200] e0017000.uart: ttyS1 at MMIO 0xe0017000 (irq = 32, base_baud = 1500000) is a ambuart\r\n'
b'[    0.776249] e001a000.uart: ttyS4 at MMIO 0xe001a000 (irq = 33, base_baud = 1500000) is a ambuart\r\n'
b'[    0.785327] cacheinfo: Unable to detect cache hierarchy for CPU 0\r\n'
b'[    0.791986] brd: module loaded\r\n'
b'[    0.801019] loop: module loaded\r\n'
b'[    0.804288] mousedev: PS/2 mouse device common for all mice\r\n'
b'[    0.810178] ambarella-rtc e8001000.rtc: rtc core: registered e8001000.rtc as rtc0\r\n'
b'[    0.817651] ambarella-rtc e8001000.rtc: Warning: RTC lost power.....\r\n'
b'[    0.829257] ambarella-wdt ec002000.wdt: Ambarella Watchdog Timer Probed.\r\n'
b'[    1.188688] ambarella-sd e0004000.sdmmc0: Max frequency is 120000000Hz\r\n'
b'[    1.574663] ambarella-sd e0005000.sdmmc1: Max frequency is 48000000Hz\r\n'
b'[    1.581377] Initializing XFRM netlink socket\r\n'
b'[    1.585652] NET: Registered protocol family 17\r\n'
b'[    1.590116] Key type dns_resolver registered\r\n'
b'[    1.600218] console [netcon0] enabled\r\n'
b'[    1.603891] netconsole: network logging started\r\n'
b'[    1.625359] ambarella-rtc e8001000.rtc: setting system clock to 1970-02-18 13:22:40 UTC (4195360)\r\n'
b'[    1.634619] Waiting for root device /dev/mmcblk0p9...\r\n'
b'[    1.754181] mmc0: new high speed MMC card at address 0001\r\n'
b'[    1.780892] mmcblk0: mmc0:0001 S0J57X 29.6 GiB \r\n'
b'[    1.807863] mmcblk0boot0: mmc0:0001 S0J57X partition 1 31.5 MiB\r\n'
b'[    1.813947] mmcblk0boot1: mmc0:0001 S0J57X partition 2 31.5 MiB\r\n'
b'[    1.829911] mmcblk0rpmb: mmc0:0001 S0J57X partition 3 4.00 MiB, chardev (250:0)\r\n'
b'[    1.849639]  (bst): 0x0000000000000000, 0x0000000000001000\r\n'
b'[    1.855117]  (bld): 0x0000000000001000, 0x0000000000100000\r\n'
b'[    1.860609]  (ptb): 0x0000000000101000, 0x00000000000e0000\r\n'
b'[    1.866095]  (atf): 0x00000000001e1000, 0x0000000000100000\r\n'
b'[    1.871583]  (pba): 0x00000000002e1000, 0x0000000001000000\r\n'
b'[    1.877070]  (pri): 0x00000000012e1000, 0x0000000001000000\r\n'
b'[    1.882556]  (sec): 0x00000000022e1000, 0x0000000040000000\r\n'
b'[    1.888031]  (dsp): 0x00000000422e1000, 0x0000000006400000\r\n'
b'[    1.893506]  (lnx): 0x00000000486e1000, 0x0000000026600000\r\n'
b'[    1.898993]  (swp): 0x000000006ece1000, 0x0000000300000000\r\n'
b'[    1.904482]  (add): 0x000000036ece1000, 0x0000000080000000\r\n'
b'[    1.909969]  (raw): 0x00000003eece1000, 0x000000037a31f000\r\n'
b'[    1.915454]  mmcblk0: p1(bst) p2(bld) p3(ptb) p4(atf) p5(pba) p6(pri) p7(sec) p8(dsp) p9(lnx) p10(swp) p11(add) p12(raw)\r\n'
b'[    1.958292] random: fast init done\r\n'
b'[    1.968188] mmc1: new high speed SDHC card at address aaaa\r\n'
b'[    1.974069] mmcblk1: mmc1:aaaa SC32G 29.7 GiB \r\n'
b'[    1.982211]  mmcblk1: p1\r\n'
b'[    1.999831] EXT4-fs (mmcblk0p9): recovery complete\r\n'
b'[    2.005328] EXT4-fs (mmcblk0p9): mounted filesystem with ordered data mode. Opts: (null)\r\n'
b'[    2.013434] VFS: Mounted root (ext4 filesystem) on device 179:9.\r\n'
b'[    2.020106] devtmpfs: mounted\r\n'
b'[    2.023291] Freeing unused kernel memory: 320K\r\n'
b'[    2.136413] EXT4-fs (mmcblk0p9): re-mounted. Opts: errors=remount-ro,data=ordered\r\n'
b'net.core.wmem_default = 524288\r\n'
b'net.core.wmem_max = 1048576\r\n'
b'vm.laptop_mode = 0\r\n'
b'vm.min_free_kbytes = 8192\r\n'
b'vm.vfs_cache_pressure = 160\r\n'
b'vm.dirty_expire_centisecs = 600\r\n'
b'vm.dirty_writeback_centisecs = 200\r\n'
b'vm.dirty_ratio = 3\r\n'
b'vm.dirty_background_ratio = 3\r\n'
b'[    2.255757] i2c /dev entries driver\r\n'
b'[    2.267158] ambarella-spi e0011000.spi: Ambarella spi controller 0 created.\r\r\n'
b'[    2.321835] ambcma: loading out-of-tree module taints kernel.\r\n'
b'[    2.328640] platform iav:ambcma: assigned reserved memory node iav@0x40000000\r\n'
b"[    2.627126] imgproc: module license 'Proprietary' taints kernel.\r\n"
b'[    2.633159] Disabling lock debugging due to kernel taint\r\n'
b'[    2.814217] amba_debug_init 247:0.\r\n'
b'Populating cv22_bmap using udev: Starting version v242-1.amba\r\n'
b'Done\r\n'
b'Loading CV22 private driver: [    3.152510] pps_core: LinuxPPS API ver. 1 registered\r\n'
b'[    3.157496] pps_core: Software ver. 5.3.6 - Copyright 2005-2007 Rodolfo Giometti <giometti@linux.it>\r\n'
b'[    3.173127] pps pps0: new PPS source pps.-1\r\n'
b'[    3.177391] pps pps0: Registered IRQ 52 as PPS source\r\n'
b'[    3.231574] libphy: Fixed MDIO Bus: probed\r\n'
b'[    3.381633] libphy: Ambarella MDIO Bus: probed\r\n'
b'[    3.390593] rtl9000_probe id 1c\r\n'
b'[    3.393943] rtl9000_probe id cb00\r\n'
b'[    3.397897] ambarella-eth e000e000.ethernet: Enhance Ethernet PHY[0]: 0x001ccb00!\r\n'
b'[    3.406146] ambarella-eth e000e000.ethernet: CONFIG_PTP_1588_CLOCK is not set\r\n'
b'[    3.413421] ambarella-eth e000e000.ethernet: MAC Address[12:3a:a2:23:f3:5b].\r\n'
b'modprobe: FATAL: Module ambarella_sd not found in directory /lib/modules/4.14.181\r\n'
b'modprobe: FATAL: Module mmc_block not found in directory /lib/modules/4.14.181\r\n'
b'[    3.496958] usbcore: registered new interface driver usbfs\r\n'
b'[    3.502565] usbcore: registered new interface driver hub\r\n'
b'[    3.508042] usbcore: registered new device driver usb\r\n'
b"[    3.520527] ehci_hcd: USB 2.0 'Enhanced' Host Controller (EHCI) Driver\r\n"
b'[    3.533507] ehci-ambarella: AMBARELLA-EHCI Host Controller driver\r\n'
b'[    3.539951] ambarella-ehci e001f000.ehci: EHCI Host Controller\r\n'
b'[    3.545825] ambarella-ehci e001f000.ehci: new USB bus registered, assigned bus number 1\r\n'
b'[    3.555374] ambarella-ehci e001f000.ehci: irq 26, io mem 0xe001f000\r\n'
b'[    3.562086] EXT4-fs (mmcblk0p7): Unrecognized mount option "flush" or missing value\r\n'
b'[    3.568641] ambarella-ehci e001f000.ehci: USB 2.0 started, EHCI 1.00\r\n'
b'[    3.575067] EXT4-fs (mmcblk0p8): Unrecognized mount option "flush" or missing value\r\n'
b'[    3.576293] usb usb1: New USB device found, idVendor=1d6b, idProduct=0002\r\n'
b'[    3.588635] FAT-fs (mmcblk1p1): Volume was not properly unmounted. Some data may be corrupt. Please run fsck.\r\n'
b'[    3.590525] usb usb1: New USB device strings: Mfr=3, Product=2, SerialNumber=1\r\n'
b'[    3.607637] usb usb1: Product: EHCI Host Controller\r\n'
b'[    3.612507] usb usb1: Manufacturer: Linux 4.14.181 ehci_hcd\r\n'
b'[    3.618072] usb usb1: SerialNumber: AmbUSB\r\n'
b'[    3.622707] hub 1-0:1.0: USB hub found\r\n'
b'[    3.626516] hub 1-0:1.0: 1 port detected\r\n'
b"[    3.642777] ohci_hcd: USB 1.1 'Open' Host Controller (OHCI) Driver\r\n"
b'[    3.649224] ambarella-ohci e001e000.ohci: Ambarella OHCI\r\n'
b'[    3.654551] ambarella-ohci e001e000.ohci: new USB bus registered, assigned bus number 2\r\n'
b'[    3.662595] ambarella-ohci e001e000.ohci: irq 25, io mem 0xe001e000\r\n'
b'[    3.724799] usb usb2: New USB device found, idVendor=1d6b, idProduct=0001\r\n'
b'[    3.731582] usb usb2: New USB device strings: Mfr=3, Product=2, SerialNumber=1\r\n'
b'[    3.738791] usb usb2: Product: Ambarella OHCI\r\n'
b'[    3.743138] usb usb2: Manufacturer: Linux 4.14.181 ohci_hcd\r\n'
b'[    3.748699] usb usb2: SerialNumber: AmbUSB\r\n'
b'[    3.753237] hub 2-0:1.0: USB hub found\r\n'
b'[    3.757008] hub 2-0:1.0: 1 port detected\r\n'
b'[    3.772199] ambarella-udc e0006000.udc: ambarella_udc: version 21 Jan 2016\r\n'
b'[    3.805961] using random self ethernet address\r\n'
b'[    3.810411] using random host ethernet address\r\n'
b'[    3.815284] usb0: HOST MAC f6:fc:cd:7a:fe:71\r\n'
b'[    3.820002] usb0: MAC 06:63:18:c0:6a:23\r\n'
b'[    3.823868] using random self ethernet address\r\n'
b'[    3.828308] using random host ethernet address\r\n'
b'[    3.832805] g_ether gadget: Ethernet Gadget, version: Memorial Day 2008\r\n'
b'[    3.839411] g_ether gadget: g_ether ready\r\n'
b'Install Auido...\r\n'
b'OK!\r\n'
b'Initializing random number generator... [    3.902520] random: dd: uninitialized urandom read (512 bytes read)\r\n'
b'done.\r\n'
b'run /usr/beantechs/bin/dlt-daemonstart successful\r\n'
b'/usr/beantechs/bin:/usr/untouch/bin:/usr/beantechs/unit_test:/bin:/sbin:/usr/bin:/usr/sbin:/usr/bin/X11:/usr/local/bin:/usr/local/sbin\r\n'
b'[    3.967626] ambhdmi e000b000.hdmi: Ambarella hdmi controller version:2.0 \r\n'
b'Init without VIN drivers...\r\n'
b'Default init without lens driver\r\n'
b'Use default settings\r\n'
b'map_size = 0x500000, nr_item = 4\r\n'
b'addr_offset = 0x00000000, filename = orccode.bin\r\n'
b'addr_offset = 0x00300000, filename = orcme.bin\r\n'
b'addr_offset = 0x003a0000, filename = orcmdxf.bin\r\n'
b'addr_offset = 0x003e0000, filename = default_binary.bin\r\n'
b'mmap returns 0x7fb302f000\r\n'
b'loading /lib/firmware/orccode.bin...addr = 0x7fb302f000, size = 0x206bbf\r\n'
b'loading /lib/firmware/orcme.bin...addr = 0x7fb332f000, size = 0x42894\r\n'
b'loading /lib/firmware/orcmdxf.bin...addr = 0x7fb33cf000, size = 0x28ed0\r\n'
b'loading /lib/firmware/default_binary.bin...addr = 0x7fb340f000, size = 0x6bf84\r\n'
b'===============================================\r\n'
b'ucode (CV22) version = 2020/5/25 288664.288656\r\n'
b'===============================================\r\n'
b'[    4.256620] -------------------ambrg_hw_reset---id:1,ambrg->rst_gpio[0]:51!\r\n'
b'[    5.434618] -------------------ambrg_hw_reset---id:1,ambrg->rst_gpio[0]:51!\r\n'
b'[    6.610618] -------------------ambrg_hw_reset---id:1,ambrg->rst_gpio[0]:51!\r\n'
b'[    7.786618] -------------------ambrg_hw_reset---id:1,ambrg->rst_gpio[0]:51!\r\n'
b'[    8.962618] -------------------ambrg_hw_reset---id:1,ambrg->rst_gpio[0]:51!\r\n'
b'[   10.045947] random: crng init done\r\n'
b'[   10.138618] -------------------ambrg_hw_reset---id:1,ambrg->rst_gpio[0]:51!\r\n'
b"modprobe: ERROR: could not insert 'ov2775_mipi_brg': Input/output error\r\n"
b'[   11.306850] vco = 432000000, 24000000, 1, 18, 1\r\n'
b'[   11.363618] -------------------ambrg_hw_reset---id:0,ambrg->rst_gpio[0]:35!\r\n'
b'[   11.381621] -------------------ambarella_set_vsync_gpio116_alt1\r\n'
b'[   12.439617] -------------------ambrg_hw_reset---id:0,ambrg->rst_gpio[0]:35!\r\n'
b'[   12.457620] -------------------ambarella_set_vsync_gpio116_alt1\r\n'
b'[   13.515617] -------------------ambrg_hw_reset---id:0,ambrg->rst_gpio[0]:35!\r\n'
b'[   13.533619] -------------------ambarella_set_vsync_gpio116_alt1\r\n'
b'[   14.591617] -------------------ambrg_hw_reset---id:0,ambrg->rst_gpio[0]:35!\r\n'
b'[   14.610620] -------------------ambarella_set_vsync_gpio116_alt1\r\n'
b'[   15.668617] -------------------ambrg_hw_reset---id:0,ambrg->rst_gpio[0]:35!\r\n'
b'[   15.686620] -------------------ambarella_set_vsync_gpio116_alt1\r\n'
b'[   16.744618] -------------------ambrg_hw_reset---id:0,ambrg->rst_gpio[0]:35!\r\n'
b'[   16.763621] -------------------ambarella_set_vsync_gpio116_alt1\r\n'
b"modprobe: ERROR: could not insert 'ov2311_mipi_brg': Input/output error\r\n"
b'[   17.810393] cavalry sub_scheduler0: assigned reserved memory node cavalry@0x60000000\r\n'
b'map_cavalry: phys: 0x60400000, virt: 0x7fb1cba000, total size: 0x100000\r\n'
b'Cavalry Ucode Version = CV22-Ver.84-20200509-58b[   17.839834] vco = 384000000, 24000000, 1, 16, 1\r\n'
b'2ac3f-hl_fw.00000001\r\n'
b'[   17.850619] vco = 1512000000, 24000000, 1, 63, 1\r\n'
b'[   17.867682] ambarella-i2c e400a000.i2c: No ACK from address 0xb4, 0:0!\r\n'
b'Start app: \r\n'
b'[   17.876009] ambarella-i2c e400a000.i2c: No ACK from address 0xb4, 0:0!\r\n'
b'[   17.887005] ambarella-i2c e400a000.i2c: No ACK from address 0xb4, 0:0!\r\n'
b'found blkid\r\n'
b'[   17.894522] ambarella-i2c e400a000.i2c: No ACK from address 0xb4, 0:0!\r\n'
b'found df\r\n'
b'[   17.902291] ambarella-i2c e400a000.i2c: No ACK from address 0xb4, 0:0!\r\n'
b'[   17.910081] ambarella-i2c e400a000.i2c: No ACK from address 0xb4, 0:0!\r\n'
b'[   17.917549] ambarella-i2c e400a000.i2c: No ACK from address 0xb4, 0:0!\r\n'
b'[   17.925034] ambarella-i2c e400a000.i2c: No ACK from address 0xb4, 0:0!\r\n'
b'[   17.932489] ambarella-i2c e400a000.i2c: No ACK from address 0xb4, 0:0!\r\n'
b'[   17.939934] ambarella-i2c e400a000.i2c: No ACK from address 0xb4, 0:0!\r\n'
b'[   17.947386] ambarella-i2c e400a000.i2c: No ACK from address 0xb4, 0:0!\r\n'
b'[   17.954826] ambarella-i2c e400a000.i2c: No ACK from address 0xb4, 0:0!\r\n'
b'[   17.962277] ambarella-i2c e400a000.i2c: No ACK from address 0xb4, 0:0!\r\n'
b'[   17.969917] asoc-simple-card sound: ak4637-aif <-> e000d000.i2s mapping ok\r\n'
b'[   17.977825] ambarella-i2c e400a000.i2c: No ACK from address 0xb4, 0:0!\r\n'
b'[   17.985374] ambarella-i2c e400a000.i2c: No ACK from address 0xb4, 0:0!\r\n'
b'[   17.992913] ambarella-i2c e400a000.i2c: No ACK from address 0xb4, 0:0!\r\n'
b'[   18.000395] ambarella-i2c e400a000.i2c: No ACK from address 0xb4, 0:0!\r\n'
b'[   18.007979] ambarella-i2c e400a000.i2c: No ACK from address 0xb4, 0:0!\r\n'
b'[   18.015450] ambarella-i2c e400a000.i2c: No ACK from address 0xb4, 0:0!\r\n'
b'[   18.022978] ambarella-i2c e400a000.i2c: No ACK from address 0xb4, 0:0!\r\n'
b'[   18.030496] ambarella-i2c e400a000.i2c: No ACK from address 0xb4, 0:0!\r\n'
b'[   18.038078] ambarella-i2c e400a000.i2c: No ACK from address 0xb4, 0:0!\r\n'
b'[   18.045524] ambarella-i2c e400a000.i2c: No ACK from address 0xb4, 0:0!\r\n'
b'[   18.047176] EXT4-fs (mmcblk0p7): mounted filesystem with ordered data mode. Opts: (null)\r\n'
b'[   18.121038] ambarella-i2c e400a000.i2c: No ACK from address 0xb4, 0:0!\r\n'
b'[   18.128665] ambarella-i2c e400a000.i2c: No ACK from address 0xb4, 0:0!\r\n'
b'[   18.129759] EXT4-fs (mmcblk0p8): mounted filesystem with ordered data mode. Opts: (null)\r\n'
b'[   18.136457] ambarella-i2c e400a000.i2c: No ACK from address 0xb4, 0:0!\r\n'
b'[   18.151040] ambarella-i2c e400a000.i2c: No ACK from address 0xb4, 0:0!\r\n'
b'[   18.158655] ambarella-i2c e400a000.i2c: No ACK from address 0xb4, 0:0!\r\n'
b'[   18.166235] ambarella-i2c e400a000.i2c: No ACK from address 0xb4, 0:0!\r\n'
b'[   18.173835] ambarella-i2c e400a000.i2c: No ACK from address 0xb4, 0:0!\r\n'
b'[   18.181520] ambarella-i2c e400a000.i2c: No ACK from address 0xb4, 0:0!\r\n'
b'[   18.189226] ambarella-i2c e400a000.i2c: No ACK from address 0xb4, 0:0!\r\n'
b'[   18.193918] EXT4-fs (mmcblk0p11): mounted filesystem with ordered data mode. Opts: (null)\r\n'
b'[   18.196867] ambarella-i2c e400a000.i2c: No ACK from address 0xb4, 0:0!\r\n'
b'[   18.211656] ambarella-i2c e400a000.i2c: No ACK from address 0xb4, 0:0!\r\n'
b'[   18.219239] ambarella-i2c e400a000.i2c: No ACK from address 0xb4, 0:0!\r\n'
b'[   18.226826] ambarella-i2c e400a000.i2c: No ACK from address 0xb4, 0:0!\r\n'
b'[   18.234422] ambarella-i2c e400a000.i2c: No ACK from address 0xb4, 0:0!\r\n'
b'[   18.242353] ambarella-i2c e400a000.i2c: No ACK from address 0xb4, 0:0!\r\n'
b'[   18.250093] ambarella-i2c e400a000.i2c: No ACK from address 0xb4, 0:0!\r\n'
b'[   18.256064] EXT4-fs (mmcblk0p10): mounted filesystem with ordered data mode. Opts: (null)\r\n'
b'[   18.257736] ambarella-i2c e400a000.i2c: No ACK from address 0xb4, 0:0!\r\n'
b'[   18.272433] ambarella-i2c e400a000.i2c: No ACK from address 0xb4, 0:0!\r\n'
b'[   18.280009] ambarella-i2c e400a000.i2c: No ACK from address 0xb4, 0:0!\r\n'
b'[   18.287618] ambarella-i2c e400a000.i2c: No ACK from address 0xb4, 0:0!\r\n'
b'[   18.295227] ambarella-i2c e400a000.i2c: No ACK from address 0xb4, 0:0!\r\n'
b'[   18.302991] ambarella-i2c e400a000.i2c: No ACK from address 0xb4, 0:0!\r\n'
b'[   18.310771] ambarella-i2c e400a000.i2c: No ACK from address 0xb4, 0:0!\r\n'
b'[   18.317690] EXT4-fs (mmcblk0p12): mounted filesystem with ordered data mode. Opts: (null)\r\n'
b'[   18.318735] ambarella-i2c e400a000.i2c: No ACK from address 0xb4, 0:0!\r\n'
b'Start app: \r\n'
b'OK!\r\n'
b'[   18.333422] ambarella-i2c e400a000.i2c: No ACK from address 0xb4, 0:0!\r\n'
b'[   18.340517] ak4637 2-005a: ASoC: SPKLO Mixer DAPM update failed: -16\r\n'
b'[   18.348157] ambarella-i2c e400a000.i2c: No ACK from address 0xb4, 0:0!\r\n'
b'[   18.355652] ambarella-i2c e400a000.i2c: No ACK from address 0xb4, 0:0!\r\n'
b'[   18.362177] ak4637 2-005a: ASoC: SPKLO MUX DAPM update failed: -16\r\n'
b'[   18.369617] ambarella-i2c e400a000.i2c: No ACK from address 0xb4, 0:0!\r\n'
b'[   18.376144] ak4637 2-005a: ASoC: PFSDO MUX DAPM update failed: -16\r\n'
b'[   18.383302] ambarella-i2c e400a000.i2c: No ACK from address 0xb4, 0:0!\r\n'
b'[   18.390801] ambarella-i2c e400a000.i2c: No ACK from address 0xb4, 0:0!\r\n'
b'[   18.397321] ak4637 2-005a: ASoC: PFIL MUX DAPM update failed: -16\r\n'
b'[   18.404885] ambarella-i2c e400a000.i2c: No ACK from address 0xb4, 0:0!\r\n'
b'Starting network...\r\n'
b'[   18.412450] ambarella-i2c e400a000.i2c: No ACK from address 0xb4, 0:0!\r\n'
b'[   18.419801] ak4637 2-005a: ASoC: MIC MUX DAPM update failed: -16\r\n'
b'ip: RTNETLINK answers: File exists\r\n'
b'ifup: interface eth0 already configured\r\n'
b'[InstanceSpecifier] size= 17: service/osdServer\r\n'
b'SupervisedEntity sv_specifier_:service/osdServer, len:17\r\n'
b'the open the file is successful,fd=5.\r\n'
b'read 116 Byte\r\n'
b'write successful 116\r\n'
b'name:plf_health_mgmt\r\n'
b'name:V2cloudStub\r\n'
b'name:cvServer\r\n'
b'name:mediaServer\r\n'
b'name:data_distribution\r\n'
b'name:data_integration\r\n'
b'name:phm\r\n'
b'name:gps_service\r\n'
b'name:test_gps_client\r\n'
b'~ClassPointer\r\n'
b'get msg id 0\r\n'
b'get msg id 32769\r\n'
b'get msg id 65538\r\n'
b'get msg id 98307\r\n'
b'get msg id 131076\r\n'
b'get msg id 163845\r\n'
b'get msg id 196614\r\n'
b'get msg id 229383\r\n'
b'get msg id 262152\r\n'
b'the open the file is successful,fd=5.\r\n'
b'~InstanceSpecifier\r\n'
b'Configure file path[/usr/beantechs/etc/oryx]\r\n'
b'[\x1b[1;31m ERROR\x1b[0m]\x1b[36m[\x1b[0m\x1b[1;37m 846\x1b[0m\x1b[36m: am_platform_iav5.cpp: sensor_info_get()]: \x1b[0m\x1b[31mIAV_IOC_VIN_GET_DEVINFO: No such device\x1b[0m\r\n'
b'[\x1b[1;31m ERROR\x1b[0m]\x1b[36m[\x1b[0m\x1b[1;37m 111\x1b[0m\x1b[36m: am_vin_control.cpp: create_vin_devices()]: \x1b[0m\x1b[31mFaild to get VIN[0] info!\x1b[0m\r\n'
b'[\x1b[1;31m ERROR\x1b[0m]\x1b[36m[\x1b[0m\x1b[1;37m 846\x1b[0m\x1b[36m: am_platform_iav5.cpp: sensor_info_get()]: \x1b[0m\x1b[31mIAV_IOC_VIN_GET_DEVINFO: No such device\x1b[0m\r\n'
b'[\x1b[1;31m ERROR\x1b[0m]\x1b[36m[\x1b[0m\x1b[1;37m 111\x1b[0m\x1b[36m: am_vin_control.cpp: create_vin_devices()]: \x1b[0m\x1b[31mFaild to get VIN[1] info!\x1b[0m\r\n'
b'[\x1b[1;31m ERROR\x1b[0m]\x1b[36m[\x1b[0m\x1b[1;37m 846\x1b[0m\x1b[36m: am_platform_iav5.cpp: sensor_info_get()]: \x1b[0m\x1b[31mIAV_IOC_VIN_GET_DEVINFO: No such device\x1b[0m\r\n'
b'[\x1b[1;31m ERROR\x1b[0m]\x1b[36m[\x1b[0m\x1b[1;37m 111\x1b[0m\x1b[36m: am_vin_control.cpp: create_vin_devices()]: \x1b[0m\x1b[31mFaild to get VIN[2] info!\x1b[0m\r\n'
b'[\x1b[1;31m ERROR\x1b[0m]\x1b[36m[\x1b[0m\x1b[1;37m 132\x1b[0m\x1b[36m: am_vin_control.cpp: create_vin_devices()]: \x1b[0m\x1b[31mNo Vin Enabled!\x1b[0m\r\n'
b'[\x1b[1;31m ERROR\x1b[0m]\x1b[36m[\x1b[0m\x1b[1;37m 132\x1b[0m\x1b[36m: am_encode_device.cpp: init()]: \x1b[0m\x1b[31mFailed to create vin devices!\x1b[0m\r\n'
b'[\x1b[1;31m ERROR\x1b[0m]\x1b[36m[\x1b[0m\x1b[1;37m 118\x1b[0m\x1b[36m: am_video_camera.cpp: init()]: \x1b[0m\x1b[31mFailed to create AMEncodeDevice!\x1b[0m\r\n'
b'\x1b[1m\x1b[45;33m [ERROR]:\x1b[0mVideoService get instance failed\r\n'
b'\r\n'
b'\x1b[1m\x1b[45;33m [ERROR]:\x1b[0mCreate instance failed!!!!\r\n'
b'\x1b[1m\x1b[45;33m [ERROR]:\x1b[0mGet oryx modules instance failed!\r\n'
b'\r\n'
b'[\x1b[1;31m ERROR\x1b[0m]\x1b[36m[\x1b[0m\x1b[1;37m  74\x1b[0m\x1b[36m: am_signal_unwind.cpp: void critical_error_handler()]: \x1b[0m\x1b[31mCaught signal "Segmentation fault(11)", accessing address(           (nil)) from 0x00005558f49a80!\x1b[0m\r\n'
b'[\x1b[1;31m ERROR\x1b[0m]\x1b[36m[\x1b[0m\x1b[1;37m  75\x1b[0m\x1b[36m: am_signal_unwind.cpp: void critical_error_handler()]: \x1b[0m\x1b[31mRegister dump:\x1b[0m\r\n'
b'[\x1b[1;31m ERROR\x1b[0m]\x1b[36m[\x1b[0m\x1b[1;37m  78\x1b[0m\x1b[36m: am_signal_unwind.cpp: void critical_error_handler()]: \x1b[0m\x1b[31mReg[ 0]: 0x0000000000000000\x1b[0m\r\n'
b'[\x1b[1;31m ERROR\x1b[0m]\x1b[36m[\x1b[0m\x1b[1;37m  78\x1b[0m\x1b[36m: am_signal_unwind.cpp: void critical_error_handler()]: \x1b[0m\x1b[31mReg[ 1]: 0x0000007fe44f4230\x1b[0m\r\n'
b'[\x1b[1;31m ERROR\x1b[0m]\x1b[36m[\x1b[0m\x1b[1;37m  78\x1b[0m\x1b[36m: am_signal_unwind.cpp: void critical_error_handler()]: \x1b[0m\x1b[31mReg[ 2]: 0x0000007fe44f4250\x1b[0m\r\n'
b'[\x1b[1;31m ERROR\x1b[0m]\x1b[36m[\x1b[0m\x1b[1;37m  78\x1b[0m\x1b[36m: am_signal_unwind.cpp: void critical_error_handler()]: \x1b[0m\x1b[31mReg[ 3]: 0x0000000000000000\x1b[0m\r\n'
b'[\x1b[1;31m ERROR\x1b[0m]\x1b[36m[\x1b[0m\x1b[1;37m  78\x1b[0m\x1b[36m: am_signal_unwind.cpp: void critical_error_handler()]: \x1b[0m\x1b[31mReg[ 4]: 0x0000007fe44f4358\x1b[0m\r\n'
b'[\x1b[1;31m ERROR\x1b[0m]\x1b[36m[\x1b[0m\x1b[1;37m  78\x1b[0m\x1b[36m: am_signal_unwind.cpp: void critical_error_handler()]: \x1b[0m\x1b[31mReg[ 5]: 0x0000000000000004\x1b[0m\r\n'
b'[\x1b[1;31m ERROR\x1b[0m]\x1b[36m[\x1b[0m\x1b[1;37m  78\x1b[0m\x1b[36m: am_signal_unwind.cpp: void critical_error_handler()]: \x1b[0m\x1b[31mReg[ 6]: 0x0000000000000009\x1b[0m\r\n'
b'[\x1b[1;31m ERROR\x1b[0m]\x1b[36m[\x1b[0m\x1b[1;37m  78\x1b[0m\x1b[36m: am_signal_unwind.cpp: void critical_error_handler()]: \x1b[0m\x1b[31mReg[ 7]: 0x000000000000000a\x1b[0m\r\n'
b'[\x1b[1;31m ERROR\x1b[0m]\x1b[36m[\x1b[0m\x1b[1;37m  78\x1b[0m\x1b[36m: am_signal_unwind.cpp: void critical_error_handler()]: \x1b[0m\x1b[31mReg[ 8]: 0x0000000000000040\x1b[0m\r\n'
b'[\x1b[1;31m ERROR\x1b[0m]\x1b[36m[\x1b[0m\x1b[1;37m  78\x1b[0m\x1b[36m: am_signal_unwind.cpp: void critical_error_handler()]: \x1b[0m\x1b[31mReg[ 9]: 0x64656c6961662065\x1b[0m\r\n'
b'[\x1b[1;31m ERROR\x1b[0m]\x1b[36m[\x1b[0m\x1b[1;37m  78\x1b[0m\x1b[36m: am_signal_unwind.cpp: void critical_error_handler()]: \x1b[0m\x1b[31mReg[10]: 0x6d207879726f2074\x1b[0m\r\n'
b'[\x1b[1;31m ERROR\x1b[0m]\x1b[36m[\x1b[0m\x1b[1;37m  78\x1b[0m\x1b[36m: am_signal_unwind.cpp: void critical_error_handler()]: \x1b[0m\x1b[31mReg[11]: 0x692073656c75646f\x1b[0m\r\n'
b'[\x1b[1;31m ERROR\x1b[0m]\x1b[36m[\x1b[0m\x1b[1;37m  78\x1b[0m\x1b[36m: am_signal_unwind.cpp: void critical_error_handler()]: \x1b[0m\x1b[31mReg[12]: 0x2065636e6174736e\x1b[0m\r\n'
b'[\x1b[1;31m ERROR\x1b[0m]\x1b[36m[\x1b[0m\x1b[1;37m  78\x1b[0m\x1b[36m: am_signal_unwind.cpp: void critical_error_handler()]: \x1b[0m\x1b[31mReg[13]: 0x0a2164656c696166\x1b[0m\r\n'
b'[\x1b[1;31m ERROR\x1b[0m]\x1b[36m[\x1b[0m\x1b[1;37m 846\x1b[0m\x1b[36m: am_platform_iav5.cpp: sensor_info_get()]: \x1b[0m\x1b[31mIAV_IOC_VIN_GET_DEVINFO: No such device\x1b[0m\r\n'
b'[InstanceSpecifier] size= 21: service/monitorServer\r\n'
b'[\x1b[1;31m ERROR\x1b[0m]\x1b[36m[\x1b[0m\x1b[1;37m  78\x1b[0m\x1b[36m: am_signal_unwind.cpp: void critical_error_handler()]: \x1b[0m\x1b[31mReg[14]: 0x0000000000000000\x1b[0m\r\n'
b'[\x1b[1;31m ERROR\x1b[0m]\x1b[36m[\x1b[0m\x1b[1;37m 111\x1b[0m\x1b[36m: am_vin_control.cpp: create_vin_devices()]: \x1b[0m\x1b[31mFaild to get VIN[0] info!\x1b[0m\r\n'
b'[\x1b[1;31m ERROR\x1b[0m]\x1b[36m[\x1b[0m\x1b[1;37m  78\x1b[0m\x1b[36m: am_signal_unwind.cpp: void critical_error_handler()]: \x1b[0m\x1b[31mReg[15]: 0x000000000000070b\x1b[0m\r\n'
b'[\x1b[1;31m ERROR\x1b[0m]\x1b[36m[\x1b[0m\x1b[1;37m  78\x1b[0m\x1b[36m: am_signal_unwind.cpp: void critical_error_handler()]: \x1b[0m\x1b[31mReg[16]: 0x0000005558f6a098\x1b[0m\r\n'
b'[\x1b[1;31m ERROR\x1b[0m]\x1b[36m[\x1b[0m\x1b[1;37m  78\x1b[0m\x1b[36m: am_signal_unwind.cpp: void critical_error_handler()]: \x1b[0m\x1b[31mReg[17]: 0x0000007f8fdadac0\x1b[0m\r\n'
b'[\x1b[1;31m ERROR\x1b[0m]\x1b[36m[\x1b[0m\x1b[1;37m 846\x1b[0m\x1b[36m: am_platform_iav5.cpp: sensor_info_get()]: \x1b[0m\x1b[31mIAV_IOC_VIN_GET_DEVINFO: No such device\x1b[0m\r\n'
b'SupervisedEntity sv_specifier_:service/monitorServer, len:21\r\n'
b'[\x1b[1;31m ERROR\x1b[0m]\x1b[36m[\x1b[0m\x1b[1;37m  78\x1b[0m\x1b[36m: am_signal_unwind.cpp: void critical_error_handler()]: \x1b[0m\x1b[31mReg[18]: 0x000000000000002f\x1b[0m\r\n'
b'[\x1b[1;31m ERROR\x1b[0m]\x1b[36m[\x1b[0m\x1b[1;37m 111\x1b[0m\x1b[36m: am_vin_control.cpp: create_vin_devices()]: \x1b[0m\x1b[31mFaild to get VIN[1] info!\x1b[0m\r\n'
b'[\x1b[1;31m ERROR\x1b[0m]\x1b[36m[\x1b[0m\x1b[1;37m  78\x1b[0m\x1b[36m: am_signal_unwind.cpp: void critical_error_handler()]: \x1b[0m\x1b[31mReg[19]: 0x0000007fe44f4230\x1b[0m\r\n'
b'[\x1b[1;31m ERROR\x1b[0m]\x1b[36m[\x1b[0m\x1b[1;37m 846\x1b[0m\x1b[36m: am_platform_iav5.cpp: sensor_info_get()]: \x1b[0m\x1b[31mIAV_IOC_VIN_GET_DEVINFO: No such device\x1b[0m\r\n'
b'[\x1b[1;31m ERROR\x1b[0m]\x1b[36m[\x1b[0m\x1b[1;37m  78\x1b[0m\x1b[36m: am_signal_unwind.cpp: void critical_error_handler()]: \x1b[0m\x1b[31mReg[20]: 0x0000005558f69000\x1b[0m\r\n'
b'[\x1b[1;31m ERROR\x1b[0m]\x1b[36m[\x1b[0m\x1b[1;37m 111\x1b[0m\x1b[36m: am_vin_control.cpp: create_vin_devices()]: \x1b[0m\x1b[31mFaild to get VIN[2] info!\x1b[0m\r\n'
b'[\x1b[1;31m ERROR\x1b[0m]\x1b[36m[\x1b[0m\x1b[1;37m  78\x1b[0m\x1b[36m: am_signal_unwind.cpp: void critical_error_handler()]: \x1b[0m\x1b[31mReg[21]: 0x0000007fe44f4450\x1b[0m\r\n'
b'Starting nginx: [InstanceSpecifier] size= 24: untouch/dms_msg_receiver\r\n'
b'SupervisedEntity sv_specifier_:untouch/dms_msg_receiver, len:24\r\n'
b'the open the file is successful,fd=3.\r\n'
b'read 116 Byte\r\n'
b'write successful 116\r\n'
b'name:plf_health_mgmt\r\n'
b'name:V2cloudStub\r\n'
b'name:cvServer\r\n'
b'name:mediaServer\r\n'
b'name:data_distribution\r\n'
b'name:data_integration\r\n'
b'name:phm\r\n'
b'name:gps_service\r\n'
b'name:test_gps_client\r\n'
b'~ClassPointer\r\n'
b'get msg id 0\r\n'
b'OK\r\n'
b'get msg id 32769\r\n'
b'get msg id 65538\r\n'
b'get msg id 98307\r\n'
b'get msg id 131076\r\n'
b'get msg id 163845\r\n'
b'get msg id 196614\r\n'
b'get msg id 229383\r\n'
b'get msg id 262152\r\n'
b'the open the file is successful,fd=3.\r\n'
b'~InstanceSpecifier\r\n'
b'[InstanceSpecifier] size= 24: untouch/oms_msg_receiver\r\n'
b'the open the file is successful,fd=5.\r\n'
b'[\x1b[1;31m ERROR\x1b[0m]\x1b[36m[\x1b[0m\x1b[1;37m 132\x1b[0m\x1b[36m: am_vin_control.cpp: create_vin_devices()]: \x1b[0m\x1b[31mNo Vin Enabled!\x1b[0m\r\n'
b'read 116 Byte\r\n'
b'SupervisedEntity sv_specifier_:untouch/oms_msg_receiver, len:24\r\n'
b'[\x1b[1;31m ERROR\x1b[0m]\x1b[36m[\x1b[0m\x1b[1;37m 132\x1b[0m\x1b[36m: am_encode_device.cpp: init()]: \x1b[0m\x1b[31mFailed to create vin devices!\x1b[0m\r\n'
b'write successful 116\r\n'
b'name:plf_health_mgmt\r\n'
b'the open the file is successful,fd=3.\r\n'
b'name:V2cloudStub\r\n'
b'[\x1b[1;31m ERROR\x1b[0m]\x1b[36m[\x1b[0m\x1b[1;37m  78\x1b[0m\x1b[36m: am_signal_unwind.cpp: void critical_error_handler()]: \x1b[0m\x1b[31mReg[22]: 0x0000007fe44f4250\x1b[0m\r\n'
b'read 116 Byte\r\n'
b'[\x1b[1;31m ERROR\x1b[0m]\x1b[36m[\x1b[0m\x1b[1;37m 118\x1b[0m\x1b[36m: am_video_camera.cpp: init()]: \x1b[0m\x1b[31mFailed to create AMEncodeDevice!\x1b[0m\r\n'
b'[\x1b[1;31m ERROR\x1b[0m]\x1b[36m[\x1b[0m\x1b[1;37m  78\x1b[0m\x1b[36m: am_signal_unwind.cpp: void critical_error_handler()]: \x1b[0m\x1b[31mReg[23]: 0x0000005558f69000\x1b[0m\r\n'
b'write successful 116\r\n'
b'name:plf_health_mgmt\r\n'
b'[\x1b[1;31m ERROR\x1b[0m]\x1b[36m[\x1b[0m\x1b[1;37m  78\x1b[0m\x1b[36m: am_signal_unwind.cpp: void critical_error_handler()]: \x1b[0m\x1b[31mReg[24]: 0x0000007fe44f43e8\x1b[0m\r\n'
b'name:cvServer\r\n'
b'name:V2cloudStub\r\n'
b'name:mediaServer\r\n'
b'[\x1b[1;31m ERROR\x1b[0m]\x1b[36m[\x1b[0m\x1b[1;37m  74\x1b[0m\x1b[36m: am_signal_unwind.cpp: void critical_error_handler()]: \x1b[0m\x1b[31mCaught signal "Segmentation fault(11)", accessing address(           (nil)) from 0x000055646bfd30!\x1b[0m\r\n'
b'name:data_distribution\r\n'
b'name:cvServer\r\n'
b'/usr/beantechs/etc/config/dms_data_process.xml\r\n'
b'name:data_integration\r\n'
b'name:mediaServer\r\n'
b'name:phm\r\n'
b'name:data_distribution\r\n'
b'[\x1b[1;31m ERROR\x1b[0m]\x1b[36m[\x1b[0m\x1b[1;37m  75\x1b[0m\x1b[36m: am_signal_unwind.cpp: void critical_error_handler()]: \x1b[0m\x1b[31mRegister dump:\x1b[0m\r\n'
b'name:gps_service\r\n'
b'name:data_integration\r\n'
b'name:test_gps_client\r\n'
b'name:phm\r\n'
b'name:gps_service\r\n'
b'name:test_gps_client\r\n'
b'[\x1b[1;31m ERROR\x1b[0m]\x1b[36m[\x1b[0m\x1b[1;37m  78\x1b[0m\x1b[36m: am_signal_unwind.cpp: void critical_error_handler()]: \x1b[0m\x1b[31mReg[ 0]: 0x0000000000000000\x1b[0m\r\n'
b'[\x1b[1;31m ERROR\x1b[0m]\x1b[36m[\x1b[0m\x1b[1;37m  78\x1b[0m\x1b[36m: am_signal_unwind.cpp: v[   19.565817] ambarella-i2c e400a000.i2c: No ACK from address 0xb4, 0:0!\r\n'
b'oid critical_error_handler()]: \x1b[0m\x1b[31mReg[ 1]: 0x0000007fe40e2400\x1b[0m\r\n'
b'dms_data_process/message/process_dms:untouch_dms_app\r\n'
b'~ClassPointer\r\n'
b'dms_data_process/message/process_own_dms:receiver_dms_demo\r\n'
b'~ClassPointer\r\n'
b'[\x1b[1;31[   19.591156] ambarella-i2c e400a000.i2c: No ACK from address 0xb4, 0:0!\r\n'
b'm ERROR\x1b[0m]\x1b[36[   19.599469] ambarella-i2c e400a000.i2c: No ACK from address 0xb4, 0:0!\r\n'
b'm[\x1b[0m\x1b[1;37m  7[   19.607252] ambarella-i2c e400a000.i2c: No ACK from address 0xb4, 0:0!\r\n'
b'8\x1b[0m\x1b[36m: am_s[   19.615232] ambarella-i2c e400a000.i2c: No ACK from address 0xb4, 0:0!\r\n'
b'ignal_unwind.cpp: void critical_error_handler()][   19.625909] ambarella-i2c e400a000.i2c: No ACK from address 0xb4, 0:0!\r\n'
b': \x1b[0m\x1b[31mReg[ [   19.633794] ambarella-i2c e400a000.i2c: No ACK from address 0xb4, 0:0!\r\n'
b'2]: 0x0000007fe4[   19.641819] ambarella-i2c e400a000.i2c: No ACK from address 0xb4, 0:0!\r\n'
b'0e2420\x1b[0m\r\n'
b'get [   19.649598] ambarella-i2c e400a000.i2c: No ACK from address 0xb4, 0:0!\r\n'
b'msg id 0\r\n'
b'dms_da[   19.657564] ambarella-i2c e400a000.i2c: No ACK from address 0xb4, 0:0!\r\n'
b'ta_process/message/process_mcu:d[   19.665950] ambarella-i2c e400a000.i2c: No ACK from address 0xb4, 0:0!\r\n'
b'ata_distribution[   19.674546] ambarella-i2c e400a000.i2c: No ACK from address 0xb4, 0:0!\r\n'
b'\r\n'
b'get msg id 0\r\n'
b'get msg id 32769\r\n'
b'get msg id 32769\r\n'
b'dms_data_process/message/process_msvr:recoderServer\r\n'
b'[\x1b[1;31m ERROR\x1b[0m]\x1b[36m[\x1b[0m\x1b[1;37m  78\x1b[0m\x1b[36m: am_signal_unwind.cpp: void critical_error_handler()]: \x1b[0m\x1b[31mReg[ 3]: 0x0000000000000000\x1b[0m\r\n'
b'get msg id 65538\r\n'
b'get msg id 65538\r\n'
b'dms_data_process/message/process_osd:osdServer\r\n'
b'get msg id 98307\r\n'
b'get msg id 98307\r\n'
b'[\x1b[1;31m ERROR\x1b[0m]\x1b[36m[\x1b[0m\x1b[1;37m  78\x1b[0m\x1b[36m: am_signal_unwind.cpp: void critical_error_handler()]: \x1b[0m\x1b[31mReg[ 4]: 0x0000007fe40e2528\x1b[0m\r\n'
b'get msg id 131076\r\n'
b'get msg id 131076\r\n'
b'get msg id 163845\r\n'
b'get msg id 163845\r\n'
b'get msg id 196614\r\n'
b'[\x1b[1;31m ERROR\x1b[0m]\x1b[36m[\x1b[0m\x1b[1;37m  78\x1b[0m\x1b[36m: am_signal_unwind.cpp: void critical_error_handler()]: \x1b[0m\x1b[31mReg[ 5]: 0x0000000000000004\x1b[0m\r\n'
b'dms_data_process/configList/log_switch:1\r\n'
b'get msg id 196614\r\n'
b'get msg id 229383\r\n'
b'get msg id 229383\r\n'
b'get msg id 262152\r\n'
b'[\x1b[1;31m ERROR\x1b[0m]\x1b[36m[\x1b[0m\x1b[1;37m  78\x1b[0m\x1b[36m: am_signal_unwind.cpp: void critical_error_handler()]: \x1b[0m\x1b[31mReg[ 6]: 0x726553616964656d\x1b[0m\r\n'
b'get msg id 262152\r\n'
b'the open the file is successful,fd=3.\r\n'
b'the open the file is successful,fd=5.\r\n'
b'[\x1b[1;31m ERROR\x1b[0m]\x1b[36m[\x1b[0m\x1b[1;37m  78\x1b[0m\x1b[36m: am_signal_unwind.cpp: void critical_error_handler()]: \x1b[0m\x1b[31mReg[ 7]: 0x7265767265536169\x1b[0m\r\n'
b'[\x1b[1;31m ERROR\x1b[0m]\x1b[36m[\x1b[0m\x1b[1;37m  78\x1b[0m\x1b[36m: am_signal_unwind.cpp: void critical_error_handler()]: \x1b[0m\x1b[31mReg[ 8]: 0x636e6174736e6920\x1b[0m\r\n'
b'[\x1b[1;31m ERROR\x1b[0m]\x1b[36m[\x1b[0m\x1b[1;37m  78\x1b[0m\x1b[36m: am_signal_unwind.cpp: void critical_error_handler()]: \x1b[0m\x1b[31mReg[ 9]: 0x64656c6961662065\x1b[0m\r\n'
b'~InstanceSpecifier\r\n'
b'~InstanceSpecifier\r\n'
b'[\x1b[1;31m ERROR\x1b[0m]\x1b[36m[\x1b[0m\x1b[1;37m  78\x1b[0m\x1b[36m: am_signal_unwind.cpp: void critical_error_handler()]: \x1b[0m\x1b[31mReg[10]: 0x6d207879726f2074\x1b[0m\r\n'
b'ShareMemory is ctor!\r\n'
b'ShareMemory is get\r\n'
b'[\x1b[1;31m ERROR\x1b[0m]\x1b[36m[\x1b[0m\x1b[1;37m  78\x1b[0m\x1b[36m: am_signal_unwind.cpp: void critical_error_handler()]: \x1b[0m\x1b[31mReg[11]: 0x692073656c75646f\x1b[0m\r\n'
b'[\x1b[1;31m ERROR\x1b[0m]\x1b[36m[\x1b[0m\x1b[1;37m  78\x1b[0m\x1b[36m: am_signal_unwind.cpp: void critical_error_handler()]: \x1b[0m\x1b[31mReg[12]: 0x2065636e6174736e\x1b[0m\r\n'
b'[\x1b[1;31m ERROR\x1b[0m]\x1b[36m[\x1b[0m\x1b[1;37m  78\x1b[0m\x1b[36m: am_signal_unwind.cpp: void critical_error_handler()]: \x1b[0m\x1b[31mReg[13]: 0x0a2164656c696166\x1b[0m\r\n'
b'[\x1b[1;31m ERROR\x1b[0m]\x1b[36m[\x1b[0m\x1b[1;37m  78\x1b[0m\x1b[36m: am_signal_unwind.cpp: void critical_error_handler()]: \x1b[0m\x1b[31mReg[14]: 0x0000000000000021\x1b[0m\r\n'
b'[\x1b[1;31m ERROR\x1b[0m]\x1b[36m[\x1b[0m\x1b[1;37m  78\x1b[0m\x1b[36m: am_signal_unwind.cpp: void critical_error_handler()]: \x1b[0m\x1b[31mReg[15]: 0x000000000000070b\x1b[0m\r\n'
b'Starting fcgiwrap: [\x1b[1;31m ERROR\x1b[0m]\x1b[36m[\x1b[0m\x1b[1;37m  78\x1b[0m\x1b[36m: am_signal_unwind.cpp: void critical_error_handler()]: \x1b[0m\x1b[31mR[   19.910824] ambarella_fb bogus_bus:framebuffer@0: 720x480, argb1555, 16 bits per pixel, buf pitch = 1440\r\n'
b'eg[25]: 0x0000007fe44f43c0\x1b[0m\r\n'
b'[\x1b[1;31m ERROR\x1b[0m]\x1b[36m[\x1b[0m\x1b[1[   19.925763] ambarella_fb bogus_bus:framebuffer@1: 720x480, argb1555, 16 bits per pixel, buf pitch = 1440\r\n'
b';37m  78\x1b[0m\x1b[36m: am_signal_unwind.cpp: void critical_error_handler()]: \x1b[0m\x1b[31mReg[16]: 0x00000055646d90b8\x1b[0m\r\n'
b'[\x1b[1;31m ERROR\x1b[0m]\x1b[36m[\x1b[0m\x1b[1;37m  78\x1b[0m\x1b[36m: am_signal_unwind.cpp: void critical_error_handler()]: \x1b[0m\x1b[31mReg[17]: 0x0000007fa0ac3ac0\x1b[0m\r\n'
b'[\x1b[1;31m ERROR\x1b[0m]\x1b[36m[\x1b[0m\x1b[1;37m  78\x1b[0m\x1b[36m: am_signal_unwind.cpp: void critical_error_handler()]: \x1b[0m\x1b[31mReg[26]: 0x0000000000000000\x1b[0m\r\n'
b'[\x1b[1;31m ERROR\x1b[0m]\x1b[36m[\x1b[0m\x1b[1;37m  78\x1b[0m\x1b[36m: am_signal_unwind.cpp: void critical_error_handler()]: \x1b[0m\x1b[31mReg[18]: 0x000000000000002f\x1b[0m\r\n'
b'[\x1b[1;31m ERROR\x1b[0m]\x1b[36m[\x1b[0m\x1b[1;37m  78\x1b[0m\x1b[36m: am_signal_unwind.cpp: void critical_error_handler()]: \x1b[0m\x1b[31mReg[27]: 0x000000555bab2f70\x1b[0m\r\n'
b'[\x1b[1;31m ERROR\x1b[0m]\x1b[36m[\x1b[0m\x1b[1;37m  78\x1b[0m\x1b[36m: am_signal_unwind.cpp: void critical_error_handler()]: \x1b[0m\x1b[31mReg[19]: 0x0000007fe40e2400\x1b[0m\r\n'
b'[\x1b[1;31m ERROR\x1b[0m]\x1b[36m[\x1b[0m\x1b[1;37m  78\x1b[0m\x1b[36m: am_signal_unwind.cpp: void critical_error_handler()]: \x1b[0m\x1b[31mReg[28]: 0x0000000000000000\x1b[0m\r\n'
b'[\x1b[1;31m ERROR\x1b[0m]\x1b[36m[\x1b[0m\x1b[1;37m  78\x1b[0m\x1b[36m: am_signal_unwind.cpp: void critical_error_handler()]: \x1b[0m\x1b[31mReg[20]: 0x00000055646d8000\x1b[0m\r\n'
b'[\x1b[1;31m ERROR\x1b[0m]\x1b[36m[\x1b[0m\x1b[1;37m  78\x1b[0m\x1b[36m: am_signal_unwind.cpp: void critical_error_handler()]: \x1b[0m\x1b[31mReg[29]: 0x0000007fe44f41f0\x1b[0m\r\n'
b'[\x1b[1;31m ERROR\x1b[0m]\x1b[36m[\x1b[0m\x1b[1;37m  78\x1b[0m\x1b[36m: am_signal_unwind.cpp: void critical_error_handler()]: \x1b[0m\x1b[31mReg[21]: 0x0000007fe40e2628\x1b[0m\r\n'
b'[\x1b[1;31m ERROR\x1b[0m]\x1b[36m[\x1b[0m\x1b[1;37m  78\x1b[0m\x1b[36m: am_signal_unwind.cpp: void critical_error_handler()]: \x1b[0m\x1b[31mReg[30]: 0x0000005558f49a70\x1b[0m\r\n'
b'[\x1b[1;31m ERROR\x1b[0m]\x1b[36m[\x1b[0m\x1b[1;37m  78\x1b[0m\x1b[36m: am_signal_unwind.cpp: void critical_error_handler()]: \x1b[0m\x1b[31mReg[22]: 0x000000556e511f40\x1b[0m\r\n'
b'[\x1b[1;31m ERROR\x1b[0m]\x1b[36m[\x1b[0m\x1b[1;37m  78\x1b[0m\x1b[36m: am_signal_unwind.cpp: void critical_error_handler()]: \x1b[0m\x1b[31mReg[23]: 0x00000055646d8000\x1b[0m\r\n'
b'[\x1b[1;31m ERROR\x1b[0m]\x1b[36m[\x1b[0m\x1b[1;37m  78\x1b[0m\x1b[36m: am_signal_unwind.cpp: void critical_error_handler()]: \x1b[0m\x1b[31mReg[24]: 0x0000007fe40e29e8\x1b[0m\r\n'
b'[\x1b[1;31m ERROR\x1b[0m]\x1b[36m[\x1b[0m\x1b[1;37m  78\x1b[0m\x1b[36m: am_signal_unwind.cpp: void critical_error_handler()]: \x1b[0m\x1b[31mReg[25]: 0x0000007fe40e25c0\x1b[0m\r\n'
b'[\x1b[1;31m ERROR\x1b[0m]\x1b[36m[\x1b[0m\x1b[1;37m  78\x1b[0m\x1b[36m: am_signal_unwind.cpp: void critical_error_handler()]: \x1b[0m\x1b[31mReg[26]: 0x0000007fe40e2598\x1b[0m\r\n'
b'[\x1b[1;31m ERROR\x1b[0m]\x1b[36m[\x1b[0m\x1b[1;37m  78\x1b[0m\x1b[36m: am_signal_unwind.cpp: void critical_error_handler()]: \x1b[0m\x1b[31mReg[27]: 0x0000000000000000\x1b[0m\r\n'
b'[\x1b[1;31m ERROR\x1b[0m]\x1b[36m[\x1b[0m\x1b[1;37m  78\x1b[0m\x1b[36m: am_signal_unwind.cpp: void critical_error_handler()]: \x1b[0m\x1b[31mReg[28]: 0x000000556e512f70\x1b[0m\r\n'
b'[\x1b[1;31m ERROR\x1b[0m]\x1b[36m[\x1b[0m\x1b[1;37m  78\x1b[0m\x1b[36m: am_signal_unwind.cpp: void critical_error_handler()]: \x1b[0m\x1b[31mReg[29]: 0x0000007fe40e23d0\x1b[0m\r\n'
b'[\x1b[1;31m ERROR\x1b[0m]\x1b[36m[\x1b[0m\x1b[1;37m  78\x1b[0m\x1b[36m: am_signal_unwind.cpp: void critical_error_handler()]: \x1b[0m\x1b[31mReg[30]: 0x00000055646bfd20\x1b[0m\r\n'
b'OK\r\n'
b'untouch_response_dms created!\r\n'
b'/usr/beantechs/etc/config/dms_data_process.xml\r\n'
b'67104768 left for ShareMemory!\r\n'
b'the open the file is successful,fd=6.\r\n'
b'dms_data_process/message/process_oms:untouch_oms_app\r\n'
b'read 222 Byte\r\n'
b'dms_data_process/message/process_own_oms:receiver_oms_demo\r\n'
b'dms_data_process/message/process_mcu:data_distribution\r\n'
b'dms_data_process/message/process_msvr:recoderServer\r\n'
b'dms_data_process/message/process_osd:osdServer\r\n'
b'write successful 222\r\n'
b'name:plf_health_mgmt\r\n'
b'name:V2cloudStub\r\n'
b'name:cvServer\r\n'
b'name:mediaServer\r\n'
b'/usr/beantechs/etc//system.xml\r\n'
b'name:data_distribution\r\n'
b'name:data_integration\r\n'
b'name:phm\r\n'
b'name:gps_service\r\n'
b'name:test_gps_client\r\n'
b'name:untouch_dms_app\r\n'
b'name:receiver_dms_demo\r\n'
b'name:untouch_oms_app\r\n'
b'name:receiver_oms_demo\r\n'
b'monitor print_type == 0\r\n'
b'name:recoderServer\r\n'
b'name:osdServer\r\n'
b'name:monitorServer\r\n'
b'~ClassPointer\r\n'
b'get msg id 0\r\n'
b'get msg id 32769\r\n'
b'get msg id 65538\r\n'
b'get msg id 98307\r\n'
b'get msg id 131076\r\n'
b'get msg id 163845\r\n'
b'get msg id 196614\r\n'
b'get msg id 229383\r\n'
b'get msg id 262152\r\n'
b'get msg id 294921\r\n'
b'get msg id 327690\r\n'
b'get msg id 360459\r\n'
b'get msg id 393228\r\n'
b'get msg id 425997\r\n'
b'get msg id 458766\r\n'
b'get msg id 491535\r\n'
b'the open the file is successful,fd=6.\r\n'
b'the open the file is successful,fd=6.\r\n'
b'read 222 Byte\r\n'
b'write successful 222\r\n'
b'name:plf_health_mgmt\r\n'
b'name:V2cloudStub\r\n'
b'name:cvServer\r\n'
b'name:mediaServer\r\n'
b'dms_data_process/configList/log_switch:1\r\n'
b'ShareMemory is ctor!\r\n'
b'ShareMemory is get\r\n'
b'untouch_response_oms created!\r\n'
b'[\x1b[1;31m ERROR\x1b[0m]\x1b[36m[\x1b[0m\x1b[1;37m 157\x1b[0m\x1b[36m: am_signal_unwind.cpp: void critical_error_handler()]: \x1b[0m\x1b[31m#0 : [Function: 0x0000007f90223668] sp=0x0000007fe44f2f70  + 0x0\x1b[0m\r\n'
b'[\x1b[1;31m ERROR\x1b[0m]\x1b[36m[\x1b[0m\x1b[1;37m 157\x1b[0m\x1b[36m: am_signal_unwind.cpp: void critical_error_handler()]: \x1b[0m\x1b[31m#0 : [Function: 0x0000007fa0f8d668] sp=0x0000007fe40e1170  + 0x0\x1b[0m\r\n'
b'67104768 left for ShareMemory!\r\n'
b'the open the file is successful,fd=6.\r\n'
b'read 222 Byte\r\n'
b'write successful 222\r\n'
b'name:plf_health_mgmt\r\n'
b'name:V2cloudStub\r\n'
b'name:cvServer\r\n'
b'name:mediaServer\r\n'
b'name:data_distribution\r\n'
b'name:data_integration\r\n'
b'name:phm\r\n'
b'name:gps_service\r\n'
b'name:test_gps_client\r\n'
b'name:untouch_dms_app\r\n'
b'name:receiver_dms_demo\r\n'
b'name:untouch_oms_app\r\n'
b'name:receiver_oms_demo\r\n'
b'name:recoderServer\r\n'
b'name:osdServer\r\n'
b'name:monitorServer\r\n'
b'~ClassPointer\r\n'
b'get msg id 0\r\n'
b'get msg id 32769\r\n'
b'get msg id 65538\r\n'
b'get msg id 98307\r\n'
b'get msg id 131076\r\n'
b'get msg id 163845\r\n'
b'get msg id 196614\r\n'
b'get msg id 229383\r\n'
b'get msg id 262152\r\n'
b'get msg id 294921\r\n'
b'get msg id 327690\r\n'
b'get msg id 360459\r\n'
b'get msg id 393228\r\n'
b'get msg id 425997\r\n'
b'get msg id 458766\r\n'
b'get msg id 491535\r\n'
b'the open the file is successful,fd=6.\r\n'
b'name:data_distribution\r\n'
b'name:data_integration\r\n'
b'name:phm\r\n'
b'[\x1b[1;31m ERROR\x1b[0m]\x1b[36m[\x1b[0m\x1b[1;37m 142\x1b[0m\x1b[36m: am_signal_unwind.cpp: void critical_error_handler()]: \x1b[0m\x1b[31m#1 : [Function: 0x00000055646bfd30] sp=0x0000007fe40e23d0 (null) !!!! BAD Address (nil)\x1b[0m\r\n'
b'name:gps_service\r\n'
b'name:test_gps_client\r\n'
b'name:untouch_dms_app\r\n'
b'[\x1b[1;31m ERROR\x1b[0m]\x1b[36m[\x1b[0m\x1b[1;37m 157\x1b[0m\x1b[36m: am_signal_unwind.cpp: void critical_error_handler()]: \x1b[0m\x1b[31m#2 : [Function: 0x00000055646bfd30] sp=0x0000007fe40e23d0 std::_Sp_counted_base<(__gnu_cxx::_Lock_policy)2>::_M_release() + 0xcb0\x1b[0m\r\n'
b'name:receiver_dms_demo\r\n'
b'name:untouch_oms_app\r\n'
b'name:receiver_oms_demo\r\n'
b'name:recoderServer\r\n'
b'name:osdServer\r\n'
b'name:monitorServer\r\n'
b'~ClassPointer\r\n'
b'get msg id 0\r\n'
b'get msg id 32769\r\n'
b'get msg id 65538\r\n'
b'get msg id 98307\r\n'
b'get msg id 131076\r\n'
b'get msg id 163845\r\n'
b'get msg id 196614\r\n'
b'get msg id 229383\r\n'
b'get msg id 262152\r\n'
b'get msg id 294921\r\n'
b'get msg id 327690\r\n'
b'get msg id 360459\r\n'
b'get msg id 393228\r\n'
b'get msg id 425997\r\n'
b'get msg id 458766\r\n'
b'get msg id 491535\r\n'
b'the open the file is successful,fd=6.\r\n'
b'[\x1b[1;31m ERROR\x1b[0m]\x1b[36m[\x1b[0m\x1b[1;37m 142\x1b[0m\x1b[36m: am_signal_unwind.cpp: void critical_error_handler()]: \x1b[0m\x1b[31m#1 : [Function: 0x0000005558f49a80] sp=0x0000007fe44f41d0 (null) !!!! BAD Address (nil)\x1b[0m\r\n'
b'[\x1b[1;31m ERROR\x1b[0m]\x1b[36m[\x1b[0m\x1b[1;37m 157\x1b[0m\x1b[36m: am_signal_unwind.cpp: void critical_error_handler()]: \x1b[0m\x1b[31m#2 : [Function: 0x0000005558f49a80] sp=0x0000007fe44f41d0 std::_Sp_counted_base<(__gnu_cxx::_Lock_policy)2>::_M_release() + 0xf50\x1b[0m\r\n'
b'[\x1b[1;31m ERROR\x1b[0m]\x1b[36m[\x1b[0m\x1b[1;37m 157\x1b[0m\x1b[36m: am_signal_unwind.cpp: void critical_error_handler()]: \x1b[0m\x1b[31m#3 : [Function: 0x00000055646bde28] sp=0x0000007fe40e2530 _ZNSt6vectorINSt7__cxx1112basic_stringIcSt11char_traitsIcESaIcEEESaIS5_EEaSERKS7_ + 0xcb0\x1b[0m\r\n'
b'\x1b[1;37mConnection established with kernel.\x1b[0m\r\n'
b'[\x1b[1;31m ERROR\x1b[0m]\x1b[36m[\x1b[0m\x1b[1;37m 157\x1b[0m\x1b[36m: am_signal_unwind.cpp: void critical_error_handler()]: \x1b[0m\x1b[31m#3 : [Function: 0x0000005558f478e4] sp=0x0000007fe44f4360 _ZNSt6vectorINSt7__cxx1112basic_stringIcSt11char_traitsIcESaIcEEESaIS5_EEaSERKS7_ + 0xf50\x1b[0m\r\n'
b'[InstanceSpecifier] size= 18: exe0/TestLibphmApp\r\n'
b'HealthChannel sv_specifier_:exe0/TestLibphmApp, len:18\r\n'
b'the open the file is successful,fd=7.\r\n'
b'read 222 Byte\r\n'
b'write successful 222\r\n'
b'name:plf_health_mgmt\r\n'
b'name:V2cloudStub\r\n'
b'name:cvServer\r\n'
b'name:mediaServer\r\n'
b'name:data_distribution\r\n'
b'name:data_integration\r\n'
b'name:phm\r\n'
b'name:gps_service\r\n'
b'name:test_gps_client\r\n'
b'name:untouch_dms_app\r\n'
b'name:receiver_dms_demo\r\n'
b'name:untouch_oms_app\r\n'
b'name:receiver_oms_demo\r\n'
b'name:recoderServer\r\n'
b'name:osdServer\r\n'
b'name:monitorServer\r\n'
b'~ClassPointer\r\n'
b'get msg id 0\r\n'
b'get msg id 32769\r\n'
b'get msg id 65538\r\n'
b'get msg id 98307\r\n'
b'get msg id 131076\r\n'
b'get msg id 163845\r\n'
b'get msg id 196614\r\n'
b'get msg id 229383\r\n'
b'[\x1b[1;31m ERROR\x1b[0m]\x1b[36m[\x1b[0m\x1b[1;37m 157\x1b[0m\x1b[36m: am_signal_unwind.cpp: void critical_error_handler()]: \x1b[0m\x1b[31m#4 : [Function: 0x0000007fa0a62ce4] sp=0x0000007fe40e28a0 __libc_start_main + 0xe4\x1b[0m\r\n'
b'get msg id 262152\r\n'
b'[\x1b[1;31m ERROR\x1b[0m]\x1b[36m[\x1b[0m\x1b[1;37m 157\x1b[0m\x1b[36m: am_signal_unwind.cpp: void critical_error_handler()]: \x1b[0m\x1b[31m#4 : [Function: 0x0000007f8fd4cce4] sp=0x0000007fe44f4590 __libc_start_main + 0xe4\x1b[0m\r\n'
b'get msg id 294921\r\n'
b'get msg id 327690\r\n'
b'get msg id 360459\r\n'
b'get msg id 393228\r\n'
b'get msg id 425997\r\n'
b'get msg id 458766\r\n'
b'get msg id 491535\r\n'
b'the open the file is successful,fd=7.\r\n'
b'~InstanceSpecifier\r\n'
b'[\x1b[1;31m ERROR\x1b[0m]\x1b[36m[\x1b[0m\x1b[1;37m 157\x1b[0m\x1b[36m: am_signal_unwind.cpp: void critical_error_handler()]: \x1b[0m\x1b[31m#5 : [Function: 0x00000055646be2f0] sp=0x0000007fe40e29e0 _ZNSt6vectorINSt7__cxx1112basic_stringIcSt11char_traitsIcESaIcEEESaIS5_EEaSERKS7_ + 0xe4\x1b[0m\r\n'
b'[\x1b[1;31m ERROR\x1b[0m]\x1b[36m[\x1b[0m\x1b[1;37m 157\x1b[0m\x1b[36m: am_signal_unwind.cpp: void critical_error_handler()]: \x1b[0m\x1b[31m#5 : [Function: 0x0000005558f47d94] sp=0x0000007fe44f46d0 _ZNSt6vectorINSt7__cxx1112basic_stringIcSt11char_traitsIcESaIcEEESaIS5_EEaSERKS7_ + 0xe4\x1b[0m\r\n'
b'\r\r\n'
b'\r\n'
b'\rWelcome to Ambarella\r\n'
b'\rAmbarella login: '
b''
重启第 4 次
b'\r\r\n'
b'\r\n'
b'\rWelcome to Ambarella\r\n'
b'\rAmbarella login: \r\r\n'
b'\r\n'
b'\rWelcome to Ambarella\r\n'
b'\rAmbarella login: root\r\n'
b"login[554]: root login on 'ttyS0'\r\r\n"
b'# \r\n'
b'# reboot\r\n'
b'# \rThe system is going down NOW!\r\n'
b'\rSent SIGTERM to all processes\r\n'
b'\x1b[1;37mCapture signal[15]\x1b[0m\r\n'
b'~ClassPointer\r\n'
b'~ClassPointer\r\n'
b'~ClassPointer\r\n'
b'\rSent SIGKILL to all processes\r\n'
b'\rRequesting system reboot\r\n'
b'[   48.061279] ambarella-i2c e400a000.i2c: No ACK from address 0xb4, 0:0!\r\n'
b'[   48.068725] ambarella-i2c e400a000.i2c: No ACK from address 0xb4, 0:0!\r\n'
b'[   48.076179] ambarella-i2c e400a000.i2c: No ACK from address 0xb4, 0:0!\r\n'
b'[   48.083636] ambarella-i2c e400a000.i2c: No ACK from address 0xb4, 0:0!\r\n'
b'[   48.091075] ambarella-i2c e400a000.i2c: No ACK from address 0xb4, 0:0!\r\n'
b'[   48.098534] ambarella-i2c e400a000.i2c: No ACK from address 0xb4, 0:0!\r\n'
b'[   48.105964] ambarella-i2c e400a000.i2c: No ACK from address 0xb4, 0:0!\r\n'
b'[   49.701980] ambarella-wdt ec002000.wdt: ambarella_wdt_shutdown @ 5.\r\n'
b'[   49.708307] reboot: Restarting system\r\n'
b'\x1b[4l\r\n'
b'[    0.000000] Booting Linux on physical CPU 0x0\r\n'
b'[    0.000000] Linux version 4.14.181 (bean@tbox-compile1) (gcc version 8.2.1 20180802 (Linaro GCC 8.2-2018.08~dev)) #1 SMP PREEMPT Fri Dec 18 14:48:02 CST 2020\r\n'
b'[    0.000000] Boot CPU: AArch64 Processor [410fd034]\r\n'
b'[    0.000000] Machine model: Ambarella CV22 Walnut Board\r\n'
b'[    0.000000] Reserved memory: created CMA memory pool at 0x000000003cc00000, size 48 MiB\r\n'
b'[    0.000000] OF: reserved mem: initialized node linux,cma, compatible id shared-dma-pool\r\n'
b'[    0.000000] Reserved memory: created CMA memory pool at 0x0000000040000000, size 508 MiB\r\n'
b'[    0.000000] OF: reserved mem: initialized node iav@0x40000000, compatible id shared-dma-pool\r\n'
b'[    0.000000] Reserved memory: created CMA memory pool at 0x0000000060000000, size 508 MiB\r\n'
b'[    0.000000] OF: reserved mem: initialized node cavalry@0x60000000, compatible id shared-dma-pool\r\n'
b'[    0.000000] percpu: Embedded 19 pages/cpu s38552 r8192 d31080 u77824\r\n'
b'[    0.000000] Detected VIPT I-cache on CPU0\r\n'
b'[    0.000000] CPU features: enabling workaround for ARM erratum 845719\r\n'
b'[    0.000000] Built 1 zonelists, mobility grouping on.  Total pages: 515592\r\n'
b'[    0.000000] Kernel command line: console=ttyS0 noinitrd root=/dev/mmcblk0p9 rw rootfstype=ext4 init=/linuxrc rootwait\r\n'
b'[    0.000000] PID hash table entries: 4096 (order: 3, 32768 bytes)\r\n'
b'[    0.000000] Dentry cache hash table entries: 262144 (order: 9, 2097152 bytes)\r\n'
b'[    0.000000] Inode-cache hash table entries: 131072 (order: 8, 1048576 bytes)\r\n'
b'[    0.000000] Memory: 962048K/2095104K available (4670K kernel code, 432K rwdata, 1336K rodata, 320K init, 224K bss, 43520K reserved, 1089536K cma-reserved)\r\n'
b'[    0.000000] Virtual kernel memory layout:\r\n'
b'[    0.000000]     modules : 0xffffff8000000000 - 0xffffff8008000000   (   128 MB)\r\n'
b'[    0.000000]     vmalloc : 0xffffff8008000000 - 0xffffffbebfff0000   (   250 GB)\r\n'
b'[    0.000000]       .text : 0xffffff8008080000 - 0xffffff8008510000   (  4672 KB)\r\n'
b'[    0.000000]     .rodata : 0xffffff8008510000 - 0xffffff8008670000   (  1408 KB)\r\n'
b'[    0.000000]       .init : 0xffffff8008670000 - 0xffffff80086c0000   (   320 KB)\r\n'
b'[    0.000000]       .data : 0xffffff80086c0000 - 0xffffff800872c008   (   433 KB)\r\n'
b'[    0.000000]        .bss : 0xffffff800872c008 - 0xffffff8008764178   (   225 KB)\r\n'
b'[    0.000000]     fixed   : 0xffffffbefe7fb000 - 0xffffffbefec00000   (  4116 KB)\r\n'
b'[    0.000000]     PCI I/O : 0xffffffbefee00000 - 0xffffffbeffe00000   (    16 MB)\r\n'
b'[    0.000000]     vmemmap : 0xffffffbf00000000 - 0xffffffc000000000   (     4 GB maximum)\r\n'
b'[    0.000000]               0xffffffbf00008000 - 0xffffffbf02000000   (    31 MB actual)\r\n'
b'[    0.000000]     memory  : 0xffffffc000200000 - 0xffffffc080000000   (  2046 MB)\r\n'
b'[    0.000000] SLUB: HWalign=64, Order=0-3, MinObjects=0, CPUs=4, Nodes=1\r\n'
b'[    0.000000] Preemptible hierarchical RCU implementation.\r\n'
b'[    0.000000] \tTasks RCU enabled.\r\n'
b'[    0.000000] NR_IRQS: 64, nr_irqs: 64, preallocated irqs: 0\r\n'
b'[    0.000000] CPU features: GIC system register CPU interface present but disabled by higher exception level\r\n'
b'[    0.000000] vco = 384000000, 24000000, 1, 16, 1\r\n'
b'[    0.000000] arch_timer: cp15 timer(s) running at 47.25MHz (virt).\r\n'
b'[    0.000000] clocksource: arch_sys_counter: mask: 0xffffffffffffff max_cycles: 0xae5b54743, max_idle_ns: 440795204480 ns\r\n'
b'[    0.000005] sched_clock: 56 bits at 47MHz, resolution 21ns, wraps every 4398046511098ns\r\n'
b'[    0.000274] Console: colour dummy device 80x25\r\n'
b'[    0.302264] console [ttyS0] enabled\r\n'
b'[    0.305749] Calibrating delay loop (skipped), value calculated using timer frequency.. 94.50 BogoMIPS (lpj=47250)\r\n'
b'[    0.315989] pid_max: default: 32768 minimum: 301\r\n'
b'[    0.320691] Mount-cache hash table entries: 4096 (order: 3, 32768 bytes)\r\n'
b'[    0.327391] Mountpoint-cache hash table entries: 4096 (order: 3, 32768 bytes)\r\n'
b'[    0.338575] ASID allocator initialised with 32768 entries\r\n'
b'[    0.345985] Hierarchical SRCU implementation.\r\n'
b'[    0.354369] smp: Bringing up secondary CPUs ...\r\n'
b'[    0.365991] Detected VIPT I-cache on CPU1\r\n'
b'[    0.370018] CPU1: Booted secondary processor [410fd034]\r\n'
b'[    0.382084] Detected VIPT I-cache on CPU2\r\n'
b'[    0.386095] CPU2: Booted secondary processor [410fd034]\r\n'
b'[    0.398186] Detected VIPT I-cache on CPU3\r\n'
b'[    0.402197] CPU3: Booted secondary processor [410fd034]\r\n'
b'[    0.407475] smp: Brought up 1 node, 4 CPUs\r\n'
b'[    0.411571] SMP: Total of 4 processors activated.\r\n'
b'[    0.416262] CPU features: detected: 32-bit EL0 Support\r\n'
b'[    0.421887] CPU: All CPU(s) started at EL1\r\n'
b'[    0.425987] alternatives: patching kernel code\r\n'
b'[    0.431541] devtmpfs: initialized\r\n'
b'[    0.440632] random: get_random_u32 called from bucket_table_alloc+0x108/0x268 with crng_init=0\r\n'
b'[    0.449568] clocksource: jiffies: mask: 0xffffffff max_cycles: 0xffffffff, max_idle_ns: 1911260446275000 ns\r\n'
b'[    0.459296] futex hash table entries: 1024 (order: 5, 131072 bytes)\r\n'
b'[    0.507716] pinctrl core: initialized pinctrl subsystem\r\n'
b'[    0.513273] NET: Registered protocol family 16\r\n'
b'[    0.518401] vdso: 2 pages (1 code @ ffffff8008515000, 1 data @ ffffff80086c4000)\r\n'
b'[    0.532806] DMA: preallocated 256 KiB pool for atomic allocations\r\n'
b'[    0.542124] ambarella-pinctrl ec003000.pinctrl: Ambarella pinctrl driver registered\r\n'
b'[    0.550487] ambarella-gpio ec003000.pinctrl:gpio@0: Ambarella GPIO driver registered\r\n'
b'[    0.565122] HugeTLB registered 2.00 MiB page size, pre-allocated 0 pages\r\n'
b'[    0.572915] ambarella-dma e0020000.dma: Ambarella DMA Engine \r\n'
b'[    0.579246] ambarella-dma e0021000.dma: Ambarella DMA Engine \r\n'
b'[    0.585383] ambarella-i2c e4008000.i2c: Ambarella I2C adapter[0] probed, clock:100000!\r\n'
b'[    0.593489] ambarella-i2c e4009000.i2c: Ambarella I2C adapter[1] probed, clock:100000!\r\n'
b'[    0.601680] ambarella-i2c e400a000.i2c: Ambarella I2C adapter[2] probed, clock:100000!\r\n'
b'[    0.609781] ambarella-i2c e400b000.i2c: Ambarella I2C adapter[3] probed, clock:100000!\r\n'
b'[    0.618568] clocksource: Switched to clocksource arch_sys_counter\r\n'
b'[    0.630837] NET: Registered protocol family 2\r\n'
b'[    0.635640] TCP established hash table entries: 16384 (order: 5, 131072 bytes)\r\n'
b'[    0.643009] TCP bind hash table entries: 16384 (order: 6, 262144 bytes)\r\n'
b'[    0.649938] TCP: Hash tables configured (established 16384 bind 16384)\r\n'
b'[    0.656585] UDP hash table entries: 1024 (order: 3, 32768 bytes)\r\n'
b'[    0.662637] UDP-Lite hash table entries: 1024 (order: 3, 32768 bytes)\r\n'
b'[    0.669218] NET: Registered protocol family 1\r\n'
b'[    0.673873] RPC: Registered named UNIX socket transport module.\r\n'
b'[    0.679796] RPC: Registered udp transport module.\r\n'
b'[    0.684488] RPC: Registered tcp transport module.\r\n'
b'[    0.689177] RPC: Registered tcp NFSv4.1 backchannel transport module.\r\n'
b'[    0.699272] workingset: timestamp_bits=62 max_order=19 bucket_order=0\r\n'
b'[    0.711388] squashfs: version 4.0 (2009/01/31) Phillip Lougher\r\n'
b'[    0.721763] Block layer SCSI generic (bsg) driver version 0.4 loaded (major 251)\r\n'
b'[    0.729148] io scheduler noop registered\r\n'
b'[    0.733064] io scheduler deadline registered\r\n'
b'[    0.737416] io scheduler cfq registered (default)\r\n'
b'[    0.742115] io scheduler mq-deadline registered\r\n'
b'[    0.746633] io scheduler kyber registered\r\n'
b'[    0.751203] ambarella-gdma e000c000.gdma: Ambarella GDMA driver init\r\n'
b'[    0.757931] e4000000.uart: ttyS0 at MMIO 0xe4000000 (irq = 11, base_baud = 1500000) is a ambuart\r\n'
b'[    0.767027] e0017000.uart: ttyS1 at MMIO 0xe0017000 (irq = 32, base_baud = 1500000) is a ambuart\r\n'
b'[    0.776083] e001a000.uart: ttyS4 at MMIO 0xe001a000 (irq = 33, base_baud = 1500000) is a ambuart\r\n'
b'[    0.785157] cacheinfo: Unable to detect cache hierarchy for CPU 0\r\n'
b'[    0.791834] brd: module loaded\r\n'
b'[    0.800877] loop: module loaded\r\n'
b'[    0.804146] mousedev: PS/2 mouse device common for all mice\r\n'
b'[    0.810045] ambarella-rtc e8001000.rtc: rtc core: registered e8001000.rtc as rtc0\r\n'
b'[    0.817516] ambarella-rtc e8001000.rtc: Warning: RTC lost power.....\r\n'
b'[    0.829216] ambarella-wdt ec002000.wdt: Ambarella Watchdog Timer Probed.\r\n'
b'[    1.188646] ambarella-sd e0004000.sdmmc0: Max frequency is 120000000Hz\r\n'
b'[    1.574615] ambarella-sd e0005000.sdmmc1: Max frequency is 48000000Hz\r\n'
b'[    1.581328] Initializing XFRM netlink socket\r\n'
b'[    1.585603] NET: Registered protocol family 17\r\n'
b'[    1.590065] Key type dns_resolver registered\r\n'
b'[    1.600187] console [netcon0] enabled\r\n'
b'[    1.603860] netconsole: network logging started\r\n'
b'[    1.625307] ambarella-rtc e8001000.rtc: setting system clock to 1970-02-18 13:22:40 UTC (4195360)\r\n'
b'[    1.634548] Waiting for root device /dev/mmcblk0p9...\r\n'
b'[    1.754140] mmc0: new high speed MMC card at address 0001\r\n'
b'[    1.780852] mmcblk0: mmc0:0001 S0J57X 29.6 GiB \r\n'
b'[    1.807819] mmcblk0boot0: mmc0:0001 S0J57X partition 1 31.5 MiB\r\n'
b'[    1.813911] mmcblk0boot1: mmc0:0001 S0J57X partition 2 31.5 MiB\r\n'
b'[    1.829875] mmcblk0rpmb: mmc0:0001 S0J57X partition 3 4.00 MiB, chardev (250:0)\r\n'
b'[    1.849599]  (bst): 0x0000000000000000, 0x0000000000001000\r\n'
b'[    1.855077]  (bld): 0x0000000000001000, 0x0000000000100000\r\n'
b'[    1.860568]  (ptb): 0x0000000000101000, 0x00000000000e0000\r\n'
b'[    1.866055]  (atf): 0x00000000001e1000, 0x0000000000100000\r\n'
b'[    1.871543]  (pba): 0x00000000002e1000, 0x0000000001000000\r\n'
b'[    1.877030]  (pri): 0x00000000012e1000, 0x0000000001000000\r\n'
b'[    1.882517]  (sec): 0x00000000022e1000, 0x0000000040000000\r\n'
b'[    1.887993]  (dsp): 0x00000000422e1000, 0x0000000006400000\r\n'
b'[    1.893468]  (lnx): 0x00000000486e1000, 0x0000000026600000\r\n'
b'[    1.898955]  (swp): 0x000000006ece1000, 0x0000000300000000\r\n'
b'[    1.904442]  (add): 0x000000036ece1000, 0x0000000080000000\r\n'
b'[    1.909930]  (raw): 0x00000003eece1000, 0x000000037a31f000\r\n'
b'[    1.915414]  mmcblk0: p1(bst) p2(bld) p3(ptb) p4(atf) p5(pba) p6(pri) p7(sec) p8(dsp) p9(lnx) p10(swp) p11(add) p12(raw)\r\n'
b'[    1.959209] random: fast init done\r\n'
b'[    1.968532] mmc1: new high speed SDHC card at address aaaa\r\n'
b'[    1.974388] mmcblk1: mmc1:aaaa SC32G 29.7 GiB \r\n'
b'[    1.982529]  mmcblk1: p1\r\n'
b'[    2.000343] EXT4-fs (mmcblk0p9): recovery complete\r\n'
b'[    2.005849] EXT4-fs (mmcblk0p9): mounted filesystem with ordered data mode. Opts: (null)\r\n'
b'[    2.013956] VFS: Mounted root (ext4 filesystem) on device 179:9.\r\n'
b'[    2.020638] devtmpfs: mounted\r\n'
b'[    2.023821] Freeing unused kernel memory: 320K\r\n'
b'[    2.137197] EXT4-fs (mmcblk0p9): re-mounted. Opts: errors=remount-ro,data=ordered\r\n'
b'net.core.wmem_default = 524288\r\n'
b'net.core.wmem_max = 1048576\r\n'
b'vm.laptop_mode = 0\r\n'
b'vm.min_free_kbytes = 8192\r\n'
b'vm.vfs_cache_pressure = 160\r\n'
b'vm.dirty_expire_centisecs = 600\r\n'
b'vm.dirty_writeback_centisecs = 200\r\n'
b'vm.dirty_ratio = 3\r\n'
b'vm.dirty_background_ratio = 3\r\n'
b'[    2.257363] i2c /dev entries driver\r\n'
b'[    2.269116] ambarella-spi e0011000.spi: Ambarella spi controller 0 created.\r\r\n'
b'[    2.324063] ambcma: loading out-of-tree module taints kernel.\r\n'
b'[    2.330902] platform iav:ambcma: assigned reserved memory node iav@0x40000000\r\n'
b"[    2.629516] imgproc: module license 'Proprietary' taints kernel.\r\n"
b'[    2.635545] Disabling lock debugging due to kernel taint\r\n'
b'[    2.816857] amba_debug_init 247:0.\r\n'
b'Populating cv22_bmap using udev: Starting version v242-1.amba\r\n'
b'Done\r\n'
b'Loading CV22 private driver: [    3.128282] pps_core: LinuxPPS API ver. 1 registered\r\n'
b'[    3.133688] pps_core: Software ver. 5.3.6 - Copyright 2005-2007 Rodolfo Giometti <giometti@linux.it>\r\n'
b'[    3.149794] pps pps0: new PPS source pps.-1\r\n'
b'[    3.154067] pps pps0: Registered IRQ 52 as PPS source\r\n'
b'[    3.203460] libphy: Fixed MDIO Bus: probed\r\n'
b'[    3.341598] libphy: Ambarella MDIO Bus: probed\r\n'
b'[    3.349605] rtl9000_probe id 1c\r\n'
b'[    3.352818] rtl9000_probe id cb00\r\n'
b'[    3.357016] ambarella-eth e000e000.ethernet: Enhance Ethernet PHY[0]: 0x001ccb00!\r\n'
b'[    3.365932] ambarella-eth e000e000.ethernet: CONFIG_PTP_1588_CLOCK is not set\r\n'
b'[    3.373280] ambarella-eth e000e000.ethernet: MAC Address[0a:75:32:2d:e1:6c].\r\n'
b'modprobe: FATAL: Module ambarella_sd not found in directory /lib/modules/4.14.181\r\n'
b'modprobe: FATAL: Module mmc_block not found in directory /lib/modules/4.14.181\r\n'
b'[    3.450187] usbcore: registered new interface driver usbfs\r\n'
b'[    3.456690] usbcore: registered new interface driver hub\r\n'
b'[    3.462236] usbcore: registered new device driver usb\r\n'
b"[    3.482497] ehci_hcd: USB 2.0 'Enhanced' Host Controller (EHCI) Driver\r\n"
b'[    3.499746] ehci-ambarella: AMBARELLA-EHCI Host Controller driver\r\n'
b'[    3.506140] ambarella-ehci e001f000.ehci: EHCI Host Controller\r\n'
b'[    3.512000] ambarella-ehci e001f000.ehci: new USB bus registered, assigned bus number 1\r\n'
b'[    3.520961] ambarella-ehci e001f000.ehci: irq 26, io mem 0xe001f000\r\n'
b'[    3.533600] ambarella-ehci e001f000.ehci: USB 2.0 started, EHCI 1.00\r\n'
b'[    3.540839] usb usb1: New USB device found, idVendor=1d6b, idProduct=0002\r\n'
b'[    3.547806] usb usb1: New USB device strings: Mfr=3, Product=2, SerialNumber=1\r\n'
b'[    3.555131] usb usb1: Product: EHCI Host Controller\r\n'
b'[    3.555168] EXT4-fs (mmcblk0p7): Unrecognized mount option "flush" or missing value\r\n'
b'[    3.560082] usb usb1: Manufacturer: Linux 4.14.181 ehci_hcd\r\n'
b'[    3.573586] usb usb1: SerialNumber: AmbUSB\r\n'
b'[    3.578245] hub 1-0:1.0: USB hub found\r\n'
b'[    3.582059] hub 1-0:1.0: 1 port detected\r\n'
b'[    3.595438] EXT4-fs (mmcblk0p8): Unrecognized mount option "flush" or missing value\r\n'
b"[    3.596588] ohci_hcd: USB 1.1 'Open' Host Controller (OHCI) Driver\r\n"
b'[    3.609547] ambarella-ohci e001e000.ohci: Ambarella OHCI\r\n'
b'[    3.614909] ambarella-ohci e001e000.ohci: new USB bus registered, assigned bus number 2\r\n'
b'[    3.622999] ambarella-ohci e001e000.ohci: irq 25, io mem 0xe001e000\r\n'
b'[    3.664015] FAT-fs (mmcblk1p1): Volume was not properly unmounted. Some data may be corrupt. Please run fsck.\r\n'
b'[    3.685758] usb usb2: New USB device found, idVendor=1d6b, idProduct=0001\r\n'
b'[    3.693253] usb usb2: New USB device strings: Mfr=3, Product=2, SerialNumber=1\r\n'
b'[    3.700465] usb usb2: Product: Ambarella OHCI\r\n'
b'[    3.704817] usb usb2: Manufacturer: Linux 4.14.181 ohci_hcd\r\n'
b'[    3.710379] usb usb2: SerialNumber: AmbUSB\r\n'
b'[    3.714972] hub 2-0:1.0: USB hub found\r\n'
b'[    3.718746] hub 2-0:1.0: 1 port detected\r\n'
b'[    3.733647] ambarella-udc e0006000.udc: ambarella_udc: version 21 Jan 2016\r\n'
b'[    3.768328] using random self ethernet address\r\n'
b'[    3.772800] using random host ethernet address\r\n'
b'[    3.777665] usb0: HOST MAC ba:56:9c:41:42:1a\r\n'
b'[    3.781997] usb0: MAC a6:1c:4d:4b:32:9d\r\n'
b'[    3.785866] using random self ethernet address\r\n'
b'[    3.790301] using random host ethernet address\r\n'
b'[    3.794801] g_ether gadget: Ethernet Gadget, version: Memorial Day 2008\r\n'
b'[    3.801411] g_ether gadget: g_ether ready\r\n'
b'Install Auido...\r\n'
b'OK!\r\n'
b'Initializing random number generator... [    3.864443] random: dd: uninitialized urandom read (512 bytes read)\r\n'
b'done.\r\n'
b'run /usr/beantechs/bin/dlt-daemonstart successful\r\n'
b'/usr/beantechs/bin:/usr/untouch/bin:/usr/beantechs/unit_test:/bin:/sbin:/usr/bin:/usr/sbin:/usr/bin/X11:/usr/local/bin:/usr/local/sbin\r\n'
b'[    3.928293] ambhdmi e000b000.hdmi: Ambarella hdmi controller version:2.0 \r\n'
b'Init without VIN drivers...\r\n'
b'Default init without lens driver\r\n'
b'Use default settings\r\n'
b'map_size = 0x500000, nr_item = 4\r\n'
b'addr_offset = 0x00000000, filename = orccode.bin\r\n'
b'addr_offset = 0x00300000, filename = orcme.bin\r\n'
b'addr_offset = 0x003a0000, filename = orcmdxf.bin\r\n'
b'addr_offset = 0x003e0000, filename = default_binary.bin\r\n'
b'mmap returns 0x7fb0948000\r\n'
b'loading /lib/firmware/orccode.bin...addr = 0x7fb0948000, size = 0x206bbf\r\n'
b'loading /lib/firmware/orcme.bin...addr = 0x7fb0c48000, size = 0x42894\r\n'
b'loading /lib/firmware/orcmdxf.bin...addr = 0x7fb0ce8000, size = 0x28ed0\r\n'
b'loading /lib/firmware/default_binary.bin...addr = 0x7fb0d28000, size = 0x6bf84\r\n'
b'===============================================\r\n'
b'ucode (CV22) version = 2020/5/25 288664.288656\r\n'
b'===============================================\r\n'
b'[    4.218580] -------------------ambrg_hw_reset---id:1,ambrg->rst_gpio[0]:51!\r\n'
b'[    5.394578] -------------------ambrg_hw_reset---id:1,ambrg->rst_gpio[0]:51!\r\n'
b'[    6.570593] -------------------ambrg_hw_reset---id:1,ambrg->rst_gpio[0]:51!\r\n'
b'[    7.746578] -------------------ambrg_hw_reset---id:1,ambrg->rst_gpio[0]:51!\r\n'
b'[    8.923579] -------------------ambrg_hw_reset---id:1,ambrg->rst_gpio[0]:51!\r\n'
b'[    9.963802] random: crng init done\r\n'
b'[   10.098579] -------------------ambrg_hw_reset---id:1,ambrg->rst_gpio[0]:51!\r\n'
b"modprobe: ERROR: could not insert 'ov2775_mipi_brg': Input/output error\r\n"
b'[   11.267193] vco = 432000000, 24000000, 1, 18, 1\r\n'
b'[   11.324578] -------------------ambrg_hw_reset---id:0,ambrg->rst_gpio[0]:35!\r\n'
b'[   11.343580] -------------------ambarella_set_vsync_gpio116_alt1\r\n'
b'[   12.401577] -------------------ambrg_hw_reset---id:0,ambrg->rst_gpio[0]:35!\r\n'
b'[   12.419580] -------------------ambarella_set_vsync_gpio116_alt1\r\n'
b'[   13.477577] -------------------ambrg_hw_reset---id:0,ambrg->rst_gpio[0]:35!\r\n'
b'[   13.495580] -------------------ambarella_set_vsync_gpio116_alt1\r\n'
b'[   14.553576] -------------------ambrg_hw_reset---id:0,ambrg->rst_gpio[0]:35!\r\n'
b'[   14.571578] -------------------ambarella_set_vsync_gpio116_alt1\r\n'
b'[   15.628577] -------------------ambrg_hw_reset---id:0,ambrg->rst_gpio[0]:35!\r\n'
b'[   15.647580] -------------------ambarella_set_vsync_gpio116_alt1\r\n'
b'[   16.705577] -------------------ambrg_hw_reset---id:0,ambrg->rst_gpio[0]:35!\r\n'
b'[   16.724580] -------------------ambarella_set_vsync_gpio116_alt1\r\n'
b"modprobe: ERROR: could not insert 'ov2311_mipi_brg': Input/output error\r\n"
b'[   17.771390] cavalry sub_scheduler0: assigned reserved memory node cavalry@0x60000000\r\n'
b'map_cavalry: phys: 0x60400000, virt: 0x7fbad77000, total size: 0x100000\r\n'
b'Cavalry Ucode Version = CV22-Ver.84-20200509-58b[   17.799810] vco = 384000000, 24000000, 1, 16, 1\r\n'
b'2ac3f-hl_fw.00000001\r\n'
b'[   17.810582] vco = 1512000000, 24000000, 1, 63, 1\r\n'
b'[   17.827586] ambarella-i2c e400a000.i2c: No ACK from address 0xb4, 0:0!\r\n'
b'Start app: \r\n'
b'[   17.835067] ambarella-i2c e400a000.i2c: No ACK from address 0xb4, 0:0!\r\n'
b'[   17.843151] ambarella-i2c e400a000.i2c: No ACK from address 0xb4, 0:0!\r\n'
b'found blkid\r\n'
b'[   17.850600] ambarella-i2c e400a000.i2c: No ACK from address 0xb4, 0:0!\r\n'
b'found df\r\n'
b'[   17.858234] ambarella-i2c e400a000.i2c: No ACK from address 0xb4, 0:0!\r\n'
b'[   17.866130] ambarella-i2c e400a000.i2c: No ACK from address 0xb4, 0:0!\r\n'
b'[   17.873632] ambarella-i2c e400a000.i2c: No ACK from address 0xb4, 0:0!\r\n'
b'[   17.881212] ambarella-i2c e400a000.i2c: No ACK from address 0xb4, 0:0!\r\n'
b'[   17.888702] ambarella-i2c e400a000.i2c: No ACK from address 0xb4, 0:0!\r\n'
b'[   17.896141] ambarella-i2c e400a000.i2c: No ACK from address 0xb4, 0:0!\r\n'
b'[   17.903576] ambarella-i2c e400a000.i2c: No ACK from address 0xb4, 0:0!\r\n'
b'[   17.911003] ambarella-i2c e400a000.i2c: No ACK from address 0xb4, 0:0!\r\n'
b'[   17.918433] ambarella-i2c e400a000.i2c: No ACK from address 0xb4, 0:0!\r\n'
b'[   17.926387] asoc-simple-card sound: ak4637-aif <-> e000d000.i2s mapping ok\r\n'
b'[   17.934306] ambarella-i2c e400a000.i2c: No ACK from address 0xb4, 0:0!\r\n'
b'[   17.940529] EXT4-fs (mmcblk0p7): mounted filesystem with ordered data mode. Opts: (null)\r\n'
b'[   17.949712] ambarella-i2c e400a000.i2c: No ACK from address 0xb4, 0:0!\r\n'
b'[   17.957219] ambarella-i2c e400a000.i2c: No ACK from address 0xb4, 0:0!\r\n'
b'[   17.964655] ambarella-i2c e400a000.i2c: No ACK from address 0xb4, 0:0!\r\n'
b'[   17.972169] ambarella-i2c e400a000.i2c: No ACK from address 0xb4, 0:0!\r\n'
b'[   17.979638] ambarella-i2c e400a000.i2c: No ACK from address 0xb4, 0:0!\r\n'
b'[   17.987128] ambarella-i2c e400a000.i2c: No ACK from address 0xb4, 0:0!\r\n'
b'[   17.994629] ambarella-i2c e400a000.i2c: No ACK from address 0xb4, 0:0!\r\n'
b'[   18.000379] EXT4-fs (mmcblk0p8): mounted filesystem with ordered data mode. Opts: (null)\r\n'
b'[   18.010219] ambarella-i2c e400a000.i2c: No ACK from address 0xb4, 0:0!\r\n'
b'[   18.017850] ambarella-i2c e400a000.i2c: No ACK from address 0xb4, 0:0!\r\n'
b'[   18.083694] EXT4-fs (mmcblk0p11): mounted filesystem with ordered data mode. Opts: (null)\r\n'
b'[   18.095089] ambarella-i2c e400a000.i2c: No ACK from address 0xb4, 0:0!\r\n'
b'[   18.102726] ambarella-i2c e400a000.i2c: No ACK from address 0xb4, 0:0!\r\n'
b'[   18.110432] ambarella-i2c e400a000.i2c: No ACK from address 0xb4, 0:0!\r\n'
b'[   18.118091] ambarella-i2c e400a000.i2c: No ACK from address 0xb4, 0:0!\r\n'
b'[   18.125698] ambarella-i2c e400a000.i2c: No ACK from address 0xb4, 0:0!\r\n'
b'[   18.133323] ambarella-i2c e400a000.i2c: No ACK from address 0xb4, 0:0!\r\n'
b'[   18.140851] ambarella-i2c e400a000.i2c: No ACK from address 0xb4, 0:0!\r\n'
b'[   18.148399] ambarella-i2c e400a000.i2c: No ACK from address 0xb4, 0:0!\r\n'
b'[   18.155920] ambarella-i2c e400a000.i2c: No ACK from address 0xb4, 0:0!\r\n'
b'[   18.163456] ambarella-i2c e400a000.i2c: No ACK from address 0xb4, 0:0!\r\n'
b'[   18.171030] ambarella-i2c e400a000.i2c: No ACK from address 0xb4, 0:0!\r\n'
b'[   18.178522] ambarella-i2c e400a000.i2c: No ACK from address 0xb4, 0:0!\r\n'
b'[   18.186009] ambarella-i2c e400a000.i2c: No ACK from address 0xb4, 0:0!\r\n'
b'[   18.193546] ambarella-i2c e400a000.i2c: No ACK from address 0xb4, 0:0!\r\n'
b'[   18.201378] ambarella-i2c e400a000.i2c: No ACK from address 0xb4, 0:0!\r\n'
b'[   18.208025] EXT4-fs (mmcblk0p10): mounted filesystem with ordered data mode. Opts: (null)\r\n'
b'[   18.208964] ambarella-i2c e400a000.i2c: No ACK from address 0xb4, 0:0!\r\n'
b'[   18.223764] ambarella-i2c e400a000.i2c: No ACK from address 0xb4, 0:0!\r\n'
b'[   18.231262] ambarella-i2c e400a000.i2c: No ACK from address 0xb4, 0:0!\r\n'
b'[   18.238756] ambarella-i2c e400a000.i2c: No ACK from address 0xb4, 0:0!\r\n'
b'[   18.246267] ambarella-i2c e400a000.i2c: No ACK from address 0xb4, 0:0!\r\n'
b'[   18.253813] ambarella-i2c e400a000.i2c: No ACK from address 0xb4, 0:0!\r\n'
b'[   18.261473] ambarella-i2c e400a000.i2c: No ACK from address 0xb4, 0:0!\r\n'
b'[   18.268980] EXT4-fs (mmcblk0p12): mounted filesystem with ordered data mode. Opts: (null)\r\n'
b'[   18.269066] ambarella-i2c e400a000.i2c: No ACK from address 0xb4, 0:0!\r\n'
b'Start app: \r\n'
b'OK!\r\n'
b'[   18.285051] ambarella-i2c e400a000.i2c: No ACK from address 0xb4, 0:0!\r\n'
b'Starting network...\r\n'
b'[   18.292786] ambarella-i2c e400a000.i2c: No ACK from address 0xb4, 0:0!\r\n'
b'[   18.300123] ak4637 2-005a: ASoC: SPKLO Mixer DAPM update failed: -16\r\n'
b'[   18.307653] ambarella-i2c e400a000.i2c: No ACK from address 0xb4, 0:0!\r\n'
b'[   18.315144] ambarella-i2c e400a000.i2c: No ACK from address 0xb4, 0:0!\r\n'
b'[   18.321669] ak4637 2-005a: ASoC: SPKLO MUX DAPM update failed: -16\r\n'
b'[   18.328929] ambarella-i2c e400a000.i2c: No ACK from address 0xb4, 0:0!\r\n'
b'[   18.335456] ak4637 2-005a: ASoC: PFSDO MUX DAPM update failed: -16\r\n'
b'[   18.342613] ambarella-i2c e400a000.i2c: No ACK from address 0xb4, 0:0!\r\n'
b'[   18.350090] ambarella-i2c e400a000.i2c: No ACK from address 0xb4, 0:0!\r\n'
b'[   18.356614] ak4637 2-005a: ASoC: PFIL MUX DAPM update failed: -16\r\n'
b'[   18.364032] ambarella-i2c e400a000.i2c: No ACK from address 0xb4, 0:0!\r\n'
b'[   18.371510] ambarella-i2c e400a000.i2c: No ACK from address 0xb4, 0:0!\r\n'
b'[   18.378033] ak4637 2-005a: ASoC: MIC MUX DAPM update failed: -16\r\n'
b'[InstanceSpecifier] size= 17: service/osdServer\r\n'
b'SupervisedEntity sv_specifier_:service/osdServer, len:17\r\n'
b'the open the file is successful,fd=5.\r\n'
b'read 16 Byte\r\n'
b'write successful 16\r\n'
b'name:plf_health_mgmt\r\n'
b'~ClassPointer\r\n'
b'get msg id 0\r\n'
b'the open the file is successful,fd=5.\r\n'
b'~InstanceSpecifier\r\n'
b'Configure file path[/usr/beantechs/etc/oryx]\r\n'
b'[InstanceSpecifier] size= 21: service/monitorServer\r\n'
b'SupervisedEntity sv_specifier_:service/monitorServer, len:21\r\n'
b'the open the file is successful,fd=5.\r\n'
b'read 16 Byte\r\n'
b'write successful 16\r\n'
b'name:plf_health_mgmt\r\n'
b'~ClassPointer\r\n'
b'get msg id 0\r\n'
b'the open the file is successful,fd=5.\r\n'
b'~InstanceSpecifier\r\n'
b'/usr/beantechs/etc//system.xml\r\n'
b'monitor print_type == 0\r\n'
b'the open the file is successful,fd=6.\r\n'
b'read 16 Byte\r\n'
b'msg queue name[1]: mediaServer\r\n'
b'msg queue name[2]: cvServer\r\n'
b'msg queue name[3]: recoderServer\r\n'
b'msg queue name[4]: osdServer\r\n'
b'msg queue name[5]: monitorServer\r\n'
b'write successful 75\r\n'
b'name:plf_health_mgmt\r\n'
b'name:mediaServer\r\n'
b'name:cvServer\r\n'
b'name:recoderServer\r\n'
b'name:osdServer\r\n'
b'name:monitorServer\r\n'
b'~ClassPointer\r\n'
b'get msg id 0\r\n'
b'creat msg id 32769\r\n'
b'creat msg id 65538\r\n'
b'creat msg id 98307\r\n'
b'creat msg id 131076\r\n'
b'creat msg id 163845\r\n'
b'the open the file is successful,fd=6.\r\n'
b'\x1b[1;37mConnection established with kernel.\x1b[0m\r\n'
b'[InstanceSpecifier] size= 18: exe0/TestLibphmApp\r\n'
b'HealthChannel sv_specifier_:exe0/TestLibphmApp, len:18\r\n'
b'the open the file is successful,fd=7.\r\n'
b'read 75 Byte\r\n'
b'write successful 75\r\n'
b'name:plf_health_mgmt\r\n'
b'name:mediaServer\r\n'
b'name:cvServer\r\n'
b'name:recoderServer\r\n'
b'name:osdServer\r\n'
b'name:monitorServer\r\n'
b'~ClassPointer\r\n'
b'get msg id 0\r\n'
b'get msg id 32769\r\n'
b'get msg id 65538\r\n'
b'get msg id 98307\r\n'
b'get msg id 131076\r\n'
b'get msg id 163845\r\n'
b'the open the file is successful,fd=7.\r\n'
b'~InstanceSpecifier\r\n'
b'[\x1b[1;31m ERROR\x1b[0m]\x1b[36m[\x1b[0m\x1b[1;37m 846\x1b[0m\x1b[36m: am_platform_iav5.cpp: sensor_info_get()]: \x1b[0m\x1b[31mIAV_IOC_VIN_GET_DEVINFO: No such device\x1b[0m\r\n'
b'[\x1b[1;31m ERROR\x1b[0m]\x1b[36m[\x1b[0m\x1b[1;37m 111\x1b[0m\x1b[36m: am_vin_control.cpp: create_vin_devices()]: \x1b[0m\x1b[31mFaild to get VIN[0] info!\x1b[0m\r\n'
b'[\x1b[1;31m ERROR\x1b[0m]\x1b[36m[\x1b[0m\x1b[1;37m 846\x1b[0m\x1b[36m: am_platform_iav5.cpp: sensor_info_get()]: \x1b[0m\x1b[31mIAV_IOC_VIN_GET_DEVINFO: No such device\x1b[0m\r\n'
b'[\x1b[1;31m ERROR\x1b[0m]\x1b[36m[\x1b[0m\x1b[1;37m 111\x1b[0m\x1b[36m: am_vin_control.cpp: create_vin_devices()]: \x1b[0m\x1b[31mFaild to get VIN[1] info!\x1b[0m\r\n'
b'[\x1b[1;31m ERROR\x1b[0m]\x1b[36m[\x1b[0m\x1b[1;37m 846\x1b[0m\x1b[36m: am_platform_iav5.cpp: sensor_info_get()]: \x1b[0m\x1b[31mIAV_IOC_VIN_GET_DEVINFO: No such device\x1b[0m\r\n'
b'[\x1b[1;31m ERROR\x1b[0m]\x1b[36m[\x1b[0m\x1b[1;37m 111\x1b[0m\x1b[36m: am_vin_control.cpp: create_vin_devices()]: \x1b[0m\x1b[31mFaild to get VIN[2] info!\x1b[0m\r\n'
b'[\x1b[1;31m ERROR\x1b[0m]\x1b[36m[\x1b[0m\x1b[1;37m 132\x1b[0m\x1b[36m: am_vin_control.cpp: create_vin_devices()]: \x1b[0m\x1b[31mNo Vin Enabled!\x1b[0m\r\n'
b'[\x1b[1;31m ERROR\x1b[0m]\x1b[36m[\x1b[0m\x1b[1;37m 132\x1b[0m\x1b[36m: am_encode_device.cpp: init()]: \x1b[0m\x1b[31mFailed to create vin devices!\x1b[0m\r\n'
b'[\x1b[1;31m ERROR\x1b[0m]\x1b[36m[\x1b[0m\x1b[1;37m 118\x1b[0m\x1b[36m: am_video_camera.cpp: init()]: \x1b[0m\x1b[31mFailed to create AMEncodeDevice!\x1b[0m\r\n'
b'\x1b[1m\x1b[45;33m [ERROR]:\x1b[0mVideoService get instance failed\r\n'
b'\r\n'
b'\x1b[1m\x1b[45;33m [ERROR]:\x1b[0mCreate instance failed!!!!\r\n'
b'\x1b[1m\x1b[45;33m [ERROR]:\x1b[0mGet oryx modules instance failed!\r\n'
b'\r\n'
b'[\x1b[1;31m ERROR\x1b[0m]\x1b[36m[\x1b[0m\x1b[1;37m  74\x1b[0m\x1b[36m: am_signal_unwind.cpp: void critical_error_handler()]: \x1b[0m\x1b[31mCaught signal "Segmentation fault(11)", accessing address(           (nil)) from 0x000055603d9a80!\x1b[0m\r\n'
b'[\x1b[1;31m ERROR\x1b[0m]\x1b[36m[\x1b[0m\x1b[1;37m  75\x1b[0m\x1b[36m: am_signal_unwind.cpp: void critical_error_handler()]: \x1b[0m\x1b[31mRegister dump:\x1b[0m\r\n'
b'[\x1b[1;31m ERROR\x1b[0m]\x1b[36m[\x1b[0m\x1b[1;37m  78\x1b[0m\x1b[36m: am_signal_unwind.cpp: void critical_error_handler()]: \x1b[0m\x1b[31mReg[ 0]: 0x0000000000000000\x1b[0m\r\n'
b'[\x1b[1;31m ERROR\x1b[0m]\x1b[36m[\x1b[0m\x1b[1;37m  78\x1b[0m\x1b[36m: am_signal_unwind.cpp: void critical_error_handler()]: \x1b[0m\x1b[31mReg[ 1]: 0x0000007fc6198830\x1b[0m\r\n'
b'[\x1b[1;31m ERROR\x1b[0m]\x1b[36m[\x1b[0m\x1b[1;37m  78\x1b[0m\x1b[36m: am_signal_unwind.cpp: void critical_error_handler()]: \x1b[0m\x1b[31mReg[ 2]: 0x0000007fc6198850\x1b[0m\r\n'
b'[\x1b[1;31m ERROR\x1b[0m]\x1b[36m[\x1b[0m\x1b[1;37m  78\x1b[0m\x1b[36m: am_signal_unwind.cpp: void critical_error_handler()]: \x1b[0m\x1b[31mReg[ 3]: 0x0000000000000000\x1b[0m\r\n'
b'[\x1b[1;31m ERROR\x1b[0m]\x1b[36m[\x1b[0m\x1b[1;37m  78\x1b[0m\x1b[36m: am_signal_unwind.cpp: void critical_error_handler()]: \x1b[0m\x1b[31mReg[ 4]: 0x0000007fc6198958\x1b[0m\r\n'
b'[\x1b[1;31m ERROR\x1b[0m]\x1b[36m[\x1b[0m\x1b[1;37m  78\x1b[0m\x1b[36m: am_signal_unwind.cpp: void critical_error_handler()]: \x1b[0m\x1b[31mReg[ 5]: 0x0000000000000004\x1b[0m\r\n'
b'[\x1b[1;31m ERROR\x1b[0m]\x1b[36m[\x1b[0m\x1b[1;37m  78\x1b[0m\x1b[36m: am_signal_unwind.cpp: void critical_error_handler()]: \x1b[0m\x1b[31mReg[ 6]: 0x0000000000000009\x1b[0m\r\n'
b'[InstanceSpecifier] size= 24: untouch/dms_msg_receiver\r\n'
b'[\x1b[1;31m ERROR\x1b[0m]\x1b[36m[\x1b[0m\x1b[1;37m  78\x1b[0m\x1b[36m: am_signal_unwind.cpp: void critical_error_handler()]: \x1b[0m\x1b[31mReg[ 7]: 0x000000000000000a\x1b[0m\r\n'
b'[\x1b[1;31m ERROR\x1b[0m]\x1b[36m[\x1b[0m\x1b[1;37m  78\x1b[0m\x1b[36m: am_signal_unwind.cpp: void critical_error_handler()]: \x1b[0m\x1b[31mReg[ 8]: 0x0000000000000040\x1b[0m\r\n'
b'[\x1b[1;31m ERROR\x1b[0m]\x1b[36m[\x1b[0m\x1b[1;37m  78\x1b[0m\x1b[36m: am_signal_unwind.cpp: void critical_error_handler()]: \x1b[0m\x1b[31mReg[ 9]: 0x64656c6961662065\x1b[0m\r\n'
b'[\x1b[1;31m ERROR\x1b[0m]\x1b[36m[\x1b[0m\x1b[1;37m  78\x1b[0m\x1b[36m: am_signal_unwind.cpp: void critical_error_handler()]: \x1b[0m\x1b[31mReg[10]: 0x6d207879726f2074\x1b[0m\r\n'
b'[\x1b[1;31m ERROR\x1b[0m]\x1b[36m[\x1b[0m\x1b[1;37m  78\x1b[0m\x1b[36m: am_signal_unwind.cpp: void critical_error_handler()]: \x1b[0m\x1b[31mReg[11]: 0x692073656c75646f\x1b[0m\r\n'
b'SupervisedEntity sv_specifier_:untouch/dms_msg_receiver, len:24\r\n'
b'[\x1b[1;31m ERROR\x1b[0m]\x1b[36m[\x1b[0m\x1b[1;37m  78\x1b[0m\x1b[36m: am_signal_unwind.cpp: void critical_error_handler()]: \x1b[0m\x1b[31mReg[12]: 0x2065636e6174736e\x1b[0m\r\n'
b'[\x1b[1;31m ERROR\x1b[0m]\x1b[36m[\x1b[0m\x1b[1;37m  78\x1b[0m\x1b[36m: am_signal_unwind.cpp: void critical_error_handler()]: \x1b[0m\x1b[31mReg[13]: 0x0a2164656c696166\x1b[0m\r\n'
b'[\x1b[1;31m ERROR\x1b[0m]\x1b[36m[\x1b[0m\x1b[1;37m  78\x1b[0m\x1b[36m: am_signal_unwind.cpp: void critical_error_handler()]: \x1b[0m\x1b[31mReg[14]: 0x0000000000000000\x1b[0m\r\n'
b'[\x1b[1;31m ERROR\x1b[0m]\x1b[36m[\x1b[0m\x1b[1;37m  78\x1b[0m\x1b[36m: am_signal_unwind.cpp: void critical_error_handler()]: \x1b[0m\x1b[31mReg[15]: 0x000000000000070b\x1b[0m\r\n'
b'the open the file is successful,fd=3.\r\n'
b'[\x1b[1;31m ERROR\x1b[0m]\x1b[36m[\x1b[0m\x1b[1;37m  78\x1b[0m\x1b[36m: am_signal_unwind.cpp: void critical_error_handler()]: \x1b[0m\x1b[31mReg[16]: 0x00000055603fa098\x1b[0m\r\n'
b'read 154 Byte\r\n'
b'[\x1b[1;31m ERROR\x1b[0m]\x1b[36m[\x1b[0m\x1b[1;37m  78\x1b[0m\x1b[36m: am_signal_unwind.cpp: void critical_error_handler()]: \x1b[0m\x1b[31mReg[17]: 0x0000007f99d3cac0\x1b[0m\r\n'
b'[\x1b[1;31m ERROR\x1b[0m]\x1b[36m[\x1b[0m\x1b[1;37m  78\x1b[0m\x1b[36m: am_signal_unwind.cpp: void critical_error_handler()]: \x1b[0m\x1b[31mReg[18]: 0x000000000000002f\x1b[0m\r\n'
b'write successful 154\r\n'
b'name:plf_health_mgmt\r\n'
b'[\x1b[1;31m ERROR\x1b[0m]\x1b[36m[\x1b[0m\x1b[1;37m  78\x1b[0m\x1b[36m: am_signal_unwind.cpp: void critical_error_handler()]: \x1b[0m\x1b[31mReg[19]: 0x0000007fc6198830\x1b[0m\r\n'
b'name:mediaServer\r\n'
b'name:cvServer\r\n'
b'[\x1b[1;31m ERROR\x1b[0m]\x1b[36m[\x1b[0m\x1b[1;37m  78\x1b[0m\x1b[36m: am_signal_unwind.cpp: void critical_error_handler()]: \x1b[0m\x1b[31mReg[20]: 0x00000055603f9000\x1b[0m\r\n'
b'[\x1b[1;31m ERROR\x1b[0m]\x1b[36m[\x1b[0m\x1b[1;37m  78\x1b[0m\x1b[36m: am_signal_unwind.cpp: void critical_error_handler()]: \x1b[0m\x1b[31mReg[21]: 0x0000007fc6198a50\x1b[0m\r\n'
b'name:recoderServer\r\n'
b'[\x1b[1;31m ERROR\x1b[0m]\x1b[36m[\x1b[0m\x1b[1;37m  78\x1b[0m\x1b[36m: am_signal_unwind.cpp: void critical_error_handler()]: \x1b[0m\x1b[31mReg[22]: 0x0000007fc6198850\x1b[0m\r\n'
b'name:osdServer\r\n'
b'name:monitorServer\r\n'
b'[\x1b[1;31m ERROR\x1b[0m]\x1b[36m[\x1b[0m\x1b[1;37m  78\x1b[0m\x1b[36m: am_signal_unwind.cpp: void critical_error_handler()]: \x1b[0m\x1b[31mReg[23]: 0x00000055603f9000\x1b[0m\r\n'
b'name:V2cloudStub\r\n'
b'name:data_distribution\r\n'
b'[\x1b[1;31m ERROR\x1b[0m]\x1b[36m[\x1b[0m\x1b[1;37m  78\x1b[0m\x1b[36m: am_signal_unwind.cpp: void critical_error_handler()]: \x1b[0m\x1b[31mReg[24]: 0x0000007fc61989e8\x1b[0m\r\n'
b'name:data_integration\r\n'
b'name:phm\r\n'
b'[\x1b[1;31m ERROR\x1b[0m]\x1b[36m[\x1b[0m\x1b[1;37m  78\x1b[0m\x1b[36m: am_signal_unwind.cpp: void critical_error_handler()]: \x1b[0m\x1b[31mReg[25]: 0x0000007fc61989c0\x1b[0m\r\n'
b'name:gps_service\r\n'
b'name:test_gps_client\r\n'
b'[\x1b[1;31m ERROR\x1b[0m]\x1b[36m[\x1b[0m\x1b[1;37m  78\x1b[0m\x1b[36m: am_signal_unwind.cpp: void critical_error_handler()]: \x1b[0m\x1b[31m[   19.431912] ambarella-i2c e400a000.i2c: No ACK from address 0xb4, 0:0!\r\n'
b'Reg[26]: 0x0000000000000000\x1b[0m\r\n'
b'~ClassPointer\r\n'
b'[\x1b[1;31m ERROR\x1b[0m]\x1b[36m[\x1b[0m\x1b[1;37m  78\x1b[0m\x1b[36m: am_signal_unwind.cpp: void critical_error_han[   19.450947] ambarella-i2c e400a000.i2c: No ACK from address 0xb4, 0:0!\r\n'
b'dler()]: \x1b[0m\x1b[3[   19.458628] ambarella-i2c e400a000.i2c: No ACK from address 0xb4, 0:0!\r\n'
b'1mReg[27]: 0x000[   19.466501] ambarella-i2c e400a000.i2c: No ACK from address 0xb4, 0:0!\r\n'
b'00055840adf70\x1b[0[   19.474401] ambarella-i2c e400a000.i2c: No ACK from address 0xb4, 0:0!\r\n'
b'm\r\n'
b'get msg id 0\r\n'
b'get msg id 32769\r\n'
b'get msg id 65[   19.484821] ambarella-i2c e400a000.i2c: No ACK from address 0xb4, 0:0!\r\n'
b'538\r\n'
b'[\x1b[1;31m ER[   19.493005] ambarella-i2c e400a000.i2c: No ACK from address 0xb4, 0:0!\r\n'
b'ROR\x1b[0m]\x1b[36m[\x1b[[   19.500960] ambarella-i2c e400a000.i2c: No ACK from address 0xb4, 0:0!\r\n'
b'0m\x1b[1;37m  78\x1b[0[   19.508851] ambarella-i2c e400a000.i2c: No ACK from address 0xb4, 0:0!\r\n'
b'm\x1b[36m: am_signal_unwind.cpp: void critical_error_handler()]: \x1b[0m\x1b[31mReg[28]: 0x00000[   19.517614] ambarella-i2c e400a000.i2c: No ACK from address 0xb4, 0:0!\r\n'
b'00000000000\x1b[0m\r\n'
b'get msg id 98307\r\n'
b'get msg id 131076\r\n'
b'get msg id 163845\r\n'
b'[\x1b[1;31m[   19.531169] ambarella-i2c e400a000.i2c: No ACK from address 0xb4, 0:0!\r\n'
b' ERROR\x1b[0m]\x1b[36m[\x1b[0m\x1b[1;37m  78\x1b[0m\x1b[36m: am_signal_unwind.cpp: void critical[   19.544432] ambarella-i2c e400a000.i2c: No ACK from address 0xb4, 0:0!\r\n'
b'_error_handler()]: \x1b[0m\x1b[31mReg[29]: 0x0000007fc61987f0\x1b[0m\r\n'
b'[InstanceSpecifier] size= 24: untouch/oms_msg_receiver\r\n'
b'ip: RTNETLINK answers: File exists\r\n'
b'get msg id 196614\r\n'
b'get msg id 229383\r\n'
b'get msg id 262152\r\n'
b'get msg id 294921\r\n'
b'get msg id 327690\r\n'
b'get msg id 360459\r\n'
b'SupervisedEntity sv_specifier_:untouch/oms_msg_receiver, len:24\r\n'
b'the open the file is successful,fd=3.\r\n'
b'the open the file is successful,fd=3.\r\n'
b'read 222 Byte\r\n'
b'~InstanceSpecifier\r\n'
b'write successful 222\r\n'
b'name:plf_health_mgmt\r\n'
b'name:mediaServer\r\n'
b'name:cvServer\r\n'
b'name:recoderServer\r\n'
b'name:osdServer\r\n'
b'name:monitorServer\r\n'
b'name:V2cloudStub\r\n'
b'name:data_distribution\r\n'
b'name:data_integration\r\n'
b'name:phm\r\n'
b'name:gps_service\r\n'
b'name:test_gps_client\r\n'
b'name:untouch_dms_app\r\n'
b'name:receiver_dms_demo\r\n'
b'name:untouch_oms_app\r\n'
b'name:receiver_oms_demo\r\n'
b'~ClassPointer\r\n'
b'get msg id 0\r\n'
b'get msg id 32769\r\n'
b'get msg id 65538\r\n'
b'get msg id 98307\r\n'
b'get msg id 131076\r\n'
b'get msg id 163845\r\n'
b'get msg id 196614\r\n'
b'get msg id 229383\r\n'
b'get msg id 262152\r\n'
b'get msg id 294921\r\n'
b'get msg id 327690\r\n'
b'get msg id 360459\r\n'
b'get msg id 393228\r\n'
b'get msg id 425997\r\n'
b'get msg id 458766\r\n'
b'get msg id 491535\r\n'
b'the open the file is successful,fd=3.\r\n'
b'~InstanceSpecifier\r\n'
b'[\x1b[1;31m ERROR\x1b[0m]\x1b[36m[\x1b[0m\x1b[1;37m 846\x1b[0m\x1b[36m: am_platform_iav5.cpp: sensor_info_get()]: \x1b[0m\x1b[31mIAV_IOC_VIN_GET_DEVINFO: No such device\x1b[0m\r\n'
b'[\x1b[1;31m ERROR\x1b[0m]\x1b[36m[\x1b[0m\x1b[1;37m 111\x1b[0m\x1b[36m: am_vin_control.cpp: create_vin_devices()]: \x1b[0m\x1b[31mFaild to get VIN[0] info!\x1b[0m\r\n'
b'[\x1b[1;31m ERROR\x1b[0m]\x1b[36m[\x1b[0m\x1b[1;37m  78\x1b[0m\x1b[36m: am_signal_unwind.cpp: void critical_error_handler()]: \x1b[0m\x1b[31mReg[30]: 0x00000055603d9a70\x1b[0m\r\n'
b'/usr/beantechs/etc/config/dms_data_process.xml\r\n'
b'dms_data_process/message/process_oms:untouch_oms_app\r\n'
b'dms_data_process/message/process_own_oms:receiver_oms_demo\r\n'
b'dms_data_process/message/process_mcu:data_distribution\r\n'
b'dms_data_process/message/process_msvr:recoderServer\r\n'
b'dms_data_process/message/process_osd:osdServer\r\n'
b'dms_data_process/configList/log_switch:1\r\n'
b'ShareMemory is ctor!\r\n'
b'ShareMemory is get\r\n'
b'untouch_response_oms created!\r\n'
b'67104768 left for ShareMemory!\r\n'
b'the open the file is successful,fd=6.\r\n'
b'read 222 Byte\r\n'
b'/usr/beantechs/etc/config/dms_data_process.xml\r\n'
b'dms_data_process/message/process_dms:untouch_dms_app\r\n'
b'write successful 222\r\n'
b'name:plf_health_mgmt\r\n'
b'dms_data_process/message/process_own_dms:receiver_dms_demo\r\n'
b'name:mediaServer\r\n'
b'dms_data_process/message/process_mcu:data_distribution\r\n'
b'name:cvServer\r\n'
b'dms_data_process/message/process_msvr:recoderServer\r\n'
b'dms_data_process/message/process_osd:osdServer\r\n'
b'name:recoderServer\r\n'
b'dms_data_process/configList/log_switch:1\r\n'
b'name:osdServer\r\n'
b'name:monitorServer\r\n'
b'name:V2cloudStub\r\n'
b'name:data_distribution\r\n'
b'name:data_integration\r\n'
b'name:phm\r\n'
b'name:gps_service\r\n'
b'name:test_gps_client\r\n'
b'name:untouch_dms_app\r\n'
b'name:receiver_dms_demo\r\n'
b'name:untouch_oms_app\r\n'
b'ShareMemory is ctor!\r\n'
b'name:receiver_oms_demo\r\n'
b'ShareMemory is get\r\n'
b'~ClassPointer\r\n'
b'get msg id 0\r\n'
b'get msg id 32769\r\n'
b'get msg id 65538\r\n'
b'get msg id 98307\r\n'
b'get msg id 131076\r\n'
b'get msg id 163845\r\n'
b'get msg id 196614\r\n'
b'get msg id 229383\r\n'
b'untouch_response_dms created!\r\n'
b'get msg id 262152\r\n'
b'get msg id 294921\r\n'
b'67104768 left for ShareMemory!\r\n'
b'get msg id 327690\r\n'
b'get msg id 360459\r\n'
b'get msg id 393228\r\n'
b'get msg id 425997\r\n'
b'get msg id 458766\r\n'
b'get msg id 491535\r\n'
b'the open the file is successful,fd=6.\r\n'
b'the open the file is successful,fd=6.\r\n'
b'read 222 Byte\r\n'
b'write successful 222\r\n'
b'[\x1b[1;31m ERROR\x1b[0m]\x1b[36m[\x1b[0m\x1b[1;37m 157\x1b[0m\x1b[36m: am_signal_unwind.cpp: void critical_error_handler()]: \x1b[0m\x1b[31m#0 : [Function: 0x0000007f9a1b2668] sp=0x0000007fc6197570  + 0x0\x1b[0m\r\n'
b'name:plf_health_mgmt\r\n'
b'[\x1b[1;31m ERROR\x1b[0m]\x1b[36m[\x1b[0m\x1b[1;37m 846\x1b[0m\x1b[36m: am_platform_iav5.cpp: sensor_info_get()]: \x1b[0m\x1b[31mIAV_IOC_VIN_GET_DEVINFO: No such device\x1b[0m\r\n'
b'[\x1b[1;31m ERROR\x1b[0m]\x1b[36m[\x1b[0m\x1b[1;37m 111\x1b[0m\x1b[36m: am_vin_control.cpp: create_vin_devices()]: \x1b[0m\x1b[31mFaild to get VIN[1] info!\x1b[0m\r\n'
b'[\x1b[1;31m ERROR\x1b[0m]\x1b[36m[\x1b[0m\x1b[1;37m 846\x1b[0m\x1b[36m: am_platform_iav5.cpp: sensor_info_get()]: \x1b[0m\x1b[31mIAV_IOC_VIN_GET_DEVINFO: No such device\x1b[0m\r\n'
b'[\x1b[1;31m ERROR\x1b[0m]\x1b[36m[\x1b[0m\x1b[1;37m 111\x1b[0m\x1b[36m: am_vin_control.cpp: create_vin_devices()]: \x1b[0m\x1b[31mFaild to get VIN[2] info!\x1b[0m\r\n'
b'[\x1b[1;31m ERROR\x1b[0m]\x1b[36m[\x1b[0m\x1b[1;37m 132\x1b[0m\x1b[36m: am_vin_control.cpp: create_vin_devices()]: \x1b[0m\x1b[31mNo Vin Enabled!\x1b[0m\r\n'
b'[\x1b[1;31m ERROR\x1b[0m]\x1b[36m[\x1b[0m\x1b[1;37m 132\x1b[0m\x1b[36m: am_encode_device.cpp: init()]: \x1b[0m\x1b[31mFailed to create vin devices!\x1b[0m\r\n'
b'name:mediaServer\r\n'
b'name:cvServer\r\n'
b'name:recoderServer\r\n'
b'name:osdServer\r\n'
b'name:monitorServer\r\n'
b'name:V2cloudStub\r\n'
b'name:data_distribution\r\n'
b'name:data_integration\r\n'
b'name:phm\r\n'
b'name:gps_service\r\n'
b'name:test_gps_client\r\n'
b'name:untouch_dms_app\r\n'
b'name:receiver_dms_demo\r\n'
b'name:untouch_oms_app\r\n'
b'name:receiver_oms_demo\r\n'
b'[\x1b[1;31m ERROR\x1b[0m]\x1b[36m[\x1b[0m\x1b[1;37m 118\x1b[0m\x1b[36m: am_video_camera.cpp: init()]: \x1b[0m\x1b[31mFailed to create AMEncodeDevice!\x1b[0m\r\n'
b'~ClassPointer\r\n'
b'get msg id 0\r\n'
b'get msg id 32769\r\n'
b'get msg id 65538\r\n'
b'get msg id 98307\r\n'
b'get msg id 131076\r\n'
b'get msg id 163845\r\n'
b'get msg id 196614\r\n'
b'get msg id 229383\r\n'
b'get msg id 262152\r\n'
b'get msg id 294921\r\n'
b'get msg id 327690\r\n'
b'get msg id 360459\r\n'
b'get msg id 393228\r\n'
b'get msg id 425997\r\n'
b'get msg id 458766\r\n'
b'get msg id 491535\r\n'
b'the open the file is successful,fd=6.\r\n'
b'[\x1b[1;31m ERROR\x1b[0m]\x1b[36m[\x1b[0m\x1b[1;37m  74\x1b[0m\x1b[36m: am_signal_unwind.cpp: void critical_error_handler()]: \x1b[0m\x1b[31mCaught signal "Segmentation fault(11)", accessing address(           (nil)) from 0x0000557158bd30!\x1b[0m\r\n'
b'[\x1b[1;31m ERROR\x1b[0m]\x1b[36m[\x1b[0m\x1b[1;37m 142\x1b[0m\x1b[36m: am_signal_unwind.cpp: void critical_error_handler()]: \x1b[0m\x1b[31m#1 : [Function: 0x00000055603d9a80] sp=0x0000007fc61987d0 (null) !!!! BAD Address (nil)\x1b[0m\r\n'
b'ifup: interface eth0 already configured\r\n'
b'[\x1b[1;31m ERROR\x1b[0m]\x1b[36m[\x1b[0m\x1b[1;37m  75\x1b[0m\x1b[36m: am_signal_unwind.cpp: void critical_error_handler()]: \x1b[0m\x1b[31mRegister dump:\x1b[0m\r\n'
b'[\x1b[1;31m ERROR\x1b[0m]\x1b[36m[\x1b[0m\x1b[1;37m  78\x1b[0m\x1b[36m: am_signal_unwind.cpp: void critical_error_handler()]: \x1b[0m\x1b[31mReg[ 0]: 0x0000000000000000\x1b[0m\r\n'
b'[\x1b[1;31m ERROR\x1b[0m]\x1b[36m[\x1b[0m\x1b[1;37m 157\x1b[0m\x1b[36m: am_signal_unwind.cpp: void critical_error_handler()]: \x1b[0m\x1b[31m#2 : [Function: 0x00000055603d9a80] sp=0x0000007fc61987d0 std::_Sp_counted_base<(__gnu_cxx::_Lock_policy)2>::_M_release() + 0xf50\x1b[0m\r\n'
b'[\x1b[1;31m ERROR\x1b[0m]\x1b[36m[\x1b[0m\x1b[1;37m  78\x1b[0m\x1b[36m: am_signal_unwind.cpp: void critical_error_handler()]: \x1b[0m\x1b[31mReg[ 1]: 0x0000007fcf4021e0\x1b[0m\r\n'
