ÖØÆôµÚ 1 ´Î
b'\r\r\n'
b'\r\n'
b'\rWelcome to Ambarella\r\n'
b'\rAmbarella login: \r\r\n'
b'\r\n'
b'\rWelcome to Ambarella\r\n'
b'\rAmbarella login: root\r\n'
b"login[520]: root login on 'ttyS0'\r\r\n"
b'# \r\n'
b'# reboot\r\n'
b'# \rThe system is going down NOW!\r\n'
b'\rSent SIGTERM to all processes\r\n'
b'\x1b[1;37mCapture signal[15]\x1b[0m\r\n'
b'~ClassPointer\r\n'
b'~ClassPointer\r\n'
b'~ClassPointer\r\n'
b'\rSent SIGKILL to all processes\r\n'
b'\rRequesting system reboot\r\n'
b'[   43.290819] ambarella-i2c e400a000.i2c: No ACK from address 0xb4, 0:0!\r\n'
b'[   43.298268] ambarella-i2c e400a000.i2c: No ACK from address 0xb4, 0:0!\r\n'
b'[   43.305713] ambarella-i2c e400a000.i2c: No ACK from address 0xb4, 0:0!\r\n'
b'[   43.313159] ambarella-i2c e400a000.i2c: No ACK from address 0xb4, 0:0!\r\n'
b'[   43.320603] ambarella-i2c e400a000.i2c: No ACK from address 0xb4, 0:0!\r\n'
b'[   43.328061] ambarella-i2c e400a000.i2c: No ACK from address 0xb4, 0:0!\r\n'
b'[   43.335534] ambarella-i2c e400a000.i2c: No ACK from address 0xb4, 0:0!\r\n'
b'[   44.612903] ambarella-wdt ec002000.wdt: ambarella_wdt_shutdown @ 5.\r\n'
b'[   44.619228] reboot: Restarting system\r\n'
b'\x1b[4l\r\n'
b'[    0.000000] Booting Linux on physical CPU 0x0\r\n'
b'[    0.000000] Linux version 4.14.181 (bean@tbox-compile1) (gcc version 8.2.1 20180802 (Linaro GCC 8.2-2018.08~dev)) #1 SMP PREEMPT Thu Dec 10 10:13:09 CST 2020\r\n'
b'[    0.000000] Boot CPU: AArch64 Processor [410fd034]\r\n'
b'[    0.000000] Machine model: Ambarella CV22 Walnut Board\r\n'
b'[    0.000000] Reserved memory: created CMA memory pool at 0x000000003cc00000, size 48 MiB\r\n'
b'[    0.000000] OF: reserved mem: initialized node linux,cma, compatible id shared-dma-pool\r\n'
b'[    0.000000] Reserved memory: created CMA memory pool at 0x0000000040000000, size 508 MiB\r\n'
b'[    0.000000] OF: reserved mem: initialized node iav@0x40000000, compatible id shared-dma-pool\r\n'
b'[    0.000000] Reserved memory: created CMA memory pool at 0x0000000060000000, size 508 MiB\r\n'
b'[    0.000000] OF: reserved mem: initialized node cavalry@0x60000000, compatible id shared-dma-pool\r\n'
b'[    0.000000] percpu: Embedded 19 pages/cpu s38552 r8192 d31080 u77824\r\n'
b'[    0.000000] Detected VIPT I-cache on CPU0\r\n'
b'[    0.000000] CPU features: enabling workaround for ARM erratum 845719\r\n'
b'[    0.000000] Built 1 zonelists, mobility grouping on.  Total pages: 515592\r\n'
b'[    0.000000] Kernel command line: console=ttyS0 noinitrd root=/dev/mmcblk0p9 rw rootfstype=ext4 init=/linuxrc rootwait\r\n'
b'[    0.000000] PID hash table entries: 4096 (order: 3, 32768 bytes)\r\n'
b'[    0.000000] Dentry cache hash table entries: 262144 (order: 9, 2097152 bytes)\r\n'
b'[    0.000000] Inode-cache hash table entries: 131072 (order: 8, 1048576 bytes)\r\n'
b'[    0.000000] Memory: 962052K/2095104K available (4670K kernel code, 432K rwdata, 1336K rodata, 320K init, 224K bss, 43516K reserved, 1089536K cma-reserved)\r\n'
b'[    0.000000] Virtual kernel memory layout:\r\n'
b'[    0.000000]     modules : 0xffffff8000000000 - 0xffffff8008000000   (   128 MB)\r\n'
b'[    0.000000]     vmalloc : 0xffffff8008000000 - 0xffffffbebfff0000   (   250 GB)\r\n'
b'[    0.000000]       .text : 0xffffff8008080000 - 0xffffff8008510000   (  4672 KB)\r\n'
b'[    0.000000]     .rodata : 0xffffff8008510000 - 0xffffff8008670000   (  1408 KB)\r\n'
b'[    0.000000]       .init : 0xffffff8008670000 - 0xffffff80086c0000   (   320 KB)\r\n'
b'[    0.000000]       .data : 0xffffff80086c0000 - 0xffffff800872c008   (   433 KB)\r\n'
b'[    0.000000]        .bss : 0xffffff800872c008 - 0xffffff8008764178   (   225 KB)\r\n'
b'[    0.000000]     fixed   : 0xffffffbefe7fb000 - 0xffffffbefec00000   (  4116 KB)\r\n'
b'[    0.000000]     PCI I/O : 0xffffffbefee00000 - 0xffffffbeffe00000   (    16 MB)\r\n'
b'[    0.000000]     vmemmap : 0xffffffbf00000000 - 0xffffffc000000000   (     4 GB maximum)\r\n'
b'[    0.000000]               0xffffffbf00008000 - 0xffffffbf02000000   (    31 MB actual)\r\n'
b'[    0.000000]     memory  : 0xffffffc000200000 - 0xffffffc080000000   (  2046 MB)\r\n'
b'[    0.000000] SLUB: HWalign=64, Order=0-3, MinObjects=0, CPUs=4, Nodes=1\r\n'
b'[    0.000000] Preemptible hierarchical RCU implementation.\r\n'
b'[    0.000000] \tTasks RCU enabled.\r\n'
b'[    0.000000] NR_IRQS: 64, nr_irqs: 64, preallocated irqs: 0\r\n'
b'[    0.000000] CPU features: GIC system register CPU interface present but disabled by higher exception level\r\n'
b'[    0.000000] vco = 384000000, 24000000, 1, 16, 1\r\n'
b'[    0.000000] arch_timer: cp15 timer(s) running at 47.25MHz (virt).\r\n'
b'[    0.000000] clocksource: arch_sys_counter: mask: 0xffffffffffffff max_cycles: 0xae5b54743, max_idle_ns: 440795204480 ns\r\n'
b'[    0.000005] sched_clock: 56 bits at 47MHz, resolution 21ns, wraps every 4398046511098ns\r\n'
b'[    0.000251] Console: colour dummy device 80x25\r\n'
b'[    0.302236] console [ttyS0] enabled\r\n'
b'[    0.305720] Calibrating delay loop (skipped), value calculated using timer frequency.. 94.50 BogoMIPS (lpj=47250)\r\n'
b'[    0.315960] pid_max: default: 32768 minimum: 301\r\n'
b'[    0.320662] Mount-cache hash table entries: 4096 (order: 3, 32768 bytes)\r\n'
b'[    0.327362] Mountpoint-cache hash table entries: 4096 (order: 3, 32768 bytes)\r\n'
b'[    0.338546] ASID allocator initialised with 32768 entries\r\n'
b'[    0.345955] Hierarchical SRCU implementation.\r\n'
b'[    0.354340] smp: Bringing up secondary CPUs ...\r\n'
b'[    0.365962] Detected VIPT I-cache on CPU1\r\n'
b'[    0.369991] CPU1: Booted secondary processor [410fd034]\r\n'
b'[    0.382054] Detected VIPT I-cache on CPU2\r\n'
b'[    0.386065] CPU2: Booted secondary processor [410fd034]\r\n'
b'[    0.398157] Detected VIPT I-cache on CPU3\r\n'
b'[    0.402169] CPU3: Booted secondary processor [410fd034]\r\n'
b'[    0.407447] smp: Brought up 1 node, 4 CPUs\r\n'
b'[    0.411543] SMP: Total of 4 processors activated.\r\n'
b'[    0.416234] CPU features: detected: 32-bit EL0 Support\r\n'
b'[    0.421858] CPU: All CPU(s) started at EL1\r\n'
b'[    0.425957] alternatives: patching kernel code\r\n'
b'[    0.431503] devtmpfs: initialized\r\n'
b'[    0.440580] random: get_random_u32 called from bucket_table_alloc+0x108/0x268 with crng_init=0\r\n'
b'[    0.449513] clocksource: jiffies: mask: 0xffffffff max_cycles: 0xffffffff, max_idle_ns: 1911260446275000 ns\r\n'
b'[    0.459242] futex hash table entries: 1024 (order: 5, 131072 bytes)\r\n'
b'[    0.507635] pinctrl core: initialized pinctrl subsystem\r\n'
b'[    0.513193] NET: Registered protocol family 16\r\n'
b'[    0.518326] vdso: 2 pages (1 code @ ffffff8008515000, 1 data @ ffffff80086c4000)\r\n'
b'[    0.532776] DMA: preallocated 256 KiB pool for atomic allocations\r\n'
b'[    0.542062] ambarella-pinctrl ec003000.pinctrl: Ambarella pinctrl driver registered\r\n'
b'[    0.550423] ambarella-gpio ec003000.pinctrl:gpio@0: Ambarella GPIO driver registered\r\n'
b'[    0.565031] HugeTLB registered 2.00 MiB page size, pre-allocated 0 pages\r\n'
b'[    0.572835] ambarella-dma e0020000.dma: Ambarella DMA Engine \r\n'
b'[    0.579167] ambarella-dma e0021000.dma: Ambarella DMA Engine \r\n'
b'[    0.585309] ambarella-i2c e4008000.i2c: Ambarella I2C adapter[0] probed, clock:100000!\r\n'
b'[    0.593416] ambarella-i2c e4009000.i2c: Ambarella I2C adapter[1] probed, clock:100000!\r\n'
b'[    0.601605] ambarella-i2c e400a000.i2c: Ambarella I2C adapter[2] probed, clock:100000!\r\n'
b'[    0.609705] ambarella-i2c e400b000.i2c: Ambarella I2C adapter[3] probed, clock:100000!\r\n'
b'[    0.618498] clocksource: Switched to clocksource arch_sys_counter\r\n'
b'[    0.630766] NET: Registered protocol family 2\r\n'
b'[    0.635565] TCP established hash table entries: 16384 (order: 5, 131072 bytes)\r\n'
b'[    0.642934] TCP bind hash table entries: 16384 (order: 6, 262144 bytes)\r\n'
b'[    0.649860] TCP: Hash tables configured (established 16384 bind 16384)\r\n'
b'[    0.656507] UDP hash table entries: 1024 (order: 3, 32768 bytes)\r\n'
b'[    0.662563] UDP-Lite hash table entries: 1024 (order: 3, 32768 bytes)\r\n'
b'[    0.669147] NET: Registered protocol family 1\r\n'
b'[    0.673802] RPC: Registered named UNIX socket transport module.\r\n'
b'[    0.679726] RPC: Registered udp transport module.\r\n'
b'[    0.684417] RPC: Registered tcp transport module.\r\n'
b'[    0.689107] RPC: Registered tcp NFSv4.1 backchannel transport module.\r\n'
b'[    0.699206] workingset: timestamp_bits=62 max_order=19 bucket_order=0\r\n'
b'[    0.711308] squashfs: version 4.0 (2009/01/31) Phillip Lougher\r\n'
b'[    0.721686] Block layer SCSI generic (bsg) driver version 0.4 loaded (major 251)\r\n'
b'[    0.729073] io scheduler noop registered\r\n'
b'[    0.732985] io scheduler deadline registered\r\n'
b'[    0.737340] io scheduler cfq registered (default)\r\n'
b'[    0.742033] io scheduler mq-deadline registered\r\n'
b'[    0.746555] io scheduler kyber registered\r\n'
b'[    0.751110] ambarella-gdma e000c000.gdma: Ambarella GDMA driver init\r\n'
b'[    0.757838] e4000000.uart: ttyS0 at MMIO 0xe4000000 (irq = 11, base_baud = 1500000) is a ambuart\r\n'
b'[    0.766930] e0017000.uart: ttyS1 at MMIO 0xe0017000 (irq = 32, base_baud = 1500000) is a ambuart\r\n'
b'[    0.775983] e001a000.uart: ttyS4 at MMIO 0xe001a000 (irq = 33, base_baud = 1500000) is a ambuart\r\n'
b'[    0.785058] cacheinfo: Unable to detect cache hierarchy for CPU 0\r\n'
b'[    0.791743] brd: module loaded\r\n'
b'[    0.800799] loop: module loaded\r\n'
b'[    0.804069] mousedev: PS/2 mouse device common for all mice\r\n'
b'[    0.809963] ambarella-rtc e8001000.rtc: rtc core: registered e8001000.rtc as rtc0\r\n'
b'[    0.817434] ambarella-rtc e8001000.rtc: Warning: RTC lost power.....\r\n'
b'[    0.829149] ambarella-wdt ec002000.wdt: Ambarella Watchdog Timer Probed.\r\n'
b'[    1.188577] ambarella-sd e0004000.sdmmc0: Max frequency is 120000000Hz\r\n'
b'[    1.574545] ambarella-sd e0005000.sdmmc1: Max frequency is 48000000Hz\r\n'
b'[    1.581252] Initializing XFRM netlink socket\r\n'
b'[    1.585527] NET: Registered protocol family 17\r\n'
b'[    1.589993] Key type dns_resolver registered\r\n'
b'[    1.615297] console [netcon0] enabled\r\n'
b'[    1.618966] netconsole: network logging started\r\n'
b'[    1.623533] ambarella-rtc e8001000.rtc: setting system clock to 1970-03-02 16:21:20 UTC (5242880)\r\n'
b'[    1.632755] Waiting for root device /dev/mmcblk0p9...\r\n'
b'[    1.670149] mmc0: new high speed MMC card at address 0001\r\n'
b'[    1.675844] mmcblk0: mmc0:0001 S0J57X 29.6 GiB \r\n'
b'[    1.680548] mmcblk0boot0: mmc0:0001 S0J57X partition 1 31.5 MiB\r\n'
b'[    1.686631] mmcblk0boot1: mmc0:0001 S0J57X partition 2 31.5 MiB\r\n'
b'[    1.692634] mmcblk0rpmb: mmc0:0001 S0J57X partition 3 4.00 MiB, chardev (250:0)\r\n'
b'[    1.700628]  (bst): 0x0000000000000000, 0x0000000000001000\r\n'
b'[    1.706109]  (bld): 0x0000000000001000, 0x0000000000100000\r\n'
b'[    1.711586]  (ptb): 0x0000000000101000, 0x00000000000e0000\r\n'
b'[    1.717062]  (atf): 0x00000000001e1000, 0x0000000000100000\r\n'
b'[    1.722539]  (pba): 0x00000000002e1000, 0x0000000001000000\r\n'
b'[    1.728014]  (pri): 0x00000000012e1000, 0x0000000001000000\r\n'
b'[    1.733497]  (sec): 0x00000000022e1000, 0x0000000040000000\r\n'
b'[    1.738972]  (dsp): 0x00000000422e1000, 0x0000000006400000\r\n'
b'[    1.744447]  (lnx): 0x00000000486e1000, 0x0000000026600000\r\n'
b'[    1.749921]  (add): 0x000000006ece1000, 0x0000000080000000\r\n'
b'[    1.755398]  (raw): 0x00000000eece1000, 0x000000067a31f000\r\n'
b'[    1.760869]  mmcblk0: p1(bst) p2(bld) p3(ptb) p4(atf) p5(pba) p6(pri) p7(sec) p8(dsp) p9(lnx) p10(add) p11(raw)\r\n'
b'[    1.807173] random: fast init done\r\n'
b'[    1.832958] EXT4-fs (mmcblk0p9): recovery complete\r\n'
b'[    1.838538] EXT4-fs (mmcblk0p9): mounted filesystem with ordered data mode. Opts: (null)\r\n'
b'[    1.846649] VFS: Mounted root (ext4 filesystem) on device 179:9.\r\n'
b'[    1.853331] devtmpfs: mounted\r\n'
b'[    1.856523] Freeing unused kernel memory: 320K\r\n'
b'[    1.973106] EXT4-fs (mmcblk0p9): re-mounted. Opts: errors=remount-ro,data=ordered\r\n'
b'net.core.wmem_default = 524288\r\n'
b'net.core.wmem_max = 1048576\r\n'
b'vm.laptop_mode = 0\r\n'
b'vm.min_free_kbytes = 8192\r\n'
b'vm.vfs_cache_pressure = 160\r\n'
b'vm.dirty_expire_centisecs = 600\r\n'
b'vm.dirty_writeback_centisecs = 200\r\n'
b'vm.dirty_ratio = 3\r\n'
b'vm.dirty_background_ratio = 3\r\n'
b'[    2.086696] i2c /dev entries driver\r\n'
b'[    2.098895] ambarella-spi e0011000.spi: Ambarella spi controller 0 created.\r\r\n'
b'[    2.156845] ambcma: loading out-of-tree module taints kernel.\r\n'
b'[    2.163639] platform iav:ambcma: assigned reserved memory node iav@0x40000000\r\n'
b"[    2.462267] imgproc: module license 'Proprietary' taints kernel.\r\n"
b'[    2.468283] Disabling lock debugging due to kernel taint\r\n'
b'[    2.648904] amba_debug_init 247:0.\r\n'
b'Populating cv22_bmap using udev: Starting version v242-1.amba\r\n'
b'Done\r\n'
b'Loading CV22 private driver: [    2.953947] pps_core: LinuxPPS API ver. 1 registered\r\n'
b'[    2.958962] pps_core: Software ver. 5.3.6 - Copyright 2005-2007 Rodolfo Giometti <giometti@linux.it>\r\n'
b'[    2.977127] pps pps0: new PPS source pps.-1\r\n'
b'[    2.981411] pps pps0: Registered IRQ 52 as PPS source\r\n'
b'[    3.019044] libphy: Fixed MDIO Bus: probed\r\n'
b'[    3.166525] libphy: Ambarella MDIO Bus: probed\r\n'
b'[    3.175171] rtl9000_probe id 1c\r\n'
b'[    3.178382] rtl9000_probe id cb00\r\n'
b'[    3.182768] ambarella-eth e000e000.ethernet: Enhance Ethernet PHY[0]: 0x001ccb00!\r\n'
b'[    3.190900] ambarella-eth e000e000.ethernet: CONFIG_PTP_1588_CLOCK is not set\r\n'
b'[    3.198074] ambarella-eth e000e000.ethernet: MAC Address[66:2b:c5:05:86:c3].\r\n'
b'modprobe: FATAL: Module ambarella_sd not found in directory /lib/modules/4.14.181\r\n'
b'modprobe: FATAL: Module mmc_block not found in directory /lib/modules/4.14.181\r\n'
b'[    3.255947] usbcore: registered new interface driver usbfs\r\n'
b'[    3.261513] usbcore: registered new interface driver hub\r\n'
b'[    3.266977] usbcore: registered new device driver usb\r\n'
b"[    3.283749] ehci_hcd: USB 2.0 'Enhanced' Host Controller (EHCI) Driver\r\n"
b'[    3.294640] EXT4-fs (mmcblk0p7): Unrecognized mount option "flush" or missing value\r\n'
b'[    3.303144] ehci-ambarella: AMBARELLA-EHCI Host Controller driver\r\n'
b'[    3.309532] ambarella-ehci e001f000.ehci: EHCI Host Controller\r\n'
b'[    3.315396] ambarella-ehci e001f000.ehci: new USB bus registered, assigned bus number 1\r\n'
b'[    3.324318] ambarella-ehci e001f000.ehci: irq 26, io mem 0xe001f000\r\n'
b'[    3.329736] EXT4-fs (mmcblk0p8): Unrecognized mount option "flush" or missing value\r\n'
b'[    3.337524] ambarella-ehci e001f000.ehci: USB 2.0 started, EHCI 1.00\r\n'
b'[    3.345582] usb usb1: New USB device found, idVendor=1d6b, idProduct=0002\r\n'
b'[    3.352366] usb usb1: New USB device strings: Mfr=3, Product=2, SerialNumber=1\r\n'
b'[    3.359578] usb usb1: Product: EHCI Host Controller\r\n'
b'[    3.364503] usb usb1: Manufacturer: Linux 4.14.181 ehci_hcd\r\n'
b'[    3.370065] usb usb1: SerialNumber: AmbUSB\r\n'
b'[    3.374668] hub 1-0:1.0: USB hub found\r\n'
b'[    3.378437] hub 1-0:1.0: 1 port detected\r\n'
b"[    3.394417] ohci_hcd: USB 1.1 'Open' Host Controller (OHCI) Driver\r\n"
b'[    3.400889] ambarella-ohci e001e000.ohci: Ambarella OHCI\r\n'
b'[    3.406214] ambarella-ohci e001e000.ohci: new USB bus registered, assigned bus number 2\r\n'
b'[    3.414264] ambarella-ohci e001e000.ohci: irq 25, io mem 0xe001e000\r\n'
b'[    3.476678] usb usb2: New USB device found, idVendor=1d6b, idProduct=0001\r\n'
b'[    3.483458] usb usb2: New USB device strings: Mfr=3, Product=2, SerialNumber=1\r\n'
b'[    3.491714] usb usb2: Product: Ambarella OHCI\r\n'
b'[    3.496063] usb usb2: Manufacturer: Linux 4.14.181 ohci_hcd\r\n'
b'[    3.501624] usb usb2: SerialNumber: AmbUSB\r\n'
b'[    3.506170] hub 2-0:1.0: USB hub found\r\n'
b'[    3.509943] hub 2-0:1.0: 1 port detected\r\n'
b'[    3.524896] ambarella-udc e0006000.udc: ambarella_udc: version 21 Jan 2016\r\n'
b'[    3.560423] using random self ethernet address\r\n'
b'[    3.564892] using random host ethernet address\r\n'
b'[    3.569791] usb0: HOST MAC fa:9d:01:2d:2f:54\r\n'
b'[    3.574145] usb0: MAC 16:23:b1:c9:73:8b\r\n'
b'[    3.578018] using random self ethernet address\r\n'
b'[    3.582470] using random host ethernet address\r\n'
b'[    3.586980] g_ether gadget: Ethernet Gadget, version: Memorial Day 2008\r\n'
b'[    3.593599] g_ether gadget: g_ether ready\r\n'
b'Install Auido...\r\n'
b'OK!\r\n'
b'Initializing random number generator... [    3.656541] random: dd: uninitialized urandom read (512 bytes read)\r\n'
b'done.\r\n'
b'run /usr/beantechs/bin/dlt-daemonstart successful\r\n'
b'/usr/beantechs/bin:/usr/untouch/bin:/usr/beantechs/unit_test:/bin:/sbin:/usr/bin:/usr/sbin:/usr/bin/X11:/usr/local/bin:/usr/local/sbin\r\n'
b'[    3.720878] ambhdmi e000b000.hdmi: Ambarella hdmi controller version:2.0 \r\n'
b'Init without VIN drivers...\r\n'
b'Default init without lens driver\r\n'
b'Use default settings\r\n'
b'map_size = 0x500000, nr_item = 4\r\n'
b'addr_offset = 0x00000000, filename = orccode.bin\r\n'
b'addr_offset = 0x00300000, filename = orcme.bin\r\n'
b'addr_offset = 0x003a0000, filename = orcmdxf.bin\r\n'
b'addr_offset = 0x003e0000, filename = default_binary.bin\r\n'
b'mmap returns 0x7f8d9fd000\r\n'
b'loading /lib/firmware/orccode.bin...addr = 0x7f8d9fd000, size = 0x206bbf\r\n'
b'loading /lib/firmware/orcme.bin...addr = 0x7f8dcfd000, size = 0x42894\r\n'
b'loading /lib/firmware/orcmdxf.bin...addr = 0x7f8dd9d000, size = 0x28ed0\r\n'
b'loading /lib/firmware/default_binary.bin...addr = 0x7f8dddd000, size = 0x6bf84\r\n'
b'===============================================\r\n'
b'ucode (CV22) version = 2020/5/25 288664.288656\r\n'
b'===============================================\r\n'
b'[    4.012510] -------------------ambrg_hw_reset---id:1,ambrg->rst_gpio[0]:51!\r\n'
b'[    5.186509] -------------------ambrg_hw_reset---id:1,ambrg->rst_gpio[0]:51!\r\n'
b'[    6.362508] -------------------ambrg_hw_reset---id:1,ambrg->rst_gpio[0]:51!\r\n'
b'[    7.538509] -------------------ambrg_hw_reset---id:1,ambrg->rst_gpio[0]:51!\r\n'
b'[    8.715509] -------------------ambrg_hw_reset---id:1,ambrg->rst_gpio[0]:51!\r\n'
b'[    9.890509] -------------------ambrg_hw_reset---id:1,ambrg->rst_gpio[0]:51!\r\n'
b'[   10.457842] random: crng init done\r\n'
b"modprobe: ERROR: could not insert 'ov2775_mipi_brg': Input/output error\r\n"
b'[   11.058914] vco = 432000000, 24000000, 1, 18, 1\r\n'
b'[   11.116508] -------------------ambrg_hw_reset---id:0,ambrg->rst_gpio[0]:35!\r\n'
b'[   11.134513] -------------------ambarella_set_vsync_gpio116_alt1\r\n'
b'[   12.192508] -------------------ambrg_hw_reset---id:0,ambrg->rst_gpio[0]:35!\r\n'
b'[   12.210510] -------------------ambarella_set_vsync_gpio116_alt1\r\n'
b'[   13.268507] -------------------ambrg_hw_reset---id:0,ambrg->rst_gpio[0]:35!\r\n'
b'[   13.286510] -------------------ambarella_set_vsync_gpio116_alt1\r\n'
b'[   14.344507] -------------------ambrg_hw_reset---id:0,ambrg->rst_gpio[0]:35!\r\n'
b'[   14.362510] -------------------ambarella_set_vsync_gpio116_alt1\r\n'
b'[   15.421508] -------------------ambrg_hw_reset---id:0,ambrg->rst_gpio[0]:35!\r\n'
b'[   15.439511] -------------------ambarella_set_vsync_gpio116_alt1\r\n'
b'[   16.497507] -------------------ambrg_hw_reset---id:0,ambrg->rst_gpio[0]:35!\r\n'
b'[   16.515510] -------------------ambarella_set_vsync_gpio116_alt1\r\n'
b"modprobe: ERROR: could not insert 'ov2311_mipi_brg': Input/output error\r\n"
b'[   17.563209] cavalry sub_scheduler0: assigned reserved memory node cavalry@0x60000000\r\n'
b'map_cavalry: phys: 0x60400000, virt: 0x7fa1782000, total size: 0x100000\r\n'
b'Cavalry Ucode Version = CV22-Ver.84-20200509-58b[   17.592660] vco = 384000000, 24000000, 1, 16, 1\r\n'
b'2ac3f-hl_fw.00000001\r\n'
b'[   17.603508] vco = 1512000000, 24000000, 1, 63, 1\r\n'
b'[   17.620444] ambarella-i2c e400a000.i2c: No ACK from address 0xb4, 0:0!\r\n'
b'Start app: \r\n'
b'[   17.628849] ambarella-i2c e400a000.i2c: No ACK from address 0xb4, 0:0!\r\n'
b'[   17.636359] ambarella-i2c e400a000.i2c: No ACK from address 0xb4, 0:0!\r\n'
b'found blkid\r\n'
b'[   17.643818] ambarella-i2c e400a000.i2c: No ACK from address 0xb4, 0:0!\r\n'
b'found df\r\n'
b'[   17.651450] ambarella-i2c e400a000.i2c: No ACK from address 0xb4, 0:0!\r\n'
b'[   17.659407] ambarella-i2c e400a000.i2c: No ACK from address 0xb4, 0:0!\r\n'
b'[   17.666929] ambarella-i2c e400a000.i2c: No ACK from address 0xb4, 0:0!\r\n'
b'[   17.674531] ambarella-i2c e400a000.i2c: No ACK from address 0xb4, 0:0!\r\n'
b'[   17.682046] ambarella-i2c e400a000.i2c: No ACK from address 0xb4, 0:0!\r\n'
b'[   17.689506] ambarella-i2c e400a000.i2c: No ACK from address 0xb4, 0:0!\r\n'
b'[   17.696938] ambarella-i2c e400a000.i2c: No ACK from address 0xb4, 0:0!\r\n'
b'[   17.704378] ambarella-i2c e400a000.i2c: No ACK from address 0xb4, 0:0!\r\n'
b'[   17.711822] ambarella-i2c e400a000.i2c: No ACK from address 0xb4, 0:0!\r\n'
b'[   17.719540] asoc-simple-card sound: ak4637-aif <-> e000d000.i2s mapping ok\r\n'
b'[   17.727393] ambarella-i2c e400a000.i2c: No ACK from address 0xb4, 0:0!\r\n'
b'[   17.734894] ambarella-i2c e400a000.i2c: No ACK from address 0xb4, 0:0!\r\n'
b'[   17.742396] ambarella-i2c e400a000.i2c: No ACK from address 0xb4, 0:0!\r\n'
b'[   17.749871] ambarella-i2c e400a000.i2c: No ACK from address 0xb4, 0:0!\r\n'
b'[   17.757400] ambarella-i2c e400a000.i2c: No ACK from address 0xb4, 0:0!\r\n'
b'[   17.764889] ambarella-i2c e400a000.i2c: No ACK from address 0xb4, 0:0!\r\n'
b'[   17.772362] ambarella-i2c e400a000.i2c: No ACK from address 0xb4, 0:0!\r\n'
b'[   17.779869] ambarella-i2c e400a000.i2c: No ACK from address 0xb4, 0:0!\r\n'
b'[   17.787487] ambarella-i2c e400a000.i2c: No ACK from address 0xb4, 0:0!\r\n'
b'[   17.795049] ambarella-i2c e400a000.i2c: No ACK from address 0xb4, 0:0!\r\n'
b'[   17.807312] EXT4-fs (mmcblk0p7): mounted filesystem with ordered data mode. Opts: (null)\r\n'
b'[   17.871553] ambarella-i2c e400a000.i2c: No ACK from address 0xb4, 0:0!\r\n'
b'[   17.879167] ambarella-i2c e400a000.i2c: No ACK from address 0xb4, 0:0!\r\n'
b'[   17.879174] EXT4-fs (mmcblk0p8): mounted filesystem with ordered data mode. Opts: (null)\r\n'
b'[   17.895095] ambarella-i2c e400a000.i2c: No ACK from address 0xb4, 0:0!\r\n'
b'[   17.902812] ambarella-i2c e400a000.i2c: No ACK from address 0xb4, 0:0!\r\n'
b'[   17.910511] ambarella-i2c e400a000.i2c: No ACK from address 0xb4, 0:0!\r\n'
b'[   17.918138] ambarella-i2c e400a000.i2c: No ACK from address 0xb4, 0:0!\r\n'
b'[   17.925827] ambarella-i2c e400a000.i2c: No ACK from address 0xb4, 0:0!\r\n'
b'[   17.931362] EXT4-fs (mmcblk0p10): mounted filesystem with ordered data mode. Opts: (null)\r\n'
b'[   17.933471] ambarella-i2c e400a000.i2c: No ACK from address 0xb4, 0:0!\r\n'
b'[   17.948158] ambarella-i2c e400a000.i2c: No ACK from address 0xb4, 0:0!\r\n'
b'[   17.955739] ambarella-i2c e400a000.i2c: No ACK from address 0xb4, 0:0!\r\n'
b'[   17.963393] ambarella-i2c e400a000.i2c: No ACK from address 0xb4, 0:0!\r\n'
b'[   17.970994] ambarella-i2c e400a000.i2c: No ACK from address 0xb4, 0:0!\r\n'
b'[   17.978639] ambarella-i2c e400a000.i2c: No ACK from address 0xb4, 0:0!\r\n'
b'[   17.986329] ambarella-i2c e400a000.i2c: No ACK from address 0xb4, 0:0!\r\n'
b'[   17.993910] EXT4-fs (mmcblk0p11): mounted filesystem with ordered data mode. Opts: (null)\r\n'
b'[   17.994229] ambarella-i2c e400a000.i2c: No ACK from address 0xb4, 0:0!\r\n'
b'Start app: \r\n'
b'OK!\r\n'
b'[   18.009915] ambarella-i2c e400a000.i2c: No ACK from address 0xb4, 0:0!\r\n'
b'[   18.017919] ambarella-i2c e400a000.i2c: No ACK from address 0xb4, 0:0!\r\n'
b'Starting network...\r\n'
b'[   18.025576] ambarella-i2c e400a000.i2c: No ACK from address 0xb4, 0:0!\r\n'
b'[   18.034019] ambarella-i2c e400a000.i2c: No ACK from address 0xb4, 0:0!\r\n'
b'[   18.041685] ambarella-i2c e400a000.i2c: No ACK from address 0xb4, 0:0!\r\n'
b'[   18.049286] ambarella-i2c e400a000.i2c: No ACK from address 0xb4, 0:0!\r\n'
b'[   18.056965] ambarella-i2c e400a000.i2c: No ACK from address 0xb4, 0:0!\r\n'
b'[   18.064606] ambarella-i2c e400a000.i2c: No ACK from address 0xb4, 0:0!\r\n'
b'[   18.072476] ambarella-i2c e400a000.i2c: No ACK from address 0xb4, 0:0!\r\n'
b'[   18.079972] ambarella-i2c e400a000.i2c: No ACK from address 0xb4, 0:0!\r\n'
b'[   18.086506] ak4637 2-005a: ASoC: SPKLO Mixer DAPM update failed: -16\r\n'
b'[   18.093991] ambarella-i2c e400a000.i2c: No ACK from address 0xb4, 0:0!\r\n'
b'[   18.101465] ambarella-i2c e400a000.i2c: No ACK from address 0xb4, 0:0!\r\n'
b'[   18.108001] ak4637 2-005a: ASoC: SPKLO MUX DAPM update failed: -16\r\n'
b'[   18.115513] ambarella-i2c e400a000.i2c: No ACK from address 0xb4, 0:0!\r\n'
b'[   18.122040] ak4637 2-005a: ASoC: PFSDO MUX DAPM update failed: -16\r\n'
b'[   18.129241] ambarella-i2c e400a000.i2c: No ACK from address 0xb4, 0:0!\r\n'
b'[   18.136735] ambarella-i2c e400a000.i2c: No ACK from address 0xb4, 0:0!\r\n'
b'[   18.143255] ak4637 2-005a: ASoC: PFIL MUX DAPM update failed: -16\r\n'
b'[   18.150789] ambarella-i2c e400a000.i2c: No ACK from address 0xb4, 0:0!\r\n'
b'[   18.158276] ambarella-i2c e400a000.i2c: No ACK from address 0xb4, 0:0!\r\n'
b'[   18.164809] ak4637 2-005a: ASoC: MIC MUX DAPM update failed: -16\r\n'
b'ip: RTNETLINK answers: File exists\r\n'
b'[InstanceSpecifier] size= 24: untouch/oms_msg_receiver\r\n'
b'SupervisedEntity sv_specifier_:untouch/oms_msg_receiver, len:24\r\n'
b'the open the file is successful,fd=3.\r\n'
b'read 104 Byte\r\n'
b'write successful 104\r\n'
b'name:plf_health_mgmt\r\n'
b'name:phm\r\n'
b'name:data_distribution\r\n'
b'name:cvServer\r\n'
b'name:mediaServer\r\n'
b'name:data_integration\r\n'
b'name:gps_service\r\n'
b'name:test_gps_client\r\n'
b'~ClassPointer\r\n'
b'get msg id 0\r\n'
b'get msg id 32769\r\n'
b'get msg id 65538\r\n'
b'get msg id 98307\r\n'
b'get msg id 131076\r\n'
b'get msg id 163845\r\n'
b'get msg id 196614\r\n'
b'get msg id 229383\r\n'
b'the open the file is successful,fd=3.\r\n'
b'[InstanceSpecifier] size= 24: untouch/dms_msg_receiver\r\n'
b'~InstanceSpecifier\r\n'
b'SupervisedEntity sv_specifier_:untouch/dms_msg_receiver, len:24\r\n'
b'the open the file is successful,fd=3.\r\n'
b'read 104 Byte\r\n'
b'write successful 104\r\n'
b'name:plf_health_mgmt\r\n'
b'name:phm\r\n'
b'name:data_distribution\r\n'
b'name:cvServer\r\n'
b'name:mediaServer\r\n'
b'name:data_integration\r\n'
b'name:gps_service\r\n'
b'name:test_gps_client\r\n'
b'~ClassPointer\r\n'
b'get msg id 0\r\n'
b'get msg id 32769\r\n'
b'get msg id 65538\r\n'
b'get msg id 98307\r\n'
b'get msg id 131076\r\n'
b'get msg id 163845\r\n'
b'get msg id 196614\r\n'
b'get msg id 229383\r\n'
b'the open the file is successful,fd=3.\r\n'
b'~InstanceSpecifier\r\n'
b'/usr/beantechs/etc/config/dms_data_process.xml\r\n'
b'/usr/beantechs/etc/config/dms_data_process.xml\r\n'
b'dms_data_process/message/process_dms:untouch_dms_app\r\n'
b'dms_data_process/message/process_oms:untouch_oms_app\r\n'
b'dms_data_process/message/process_own_dms:receiver_dms_demo\r\n'
b'dms_data_process/message/process_own_oms:receiver_oms_demo\r\n'
b'dms_data_process/message/process_mcu:data_distribution\r\n'
b'dms_data_process/message/process_mcu:data_distribution\r\n'
b'dms_data_process/message/process_msvr:recoderServer\r\n'
b'dms_data_process/message/process_msvr:recoderServer\r\n'
b'dms_data_process/message/process_osd:osdServer\r\n'
b'dms_data_process/message/process_osd:osdServer\r\n'
b'dms_data_process/configList/log_switch:1\r\n'
b'dms_data_process/configList/log_switch:1\r\n'
b'ShareMemory is ctor!\r\n'
b'ShareMemory is ctor!\r\n'
b'ShareMemory is get\r\n'
b'ShareMemory is get\r\n'
b'untouch_response_dms created!\r\n'
b'untouch_response_oms created!\r\n'
b'67104768 left for ShareMemory!\r\n'
b'67104768 left for ShareMemory!\r\n'
b'the open the file is successful,fd=6.\r\n'
b'the open the file is successful,fd=6.\r\n'
b'read 104 Byte\r\n'
b'read 104 Byte\r\n'
b'msg queue name[8]: recoderServer\r\n'
b'msg queue name[8]: recoderServer\r\n'
b'msg queue name[9]: receiver_dms_demo\r\n'
b'msg queue name[9]: receiver_oms_demo\r\n'
b'msg queue name[10]: untouch_dms_app\r\n'
b'msg queue name[10]: untouch_oms_app\r\n'
b'msg queue name[11]: osdServer\r\n'
b'msg queue name[11]: osdServer\r\n'
b'write successful 162\r\n'
b'write successful 162\r\n'
b'name:plf_health_mgmt\r\n'
b'name:plf_health_mgmt\r\n'
b'name:phm\r\n'
b'name:phm\r\n'
b'name:data_distribution\r\n'
b'name:data_distribution\r\n'
b'name:cvServer\r\n'
b'name:cvServer\r\n'
b'name:mediaServer\r\n'
b'name:mediaServer\r\n'
b'name:data_integration\r\n'
b'name:data_integration\r\n'
b'name:gps_service\r\n'
b'name:gps_service\r\n'
b'name:test_gps_client\r\n'
b'name:recoderServer\r\n'
b'name:test_gps_client\r\n'
b'name:receiver_dms_demo\r\n'
b'name:recoderServer\r\n'
b'name:untouch_dms_app\r\n'
b'name:receiver_oms_demo\r\n'
b'name:osdServer\r\n'
b'name:untouch_oms_app\r\n'
b'name:osdServer\r\n'
b'~ClassPointer\r\n'
b'get msg id 0\r\n'
b'~ClassPointer\r\n'
b'get msg id 32769\r\n'
b'get msg id 0\r\n'
b'get msg id 65538\r\n'
b'get msg id 32769\r\n'
b'get msg id 98307\r\n'
b'get msg id 65538\r\n'
b'get msg id 131076\r\n'
b'get msg id 98307\r\n'
b'get msg id 163845\r\n'
b'get msg id 131076\r\n'
b'get msg id 196614\r\n'
b'get msg id 163845\r\n'
b'get msg id 229383\r\n'
b'get msg id 196614\r\n'
b'creat msg id 262152\r\n'
b'get msg id 229383\r\n'
b'creat msg id 294921\r\n'
b'get msg id 262152\r\n'
b'creat msg id 327690\r\n'
b'get msg id 294921\r\n'
b'creat msg id 360459\r\n'
b'get msg id 327690\r\n'
b'get msg id 360459\r\n'
b'the open the file is successful,fd=6.\r\n'
b'the open the file is successful,fd=6.\r\n'
b'[InstanceSpecifier] size= 18: service/osdrServer\r\n'
b'[InstanceSpecifier] size= 21: service/monitorServer\r\n'
b'SupervisedEntity sv_specifier_:service/osdrServer, len:18\r\n'
b'SupervisedEntity sv_specifier_:service/monitorServer, len:21\r\n'
b'the open the file is successful,fd=5.\r\n'
b'the open the file is successful,fd=5.\r\n'
b'read 162 Byte\r\n'
b'read 162 Byte\r\n'
b'write successful 162\r\n'
b'name:plf_health_mgmt\r\n'
b'write successful 162\r\n'
b'name:phm\r\n'
b'name:plf_health_mgmt\r\n'
b'name:data_distribution\r\n'
b'name:phm\r\n'
b'name:cvServer\r\n'
b'name:data_distribution\r\n'
b'name:mediaServer\r\n'
b'name:cvServer\r\n'
b'name:data_integration\r\n'
b'name:mediaServer\r\n'
b'name:gps_service\r\n'
b'name:data_integration\r\n'
b'name:test_gps_client\r\n'
b'name:gps_service\r\n'
b'name:recoderServer\r\n'
b'name:test_gps_client\r\n'
b'name:receiver_oms_demo\r\n'
b'name:recoderServer\r\n'
b'name:untouch_oms_app\r\n'
b'name:receiver_oms_demo\r\n'
b'name:osdServer\r\n'
b'name:untouch_oms_app\r\n'
b'name:osdServer\r\n'
b'~ClassPointer\r\n'
b'~ClassPointer\r\n'
b'get msg id 0\r\n'
b'get msg id 0\r\n'
b'get msg id 32769\r\n'
b'get msg id 32769\r\n'
b'get msg id 65538\r\n'
b'get msg id 65538\r\n'
b'get msg id 98307\r\n'
b'get msg id 98307\r\n'
b'get msg id 131076\r\n'
b'get msg id 131076\r\n'
b'get msg id 163845\r\n'
b'get msg id 163845\r\n'
b'get msg id 196614\r\n'
b'get msg id 196614\r\n'
b'get msg id 229383\r\n'
b'get msg id 229383\r\n'
b'get msg id 262152\r\n'
b'get msg id 262152\r\n'
b'get msg id 294921\r\n'
b'get msg id 294921\r\n'
b'get msg id 327690\r\n'
b'get msg id 327690\r\n'
b'get msg id 360459\r\n'
b'get msg id 360459\r\n'
b'the open the file is successful,fd=5.\r\n'
b'the open the file is successful,fd=5.\r\n'
b'~InstanceSpecifier\r\n'
b'~InstanceSpecifier\r\n'
b'Configure file path[/usr/beantechs/etc/oryx]\r\n'
b'/usr/beantechs/etc//system.xml\r\n'
b'monitor print_type == 0\r\n'
b'the open the file is successful,fd=6.\r\n'
b'read 162 Byte\r\n'
b'msg queue name[12]: monitorServer\r\n'
b'write successful 176\r\n'
b'name:plf_health_mgmt\r\n'
b'name:phm\r\n'
b'name:data_distribution\r\n'
b'name:cvServer\r\n'
b'name:mediaServer\r\n'
b'name:data_integration\r\n'
b'name:gps_service\r\n'
b'name:test_gps_client\r\n'
b'name:recoderServer\r\n'
b'name:receiver_oms_demo\r\n'
b'name:untouch_oms_app\r\n'
b'name:osdServer\r\n'
b'name:monitorServer\r\n'
b'~ClassPointer\r\n'
b'get msg id 0\r\n'
b'get msg id 32769\r\n'
b'get msg id 65538\r\n'
b'get msg id 98307\r\n'
b'get msg id 131076\r\n'
b'get msg id 163845\r\n'
b'get msg id 196614\r\n'
b'get msg id 229383\r\n'
b'get msg id 262152\r\n'
b'get msg id 294921\r\n'
b'get msg id 327690\r\n'
b'get msg id 360459\r\n'
b'get msg id 393228\r\n'
b'the open the file is successful,fd=6.\r\n'
b'ifup: interface eth0 already configured\r\n'
b'[\x1b[1;31m ERROR\x1b[0m]\x1b[36m[\x1b[0m\x1b[1;37m 846\x1b[0m\x1b[36m: am_platform_iav5.cpp: sensor_info_get()]: \x1b[0m\x1b[31mIAV_IOC_VIN_GET_DEVINFO: No such device\x1b[0m\r\n'
b'[\x1b[1;31m ERROR\x1b[0m]\x1b[36m[\x1b[0m\x1b[1;37m 846\x1b[0m\x1b[36m: am_platform_iav5.cpp: sensor_info_get()]: \x1b[0m\x1b[31mIAV_IOC_VIN_GET_DEVINFO: No such device\x1b[0m\r\n'
b'[\x1b[1;31m ERROR\x1b[0m]\x1b[36m[\x1b[0m\x1b[1;37m 111\x1b[0m\x1b[36m: am_vin_control.cpp: create_vin_devices()]: \x1b[0m\x1b[31mFaild to get VIN[0] info!\x1b[0m\r\n'
b'[\x1b[1;31m ERROR\x1b[0m]\x1b[36m[\x1b[0m\x1b[1;37m 111\x1b[0m\x1b[36m: am_vin_control.cpp: create_vin_devices()]: \x1b[0m\x1b[31mFaild to get VIN[0] info!\x1b[0m\r\n'
b'[\x1b[1;31m ERROR\x1b[0m]\x1b[36m[\x1b[0m\x1b[1;37m 846\x1b[0m\x1b[36m: am_platform_iav5.cpp: sensor_info_get()]: \x1b[0m\x1b[31mIAV_IOC_VIN_GET_DEVINFO: No such device\x1b[0m\r\n'
b'[\x1b[1;31m ERROR\x1b[0m]\x1b[36m[\x1b[0m\x1b[1;37m 846\x1b[0m\x1b[36m: am_platform_iav5.cpp: sensor_info_get()]: \x1b[0m\x1b[31mIAV_IOC_VIN_GET_DEVINFO: No such device\x1b[0m\r\n'
b'[\x1b[1;31m ERROR\x1b[0m]\x1b[36m[\x1b[0m\x1b[1;37m 111\x1b[0m\x1b[36m: am_vin_control.cpp: create_vin_devices()]: \x1b[0m\x1b[31mFaild to get VIN[1] info!\x1b[0m\r\n'
b'[\x1b[1;31m ERROR\x1b[0m]\x1b[36m[\x1b[0m\x1b[1;37m 111\x1b[0m\x1b[36m: am_vin_control.cpp: create_vin_devices()]: \x1b[0m\x1b[31mFaild to get VIN[1] info!\x1b[0m\r\n'
b'[\x1b[1;31m ERROR\x1b[0m]\x1b[36m[\x1b[0m\x1b[1;37m 846\x1b[0m\x1b[36m: am_platform_iav5.cpp: sensor_info_get()]: \x1b[0m\x1b[31mIAV_IOC_VIN_GET_DEVINFO: No such device\x1b[0m\r\n'
b'[\x1b[1;31m ERROR\x1b[0m]\x1b[36m[\x1b[0m\x1b[1;37m 846\x1b[0m\x1b[36m: am_platform_iav5.cpp: sensor_info_get()]: \x1b[0m\x1b[31mIAV_IOC_VIN_GET_DEVINFO: No such device\x1b[0m\r\n'
b'[\x1b[1;31m ERROR\x1b[0m]\x1b[36m[\x1b[0m\x1b[1;37m 111\x1b[0m\x1b[36m: am_vin_control.cpp: create_vin_devices()]: \x1b[0m\x1b[31mFaild to get VIN[2] info!\x1b[0m\r\n'
b'[\x1b[1;31m ERROR\x1b[0m]\x1b[36m[\x1b[0m\x1b[1;37m 111\x1b[0m\x1b[36m: am_vin_control.cpp: create_vin_devices()]: \x1b[0m\x1b[31mFaild to get VIN[2] info!\x1b[0m\r\n'
b'[\x1b[1;31m ERROR\x1b[0m]\x1b[36m[\x1b[0m\x1b[1;37m 132\x1b[0m\x1b[36m: am_vin_control.cpp: create_vin_devices()]: \x1b[0m\x1b[31mNo Vin Enabled!\x1b[0m\r\n'
b'[\x1b[1;31m ERROR\x1b[0m]\x1b[36m[\x1b[0m\x1b[1;37m 132\x1b[0m\x1b[36m: am_vin_control.cpp: create_vin_devices()]: \x1b[0m\x1b[31mNo Vin Enabled!\x1b[0m\r\n'
b'[\x1b[1;31m ERROR\x1b[0m]\x1b[36m[\x1b[0m\x1b[1;37m 132\x1b[0m\x1b[36m: am_encode_device.cpp: init()]: \x1b[0m\x1b[31mFailed to create vin devices!\x1b[0m\r\n'
b'[\x1b[1;31m ERROR\x1b[0m]\x1b[36m[\x1b[0m\x1b[1;37m 132\x1b[0m\x1b[36m: am_encode_device.cpp: init()]: \x1b[0m\x1b[31mFailed to create vin devices!\x1b[0m\r\n'
b'[\x1b[1;31m ERROR\x1b[0m]\x1b[36m[\x1b[0m\x1b[1;37m 118\x1b[0m\x1b[36m: am_video_camera.cpp: init()]: \x1b[0m\x1b[31mFailed to create AMEncodeDevice!\x1b[0m\r\n'
b'[\x1b[1;31m ERROR\x1b[0m]\x1b[36m[\x1b[0m\x1b[1;37m 118\x1b[0m\x1b[36m: am_video_camera.cpp: init()]: \x1b[0m\x1b[31mFailed to create AMEncodeDevice!\x1b[0m\r\n'
b'\x1b[1m\x1b[45;33m [ERROR]:\x1b[0mVideoService get instance failed\r\n'
b'\r\n'
b'\x1b[1m\x1b[45;33m [ERROR]:\x1b[0mCreate instance failed!!!!\r\n'
b'\x1b[1m\x1b[45;33m [ERROR]:\x1b[0mGet oryx modules instance failed!\r\n'
b'\r\n'
b'[\x1b[1;31m ERROR\x1b[0m]\x1b[36m[\x1b[0m\x1b[1;37m  74\x1b[0m\x1b[36m: am_signal_unwind.cpp: void critical_error_handler()]: \x1b[0m\x1b[31mCaught signal "Segmentation fault(11)", accessing address(           (nil)) from 0x00005569e88d30!\x1b[0m\r\n'
b'[\x1b[1;31m ERROR\x1b[0m]\x1b[36m[\x1b[0m\x1b[1;37m  74\x1b[0m\x1b[36m: am_signal_unwind.cpp: void critical_error_handler()]: \x1b[0m\x1b[31mCaught signal "Segmentation fault(11)", accessing address(           (nil)) from 0x0000557e3a0ae0!\x1b[0m\r\n'
b'[\x1b[1;31m ERROR\x1b[0m]\x1b[36m[\x1b[0m\x1b[1;37m  75\x1b[0m\x1b[36m: am_signal_unwind.cpp: void critical_error_handler()]: \x1b[0m\x1b[31mRegister dump:\x1b[0m\r\n'
b'[\x1b[1;31m ERROR\x1b[0m]\x1b[36m[\x1b[0m\x1b[1;37m  75\x1b[0m\x1b[36m: am_signal_unwind.cpp: void critical_error_handler()]: \x1b[0m\x1b[31mRegister dump:\x1b[0m\r[   19.202015] ambarella-i2c e400a000.i2c: No ACK from address 0xb4, 0:0!\r\n'
b'\n'
b'[\x1b[1;31m ERROR\x1b[0m]\x1b[36m[\x1b[0m\x1b[1;37m  78\x1b[0m\x1b[36m: am_signal_unwind.cpp: void critical_error_handler()]: \x1b[0m\x1b[31mReg[ 0]: 0x0000000000000000\x1b[0m\r\n'
b'[\x1b[1;31m ERROR\x1b[0m]\x1b[36m[\x1b[0m\x1b[1;37m  78\x1b[0m\x1b[36m:[   19.224514] ambarella-i2c e400a000.i2c: No ACK from address 0xb4, 0:0!\r\n'
b' am_signal_unwin[   19.233449] ambarella-i2c e400a000.i2c: No ACK from address 0xb4, 0:0!\r\n'
b'd.cpp: void crit[   19.241285] ambarella-i2c e400a000.i2c: No ACK from address 0xb4, 0:0!\r\n'
b'ical_error_handl[   19.249296] ambarella-i2c e400a000.i2c: No ACK from address 0xb4, 0:0!\r\n'
b'er()]: \x1b[0m\x1b[31mReg[ 0]: 0x0000000000000000\x1b[0m\r[   19.259821] ambarella-i2c e400a000.i2c: No ACK from address 0xb4, 0:0!\r\n'
b'\n'
b'[\x1b[1;31m ERROR\x1b[   19.267773] ambarella-i2c e400a000.i2c: No ACK from address 0xb4, 0:0!\r\n'
b'[0m]\x1b[36m[\x1b[0m\x1b[1;37m  78\x1b[0m\x1b[3[   19.276243] ambarella-i2c e400a000.i2c: No ACK from address 0xb4, 0:0!\r\n'
b'6m: am_signal_unwind.cpp: void c[   19.286021] ambarella-i2c e400a000.i2c: No ACK from address 0xb4, 0:0!\r\n'
b'ritical_error_ha[   19.294385] ambarella-i2c e400a000.i2c: No ACK from address 0xb4, 0:0!\r\n'
b'ndler()]: \x1b[0m\x1b[[   19.302252] ambarella-i2c e400a000.i2c: No ACK from address 0xb4, 0:0!\r\n'
b'31mReg[ 1]: 0x00[   19.310018] ambarella-i2c e400a000.i2c: No ACK from address 0xb4, 0:0!\r\n'
b'00007fce30af00\x1b[0m\r\n'
b'[\x1b[1;31m ERROR\x1b[0m]\x1b[36m[\x1b[0m\x1b[1;37m  78\x1b[0m\x1b[36m: am_signal_unwind.cpp: void critical_error_handler()]: \x1b[0m\x1b[31mReg[ 1]: 0x0000007ff36fe8a0\x1b[0m\r\n'
b'[\x1b[1;31m ERROR\x1b[0m]\x1b[36m[\x1b[0m\x1b[1;37m  78\x1b[0m\x1b[36m: am_signal_unwind.cpp: void critical_error_handler()]: \x1b[0m\x1b[31mReg[ 2]: 0x0000007ff36fe8c0\x1b[0m\r\n'
b'[\x1b[1;31m ERROR\x1b[0m]\x1b[36m[\x1b[0m\x1b[1;37m  78\x1b[0m\x1b[36m: am_signal_unwind.cpp: void critical_error_handler()]: \x1b[0m\x1b[31mReg[ 2]: 0x0000007fce30af20\x1b[0m\r\n'
b'[\x1b[1;31m ERROR\x1b[0m]\x1b[36m[\x1b[0m\x1b[1;37m  78\x1b[0m\x1b[36m: am_signal_unwind.cpp: void critical_error_handler()]: \x1b[0m\x1b[31mReg[ 3]: 0x0000000000000000\x1b[0m\r\n'
b'[\x1b[1;31m ERROR\x1b[0m]\x1b[36m[\x1b[0m\x1b[1;37m  78\x1b[0m\x1b[36m: am_signal_unwind.cpp: void critical_error_handler()]: \x1b[0m\x1b[31mReg[ 3]: 0x0000000000000000\x1b[0m\r\n'
b'[\x1b[1;31m ERROR\x1b[0m]\x1b[36m[\x1b[0m\x1b[1;37m  78\x1b[0m\x1b[36m: am_signal_unwind.cpp: void critical_error_handler()]: \x1b[0m\x1b[31mReg[ 4]: 0x0000007ff36fe9c8\x1b[0m\r\n'
b'[\x1b[1;31m ERROR\x1b[0m]\x1b[36m[\x1b[0m\x1b[1;37m  78\x1b[0m\x1b[36m: am_signal_unwind.cpp: void critical_error_handler()]: \x1b[0m\x1b[31mReg[ 4]: 0x0000007fce30b028\x1b[0m\r\n'
b'[\x1b[1;31m ERROR\x1b[0m]\x1b[36m[\x1b[0m\x1b[1;37m  78\x1b[0m\x1b[36m: am_signal_unwind.cpp: void critical_error_handler()]: \x1b[0m\x1b[31mReg[ 5]: 0x0000000000000004\x1b[0m\r\n'
b'[\x1b[1;31m ERROR\x1b[0m]\x1b[36m[\x1b[0m\x1b[1;37m  78\x1b[0m\x1b[36m: am_signal_unwind.cpp: void critical_error_handler()]: \x1b[0m\x1b[31mReg[ 5]: 0x0000000000000004\x1b[0m\r\n'
b'[\x1b[1;31m ERROR\x1b[0m]\x1b[36m[\x1b[0m\x1b[1;37m  78\x1b[0m\x1b[36m: am_signal_unwind.cpp: void critical_error_handler()]: \x1b[0m\x1b[31mReg[ 6]: 0x0000000000000009\x1b[0m\r\n'
b'[\x1b[1;31m ERROR\x1b[0m]\x1b[36m[\x1b[0m\x1b[1;37m  78\x1b[0m\x1b[36m: am_signal_unwind.cpp: void critical_error_handler()]: \x1b[0m\x1b[31mReg[ 6]: 0x726553616964656d\x1b[0m\r\n'
b'[\x1b[1;31m ERROR\x1b[0m]\x1b[36m[\x1b[0m\x1b[1;37m  78\x1b[0m\x1b[36m: am_signal_unwind.cpp: void critical_error_handler()]: \x1b[0m\x1b[31mReg[ 7]: 0x000000000000000a\x1b[0m\r\n'
b'[\x1b[1;31m ERROR\x1b[0m]\x1b[36m[\x1b[0m\x1b[1;37m  78\x1b[0m\x1b[36m: am_signal_unwind.cpp: void critical_error_handler()]: \x1b[0m\x1b[31mReg[ 7]: 0x7265767265536169\x1b[0m\r\n'
b'[\x1b[1;31m ERROR\x1b[0m]\x1b[36m[\x1b[0m\x1b[1;37m  78\x1b[0m\x1b[36m: am_signal_unwind.cpp: void critical_error_handler()]: \x1b[0m\x1b[31mReg[ 8]: 0x0000000000000040\x1b[0m\r\n'
b'[\x1b[1;31m ERROR\x1b[0m]\x1b[36m[\x1b[0m\x1b[1;37m  78\x1b[0m\x1b[36m: am_signal_unwind.cpp: void critical_error_handler()]: \x1b[0m\x1b[31mReg[ 8]: 0x636e6174736e6920\x1b[0m\r\n'
b'[\x1b[1;31m ERROR\x1b[0m]\x1b[36m[\x1b[0m\x1b[1;37m  78\x1b[0m\x1b[36m: am_signal_unwind.cpp: void critical_error_handler()]: \x1b[0m\x1b[31mReg[ 9]: 0x64656c6961662065\x1b[0m\r\n'
b'[\x1b[1;31m ERROR\x1b[0m]\x1b[36m[\x1b[0m\x1b[1;37m  78\x1b[0m\x1b[36m: am_signal_unwind.cpp: void critical_error_handler()]: \x1b[0m\x1b[31mReg[ 9]: 0x64656c6961662065\x1b[0m\r\n'
b'[\x1b[1;31m ERROR\x1b[0m]\x1b[36m[\x1b[0m\x1b[1;37m  78\x1b[0m\x1b[36m: am_signal_unwind.cpp: void critical_error_handler()]: \x1b[0m\x1b[31mReg[10]: 0x6d207879726f2074\x1b[0m\r\n'
b'[\x1b[1;31m ERROR\x1b[0m]\x1b[36m[\x1b[0m\x1b[1;37m  78\x1b[0m\x1b[36m: am_signal_unwind.cpp: void critical_error_handler()]: \x1b[0m\x1b[31mReg[10]: 0x6d207879726f2074\x1b[0m\r\n'
b'[\x1b[1;31m ERROR\x1b[0m]\x1b[36m[\x1b[0m\x1b[1;37m  78\x1b[0m\x1b[36m: am_signal_unwind.cpp: void critical_error_handler()]: \x1b[0m\x1b[31mReg[11]: 0x692073656c75646f\x1b[0m\r\n'
b'[\x1b[1;31m ERROR\x1b[0m]\x1b[36m[\x1b[0m\x1b[1;37m  78\x1b[0m\x1b[36m: am_signal_unwind.cpp: void critical_error_handler()]: \x1b[0m\x1b[31mReg[11]: 0x692073656c75646f\x1b[0m\r\n'
b'[\x1b[1;31m ERROR\x1b[0m]\x1b[36m[\x1b[0m\x1b[1;37m  78\x1b[0m\x1b[36m: am_signal_unwind.cpp: void critical_error_handler()]: \x1b[0m\x1b[31mReg[12]: 0x2065636e6174736e\x1b[0m\r\n'
b'[\x1b[1;31m ERROR\x1b[0m]\x1b[36m[\x1b[0m\x1b[1;37m  78\x1b[0m\x1b[36m: am_signal_unwind.cpp: void critical_error_handler()]: \x1b[0m\x1b[31mReg[12]: 0x2065636e6174736e\x1b[0m\r\n'
b'[\x1b[1;31m ERROR\x1b[0m]\x1b[36m[\x1b[0m\x1b[1;37m  78\x1b[0m\x1b[36m: am_signal_unwind.cpp: void critical_error_handler()]: \x1b[0m\x1b[31mReg[13]: 0x0a2164656c696166\x1b[0m\r\n'
b'[\x1b[1;31m ERROR\x1b[0m]\x1b[36m[\x1b[0m\x1b[1;37m  78\x1b[0m\x1b[36m: am_signal_unwind.cpp: void critical_error_handler()]: \x1b[0m\x1b[31mReg[13]: 0x0a2164656c696166\x1b[0m\r\n'
b'[\x1b[1;31m ERROR\x1b[0m]\x1b[36m[\x1b[0m\x1b[1;37m  78\x1b[0m\x1b[36m: am_signal_unwind.cpp: void critical_error_handler()]: \x1b[0m\x1b[31mReg[14]: 0x0000000000000000\x1b[0m\r\n'
b'[\x1b[1;31m ERROR\x1b[0m]\x1b[36m[\x1b[0m\x1b[1;37m  78\x1b[0m\x1b[36m: am_signal_unwind.cpp: void critical_error_handler()]: \x1b[0m\x1b[31mReg[14]: 0x0000000000000021\x1b[0m\r\n'
b'\x1b[1;37mConnection established with kernel.\x1b[0m\r\n'
b'Starting nginx: [InstanceSpecifier] size= 18: exe0/TestLibphmApp\r\n'
b'HealthChannel sv_specifier_:exe0/TestLibphmApp, len:18\r\n'
b'the open the file is successful,fd=7.\r\n'
b'[\x1b[1;31m ERROR\x1b[0m]\x1b[36m[\x1b[0m\x1b[1;37m  78\x1b[0m\x1b[36m: am_signal_unwind.cpp: void critical_error_handler()]: \x1b[0m\x1b[31mReg[15]: 0x000000000000070b\x1b[0m\r\n'
b'read 210 Byte\r\n'
b'[\x1b[1;31m ERROR\x1b[0m]\x1b[36m[\x1b[0m\x1b[1;37m  78\x1b[0m\x1b[36m: am_signal_unwind.cpp: void critical_error_handler()]: \x1b[0m\x1b[31mReg[16]: 0x000000557e3c1098\x1b[0m\r\n'
b'write successful 210\r\n'
b'name:plf_health_mgmt\r\n'
b'[\x1b[1;31m ERROR\x1b[0m]\x1b[36m[\x1b[0m\x1b[1;37m  78\x1b[0m\x1b[36m: am_signal_unwind.cpp: void critical_error_handler()]: \x1b[0m\x1b[31mReg[17]: 0x0000007fa1414ac0\x1b[0m\r\n'
b'name:phm\r\n'
b'name:data_distribution\r\n'
b'[\x1b[1;31m ERROR\x1b[0m]\x1b[36m[\x1b[0m\x1b[1;37m  78\x1b[0m\x1b[36m: am_signal_unwind.cpp: void critical_error_handler()]: \x1b[0m\x1b[31mReg[18]: 0x000000000000002f\x1b[0m\r\n'
b'name:cvServer\r\n'
b'name:mediaServer\r\n'
b'[\x1b[1;31m ERROR\x1b[0m]\x1b[36m[\x1b[0m\x1b[1;37m  78\x1b[0m\x1b[36m: am_signal_unwind.cpp: void critical_error_handler()]: \x1b[0m\x1b[31mReg[19]: 0x0000007ff36fe8a0\x1b[0m\r\n'
b'name:data_integration\r\n'
b'name:gps_service\r\n'
b'OK\r\n'
b'[\x1b[1;31m ERROR\x1b[0m]\x1b[36m[\x1b[0m\x1b[1;37m  78\x1b[0m\x1b[36m: am_signal_unwind.cpp: void critical_error_handler()]: \x1b[0m\x1b[31mReg[20]: 0x000000557e3c0000\x1b[0m\r\n'
b'name:test_gps_client\r\n'
b'name:recoderServer\r\n'
b'[\x1b[1;31m ERROR\x1b[0m]\x1b[36m[\x1b[0m\x1b[1;37m  78\x1b[0m\x1b[36m: am_signal_unwind.cpp: void critical_error_handler()]: \x1b[0m\x1b[31mReg[21]: 0x0000007ff36feac0\x1b[0m\r\n'
b'name:receiver_oms_demo\r\n'
b'name:untouch_oms_app\r\n'
b'[\x1b[1;31m ERROR\x1b[0m]\x1b[36m[\x1b[0m\x1b[1;37m  78\x1b[0m\x1b[36m: am_signal_unwind.cpp: void critical_error_handler()]: \x1b[0m\x1b[31mReg[22]: 0x0000007ff36fe8c0\x1b[0m\r\n'
b'name:osdServer\r\n'
b'name:monitorServer\r\n'
b'[\x1b[1;31m ERROR\x1b[0m]\x1b[36m[\x1b[0m\x1b[1;37m  78\x1b[0m\x1b[36m: am_signal_unwind.cpp: void critical_error_handler()]: \x1b[0m\x1b[31mReg[23]: 0x000000557e3c0000\x1b[0m\r\n'
b'name:untouch_dms_app\r\n'
b'name:receiver_dms_demo\r\n'
b'[\x1b[1;31m ERROR\x1b[0m]\x1b[36m[\x1b[0m\x1b[1;37m  78\x1b[0m\x1b[36m: am_signal_unwind.cpp: void critical_error_handler()]: \x1b[0m\x1b[31mReg[24]: 0x0000007ff36fea58\x1b[0m\r\n'
b'~ClassPointer\r\n'
b'get msg id 0\r\n'
b'[\x1b[1;31m ERROR\x1b[0m]\x1b[36m[\x1b[0m\x1b[1;37m  78\x1b[0m\x1b[36m: am_signal_unwind.cpp: void critical_error_handler()]: \x1b[0m\x1b[31mReg[25]: 0x0000007ff36fea30\x1b[0m\r\n'
b'get msg id 32769\r\n'
b'get msg id 65538\r\n'
b'get msg id 98307\r\n'
b'[\x1b[1;31m ERROR\x1b[0m]\x1b[36m[\x1b[0m\x1b[1;37m  78\x1b[0m\x1b[36m: am_signal_unwind.cpp: void critical_error_handler()]: \x1b[0m\x1b[31mReg[26]: 0x0000000000000000\x1b[0m\r\n'
b'get msg id 131076\r\n'
b'get msg id 163845\r\n'
b'get msg id 196614\r\n'
b'[\x1b[1;31m ERROR\x1b[0m]\x1b[36m[\x1b[0m\x1b[1;37m  78\x1b[0m\x1b[36m: am_signal_unwind.cpp: void critical_error_handler()]: \x1b[0m\x1b[31mReg[27]: 0x00000055a1544f70\x1b[0m\r\n'
b'get msg id 229383\r\n'
b'get msg id 262152\r\n'
b'get msg id 294921\r\n'
b'[\x1b[1;31m ERROR\x1b[0m]\x1b[36m[\x1b[0m\x1b[1;37m  78\x1b[0m\x1b[36m: am_signal_unwind.cpp: void critical_error_handler()]: \x1b[0m\x1b[31mReg[28]: 0x0000000000000000\x1b[0m\r\n'
b'get msg id 327690\r\n'
b'get msg id 360459\r\n'
b'get msg id 393228\r\n'
b'[\x1b[1;31m ERROR\x1b[0m]\x1b[36m[\x1b[0m\x1b[1;37m  78\x1b[0m\x1b[36m: am_signal_unwind.cpp: void critical_error_handler()]: \x1b[0m\x1b[31mReg[29]: 0x0000007ff36fe860\x1b[0m\r\n'
b'get msg id 425997\r\n'
b'get msg id 458766\r\n'
b'[\x1b[1;31m ERROR\x1b[0m]\x1b[36m[\x1b[0m\x1b[1;37m  78\x1b[0m\x1b[36m: am_signal_unwind.cpp: void critical_error_handler()]: \x1b[0m\x1b[31mReg[30]: 0x000000557e3a0ad0\x1b[0m\r\n'
b'the open the file is successful,fd=7.\r\n'
b'[\x1b[1;31m ERROR\x1b[0m]\x1b[36m[\x1b[0m\x1b[1;37m  78\x1b[0m\x1b[36m: am_signal_unwind.cpp: void critical_error_handler()]: \x1b[0m\x1b[31mReg[15]: 0x000000000000070b\x1b[0m\r\n'
b'[\x1b[1;31m ERROR\x1b[0m]\x1b[36m[\x1b[0m\x1b[1;37m  78\x1b[0m\x1b[36m: am_signal_unwind.cpp: void critical_error_handler()]: \x1b[0m\x1b[31mReg[16]: 0x0000005569ea20b8\x1b[0m\r\n'
b'[\x1b[1;31m ERROR\x1b[0m]\x1b[36m[\x1b[0m\x1b[1;37m  78\x1b[0m\x1b[36m: am_signal_unwind.cpp: void critical_error_handler()]: \x1b[0m\x1b[31mReg[17]: 0x0000007fa80f4ac0\x1b[0m\r\n'
b'[\x1b[1;31m ERROR\x1b[0m]\x1b[36m[\x1b[0m\x1b[1;37m  78\x1b[0m\x1b[36m: am_signal_unwind.cpp: void critical_error_handler()]: \x1b[0m\x1b[31mReg[18]: 0x000000000000002f\x1b[0m\r\n'
b'[\x1b[1;31m ERROR\x1b[0m]\x1b[36m[\x1b[0m\x1b[1;37m  78\x1b[0m\x1b[36m: am_signal_unwind.cpp: void critical_error_handler()]: \x1b[0m\x1b[31mReg[19]: 0x0000007fce30af00\x1b[0m\r\n'
b'[\x1b[1;31m ERROR\x1b[0m]\x1b[36m[\x1b[0m\x1b[1;37m  78\x1b[0m\x1b[36m: am_signa[   20.010723] ambarella_fb bogus_bus:framebuffer@0: 720x480, argb1555, 16 bits per pixel, buf pitch = 1440\r\n'
b'l_unwind.cpp: void critical_error_handler()]: \x1b[[   20.024836] ambarella_fb bogus_bus:framebuffer@1: 720x480, argb1555, 16 bits per pixel, buf pitch = 1440\r\n'
b'0m\x1b[31mReg[20]: 0x0000005569ea1000\x1b[0m\r\n'
b'[\x1b[1;31m ERROR\x1b[0m]\x1b[36m[\x1b[0m\x1b[1;37m  78\x1b[0m\x1b[36m: am_signal_unwind.cpp: void critical_error_handler()]: \x1b[0m\x1b[31mReg[21]: 0x0000007fce30b128\x1b[0m\r\n'
b'[\x1b[1;31m ERROR\x1b[0m]\x1b[36m[\x1b[0m\x1b[1;37m  78\x1b[0m\x1b[36m: am_signal_unwind.cpp: void critical_error_handler()]: \x1b[0m\x1b[31mReg[22]: 0x000000556deebf40\x1b[0m\r\n'
b'[\x1b[1;31m ERROR\x1b[0m]\x1b[36m[\x1b[0m\x1b[1;37m  78\x1b[0m\x1b[36m: am_signal_unwind.cpp: void critical_error_handler()]: \x1b[0m\x1b[31mReg[23]: 0x0000005569ea1000\x1b[0m\r\n'
b'[\x1b[1;31m ERROR\x1b[0m]\x1b[36m[\x1b[0m\x1b[1;37m  78\x1b[0m\x1b[36m: am_signal_unwind.cpp: void critical_error_handler()]: \x1b[0m\x1b[31mReg[24]: 0x0000007fce30b4e8\x1b[0m\r\n'
b'[\x1b[1;31m ERROR\x1b[0m]\x1b[36m[\x1b[0m\x1b[1;37m  78\x1b[0m\x1b[36m: am_signal_unwind.cpp: void critical_error_handler()]: \x1b[0m\x1b[31mReg[25]: 0x0000007fce30b0c0\x1b[0m\r\n'
b'[\x1b[1;31m ERROR\x1b[0m]\x1b[36m[\x1b[0m\x1b[1;37m  78\x1b[0m\x1b[36m: am_signal_unwind.cpp: void critical_error_handler()]: \x1b[0m\x1b[31mReg[26]: 0x0000007fce30b098\x1b[0m\r\n'
b'[\x1b[1;31m ERROR\x1b[0m]\x1b[36m[\x1b[0m\x1b[1;37m  78\x1b[0m\x1b[36m: am_signal_unwind.cpp: void critical_error_handler()]: \x1b[0m\x1b[31mReg[27]: 0x0000000000000000\x1b[0m\r\n'
b'[\x1b[1;31m ERROR\x1b[0m]\x1b[36m[\x1b[0m\x1b[1;37m  78\x1b[0m\x1b[36m: am_signal_unwind.cpp: void critical_error_handler()]: \x1b[0m\x1b[31mReg[28]: 0x000000556deecf70\x1b[0m\r\n'
b'[\x1b[1;31m ERROR\x1b[0m]\x1b[36m[\x1b[0m\x1b[1;37m  78\x1b[0m\x1b[36m: am_signal_unwind.cpp: void critical_error_handler()]: \x1b[0m\x1b[31mReg[29]: 0x0000007fce30aed0\x1b[0m\r\n'
b'[\x1b[1;31m ERROR\x1b[0m]\x1b[36m[\x1b[0m\x1b[1;37m  78\x1b[0m\x1b[36m: am_signal_unwind.cpp: void critical_error_handler()]: \x1b[0m\x1b[31mReg[30]: 0x0000005569e88d20\x1b[0m\r\n'
b'~InstanceSpecifier\r\n'
b'[\x1b[1;31m ERROR\x1b[0m]\x1b[36m[\x1b[0m\x1b[1;37m 157\x1b[0m\x1b[36m: am_signal_unwind.cpp: void critical_error_handler()]: \x1b[0m\x1b[31m#0 : [Function: 0x0000007fa188a668] sp=0x0000007ff36fd5e0  + 0x0\x1b[0m\r\n'
b'Starting fcgiwrap: OK\r\n'
b'[\x1b[1;31m ERROR\x1b[0m]\x1b[36m[\x1b[0m\x1b[1;37m 142\x1b[0m\x1b[36m: am_signal_unwind.cpp: void critical_error_handler()]: \x1b[0m\x1b[31m#1 : [Function: 0x000000557e3a0ae0] sp=0x0000007ff36fe840 (null) !!!! BAD Address (nil)\x1b[0m\r\n'
b'[\x1b[1;31m ERROR\x1b[0m]\x1b[36m[\x1b[0m\x1b[1;37m 157\x1b[0m\x1b[36m: am_signal_unwind.cpp: void critical_error_handler()]: \x1b[0m\x1b[31m#2 : [Function: 0x000000557e3a0ae0] sp=0x0000007ff36fe840 std::_Sp_counted_base<(__gnu_cxx::_Lock_policy)2>::_M_release() + 0xf60\x1b[0m\r\n'
b'[\x1b[1;31m ERROR\x1b[0m]\x1b[36m[\x1b[0m\x1b[1;37m 157\x1b[0m\x1b[36m: am_signal_unwind.cpp: void critical_error_handler()]: \x1b[0m\x1b[31m#3 : [Function: 0x000000557e39e934] sp=0x0000007ff36fe9d0 _ZNSt6vectorINSt7__cxx1112basic_stringIcSt11char_traitsIcESaIcEEESaIS5_EEaSERKS7_ + 0xf60\x1b[0m\r\n'
b'[\x1b[1;31m ERROR\x1b[0m]\x1b[36m[\x1b[0m\x1b[1;37m 157\x1b[0m\x1b[36m: am_signal_unwind.cpp: void critical_error_handler()]: \x1b[0m\x1b[31m#0 : [Function: 0x0000007fa85be668] sp=0x0000007fce309c70  + 0x0\x1b[0m\r\n'
b'[\x1b[1;31m ERROR\x1b[0m]\x1b[36m[\x1b[0m\x1b[1;37m 142\x1b[0m\x1b[36m: am_signal_unwind.cpp: void critical_error_handler()]: \x1b[0m\x1b[31m#1 : [Function: 0x0000005569e88d30] sp=0x0000007fce30aed0 (null) !!!! BAD Address (nil)\x1b[0m\r\n'
b'[\x1b[1;31m ERROR\x1b[0m]\x1b[36m[\x1b[0m\x1b[1;37m 157\x1b[0m\x1b[36m: am_signal_unwind.cpp: void critical_error_handler()]: \x1b[0m\x1b[31m#2 : [Function: 0x0000005569e88d30] sp=0x0000007fce30aed0 std::_Sp_counted_base<(__gnu_cxx::_Lock_policy)2>::_M_release() + 0xcb0\x1b[0m\r\n'
b'[\x1b[1;31m ERROR\x1b[0m]\x1b[36m[\x1b[0m\x1b[1;37m 157\x1b[0m\x1b[36m: am_signal_unwind.cpp: void critical_error_handler()]: \x1b[0m\x1b[31m#4 : [Function: 0x0000007fa13b3ce4] sp=0x0000007ff36fec00 __libc_start_main + 0xe4\x1b[0m\r\n'
b'[\x1b[1;31m ERROR\x1b[0m]\x1b[36m[\x1b[0m\x1b[1;37m 157\x1b[0m\x1b[36m: am_signal_unwind.cpp: void critical_error_handler()]: \x1b[0m\x1b[31m#5 : [Function: 0x000000557e39ede4] sp=0x0000007ff36fed40 _ZNSt6vectorINSt7__cxx1112basic_stringIcSt11char_traitsIcESaIcEEESaIS5_EEaSERKS7_ + 0xe4\x1b[0m\r\n'
b'[\x1b[1;31m ERROR\x1b[0m]\x1b[36m[\x1b[0m\x1b[1;37m 157\x1b[0m\x1b[36m: am_signal_unwind.cpp: void critical_error_handler()]: \x1b[0m\x1b[31m#3 : [Function: 0x0000005569e86e28] sp=0x0000007fce30b030 _ZNSt6vectorINSt7__cxx1112basic_stringIcSt11char_traitsIcESaIcEEESaIS5_EEaSERKS7_ + 0xcb0\x1b[0m\r\n'
b'[   19.547889]~DLT~  405~WARNING  ~NWTSegmented: Error while reading queue: Bad file descriptor\r\n'
b'[\x1b[1;31m ERROR\x1b[0m]\x1b[36m[\x1b[0m\x1b[1;37m 157\x1b[0m\x1b[36m: am_signal_unwind.cpp: void critical_error_handler()]: \x1b[0m\x1b[31m#4 : [Function: 0x0000007fa8093ce4] sp=0x0000007fce30b3a0 __libc_start_main + 0xe4\x1b[0m\r\n'
b'[\x1b[1;31m ERROR\x1b[0m]\x1b[36m[\x1b[0m\x1b[1;37m 157\x1b[0m\x1b[36m: am_signal_unwind.cpp: void critical_error_handler()]: \x1b[0m\x1b[31m#5 : [Function: 0x0000005569e872f0] sp=0x0000007fce30b4e0 _ZNSt6vectorINSt7__cxx1112basic_stringIcSt11char_traitsIcESaIcEEESaIS5_EEaSERKS7_ + 0xe4\x1b[0m\r\n'
b'\r\r\n'
b'\r\n'
b'\rWelcome to Ambarella\r\n'
b'\rAmbarella login: '
b''
ÖØÆôµÚ 2 ´Î
b'\r\r\n'
b'\r\n'
b'\rWelcome to Ambarella\r\n'
b'\rAmbarella login: \r\r\n'
b'\r\n'
b'\rWelcome to Ambarella\r\n'
b'\rAmbarella login: root\r\n'
b"login[521]: root login on 'ttyS0'\r\r\n"
b'# \r\n'
b'# reboot\r\n'
b'# \rThe system is going down NOW!\r\n'
b'\rSent SIGTERM to all processes\r\n'
b'\x1b[1;37mCapture signal[15]\x1b[0m\r\n'
b'~ClassPointer\r\n'
b'~ClassPointer\r\n'
b'~ClassPointer\r\n'
b'\rSent SIGKILL to all processes\r\n'
b'\rRequesting system reboot\r\n'
b'[   47.716349] ambarella-i2c e400a000.i2c: No ACK from address 0xb4, 0:0!\r\n'
b'[   47.724071] ambarella-i2c e400a000.i2c: No ACK from address 0xb4, 0:0!\r\n'
b'[   47.731558] ambarella-i2c e400a000.i2c: No ACK from address 0xb4, 0:0!\r\n'
b'[   47.739028] ambarella-i2c e400a000.i2c: No ACK from address 0xb4, 0:0!\r\n'
b'[   47.746489] ambarella-i2c e400a000.i2c: No ACK from address 0xb4, 0:0!\r\n'
b'[   47.753970] ambarella-i2c e400a000.i2c: No ACK from address 0xb4, 0:0!\r\n'
b'[   47.761470] ambarella-i2c e400a000.i2c: No ACK from address 0xb4, 0:0!\r\n'
b'[   49.037873] ambarella-wdt ec002000.wdt: ambarella_wdt_shutdown @ 5.\r\n'
b'[   49.044198] reboot: Restarting system\r\n'
b'\x1b[4l\r\n'
b'[    0.000000] Booting Linux on physical CPU 0x0\r\n'
b'[    0.000000] Linux version 4.14.181 (bean@tbox-compile1) (gcc version 8.2.1 20180802 (Linaro GCC 8.2-2018.08~dev)) #1 SMP PREEMPT Thu Dec 10 10:13:09 CST 2020\r\n'
b'[    0.000000] Boot CPU: AArch64 Processor [410fd034]\r\n'
b'[    0.000000] Machine model: Ambarella CV22 Walnut Board\r\n'
b'[    0.000000] Reserved memory: created CMA memory pool at 0x000000003cc00000, size 48 MiB\r\n'
b'[    0.000000] OF: reserved mem: initialized node linux,cma, compatible id shared-dma-pool\r\n'
b'[    0.000000] Reserved memory: created CMA memory pool at 0x0000000040000000, size 508 MiB\r\n'
b'[    0.000000] OF: reserved mem: initialized node iav@0x40000000, compatible id shared-dma-pool\r\n'
b'[    0.000000] Reserved memory: created CMA memory pool at 0x0000000060000000, size 508 MiB\r\n'
b'[    0.000000] OF: reserved mem: initialized node cavalry@0x60000000, compatible id shared-dma-pool\r\n'
b'[    0.000000] percpu: Embedded 19 pages/cpu s38552 r8192 d31080 u77824\r\n'
b'[    0.000000] Detected VIPT I-cache on CPU0\r\n'
b'[    0.000000] CPU features: enabling workaround for ARM erratum 845719\r\n'
b'[    0.000000] Built 1 zonelists, mobility grouping on.  Total pages: 515592\r\n'
b'[    0.000000] Kernel command line: console=ttyS0 noinitrd root=/dev/mmcblk0p9 rw rootfstype=ext4 init=/linuxrc rootwait\r\n'
b'[    0.000000] PID hash table entries: 4096 (order: 3, 32768 bytes)\r\n'
b'[    0.000000] Dentry cache hash table entries: 262144 (order: 9, 2097152 bytes)\r\n'
b'[    0.000000] Inode-cache hash table entries: 131072 (order: 8, 1048576 bytes)\r\n'
b'[    0.000000] Memory: 962052K/2095104K available (4670K kernel code, 432K rwdata, 1336K rodata, 320K init, 224K bss, 43516K reserved, 1089536K cma-reserved)\r\n'
b'[    0.000000] Virtual kernel memory layout:\r\n'
b'[    0.000000]     modules : 0xffffff8000000000 - 0xffffff8008000000   (   128 MB)\r\n'
b'[    0.000000]     vmalloc : 0xffffff8008000000 - 0xffffffbebfff0000   (   250 GB)\r\n'
b'[    0.000000]       .text : 0xffffff8008080000 - 0xffffff8008510000   (  4672 KB)\r\n'
b'[    0.000000]     .rodata : 0xffffff8008510000 - 0xffffff8008670000   (  1408 KB)\r\n'
b'[    0.000000]       .init : 0xffffff8008670000 - 0xffffff80086c0000   (   320 KB)\r\n'
b'[    0.000000]       .data : 0xffffff80086c0000 - 0xffffff800872c008   (   433 KB)\r\n'
b'[    0.000000]        .bss : 0xffffff800872c008 - 0xffffff8008764178   (   225 KB)\r\n'
b'[    0.000000]     fixed   : 0xffffffbefe7fb000 - 0xffffffbefec00000   (  4116 KB)\r\n'
b'[    0.000000]     PCI I/O : 0xffffffbefee00000 - 0xffffffbeffe00000   (    16 MB)\r\n'
b'[    0.000000]     vmemmap : 0xffffffbf00000000 - 0xffffffc000000000   (     4 GB maximum)\r\n'
b'[    0.000000]               0xffffffbf00008000 - 0xffffffbf02000000   (    31 MB actual)\r\n'
b'[    0.000000]     memory  : 0xffffffc000200000 - 0xffffffc080000000   (  2046 MB)\r\n'
b'[    0.000000] SLUB: HWalign=64, Order=0-3, MinObjects=0, CPUs=4, Nodes=1\r\n'
b'[    0.000000] Preemptible hierarchical RCU implementation.\r\n'
b'[    0.000000] \tTasks RCU enabled.\r\n'
b'[    0.000000] NR_IRQS: 64, nr_irqs: 64, preallocated irqs: 0\r\n'
b'[    0.000000] CPU features: GIC system register CPU interface present but disabled by higher exception level\r\n'
b'[    0.000000] vco = 384000000, 24000000, 1, 16, 1\r\n'
b'[    0.000000] arch_timer: cp15 timer(s) running at 47.25MHz (virt).\r\n'
b'[    0.000000] clocksource: arch_sys_counter: mask: 0xffffffffffffff max_cycles: 0xae5b54743, max_idle_ns: 440795204480 ns\r\n'
b'[    0.000005] sched_clock: 56 bits at 47MHz, resolution 21ns, wraps every 4398046511098ns\r\n'
b'[    0.000253] Console: colour dummy device 80x25\r\n'
b'[    0.302242] console [ttyS0] enabled\r\n'
b'[    0.305726] Calibrating delay loop (skipped), value calculated using timer frequency.. 94.50 BogoMIPS (lpj=47250)\r\n'
b'[    0.315965] pid_max: default: 32768 minimum: 301\r\n'
b'[    0.320666] Mount-cache hash table entries: 4096 (order: 3, 32768 bytes)\r\n'
b'[    0.327366] Mountpoint-cache hash table entries: 4096 (order: 3, 32768 bytes)\r\n'
b'[    0.338549] ASID allocator initialised with 32768 entries\r\n'
b'[    0.345958] Hierarchical SRCU implementation.\r\n'
b'[    0.354343] smp: Bringing up secondary CPUs ...\r\n'
b'[    0.365965] Detected VIPT I-cache on CPU1\r\n'
b'[    0.369994] CPU1: Booted secondary processor [410fd034]\r\n'
b'[    0.382056] Detected VIPT I-cache on CPU2\r\n'
b'[    0.386068] CPU2: Booted secondary processor [410fd034]\r\n'
b'[    0.398159] Detected VIPT I-cache on CPU3\r\n'
b'[    0.402170] CPU3: Booted secondary processor [410fd034]\r\n'
b'[    0.407448] smp: Brought up 1 node, 4 CPUs\r\n'
b'[    0.411544] SMP: Total of 4 processors activated.\r\n'
b'[    0.416236] CPU features: detected: 32-bit EL0 Support\r\n'
b'[    0.421860] CPU: All CPU(s) started at EL1\r\n'
b'[    0.425960] alternatives: patching kernel code\r\n'
b'[    0.431514] devtmpfs: initialized\r\n'
b'[    0.440596] random: get_random_u32 called from bucket_table_alloc+0x108/0x268 with crng_init=0\r\n'
b'[    0.449532] clocksource: jiffies: mask: 0xffffffff max_cycles: 0xffffffff, max_idle_ns: 1911260446275000 ns\r\n'
b'[    0.459259] futex hash table entries: 1024 (order: 5, 131072 bytes)\r\n'
b'[    0.507618] pinctrl core: initialized pinctrl subsystem\r\n'
b'[    0.513180] NET: Registered protocol family 16\r\n'
b'[    0.518311] vdso: 2 pages (1 code @ ffffff8008515000, 1 data @ ffffff80086c4000)\r\n'
b'[    0.532794] DMA: preallocated 256 KiB pool for atomic allocations\r\n'
b'[    0.542076] ambarella-pinctrl ec003000.pinctrl: Ambarella pinctrl driver registered\r\n'
b'[    0.550439] ambarella-gpio ec003000.pinctrl:gpio@0: Ambarella GPIO driver registered\r\n'
b'[    0.565052] HugeTLB registered 2.00 MiB page size, pre-allocated 0 pages\r\n'
b'[    0.572851] ambarella-dma e0020000.dma: Ambarella DMA Engine \r\n'
b'[    0.579183] ambarella-dma e0021000.dma: Ambarella DMA Engine \r\n'
b'[    0.585326] ambarella-i2c e4008000.i2c: Ambarella I2C adapter[0] probed, clock:100000!\r\n'
b'[    0.593435] ambarella-i2c e4009000.i2c: Ambarella I2C adapter[1] probed, clock:100000!\r\n'
b'[    0.601623] ambarella-i2c e400a000.i2c: Ambarella I2C adapter[2] probed, clock:100000!\r\n'
b'[    0.609723] ambarella-i2c e400b000.i2c: Ambarella I2C adapter[3] probed, clock:100000!\r\n'
b'[    0.618517] clocksource: Switched to clocksource arch_sys_counter\r\n'
b'[    0.630815] NET: Registered protocol family 2\r\n'
b'[    0.635613] TCP established hash table entries: 16384 (order: 5, 131072 bytes)\r\n'
b'[    0.642983] TCP bind hash table entries: 16384 (order: 6, 262144 bytes)\r\n'
b'[    0.649915] TCP: Hash tables configured (established 16384 bind 16384)\r\n'
b'[    0.656561] UDP hash table entries: 1024 (order: 3, 32768 bytes)\r\n'
b'[    0.662614] UDP-Lite hash table entries: 1024 (order: 3, 32768 bytes)\r\n'
b'[    0.669197] NET: Registered protocol family 1\r\n'
b'[    0.673846] RPC: Registered named UNIX socket transport module.\r\n'
b'[    0.679770] RPC: Registered udp transport module.\r\n'
b'[    0.684462] RPC: Registered tcp transport module.\r\n'
b'[    0.689152] RPC: Registered tcp NFSv4.1 backchannel transport module.\r\n'
b'[    0.699267] workingset: timestamp_bits=62 max_order=19 bucket_order=0\r\n'
b'[    0.711362] squashfs: version 4.0 (2009/01/31) Phillip Lougher\r\n'
b'[    0.721741] Block layer SCSI generic (bsg) driver version 0.4 loaded (major 251)\r\n'
b'[    0.729125] io scheduler noop registered\r\n'
b'[    0.733041] io scheduler deadline registered\r\n'
b'[    0.737393] io scheduler cfq registered (default)\r\n'
b'[    0.742091] io scheduler mq-deadline registered\r\n'
b'[    0.746608] io scheduler kyber registered\r\n'
b'[    0.751160] ambarella-gdma e000c000.gdma: Ambarella GDMA driver init\r\n'
b'[    0.757883] e4000000.uart: ttyS0 at MMIO 0xe4000000 (irq = 11, base_baud = 1500000) is a ambuart\r\n'
b'[    0.766976] e0017000.uart: ttyS1 at MMIO 0xe0017000 (irq = 32, base_baud = 1500000) is a ambuart\r\n'
b'[    0.776027] e001a000.uart: ttyS4 at MMIO 0xe001a000 (irq = 33, base_baud = 1500000) is a ambuart\r\n'
b'[    0.785103] cacheinfo: Unable to detect cache hierarchy for CPU 0\r\n'
b'[    0.791783] brd: module loaded\r\n'
b'[    0.800853] loop: module loaded\r\n'
b'[    0.804135] mousedev: PS/2 mouse device common for all mice\r\n'
b'[    0.810030] ambarella-rtc e8001000.rtc: rtc core: registered e8001000.rtc as rtc0\r\n'
b'[    0.817502] ambarella-rtc e8001000.rtc: Warning: RTC lost power.....\r\n'
b'[    0.829158] ambarella-wdt ec002000.wdt: Ambarella Watchdog Timer Probed.\r\n'
b'[    1.187594] ambarella-sd e0004000.sdmmc0: Max frequency is 120000000Hz\r\n'
b'[    1.573563] ambarella-sd e0005000.sdmmc1: Max frequency is 48000000Hz\r\n'
b'[    1.580272] Initializing XFRM netlink socket\r\n'
b'[    1.584547] NET: Registered protocol family 17\r\n'
b'[    1.589014] Key type dns_resolver registered\r\n'
b'[    1.614328] console [netcon0] enabled\r\n'
b'[    1.617996] netconsole: network logging started\r\n'
b'[    1.622559] ambarella-rtc e8001000.rtc: setting system clock to 1970-03-02 16:21:20 UTC (5242880)\r\n'
b'[    1.631780] Waiting for root device /dev/mmcblk0p9...\r\n'
b'[    1.669169] mmc0: new high speed MMC card at address 0001\r\n'
b'[    1.674868] mmcblk0: mmc0:0001 S0J57X 29.6 GiB \r\n'
b'[    1.679569] mmcblk0boot0: mmc0:0001 S0J57X partition 1 31.5 MiB\r\n'
b'[    1.685649] mmcblk0boot1: mmc0:0001 S0J57X partition 2 31.5 MiB\r\n'
b'[    1.691657] mmcblk0rpmb: mmc0:0001 S0J57X partition 3 4.00 MiB, chardev (250:0)\r\n'
b'[    1.699644]  (bst): 0x0000000000000000, 0x0000000000001000\r\n'
b'[    1.705125]  (bld): 0x0000000000001000, 0x0000000000100000\r\n'
b'[    1.710602]  (ptb): 0x0000000000101000, 0x00000000000e0000\r\n'
b'[    1.716077]  (atf): 0x00000000001e1000, 0x0000000000100000\r\n'
b'[    1.721554]  (pba): 0x00000000002e1000, 0x0000000001000000\r\n'
b'[    1.727029]  (pri): 0x00000000012e1000, 0x0000000001000000\r\n'
b'[    1.732504]  (sec): 0x00000000022e1000, 0x0000000040000000\r\n'
b'[    1.737986]  (dsp): 0x00000000422e1000, 0x0000000006400000\r\n'
b'[    1.743461]  (lnx): 0x00000000486e1000, 0x0000000026600000\r\n'
b'[    1.748933]  (add): 0x000000006ece1000, 0x0000000080000000\r\n'
b'[    1.754411]  (raw): 0x00000000eece1000, 0x000000067a31f000\r\n'
b'[    1.759882]  mmcblk0: p1(bst) p2(bld) p3(ptb) p4(atf) p5(pba) p6(pri) p7(sec) p8(dsp) p9(lnx) p10(add) p11(raw)\r\n'
b'[    1.804928] random: fast init done\r\n'
b'[    1.832262] EXT4-fs (mmcblk0p9): recovery complete\r\n'
b'[    1.837843] EXT4-fs (mmcblk0p9): mounted filesystem with ordered data mode. Opts: (null)\r\n'
b'[    1.845955] VFS: Mounted root (ext4 filesystem) on device 179:9.\r\n'
b'[    1.852625] devtmpfs: mounted\r\n'
b'[    1.855810] Freeing unused kernel memory: 320K\r\n'
b'[    1.971730] EXT4-fs (mmcblk0p9): re-mounted. Opts: errors=remount-ro,data=ordered\r\n'
b'net.core.wmem_default = 524288\r\n'
b'net.core.wmem_max = 1048576\r\n'
b'vm.laptop_mode = 0\r\n'
b'vm.min_free_kbytes = 8192\r\n'
b'vm.vfs_cache_pressure = 160\r\n'
b'vm.dirty_expire_centisecs = 600\r\n'
b'vm.dirty_writeback_centisecs = 200\r\n'
b'vm.dirty_ratio = 3\r\n'
b'vm.dirty_background_ratio = 3\r\n'
b'[    2.086994] i2c /dev entries driver\r\n'
b'[    2.099117] ambarella-spi e0011000.spi: Ambarella spi controller 0 created.\r\r\n'
b'[    2.157644] ambcma: loading out-of-tree module taints kernel.\r\n'
b'[    2.164461] platform iav:ambcma: assigned reserved memory node iav@0x40000000\r\n'
b"[    2.463404] imgproc: module license 'Proprietary' taints kernel.\r\n"
b'[    2.469430] Disabling lock debugging due to kernel taint\r\n'
b'[    2.650028] amba_debug_init 247:0.\r\n'
b'Populating cv22_bmap using udev: Starting version v242-1.amba\r\n'
b'Done\r\n'
b'Loading CV22 private driver: [    2.951428] pps_core: LinuxPPS API ver. 1 registered\r\n'
b'[    2.956452] pps_core: Software ver. 5.3.6 - Copyright 2005-2007 Rodolfo Giometti <giometti@linux.it>\r\n'
b'[    2.977875] pps pps0: new PPS source pps.-1\r\n'
b'[    2.982162] pps pps0: Registered IRQ 52 as PPS source\r\n'
b'[    3.024125] libphy: Fixed MDIO Bus: probed\r\n'
b'[    3.164538] libphy: Ambarella MDIO Bus: probed\r\n'
b'[    3.175454] rtl9000_probe id 1c\r\n'
b'[    3.178688] rtl9000_probe id cb00\r\n'
b'[    3.182409] ambarella-eth e000e000.ethernet: Enhance Ethernet PHY[0]: 0x001ccb00!\r\n'
b'[    3.190450] ambarella-eth e000e000.ethernet: CONFIG_PTP_1588_CLOCK is not set\r\n'
b'[    3.197607] ambarella-eth e000e000.ethernet: MAC Address[72:c3:b3:64:df:6d].\r\n'
b'modprobe: FATAL: Module ambarella_sd not found in directory /lib/modules/4.14.181\r\n'
b'modprobe: FATAL: Module mmc_block not found in directory /lib/modules/4.14.181\r\n'
b'[    3.259344] usbcore: registered new interface driver usbfs\r\n'
b'[    3.264939] usbcore: registered new interface driver hub\r\n'
b'[    3.270496] usbcore: registered new device driver usb\r\n'
b"[    3.288751] ehci_hcd: USB 2.0 'Enhanced' Host Controller (EHCI) Driver\r\n"
b'[    3.306351] ehci-ambarella: AMBARELLA-EHCI Host Controller driver\r\n'
b'[    3.313746] ambarella-ehci e001f000.ehci: EHCI Host Controller\r\n'
b'[    3.319636] ambarella-ehci e001f000.ehci: new USB bus registered, assigned bus number 1\r\n'
b'[    3.328858] ambarella-ehci e001f000.ehci: irq 26, io mem 0xe001f000\r\n'
b'[    3.342543] ambarella-ehci e001f000.ehci: USB 2.0 started, EHCI 1.00\r\n'
b'[    3.345595] EXT4-fs (mmcblk0p7): Unrecognized mount option "flush" or missing value\r\n'
b'[    3.349152] usb usb1: New USB device found, idVendor=1d6b, idProduct=0002\r\n'
b'[    3.363331] usb usb1: New USB device strings: Mfr=3, Product=2, SerialNumber=1\r\n'
b'[    3.370555] usb usb1: Product: EHCI Host Controller\r\n'
b'[    3.375431] usb usb1: Manufacturer: Linux 4.14.181 ehci_hcd\r\n'
b'[    3.381113] usb usb1: SerialNumber: AmbUSB\r\n'
b'[    3.383014] EXT4-fs (mmcblk0p8): Unrecognized mount option "flush" or missing value\r\n'
b'[    3.385766] hub 1-0:1.0: USB hub found\r\n'
b'[    3.396662] hub 1-0:1.0: 1 port detected\r\n'
b"[    3.411981] ohci_hcd: USB 1.1 'Open' Host Controller (OHCI) Driver\r\n"
b'[    3.418427] ambarella-ohci e001e000.ohci: Ambarella OHCI\r\n'
b'[    3.423747] ambarella-ohci e001e000.ohci: new USB bus registered, assigned bus number 2\r\n'
b'[    3.431804] ambarella-ohci e001e000.ohci: irq 25, io mem 0xe001e000\r\n'
b'[    3.494711] usb usb2: New USB device found, idVendor=1d6b, idProduct=0001\r\n'
b'[    3.501493] usb usb2: New USB device strings: Mfr=3, Product=2, SerialNumber=1\r\n'
b'[    3.508706] usb usb2: Product: Ambarella OHCI\r\n'
b'[    3.513053] usb usb2: Manufacturer: Linux 4.14.181 ohci_hcd\r\n'
b'[    3.518614] usb usb2: SerialNumber: AmbUSB\r\n'
b'[    3.523172] hub 2-0:1.0: USB hub found\r\n'
b'[    3.526945] hub 2-0:1.0: 1 port detected\r\n'
b'[    3.541845] ambarella-udc e0006000.udc: ambarella_udc: version 21 Jan 2016\r\n'
b'[    3.577842] using random self ethernet address\r\n'
b'[    3.582324] using random host ethernet address\r\n'
b'[    3.587196] usb0: HOST MAC 96:ba:7e:85:75:4c\r\n'
b'[    3.591575] usb0: MAC b2:87:4b:97:32:57\r\n'
b'[    3.595448] using random self ethernet address\r\n'
b'[    3.599899] using random host ethernet address\r\n'
b'[    3.604412] g_ether gadget: Ethernet Gadget, version: Memorial Day 2008\r\n'
b'[    3.611019] g_ether gadget: g_ether ready\r\n'
b'Install Auido...\r\n'
b'OK!\r\n'
b'Initializing random number generator... [    3.674361] random: dd: uninitialized urandom read (512 bytes read)\r\n'
b'done.\r\n'
b'run /usr/beantechs/bin/dlt-daemonstart successful\r\n'
b'/usr/beantechs/bin:/usr/untouch/bin:/usr/beantechs/unit_test:/bin:/sbin:/usr/bin:/usr/sbin:/usr/bin/X11:/usr/local/bin:/usr/local/sbin\r\n'
b'[    3.739425] ambhdmi e000b000.hdmi: Ambarella hdmi controller version:2.0 \r\n'
b'Init without VIN drivers...\r\n'
b'Default init without lens driver\r\n'
b'Use default settings\r\n'
b'map_size = 0x500000, nr_item = 4\r\n'
b'addr_offset = 0x00000000, filename = orccode.bin\r\n'
b'addr_offset = 0x00300000, filename = orcme.bin\r\n'
b'addr_offset = 0x003a0000, filename = orcmdxf.bin\r\n'
b'addr_offset = 0x003e0000, filename = default_binary.bin\r\n'
b'mmap returns 0x7fbe2e5000\r\n'
b'loading /lib/firmware/orccode.bin...addr = 0x7fbe2e5000, size = 0x206bbf\r\n'
b'loading /lib/firmware/orcme.bin...addr = 0x7fbe5e5000, size = 0x42894\r\n'
b'loading /lib/firmware/orcmdxf.bin...addr = 0x7fbe685000, size = 0x28ed0\r\n'
b'loading /lib/firmware/default_binary.bin...addr = 0x7fbe6c5000, size = 0x6bf84\r\n'
b'===============================================\r\n'
b'ucode (CV22) version = 2020/5/25 288664.288656\r\n'
b'===============================================\r\n'
b'[    4.031529] -------------------ambrg_hw_reset---id:1,ambrg->rst_gpio[0]:51!\r\n'
b'[    5.209527] -------------------ambrg_hw_reset---id:1,ambrg->rst_gpio[0]:51!\r\n'
b'[    6.385527] -------------------ambrg_hw_reset---id:1,ambrg->rst_gpio[0]:51!\r\n'
b'[    7.561527] -------------------ambrg_hw_reset---id:1,ambrg->rst_gpio[0]:51!\r\n'
b'[    8.738527] -------------------ambrg_hw_reset---id:1,ambrg->rst_gpio[0]:51!\r\n'
b'[    9.913526] -------------------ambrg_hw_reset---id:1,ambrg->rst_gpio[0]:51!\r\n'
b'[   10.408861] random: crng init done\r\n'
b"modprobe: ERROR: could not insert 'ov2775_mipi_brg': Input/output error\r\n"
b'[   11.081653] vco = 432000000, 24000000, 1, 18, 1\r\n'
b'[   11.138526] -------------------ambrg_hw_reset---id:0,ambrg->rst_gpio[0]:35!\r\n'
b'[   11.157529] -------------------ambarella_set_vsync_gpio116_alt1\r\n'
b'[   12.215526] -------------------ambrg_hw_reset---id:0,ambrg->rst_gpio[0]:35!\r\n'
b'[   12.233528] -------------------ambarella_set_vsync_gpio116_alt1\r\n'
b'[   13.291526] -------------------ambrg_hw_reset---id:0,ambrg->rst_gpio[0]:35!\r\n'
b'[   13.309528] -------------------ambarella_set_vsync_gpio116_alt1\r\n'
b'[   14.367525] -------------------ambrg_hw_reset---id:0,ambrg->rst_gpio[0]:35!\r\n'
b'[   14.385527] -------------------ambarella_set_vsync_gpio116_alt1\r\n'
b'[   15.443526] -------------------ambrg_hw_reset---id:0,ambrg->rst_gpio[0]:35!\r\n'
b'[   15.461529] -------------------ambarella_set_vsync_gpio116_alt1\r\n'
b'[   16.519526] -------------------ambrg_hw_reset---id:0,ambrg->rst_gpio[0]:35!\r\n'
b'[   16.537529] -------------------ambarella_set_vsync_gpio116_alt1\r\n'
b"modprobe: ERROR: could not insert 'ov2311_mipi_brg': Input/output error\r\n"
b'[   17.584294] cavalry sub_scheduler0: assigned reserved memory node cavalry@0x60000000\r\n'
b'map_cavalry: phys: 0x60400000, virt: 0x7fa9e3d000, total size: 0x100000\r\n'
b'Cavalry Ucode Version = CV22-Ver.84-20200509-58b[   17.613693] vco = 384000000, 24000000, 1, 16, 1\r\n'
b'2ac3f-hl_fw.00000001\r\n'
b'[   17.624527] vco = 1512000000, 24000000, 1, 63, 1\r\n'
b'[   17.641573] ambarella-i2c e400a000.i2c: No ACK from address 0xb4, 0:0!\r\n'
b'Start app: \r\n'
b'[   17.649038] ambarella-i2c e400a000.i2c: No ACK from address 0xb4, 0:0!\r\n'
b'[   17.656785] ambarella-i2c e400a000.i2c: No ACK from address 0xb4, 0:0!\r\n'
b'found blkid\r\n'
b'[   17.664246] ambarella-i2c e400a000.i2c: No ACK from address 0xb4, 0:0!\r\n'
b'found df\r\n'
b'[   17.671861] ambarella-i2c e400a000.i2c: No ACK from address 0xb4, 0:0!\r\n'
b'[   17.679788] ambarella-i2c e400a000.i2c: No ACK from address 0xb4, 0:0!\r\n'
b'[   17.687293] ambarella-i2c e400a000.i2c: No ACK from address 0xb4, 0:0!\r\n'
b'[   17.694889] ambarella-i2c e400a000.i2c: No ACK from address 0xb4, 0:0!\r\n'
b'[   17.702379] ambarella-i2c e400a000.i2c: No ACK from address 0xb4, 0:0!\r\n'
b'[   17.709870] ambarella-i2c e400a000.i2c: No ACK from address 0xb4, 0:0!\r\n'
b'[   17.717337] ambarella-i2c e400a000.i2c: No ACK from address 0xb4, 0:0!\r\n'
b'[   17.724814] ambarella-i2c e400a000.i2c: No ACK from address 0xb4, 0:0!\r\n'
b'[   17.732301] ambarella-i2c e400a000.i2c: No ACK from address 0xb4, 0:0!\r\n'
b'[   17.740400] asoc-simple-card sound: ak4637-aif <-> e000d000.i2s mapping ok\r\n'
b'[   17.748291] ambarella-i2c e400a000.i2c: No ACK from address 0xb4, 0:0!\r\n'
b'[   17.755792] ambarella-i2c e400a000.i2c: No ACK from address 0xb4, 0:0!\r\n'
b'[   17.763265] ambarella-i2c e400a000.i2c: No ACK from address 0xb4, 0:0!\r\n'
b'[   17.770708] ambarella-i2c e400a000.i2c: No ACK from address 0xb4, 0:0!\r\n'
b'[   17.778283] ambarella-i2c e400a000.i2c: No ACK from address 0xb4, 0:0!\r\n'
b'[   17.784672] EXT4-fs (mmcblk0p7): mounted filesystem with ordered data mode. Opts: (null)\r\n'
b'[   17.785804] ambarella-i2c e400a000.i2c: No ACK from address 0xb4, 0:0!\r\n'
b'[   17.800346] ambarella-i2c e400a000.i2c: No ACK from address 0xb4, 0:0!\r\n'
b'[   17.807799] ambarella-i2c e400a000.i2c: No ACK from address 0xb4, 0:0!\r\n'
b'[   17.815361] ambarella-i2c e400a000.i2c: No ACK from address 0xb4, 0:0!\r\n'
b'[   17.823246] ambarella-i2c e400a000.i2c: No ACK from address 0xb4, 0:0!\r\n'
b'[   17.855091] EXT4-fs (mmcblk0p8): mounted filesystem with ordered data mode. Opts: (null)\r\n'
b'[   17.893866] ambarella-i2c e400a000.i2c: No ACK from address 0xb4, 0:0!\r\n'
b'[   17.901537] ambarella-i2c e400a000.i2c: No ACK from address 0xb4, 0:0!\r\n'
b'[   17.909258] ambarella-i2c e400a000.i2c: No ACK from address 0xb4, 0:0!\r\n'
b'[   17.916861] ambarella-i2c e400a000.i2c: No ACK from address 0xb4, 0:0!\r\n'
b'[   17.924373] ambarella-i2c e400a000.i2c: No ACK from address 0xb4, 0:0!\r\n'
b'[   17.931935] ambarella-i2c e400a000.i2c: No ACK from address 0xb4, 0:0!\r\n'
b'[   17.939489] ambarella-i2c e400a000.i2c: No ACK from address 0xb4, 0:0!\r\n'
b'[   17.947004] ambarella-i2c e400a000.i2c: No ACK from address 0xb4, 0:0!\r\n'
b'[   17.954498] ambarella-i2c e400a000.i2c: No ACK from address 0xb4, 0:0!\r\n'
b'[   17.962047] ambarella-i2c e400a000.i2c: No ACK from address 0xb4, 0:0!\r\n'
b'[   17.968911] EXT4-fs (mmcblk0p10): mounted filesystem with ordered data mode. Opts: (null)\r\n'
b'[   17.969613] ambarella-i2c e400a000.i2c: No ACK from address 0xb4, 0:0!\r\n'
b'[   17.984639] ambarella-i2c e400a000.i2c: No ACK from address 0xb4, 0:0!\r\n'
b'[   17.992136] ambarella-i2c e400a000.i2c: No ACK from address 0xb4, 0:0!\r\n'
b'[   17.999614] ambarella-i2c e400a000.i2c: No ACK from address 0xb4, 0:0!\r\n'
b'[   18.007385] ambarella-i2c e400a000.i2c: No ACK from address 0xb4, 0:0!\r\n'
b'[   18.014908] ambarella-i2c e400a000.i2c: No ACK from address 0xb4, 0:0!\r\n'
b'[   18.022409] ambarella-i2c e400a000.i2c: No ACK from address 0xb4, 0:0!\r\n'
b'[   18.029923] ambarella-i2c e400a000.i2c: No ACK from address 0xb4, 0:0!\r\n'
b'[   18.037447] ambarella-i2c e400a000.i2c: No ACK from address 0xb4, 0:0!\r\n'
b'[   18.044941] ambarella-i2c e400a000.i2c: No ACK from address 0xb4, 0:0!\r\n'
b'[   18.052451] ambarella-i2c e400a000.i2c: No ACK from address 0xb4, 0:0!\r\n'
b'[   18.060064] ambarella-i2c e400a000.i2c: No ACK from address 0xb4, 0:0!\r\n'
b'[   18.067644] ambarella-i2c e400a000.i2c: No ACK from address 0xb4, 0:0!\r\n'
b'[   18.075419] ambarella-i2c e400a000.i2c: No ACK from address 0xb4, 0:0!\r\n'
b'[   18.082943] ambarella-i2c e400a000.i2c: No ACK from address 0xb4, 0:0!\r\n'
b'[   18.089485] ak4637 2-005a: ASoC: SPKLO Mixer DAPM update failed: -16\r\n'
b'[   18.096985] ambarella-i2c e400a000.i2c: No ACK from address 0xb4, 0:0!\r\n'
b'[   18.104483] ambarella-i2c e400a000.i2c: No ACK from address 0xb4, 0:0!\r\n'
b'[   18.111014] ak4637 2-005a: ASoC: SPKLO MUX DAPM update failed: -16\r\n'
b'[   18.118329] ambarella-i2c e400a000.i2c: No ACK from address 0xb4, 0:0!\r\n'
b'[   18.124876] ak4637 2-005a: ASoC: PFSDO MUX DAPM update failed: -16\r\n'
b'[   18.132039] ambarella-i2c e400a000.i2c: No ACK from address 0xb4, 0:0!\r\n'
b'[   18.133470] EXT4-fs (mmcblk0p11): mounted filesystem with ordered data mode. Opts: (null)\r\n'
b'[   18.139505] ambarella-i2c e400a000.i2c: No ACK from address 0xb4, 0:0!\r\n'
b'[   18.154213] ak4637 2-005a: ASoC: PFIL MUX DAPM update failed: -16\r\n'
b'Start app: \r\n'
b'OK!\r\n'
b'[   18.161817] ambarella-i2c e400a000.i2c: No ACK from address 0xb4, 0:0!\r\n'
b'[   18.169376] ambarella-i2c e400a000.i2c: No ACK from address 0xb4, 0:0!\r\n'
b'[   18.175906] ak4637 2-005a: ASoC: MIC MUX DAPM update failed: -16\r\n'
b'Starting network...\r\n'
b'[InstanceSpecifier] size= 24: untouch/oms_msg_receiver\r\n'
b'SupervisedEntity sv_specifier_:untouch/oms_msg_receiver, len:24\r\n'
b'[InstanceSpecifier] size= 24: untouch/dms_msg_receiver\r\n'
b'the open the file is successful,fd=3.\r\n'
b'SupervisedEntity sv_specifier_:untouch/dms_msg_receiver, len:24\r\n'
b'read 76 Byte\r\n'
b'write successful 76\r\n'
b'name:plf_health_mgmt\r\n'
b'the open the file is successful,fd=3.\r\n'
b'name:phm\r\n'
b'read 76 Byte\r\n'
b'name:data_distribution\r\n'
b'name:cvServer\r\n'
b'name:mediaServer\r\n'
b'write successful 76\r\n'
b'name:data_integration\r\n'
b'name:plf_health_mgmt\r\n'
b'name:phm\r\n'
b'~ClassPointer\r\n'
b'name:data_distribution\r\n'
b'name:cvServer\r\n'
b'get msg id 0\r\n'
b'name:mediaServer\r\n'
b'get msg id 32769\r\n'
b'name:data_integration\r\n'
b'get msg id 65538\r\n'
b'get msg id 98307\r\n'
b'get msg id 131076\r\n'
b'~ClassPointer\r\n'
b'get msg id 163845\r\n'
b'get msg id 0\r\n'
b'get msg id 32769\r\n'
b'the open the file is successful,fd=3.\r\n'
b'get msg id 65538\r\n'
b'get msg id 98307\r\n'
b'get msg id 131076\r\n'
b'get msg id 163845\r\n'
b'~InstanceSpecifier\r\n'
b'the open the file is successful,fd=3.\r\n'
b'~InstanceSpecifier\r\n'
b'/usr/beantechs/etc/config/dms_data_process.xml\r\n'
b'/usr/beantechs/etc/config/dms_data_process.xml\r\n'
b'dms_data_process/message/process_dms:untouch_dms_app\r\n'
b'dms_data_process/message/process_oms:untouch_oms_app\r\n'
b'dms_data_process/message/process_own_dms:receiver_dms_demo\r\n'
b'dms_data_process/message/process_own_oms:receiver_oms_demo\r\n'
b'dms_data_process/message/process_mcu:data_distribution\r\n'
b'dms_data_process/message/process_mcu:data_distribution\r\n'
b'dms_data_process/message/process_msvr:recoderServer\r\n'
b'dms_data_process/message/process_msvr:recoderServer\r\n'
b'dms_data_process/message/process_osd:osdServer\r\n'
b'dms_data_process/message/process_osd:osdServer\r\n'
b'dms_data_process/configList/log_switch:1\r\n'
b'dms_data_process/configList/log_switch:1\r\n'
b'ShareMemory is ctor!\r\n'
b'ShareMemory is ctor!\r\n'
b'ShareMemory is get\r\n'
b'ShareMemory is get\r\n'
b'untouch_response_dms created!\r\n'
b'untouch_response_oms created!\r\n'
b'67104768 left for ShareMemory!\r\n'
b'67104768 left for ShareMemory!\r\n'
b'the open the file is successful,fd=6.\r\n'
b'the open the file is successful,fd=6.\r\n'
b'read 76 Byte\r\n'
b'read 76 Byte\r\n'
b'msg queue name[6]: recoderServer\r\n'
b'msg queue name[6]: recoderServer\r\n'
b'msg queue name[7]: receiver_oms_demo\r\n'
b'msg queue name[7]: receiver_dms_demo\r\n'
b'msg queue name[8]: untouch_oms_app\r\n'
b'msg queue name[8]: untouch_dms_app\r\n'
b'msg queue name[9]: osdServer\r\n'
b'msg queue name[9]: osdServer\r\n'
b'write successful 134\r\n'
b'write successful 134\r\n'
b'name:plf_health_mgmt\r\n'
b'name:plf_health_mgmt\r\n'
b'name:phm\r\n'
b'name:phm\r\n'
b'name:data_distribution\r\n'
b'name:data_distribution\r\n'
b'name:cvServer\r\n'
b'name:cvServer\r\n'
b'name:mediaServer\r\n'
b'name:mediaServer\r\n'
b'name:data_integration\r\n'
b'name:data_integration\r\n'
b'name:recoderServer\r\n'
b'name:recoderServer\r\n'
b'name:receiver_oms_demo\r\n'
b'name:receiver_dms_demo\r\n'
b'name:untouch_oms_app\r\n'
b'name:untouch_dms_app\r\n'
b'name:osdServer\r\n'
b'name:osdServer\r\n'
b'~ClassPointer\r\n'
b'~ClassPointer\r\n'
b'get msg id 0\r\n'
b'get msg id 0\r\n'
b'get msg id 32769\r\n'
b'get msg id 32769\r\n'
b'get msg id 65538\r\n'
b'get msg id 65538\r\n'
b'get msg id 98307\r\n'
b'get msg id 98307\r\n'
b'get msg id 131076\r\n'
b'get msg id 131076\r\n'
b'get msg id 163845\r\n'
b'get msg id 163845\r\n'
b'creat msg id 196614\r\n'
b'get msg id 196614\r\n'
b'creat msg id 229383\r\n'
b'get msg id 229383\r\n'
b'creat msg id 262152\r\n'
b'get msg id 262152\r\n'
b'creat msg id 294921\r\n'
b'get msg id 294921\r\n'
b'the open the file is successful,fd=6.\r\n'
b'the open the file is successful,fd=6.\r\n'
b'[InstanceSpecifier] size= 18: service/osdrServer\r\n'
b'SupervisedEntity sv_specifier_:service/osdrServer, len:18\r\n'
b'the open the file is successful,fd=5.\r\n'
b'read 162 Byte\r\n'
b'[InstanceSpecifier] size= 21: service/monitorServer\r\n'
b'write successful 162\r\n'
b'name:plf_health_mgmt\r\n'
b'name:phm\r\n'
b'name:data_distribution\r\n'
b'SupervisedEntity sv_specifier_:service/monitorServer, len:21\r\n'
b'name:cvServer\r\n'
b'name:mediaServer\r\n'
b'name:data_integration\r\n'
b'name:recoderServer\r\n'
b'name:receiver_dms_demo\r\n'
b'name:untouch_dms_app\r\n'
b'name:osdServer\r\n'
b'the open the file is successful,fd=5.\r\n'
b'name:gps_service\r\n'
b'name:test_gps_client\r\n'
b'read 162 Byte\r\n'
b'~ClassPointer\r\n'
b'get msg id 0\r\n'
b'get msg id 32769\r\n'
b'get msg id 65538\r\n'
b'get msg id 98307\r\n'
b'get msg id 131076\r\n'
b'write successful 162\r\n'
b'get msg id 163845\r\n'
b'name:plf_health_mgmt\r\n'
b'get msg id 196614\r\n'
b'get msg id 229383\r\n'
b'name:phm\r\n'
b'get msg id 262152\r\n'
b'name:data_distribution\r\n'
b'get msg id 294921\r\n'
b'name:cvServer\r\n'
b'get msg id 327690\r\n'
b'name:mediaServer\r\n'
b'get msg id 360459\r\n'
b'name:data_integration\r\n'
b'name:recoderServer\r\n'
b'the open the file is successful,fd=5.\r\n'
b'name:receiver_dms_demo\r\n'
b'name:untouch_dms_app\r\n'
b'name:osdServer\r\n'
b'name:gps_service\r\n'
b'name:test_gps_client\r\n'
b'~InstanceSpecifier\r\n'
b'~ClassPointer\r\n'
b'get msg id 0\r\n'
b'get msg id 32769\r\n'
b'get msg id 65538\r\n'
b'get msg id 98307\r\n'
b'get msg id 131076\r\n'
b'get msg id 163845\r\n'
b'get msg id 196614\r\n'
b'get msg id 229383\r\n'
b'get msg id 262152\r\n'
b'get msg id 294921\r\n'
b'get msg id 327690\r\n'
b'get msg id 360459\r\n'
b'the open the file is successful,fd=5.\r\n'
b'Configure file path[/usr/beantechs/etc/oryx]\r\n'
b'~InstanceSpecifier\r\n'
b'/usr/beantechs/etc//system.xml\r\n'
b'monitor print_type == 0\r\n'
b'the open the file is successful,fd=6.\r\n'
b'read 162 Byte\r\n'
b'msg queue name[12]: monitorServer\r\n'
b'write successful 176\r\n'
b'name:plf_health_mgmt\r\n'
b'name:phm\r\n'
b'name:data_distribution\r\n'
b'name:cvServer\r\n'
b'name:mediaServer\r\n'
b'name:data_integration\r\n'
b'name:recoderServer\r\n'
b'name:receiver_dms_demo\r\n'
b'name:untouch_dms_app\r\n'
b'name:osdServer\r\n'
b'name:gps_service\r\n'
b'name:test_gps_client\r\n'
b'name:monitorServer\r\n'
b'~ClassPointer\r\n'
b'get msg id 0\r\n'
b'get msg id 32769\r\n'
b'get msg id 65538\r\n'
b'get msg id 98307\r\n'
b'get msg id 131076\r\n'
b'get msg id 163845\r\n'
b'get msg id 196614\r\n'
b'get msg id 229383\r\n'
b'get msg id 262152\r\n'
b'get msg id 294921\r\n'
b'get msg id 327690\r\n'
b'get msg id 360459\r\n'
b'creat msg id 393228\r\n'
b'the open the file is successful,fd=6.\r\n'
b'\x1b[1;37mConnection established with kernel.\x1b[0m\r\n'
b'[InstanceSpecifier] size= 18: exe0/TestLibphmApp\r\n'
b'HealthChannel sv_specifier_:exe0/TestLibphmApp, len:18\r\n'
b'the open the file is successful,fd=7.\r\n'
b'read 176 Byte\r\n'
b'write successful 176\r\n'
b'name:plf_health_mgmt\r\n'
b'name:phm\r\n'
b'name:data_distribution\r\n'
b'name:cvServer\r\n'
b'name:mediaServer\r\n'
b'name:data_integration\r\n'
b'name:recoderServer\r\n'
b'name:receiver_dms_demo\r\n'
b'name:untouch_dms_app\r\n'
b'name:osdServer\r\n'
b'name:gps_service\r\n'
b'name:test_gps_client\r\n'
b'name:monitorServer\r\n'
b'~ClassPointer\r\n'
b'get msg id 0\r\n'
b'get msg id 32769\r\n'
b'get msg id 65538\r\n'
b'get msg id 98307\r\n'
b'get msg id 131076\r\n'
b'get msg id 163845\r\n'
b'get msg id 196614\r\n'
b'get msg id 229383\r\n'
b'get msg id 262152\r\n'
b'get msg id 294921\r\n'
b'get msg id 327690\r\n'
b'get msg id 360459\r\n'
b'get msg id 393228\r\n'
b'[\x1b[1;31m ERROR\x1b[0m]\x1b[36m[\x1b[0m\x1b[1;37m 846\x1b[0m\x1b[36m: am_platform_iav5.cpp: sensor_info_get()]: \x1b[0m\x1b[31mIAV_IOC_VIN_GET_DEVINFO: No such device\x1b[0m\r\n'
b'the open the file is successful,fd=7.\r\n'
b'[\x1b[1;31m ERROR\x1b[0m]\x1b[36m[\x1b[0m\x1b[1;37m 111\x1b[0m\x1b[36m: am_vin_control.cpp: create_vin_devices()]: \x1b[0m\x1b[31mFaild to get VIN[0] info!\x1b[0m\r\n'
b'ip: RTNETLINK answers: File exists\r\n'
b'[\x1b[1;31m ERROR\x1b[0m]\x1b[36m[\x1b[0m\x1b[1;37m 846\x1b[0m\x1b[36m: am_platform_iav5.cpp: sensor_info_get()]: \x1b[0m\x1b[31mIAV_IOC_VIN_GET_DEVINFO: No such device\x1b[0m\r\n'
b'[\x1b[1;31m ERROR\x1b[0m]\x1b[36m[\x1b[0m\x1b[1;37m 111\x1b[0m\x1b[36m: am_vin_control.cpp: create_vin_devices()]: \x1b[0m\x1b[31mFaild to get VIN[1] info!\x1b[0m\r\n'
b'[\x1b[1;31m ERROR\x1b[0m]\x1b[36m[\x1b[0m\x1b[1;37m 846\x1b[0m\x1b[36m: am_platform_iav5.cpp: sensor_info_get()]: \x1b[0m\x1b[31mIAV_IOC_VIN_GET_DEVINFO: No such device\x1b[0m\r\n'
b'[\x1b[1;31m ERROR\x1b[0m]\x1b[36m[\x1b[0m\x1b[1;37m 846\x1b[0m\x1b[36m: am_platform_iav5.cpp: sensor_info_get()]: \x1b[0m\x1b[31mIAV_IOC_VIN_GET_DEVINFO: No such device\x1b[0m\r\n'
b'[\x1b[1;31m ERROR\x1b[0m]\x1b[36m[\x1b[0m\x1b[1;37m 111\x1b[0m\x1b[36m: am_vin_control.cpp: create_vin_devices()]: \x1b[0m\x1b[31mFaild to get VIN[2] info!\x1b[0m\r\n'
b'[\x1b[1;31m ERROR\x1b[0m]\x1b[36m[\x1b[0m\x1b[1;37m 111\x1b[0m\x1b[36m: am_vin_control.cpp: create_vin_devices()]: \x1b[0m\x1b[31mFaild to get VIN[0] info!\x1b[0m\r\n'
b'[\x1b[1;31m ERROR\x1b[0m]\x1b[36m[\x1b[0m\x1b[1;37m 132\x1b[0m\x1b[36m: am_vin_control.cpp: create_vin_devices()]: \x1b[0m\x1b[31mNo Vin Enabled!\x1b[0m\r\n'
b'[\x1b[1;31m ERROR\x1b[0m]\x1b[36m[\x1b[0m\x1b[1;37m 132\x1b[0m\x1b[36m: am_encode_device.cpp: init()]: \x1b[0m\x1b[31mFailed to create vin devices!\x1b[0m\r\n'
b'[\x1b[1;31m ERROR\x1b[0m]\x1b[36m[\x1b[0m\x1b[1;37m 846\x1b[0m\x1b[36m: am_platform_iav5.cpp: sensor_info_get()]: \x1b[0m\x1b[31mIAV_IOC_VIN_GET_DEVINFO: No such device\x1b[0m\r\n'
b'[\x1b[1;31m ERROR\x1b[0m]\x1b[36m[\x1b[0m\x1b[1;37m 111\x1b[0m\x1b[36m: am_vin_control.cpp: create_vin_devices()]: \x1b[0m\x1b[31mFaild to get VIN[1] info!\x1b[0m\r\n'
b'[\x1b[1;31m ERROR\x1b[0m]\x1b[36m[\x1b[0m\x1b[1;37m 846\x1b[0m\x1b[36m: am_platform_iav5.cpp: sensor_info_get()]: \x1b[0m\x1b[31mIAV_IOC_VIN_GET_DEVINFO: No such device\x1b[0m\r\n'
b'[\x1b[1;31m ERROR\x1b[0m]\x1b[36m[\x1b[0m\x1b[1;37m 111\x1b[0m\x1b[36m: am_vin_control.cpp: create_vin_devices()]: \x1b[0m\x1b[31mFaild to get VIN[2] info!\x1b[0m\r\n'
b'~InstanceSpecifier\r\n'
b'[\x1b[1;31m ERROR\x1b[0m]\x1b[36m[\x1b[0m\x1b[1;37m 132\x1b[0m\x1b[36m: am_vin_control.cpp: create_vin_devices()]: \x1b[0m\x1b[31mNo Vin Enabled!\x1b[0m\r\n'
b'[\x1b[1;31m ERROR\x1b[0m]\x1b[36m[\x1b[0m\x1b[1;37m 118\x1b[0m\x1b[36m: am_video_camera.cpp: init()]: \x1b[0m\x1b[31mFailed to create AMEncodeDevice!\x1b[0m\r\n'
b'[\x1b[1;31m ERROR\x1b[0m]\x1b[36m[\x1b[0m\x1b[1;37m 132\x1b[0m\x1b[36m: am_encode_device.cpp: init()]: \x1b[0m\x1b[31mFailed to create vin devices!\x1b[0m\r\n'
b'\x1b[1m\x1b[45;33m [ERROR]:\x1b[0mVideoService get instance failed\r\n'
b'\r\n'
b'\x1b[1m\x1b[45;33m [ERROR]:\x1b[0mCreate instance failed!!!!\r\n'
b'\x1b[1m\x1b[45;33m [ERROR]:\x1b[0mGet oryx modules instance failed!\r\n'
b'\r\n'
b'[\x1b[1;31m ERROR\x1b[0m]\x1b[36m[\x1b[0m\x1b[1;37m 118\x1b[0m\x1b[36m: am_video_camera.cpp: init()]: \x1b[0m\x1b[31mFailed to create AMEncodeDevice!\x1b[0m\r\n'
b'[\x1b[1;31m ERROR\x1b[0m]\x1b[36m[\x1b[0m\x1b[1;37m  74\x1b[0m\x1b[36m: am_signal_unwind.cpp: void critical_error_handler()]: \x1b[0m\x1b[31mCaught signal "Segmentation fault(11)", accessing address(           (nil)) from 0x0000557efbcae0!\x1b[0m\r\n'
b'[\x1b[1;31m ERROR\x1b[0m]\x1b[36m[\x1b[0m\x1b[1;37m  75\x1b[0m\x1b[36m: am_signal_unwind.cpp: void critical_error_handler()]: \x1b[0m\x1b[31mRegister dump:\x1b[0m\r\n'
b'[\x1b[1;31m ERROR\x1b[0m]\x1b[36m[\x1b[0m\x1b[1;37m  78\x1b[0m\x1b[36m: am_signal_unwind.cpp: void critical_error_handler()]: \x1b[0m\x1b[31mReg[ 0]: 0x0000000000000000\x1b[0m\r\n'
b'[\x1b[1;31m ERROR\x1b[0m]\x1b[36m[\x1b[0m\x1b[1;37m  78\x1b[0m\x1b[36m: am_signal_unwind.cpp: void critical_error_handler()]: \x1b[0m\x1b[31mReg[ 1]: 0x0000007fcf7502e0\x1b[0m\r\n'
b'[\x1b[1;31m ERROR\x1b[0m]\x1b[36m[\x1b[0m\x1b[1;37m  74\x1b[0m\x1b[36m: am_signal_unwind.cpp: void critical_error_handler()]: \x1b[0m\x1b[31mCaught signal "Segmentation fault(11)", accessing address(           (nil)) from 0x000055[   19.345699] ambarella-i2c e400a000.i2c: No ACK from address 0xb4, 0:0!\r\n'
b'82b71d30!\x1b[0m\r\n'
b'[\x1b[1;31m ERROR\x1b[0m]\x1b[36m[\x1b[0m\x1b[1;37m  78\x1b[0m\x1b[36m: am_signal_unwind.cpp: void critical_error_handler()]: \x1b[0m\x1b[31mReg[ 2]: 0x0000007fcf[   19.366064] ambarella-i2c e400a000.i2c: No ACK from address 0xb4, 0:0!\r\n'
b'750300\x1b[0m\r\n'
b'[\x1b[1[   19.374005] ambarella-i2c e400a000.i2c: No ACK from address 0xb4, 0:0!\r\n'
b';31m ERROR\x1b[0m]\x1b[   19.381849] ambarella-i2c e400a000.i2c: No ACK from address 0xb4, 0:0!\r\n'
b'[36m[\x1b[0m\x1b[1;37m[   19.389766] ambarella-i2c e400a000.i2c: No ACK from address 0xb4, 0:0!\r\n'
b'  75\x1b[0m\x1b[36m: am_signal_unwind.cpp: void critical_error_handler[   19.400834] ambarella-i2c e400a000.i2c: No ACK from address 0xb4, 0:0!\r\n'
b'()]: \x1b[0m\x1b[31mRe[   19.409702] ambarella-i2c e400a000.i2c: No ACK from address 0xb4, 0:0!\r\n'
b'gister dump:\x1b[0m[   19.417586] ambarella-i2c e400a000.i2c: No ACK from address 0xb4, 0:0!\r\n'
b'\r\n'
b'[\x1b[1;31m ERROR[   19.425487] ambarella-i2c e400a000.i2c: No ACK from address 0xb4, 0:0!\r\n'
b'\x1b[0m]\x1b[36m[\x1b[0m\x1b[   19.433324] ambarella-i2c e400a000.i2c: No ACK from address 0xb4, 0:0!\r\n'
b'[1;37m  78\x1b[0m\x1b[[   19.441271] ambarella-i2c e400a000.i2c: No ACK from address 0xb4, 0:0!\r\n'
b'36m: am_signal_u[   19.449141] ambarella-i2c e400a000.i2c: No ACK from address 0xb4, 0:0!\r\n'
b'nwind.cpp: void critical_error_handler()]: \x1b[0m\x1b[31mReg[ 3]: 0x0000000000000000\x1b[0m\r\n'
b'[\x1b[1;31m ERROR\x1b[0m]\x1b[36m[\x1b[0m\x1b[1;37m  78\x1b[0m\x1b[36m: am_signal_unwind.cpp: void critical_error_handler()]: \x1b[0m\x1b[31mReg[ 0]: 0x0000000000000000\x1b[0m\r\n'
b'[\x1b[1;31m ERROR\x1b[0m]\x1b[36m[\x1b[0m\x1b[1;37m  78\x1b[0m\x1b[36m: am_signal_unwind.cpp: void critical_error_handler()]: \x1b[0m\x1b[31mReg[ 4]: 0x0000007fcf750408\x1b[0m\r\n'
b'[\x1b[1;31m ERROR\x1b[0m]\x1b[36m[\x1b[0m\x1b[1;37m  78\x1b[0m\x1b[36m: am_signal_unwind.cpp: void critical_error_handler()]: \x1b[0m\x1b[31mReg[ 1]: 0x0000007ff03160f0\x1b[0m\r\n'
b'[\x1b[1;31m ERROR\x1b[0m]\x1b[36m[\x1b[0m\x1b[1;37m  78\x1b[0m\x1b[36m: am_signal_unwind.cpp: void critical_error_handler()]: \x1b[0m\x1b[31mReg[ 5]: 0x0000000000000004\x1b[0m\r\n'
b'[\x1b[1;31m ERROR\x1b[0m]\x1b[36m[\x1b[0m\x1b[1;37m  78\x1b[0m\x1b[36m: am_signal_unwind.cpp: void critical_error_handler()]: \x1b[0m\x1b[31mReg[ 2]: 0x0000007ff0316110\x1b[0m\r\n'
b'[\x1b[1;31m ERROR\x1b[0m]\x1b[36m[\x1b[0m\x1b[1;37m  78\x1b[0m\x1b[36m: am_signal_unwind.cpp: void critical_error_handler()]: \x1b[0m\x1b[31mReg[ 6]: 0x0000000000000009\x1b[0m\r\n'
b'[\x1b[1;31m ERROR\x1b[0m]\x1b[36m[\x1b[0m\x1b[1;37m  78\x1b[0m\x1b[36m: am_signal_unwind.cpp: void critical_error_handler()]: \x1b[0m\x1b[31mReg[ 3]: 0x0000000000000000\x1b[0m\r\n'
b'[\x1b[1;31m ERROR\x1b[0m]\x1b[36m[\x1b[0m\x1b[1;37m  78\x1b[0m\x1b[36m: am_signal_unwind.cpp: void critical_error_handler()]: \x1b[0m\x1b[31mReg[ 7]: 0x000000000000000a\x1b[0m\r\n'
b'[\x1b[1;31m ERROR\x1b[0m]\x1b[36m[\x1b[0m\x1b[1;37m  78\x1b[0m\x1b[36m: am_signal_unwind.cpp: void critical_error_handler()]: \x1b[0m\x1b[31mReg[ 4]: 0x0000007ff0316218\x1b[0m\r\n'
b'[\x1b[1;31m ERROR\x1b[0m]\x1b[36m[\x1b[0m\x1b[1;37m  78\x1b[0m\x1b[36m: am_signal_unwind.cpp: void critical_error_handler()]: \x1b[0m\x1b[31mReg[ 8]: 0x0000000000000040\x1b[0m\r\n'
b'[\x1b[1;31m ERROR\x1b[0m]\x1b[36m[\x1b[0m\x1b[1;37m  78\x1b[0m\x1b[36m: am_signal_unwind.cpp: void critical_error_handler()]: \x1b[0m\x1b[31mReg[ 5]: 0x0000000000000004\x1b[0m\r\n'
b'[\x1b[1;31m ERROR\x1b[0m]\x1b[36m[\x1b[0m\x1b[1;37m  78\x1b[0m\x1b[36m: am_signal_unwind.cpp: void critical_error_handler()]: \x1b[0m\x1b[31mReg[ 9]: 0x64656c6961662065\x1b[0m\r\n'
b'[\x1b[1;31m ERROR\x1b[0m]\x1b[36m[\x1b[0m\x1b[1;37m  78\x1b[0m\x1b[36m: am_signal_unwind.cpp: void critical_error_handler()]: \x1b[0m\x1b[31mReg[ 6]: 0x726553616964656d\x1b[0m\r\n'
b'[\x1b[1;31m ERROR\x1b[0m]\x1b[36m[\x1b[0m\x1b[1;37m  78\x1b[0m\x1b[36m: am_signal_unwind.cpp: void critical_error_handler()]: \x1b[0m\x1b[31mReg[10]: 0x6d207879726f2074\x1b[0m\r\n'
b'[\x1b[1;31m ERROR\x1b[0m]\x1b[36m[\x1b[0m\x1b[1;37m  78\x1b[0m\x1b[36m: am_signal_unwind.cpp: void critical_error_handler()]: \x1b[0m\x1b[31mReg[ 7]: 0x7265767265536169\x1b[0m\r\n'
b'[\x1b[1;31m ERROR\x1b[0m]\x1b[36m[\x1b[0m\x1b[1;37m  78\x1b[0m\x1b[36m: am_signal_unwind.cpp: void critical_error_handler()]: \x1b[0m\x1b[31mReg[11]: 0x692073656c75646f\x1b[0m\r\n'
b'[\x1b[1;31m ERROR\x1b[0m]\x1b[36m[\x1b[0m\x1b[1;37m  78\x1b[0m\x1b[36m: am_signal_unwind.cpp: void critical_error_handler()]: \x1b[0m\x1b[31mReg[ 8]: 0x636e6174736e6920\x1b[0m\r\n'
b'[\x1b[1;31m ERROR\x1b[0m]\x1b[36m[\x1b[0m\x1b[1;37m  78\x1b[0m\x1b[36m: am_signal_unwind.cpp: void critical_error_handler()]: \x1b[0m\x1b[31mReg[12]: 0x2065636e6174736e\x1b[0m\r\n'
b'[\x1b[1;31m ERROR\x1b[0m]\x1b[36m[\x1b[0m\x1b[1;37m  78\x1b[0m\x1b[36m: am_signal_unwind.cpp: void critical_error_handler()]: \x1b[0m\x1b[31mReg[ 9]: 0x64656c6961662065\x1b[0m\r\n'
b'[\x1b[1;31m ERROR\x1b[0m]\x1b[36m[\x1b[0m\x1b[1;37m  78\x1b[0m\x1b[36m: am_signal_unwind.cpp: void critical_error_handler()]: \x1b[0m\x1b[31mReg[13]: 0x0a2164656c696166\x1b[0m\r\n'
b'[\x1b[1;31m ERROR\x1b[0m]\x1b[36m[\x1b[0m\x1b[1;37m  78\x1b[0m\x1b[36m: am_signal_unwind.cpp: void critical_error_handler()]: \x1b[0m\x1b[31mReg[10]: 0x6d207879726f2074\x1b[0m\r\n'
b'[\x1b[1;31m ERROR\x1b[0m]\x1b[36m[\x1b[0m\x1b[1;37m  78\x1b[0m\x1b[36m: am_signal_unwind.cpp: void critical_error_handler()]: \x1b[0m\x1b[31mReg[14]: 0x0000000000000000\x1b[0m\r\n'
b'[\x1b[1;31m ERROR\x1b[0m]\x1b[36m[\x1b[0m\x1b[1;37m  78\x1b[0m\x1b[36m: am_signal_unwind.cpp: void critical_error_handler()]: \x1b[0m\x1b[31mReg[11]: 0x692073656c75646f\x1b[0m\r\n'
b'[\x1b[1;31m ERROR\x1b[0m]\x1b[36m[\x1b[0m\x1b[1;37m  78\x1b[0m\x1b[36m: am_signal_unwind.cpp: void critical_error_handler()]: \x1b[0m\x1b[31mReg[15]: 0x000000000000070b\x1b[0m\r\n'
b'[\x1b[1;31m ERROR\x1b[0m]\x1b[36m[\x1b[0m\x1b[1;37m  78\x1b[0m\x1b[36m: am_signal_unwind.cpp: void critical_error_handler()]: \x1b[0m\x1b[31mReg[12]: 0x2065636e6174736e\x1b[0m\r\n'
b'[\x1b[1;31m ERROR\x1b[0m]\x1b[36m[\x1b[0m\x1b[1;37m  78\x1b[0m\x1b[36m: am_signal_unwind.cpp: void critical_error_handler()]: \x1b[0m\x1b[31mReg[16]: 0x000000557efdd098\x1b[0m\r\n'
b'ifup: interface eth0 already configured\r\n'
b'[\x1b[1;31m ERROR\x1b[0m]\x1b[36m[\x1b[0m\x1b[1;37m  78\x1b[0m\x1b[36m: am_signal_unwind.cpp: void critical_error_handler()]: \x1b[0m\x1b[31mReg[13]: 0x0a2164656c696166\x1b[0m\r\n'
b'[\x1b[1;31m ERROR\x1b[0m]\x1b[36m[\x1b[0m\x1b[1;37m  78\x1b[0m\x1b[36m: am_signal_unwind.cpp: void critical_error_handler()]: \x1b[0m\x1b[31mReg[14]: 0x0000000000000021\x1b[0m\r\n'
b'[\x1b[1;31m ERROR\x1b[0m]\x1b[36m[\x1b[0m\x1b[1;37m  78\x1b[0m\x1b[36m: am_signal_unwind.cpp: void critical_error_handler()]: \x1b[0m\x1b[31mReg[15]: 0x000000000000070b\x1b[0m\r\n'
b'[\x1b[1;31m ERROR\x1b[0m]\x1b[36m[\x1b[0m\x1b[1;37m  78\x1b[0m\x1b[36m: am_signal_unwind.cpp: void critical_error_handler()]: \x1b[0m\x1b[31mReg[16]: 0x0000005582b8b0b8\x1b[0m\r\n'
b'[\x1b[1;31m ERROR\x1b[0m]\x1b[36m[\x1b[0m\x1b[1;37m  78\x1b[0m\x1b[36m: am_signal_unwind.cpp: void critical_error_handler()]: \x1b[0m\x1b[31mReg[17]: 0x0000007fac76aac0\x1b[0m\r\n'
b'[\x1b[1;31m ERROR\x1b[0m]\x1b[36m[\x1b[0m\x1b[1;37m  78\x1b[0m\x1b[36m: am_signal_unwind.cpp: void critical_error_handler()]: \x1b[0m\x1b[31mReg[18]: 0x000000000000002f\x1b[0m\r\n'
b'[\x1b[1;31m ERROR\x1b[0m]\x1b[36m[\x1b[0m\x1b[1;37m  78\x1b[0m\x1b[36m: am_signal_unwind.cpp: void critical_error_handler()]: \x1b[0m\x1b[31mReg[19]: 0x0000007ff03160f0\x1b[0m\r\n'
b'[\x1b[1;31m ERROR\x1b[0m]\x1b[36m[\x1b[0m\x1b[1;37m  78\x1b[0m\x1b[36m: am_signal_unwind.cpp: void critical_error_handler()]: \x1b[0m\x1b[31mReg[20]: 0x0000005582b8a000\x1b[0m\r\n'
b'[\x1b[1;31m ERROR\x1b[0m]\x1b[36m[\x1b[0m\x1b[1;37m  78\x1b[0m\x1b[36m: am_signal_unwind.cpp: void critical_error_handler()]: \x1b[0m\x1b[31mReg[21]: 0x0000007ff0316318\x1b[0m\r\n'
b'[\x1b[1;31m ERROR\x1b[0m]\x1b[36m[\x1b[0m\x1b[1;37m  78\x1b[0m\x1b[36m: am_signal_unwind.cpp: void critical_error_handler()]: \x1b[0m\x1b[31mReg[22]: 0x00000055852f1f40\x1b[0m\r\n'
