ÖØÆôµÚ 1 ´Î
b'\r\r\n'
b'\r\n'
b'\rWelcome to Ambarella\r\n'
b'\rAmbarella login: \r\r\n'
b'\r\n'
b'\rWelcome to Ambarella\r\n'
b'\rAmbarella login: root\r\n'
b"login[529]: root login on 'ttyS0'\r\r\n"
b'# \r\n'
b'# reboot\r\n'
b'# \rThe system is going down NOW!\r\n'
b'\rSent SIGTERM to all processes\r\n'
b'\x1b[1;37mCapture signal[15]\x1b[0m\r\n'
b'~ClassPointer\r\n'
b'~ClassPointer\r\n'
b'~ClassPointer\r\n'
b'\rSent SIGKILL to all processes\r\n'
b'\rRequesting system reboot\r\n'
b'[  184.090486] ambarella-i2c e400a000.i2c: No ACK from address 0xb4, 0:0!\r\n'
b'[  184.097931] ambarella-i2c e400a000.i2c: No ACK from address 0xb4, 0:0!\r\n'
b'[  184.105374] ambarella-i2c e400a000.i2c: No ACK from address 0xb4, 0:0!\r\n'
b'[  184.112830] ambarella-i2c e400a000.i2c: No ACK from address 0xb4, 0:0!\r\n'
b'[  184.120268] ambarella-i2c e400a000.i2c: No ACK from address 0xb4, 0:0!\r\n'
b'[  184.127723] ambarella-i2c e400a000.i2c: No ACK from address 0xb4, 0:0!\r\n'
b'[  184.135155] ambarella-i2c e400a000.i2c: No ACK from address 0xb4, 0:0!\r\n'
b'[  185.731037] ambarella-wdt ec002000.wdt: ambarella_wdt_shutdown @ 5.\r\n'
b'[  185.737361] reboot: Restarting system\r\n'
b'\x1b[4l\r\n'
b'[    0.000000] Booting Linux on physical CPU 0x0\r\n'
b'[    0.000000] Linux version 4.14.181 (bean@tbox-compile1) (gcc version 8.2.1 20180802 (Linaro GCC 8.2-2018.08~dev)) #1 SMP PREEMPT Thu Dec 10 10:13:09 CST 2020\r\n'
b'[    0.000000] Boot CPU: AArch64 Processor [410fd034]\r\n'
b'[    0.000000] Machine model: Ambarella CV22 Walnut Board\r\n'
b'[    0.000000] Reserved memory: created CMA memory pool at 0x000000003cc00000, size 48 MiB\r\n'
b'[    0.000000] OF: reserved mem: initialized node linux,cma, compatible id shared-dma-pool\r\n'
b'[    0.000000] Reserved memory: created CMA memory pool at 0x0000000040000000, size 508 MiB\r\n'
b'[    0.000000] OF: reserved mem: initialized node iav@0x40000000, compatible id shared-dma-pool\r\n'
b'[    0.000000] Reserved memory: created CMA memory pool at 0x0000000060000000, size 508 MiB\r\n'
b'[    0.000000] OF: reserved mem: initialized node cavalry@0x60000000, compatible id shared-dma-pool\r\n'
b'[    0.000000] percpu: Embedded 19 pages/cpu s38552 r8192 d31080 u77824\r\n'
b'[    0.000000] Detected VIPT I-cache on CPU0\r\n'
b'[    0.000000] CPU features: enabling workaround for ARM erratum 845719\r\n'
b'[    0.000000] Built 1 zonelists, mobility grouping on.  Total pages: 515592\r\n'
b'[    0.000000] Kernel command line: console=ttyS0 noinitrd root=/dev/mmcblk0p9 rw rootfstype=ext4 init=/linuxrc rootwait\r\n'
b'[    0.000000] PID hash table entries: 4096 (order: 3, 32768 bytes)\r\n'
b'[    0.000000] Dentry cache hash table entries: 262144 (order: 9, 2097152 bytes)\r\n'
b'[    0.000000] Inode-cache hash table entries: 131072 (order: 8, 1048576 bytes)\r\n'
b'[    0.000000] Memory: 962052K/2095104K available (4670K kernel code, 432K rwdata, 1336K rodata, 320K init, 224K bss, 43516K reserved, 1089536K cma-reserved)\r\n'
b'[    0.000000] Virtual kernel memory layout:\r\n'
b'[    0.000000]     modules : 0xffffff8000000000 - 0xffffff8008000000   (   128 MB)\r\n'
b'[    0.000000]     vmalloc : 0xffffff8008000000 - 0xffffffbebfff0000   (   250 GB)\r\n'
b'[    0.000000]       .text : 0xffffff8008080000 - 0xffffff8008510000   (  4672 KB)\r\n'
b'[    0.000000]     .rodata : 0xffffff8008510000 - 0xffffff8008670000   (  1408 KB)\r\n'
b'[    0.000000]       .init : 0xffffff8008670000 - 0xffffff80086c0000   (   320 KB)\r\n'
b'[    0.000000]       .data : 0xffffff80086c0000 - 0xffffff800872c008   (   433 KB)\r\n'
b'[    0.000000]        .bss : 0xffffff800872c008 - 0xffffff8008764178   (   225 KB)\r\n'
b'[    0.000000]     fixed   : 0xffffffbefe7fb000 - 0xffffffbefec00000   (  4116 KB)\r\n'
b'[    0.000000]     PCI I/O : 0xffffffbefee00000 - 0xffffffbeffe00000   (    16 MB)\r\n'
b'[    0.000000]     vmemmap : 0xffffffbf00000000 - 0xffffffc000000000   (     4 GB maximum)\r\n'
b'[    0.000000]               0xffffffbf00008000 - 0xffffffbf02000000   (    31 MB actual)\r\n'
b'[    0.000000]     memory  : 0xffffffc000200000 - 0xffffffc080000000   (  2046 MB)\r\n'
b'[    0.000000] SLUB: HWalign=64, Order=0-3, MinObjects=0, CPUs=4, Nodes=1\r\n'
b'[    0.000000] Preemptible hierarchical RCU implementation.\r\n'
b'[    0.000000] \tTasks RCU enabled.\r\n'
b'[    0.000000] NR_IRQS: 64, nr_irqs: 64, preallocated irqs: 0\r\n'
b'[    0.000000] CPU features: GIC system register CPU interface present but disabled by higher exception level\r\n'
b'[    0.000000] vco = 384000000, 24000000, 1, 16, 1\r\n'
b'[    0.000000] arch_timer: cp15 timer(s) running at 47.25MHz (virt).\r\n'
b'[    0.000000] clocksource: arch_sys_counter: mask: 0xffffffffffffff max_cycles: 0xae5b54743, max_idle_ns: 440795204480 ns\r\n'
b'[    0.000005] sched_clock: 56 bits at 47MHz, resolution 21ns, wraps every 4398046511098ns\r\n'
b'[    0.000251] Console: colour dummy device 80x25\r\n'
b'[    0.302236] console [ttyS0] enabled\r\n'
b'[    0.305721] Calibrating delay loop (skipped), value calculated using timer frequency.. 94.50 BogoMIPS (lpj=47250)\r\n'
b'[    0.315960] pid_max: default: 32768 minimum: 301\r\n'
b'[    0.320662] Mount-cache hash table entries: 4096 (order: 3, 32768 bytes)\r\n'
b'[    0.327362] Mountpoint-cache hash table entries: 4096 (order: 3, 32768 bytes)\r\n'
b'[    0.338545] ASID allocator initialised with 32768 entries\r\n'
b'[    0.345954] Hierarchical SRCU implementation.\r\n'
b'[    0.354340] smp: Bringing up secondary CPUs ...\r\n'
b'[    0.365963] Detected VIPT I-cache on CPU1\r\n'
b'[    0.369990] CPU1: Booted secondary processor [410fd034]\r\n'
b'[    0.382053] Detected VIPT I-cache on CPU2\r\n'
b'[    0.386065] CPU2: Booted secondary processor [410fd034]\r\n'
b'[    0.398156] Detected VIPT I-cache on CPU3\r\n'
b'[    0.402168] CPU3: Booted secondary processor [410fd034]\r\n'
b'[    0.407446] smp: Brought up 1 node, 4 CPUs\r\n'
b'[    0.411542] SMP: Total of 4 processors activated.\r\n'
b'[    0.416233] CPU features: detected: 32-bit EL0 Support\r\n'
b'[    0.421855] CPU: All CPU(s) started at EL1\r\n'
b'[    0.425955] alternatives: patching kernel code\r\n'
b'[    0.431507] devtmpfs: initialized\r\n'
b'[    0.440582] random: get_random_u32 called from bucket_table_alloc+0x108/0x268 with crng_init=0\r\n'
b'[    0.449516] clocksource: jiffies: mask: 0xffffffff max_cycles: 0xffffffff, max_idle_ns: 1911260446275000 ns\r\n'
b'[    0.459244] futex hash table entries: 1024 (order: 5, 131072 bytes)\r\n'
b'[    0.507566] pinctrl core: initialized pinctrl subsystem\r\n'
b'[    0.513124] NET: Registered protocol family 16\r\n'
b'[    0.518255] vdso: 2 pages (1 code @ ffffff8008515000, 1 data @ ffffff80086c4000)\r\n'
b'[    0.532786] DMA: preallocated 256 KiB pool for atomic allocations\r\n'
b'[    0.542066] ambarella-pinctrl ec003000.pinctrl: Ambarella pinctrl driver registered\r\n'
b'[    0.550428] ambarella-gpio ec003000.pinctrl:gpio@0: Ambarella GPIO driver registered\r\n'
b'[    0.565044] HugeTLB registered 2.00 MiB page size, pre-allocated 0 pages\r\n'
b'[    0.572848] ambarella-dma e0020000.dma: Ambarella DMA Engine \r\n'
b'[    0.579181] ambarella-dma e0021000.dma: Ambarella DMA Engine \r\n'
b'[    0.585318] ambarella-i2c e4008000.i2c: Ambarella I2C adapter[0] probed, clock:100000!\r\n'
b'[    0.593424] ambarella-i2c e4009000.i2c: Ambarella I2C adapter[1] probed, clock:100000!\r\n'
b'[    0.601610] ambarella-i2c e400a000.i2c: Ambarella I2C adapter[2] probed, clock:100000!\r\n'
b'[    0.609711] ambarella-i2c e400b000.i2c: Ambarella I2C adapter[3] probed, clock:100000!\r\n'
b'[    0.618503] clocksource: Switched to clocksource arch_sys_counter\r\n'
b'[    0.630803] NET: Registered protocol family 2\r\n'
b'[    0.635601] TCP established hash table entries: 16384 (order: 5, 131072 bytes)\r\n'
b'[    0.642970] TCP bind hash table entries: 16384 (order: 6, 262144 bytes)\r\n'
b'[    0.649904] TCP: Hash tables configured (established 16384 bind 16384)\r\n'
b'[    0.656551] UDP hash table entries: 1024 (order: 3, 32768 bytes)\r\n'
b'[    0.662604] UDP-Lite hash table entries: 1024 (order: 3, 32768 bytes)\r\n'
b'[    0.669189] NET: Registered protocol family 1\r\n'
b'[    0.673839] RPC: Registered named UNIX socket transport module.\r\n'
b'[    0.679763] RPC: Registered udp transport module.\r\n'
b'[    0.684454] RPC: Registered tcp transport module.\r\n'
b'[    0.689144] RPC: Registered tcp NFSv4.1 backchannel transport module.\r\n'
b'[    0.699277] workingset: timestamp_bits=62 max_order=19 bucket_order=0\r\n'
b'[    0.711357] squashfs: version 4.0 (2009/01/31) Phillip Lougher\r\n'
b'[    0.721730] Block layer SCSI generic (bsg) driver version 0.4 loaded (major 251)\r\n'
b'[    0.729114] io scheduler noop registered\r\n'
b'[    0.733030] io scheduler deadline registered\r\n'
b'[    0.737393] io scheduler cfq registered (default)\r\n'
b'[    0.742091] io scheduler mq-deadline registered\r\n'
b'[    0.746609] io scheduler kyber registered\r\n'
b'[    0.751153] ambarella-gdma e000c000.gdma: Ambarella GDMA driver init\r\n'
b'[    0.757875] e4000000.uart: ttyS0 at MMIO 0xe4000000 (irq = 11, base_baud = 1500000) is a ambuart\r\n'
b'[    0.766959] e0017000.uart: ttyS1 at MMIO 0xe0017000 (irq = 32, base_baud = 1500000) is a ambuart\r\n'
b'[    0.776008] e001a000.uart: ttyS4 at MMIO 0xe001a000 (irq = 33, base_baud = 1500000) is a ambuart\r\n'
b'[    0.785089] cacheinfo: Unable to detect cache hierarchy for CPU 0\r\n'
b'[    0.791746] brd: module loaded\r\n'
b'[    0.800780] loop: module loaded\r\n'
b'[    0.804046] mousedev: PS/2 mouse device common for all mice\r\n'
b'[    0.809932] ambarella-rtc e8001000.rtc: rtc core: registered e8001000.rtc as rtc0\r\n'
b'[    0.817403] ambarella-rtc e8001000.rtc: Warning: RTC lost power.....\r\n'
b'[    0.829141] ambarella-wdt ec002000.wdt: Ambarella Watchdog Timer Probed.\r\n'
b'[    1.187583] ambarella-sd e0004000.sdmmc0: Max frequency is 120000000Hz\r\n'
b'[    1.573563] ambarella-sd e0005000.sdmmc1: Max frequency is 48000000Hz\r\n'
b'[    1.580271] Initializing XFRM netlink socket\r\n'
b'[    1.584547] NET: Registered protocol family 17\r\n'
b'[    1.589011] Key type dns_resolver registered\r\n'
b'[    1.599138] console [netcon0] enabled\r\n'
b'[    1.602810] netconsole: network logging started\r\n'
b'[    1.624254] ambarella-rtc e8001000.rtc: setting system clock to 1970-01-13 03:16:16 UTC (1048576)\r\n'
b'[    1.633510] Waiting for root device /dev/mmcblk0p9...\r\n'
b'[    1.753075] mmc0: new high speed MMC card at address 0001\r\n'
b'[    1.779789] mmcblk0: mmc0:0001 S0J57X 29.6 GiB \r\n'
b'[    1.806755] mmcblk0boot0: mmc0:0001 S0J57X partition 1 31.5 MiB\r\n'
b'[    1.812840] mmcblk0boot1: mmc0:0001 S0J57X partition 2 31.5 MiB\r\n'
b'[    1.828804] mmcblk0rpmb: mmc0:0001 S0J57X partition 3 4.00 MiB, chardev (250:0)\r\n'
b'[    1.848533]  (bst): 0x0000000000000000, 0x0000000000001000\r\n'
b'[    1.854011]  (bld): 0x0000000000001000, 0x0000000000100000\r\n'
b'[    1.859503]  (ptb): 0x0000000000101000, 0x00000000000e0000\r\n'
b'[    1.864989]  (atf): 0x00000000001e1000, 0x0000000000100000\r\n'
b'[    1.870477]  (pba): 0x00000000002e1000, 0x0000000001000000\r\n'
b'[    1.875965]  (pri): 0x00000000012e1000, 0x0000000001000000\r\n'
b'[    1.881451]  (sec): 0x00000000022e1000, 0x0000000040000000\r\n'
b'[    1.886927]  (dsp): 0x00000000422e1000, 0x0000000006400000\r\n'
b'[    1.892402]  (lnx): 0x00000000486e1000, 0x0000000026600000\r\n'
b'[    1.897889]  (add): 0x000000006ece1000, 0x0000000080000000\r\n'
b'[    1.903377]  (raw): 0x00000000eece1000, 0x000000067a31f000\r\n'
b'[    1.908860]  mmcblk0: p1(bst) p2(bld) p3(ptb) p4(atf) p5(pba) p6(pri) p7(sec) p8(dsp) p9(lnx) p10(add) p11(raw)\r\n'
b'[    1.955998] random: fast init done\r\n'
b'[    1.961519] mmc1: new high speed SDHC card at address aaaa\r\n'
b'[    1.967405] mmcblk1: mmc1:aaaa SC32G 29.7 GiB \r\n'
b'[    1.975531]  mmcblk1: p1\r\n'
b'[    1.993769] EXT4-fs (mmcblk0p9): recovery complete\r\n'
b'[    1.999341] EXT4-fs (mmcblk0p9): mounted filesystem with ordered data mode. Opts: (null)\r\n'
b'[    2.007447] VFS: Mounted root (ext4 filesystem) on device 179:9.\r\n'
b'[    2.014130] devtmpfs: mounted\r\n'
b'[    2.017313] Freeing unused kernel memory: 320K\r\n'
b'[    2.132955] EXT4-fs (mmcblk0p9): re-mounted. Opts: errors=remount-ro,data=ordered\r\n'
b'net.core.wmem_default = 524288\r\n'
b'net.core.wmem_max = 1048576\r\n'
b'vm.laptop_mode = 0\r\n'
b'vm.min_free_kbytes = 8192\r\n'
b'vm.vfs_cache_pressure = 160\r\n'
b'vm.dirty_expire_centisecs = 600\r\n'
b'vm.dirty_writeback_centisecs = 200\r\n'
b'vm.dirty_ratio = 3\r\n'
b'vm.dirty_background_ratio = 3\r\n'
b'[    2.245219] i2c /dev entries driver\r\n'
b'[    2.257343] ambarella-spi e0011000.spi: Ambarella spi controller 0 created.\r\r\n'
b'[    2.314319] ambcma: loading out-of-tree module taints kernel.\r\n'
b'[    2.321090] platform iav:ambcma: assigned reserved memory node iav@0x40000000\r\n'
b"[    2.619765] imgproc: module license 'Proprietary' taints kernel.\r\n"
b'[    2.625789] Disabling lock debugging due to kernel taint\r\n'
b'[    2.806386] amba_debug_init 247:0.\r\n'
b'Populating cv22_bmap using udev: Starting version v242-1.amba\r\n'
b'Done\r\n'
b'Loading CV22 private driver: [    3.123100] pps_core: LinuxPPS API ver. 1 registered\r\n'
b'[    3.128070] pps_core: Software ver. 5.3.6 - Copyright 2005-2007 Rodolfo Giometti <giometti@linux.it>\r\n'
b'[    3.143797] pps pps0: new PPS source pps.-1\r\n'
b'[    3.148057] pps pps0: Registered IRQ 52 as PPS source\r\n'
b'[    3.248044] libphy: Fixed MDIO Bus: probed\r\n'
b'[    3.385527] libphy: Ambarella MDIO Bus: probed\r\n'
b'[    3.394378] rtl9000_probe id 1c\r\n'
b'[    3.397571] rtl9000_probe id cb00\r\n'
b'[    3.401263] ambarella-eth e000e000.ethernet: Enhance Ethernet PHY[0]: 0x001ccb00!\r\n'
b'[    3.409289] ambarella-eth e000e000.ethernet: CONFIG_PTP_1588_CLOCK is not set\r\n'
b'[    3.417074] ambarella-eth e000e000.ethernet: MAC Address[86:42:79:13:ab:9b].\r\n'
b'modprobe: FATAL: Module ambarella_sd not found in directory /lib/modules/4.14.181\r\n'
b'modprobe: FATAL: Module mmc_block not found in directory /lib/modules/4.14.181\r\n'
b'[    3.460224] EXT4-fs (mmcblk0p7): Unrecognized mount option "flush" or missing value\r\n'
b'[    3.498631] EXT4-fs (mmcblk0p8): Unrecognized mount option "flush" or missing value\r\n'
b'[    3.501609] usbcore: registered new interface driver usbfs\r\n'
b'[    3.511813] usbcore: registered new interface driver hub\r\n'
b'[    3.517271] usbcore: registered new device driver usb\r\n'
b"[    3.528887] ehci_hcd: USB 2.0 'Enhanced' Host Controller (EHCI) Driver\r\n"
b'[    3.540734] ehci-ambarella: AMBARELLA-EHCI Host Controller driver\r\n'
b'[    3.547111] ambarella-ehci e001f000.ehci: EHCI Host Controller\r\n'
b'[    3.552965] ambarella-ehci e001f000.ehci: new USB bus registered, assigned bus number 1\r\n'
b'[    3.562649] ambarella-ehci e001f000.ehci: irq 26, io mem 0xe001f000\r\n'
b'[    3.576524] ambarella-ehci e001f000.ehci: USB 2.0 started, EHCI 1.00\r\n'
b'[    3.581264] FAT-fs (mmcblk1p1): Volume was not properly unmounted. Some data may be corrupt. Please run fsck.\r\n'
b'[    3.583083] usb usb1: New USB device found, idVendor=1d6b, idProduct=0002\r\n'
b'[    3.599554] usb usb1: New USB device strings: Mfr=3, Product=2, SerialNumber=1\r\n'
b'[    3.607527] usb usb1: Product: EHCI Host Controller\r\n'
b'[    3.612416] usb usb1: Manufacturer: Linux 4.14.181 ehci_hcd\r\n'
b'[    3.618004] usb usb1: SerialNumber: AmbUSB\r\n'
b'[    3.622659] hub 1-0:1.0: USB hub found\r\n'
b'[    3.626433] hub 1-0:1.0: 1 port detected\r\n'
b"[    3.642528] ohci_hcd: USB 1.1 'Open' Host Controller (OHCI) Driver\r\n"
b'[    3.649014] ambarella-ohci e001e000.ohci: Ambarella OHCI\r\n'
b'[    3.654336] ambarella-ohci e001e000.ohci: new USB bus registered, assigned bus number 2\r\n'
b'[    3.662381] ambarella-ohci e001e000.ohci: irq 25, io mem 0xe001e000\r\n'
b'[    3.724680] usb usb2: New USB device found, idVendor=1d6b, idProduct=0001\r\n'
b'[    3.731461] usb usb2: New USB device strings: Mfr=3, Product=2, SerialNumber=1\r\n'
b'[    3.738670] usb usb2: Product: Ambarella OHCI\r\n'
b'[    3.743017] usb usb2: Manufacturer: Linux 4.14.181 ohci_hcd\r\n'
b'[    3.748577] usb usb2: SerialNumber: AmbUSB\r\n'
b'[    3.753117] hub 2-0:1.0: USB hub found\r\n'
b'[    3.756888] hub 2-0:1.0: 1 port detected\r\n'
b'[    3.772319] ambarella-udc e0006000.udc: ambarella_udc: version 21 Jan 2016\r\n'
b'[    3.807354] using random self ethernet address\r\n'
b'[    3.811815] using random host ethernet address\r\n'
b'[    3.816697] usb0: HOST MAC 4e:93:4b:a8:3d:06\r\n'
b'[    3.821062] usb0: MAC b2:4f:f2:68:aa:7e\r\n'
b'[    3.824938] using random self ethernet address\r\n'
b'[    3.829386] using random host ethernet address\r\n'
b'[    3.833892] g_ether gadget: Ethernet Gadget, version: Memorial Day 2008\r\n'
b'[    3.840533] g_ether gadget: g_ether ready\r\n'
b'Install Auido...\r\n'
b'OK!\r\n'
b'Initializing random number generator... [    3.903499] random: dd: uninitialized urandom read (512 bytes read)\r\n'
b'done.\r\n'
b'run /usr/beantechs/bin/dlt-daemonstart successful\r\n'
b'/usr/beantechs/bin:/usr/untouch/bin:/usr/beantechs/unit_test:/bin:/sbin:/usr/bin:/usr/sbin:/usr/bin/X11:/usr/local/bin:/usr/local/sbin\r\n'
b'[    3.967585] ambhdmi e000b000.hdmi: Ambarella hdmi controller version:2.0 \r\n'
b'Init without VIN drivers...\r\n'
b'Default init without lens driver\r\n'
b'Use default settings\r\n'
b'map_size = 0x500000, nr_item = 4\r\n'
b'addr_offset = 0x00000000, filename = orccode.bin\r\n'
b'addr_offset = 0x00300000, filename = orcme.bin\r\n'
b'addr_offset = 0x003a0000, filename = orcmdxf.bin\r\n'
b'addr_offset = 0x003e0000, filename = default_binary.bin\r\n'
b'mmap returns 0x7f977f2000\r\n'
b'loading /lib/firmware/orccode.bin...addr = 0x7f977f2000, size = 0x206bbf\r\n'
b'loading /lib/firmware/orcme.bin...addr = 0x7f97af2000, size = 0x42894\r\n'
b'loading /lib/firmware/orcmdxf.bin...addr = 0x7f97b92000, size = 0x28ed0\r\n'
b'loading /lib/firmware/default_binary.bin...addr = 0x7f97bd2000, size = 0x6bf84\r\n'
b'===============================================\r\n'
b'ucode (CV22) version = 2020/5/25 288664.288656\r\n'
b'===============================================\r\n'
b'[    4.255515] -------------------ambrg_hw_reset---id:1,ambrg->rst_gpio[0]:51!\r\n'
b'[    5.433513] -------------------ambrg_hw_reset---id:1,ambrg->rst_gpio[0]:51!\r\n'
b'[    6.609513] -------------------ambrg_hw_reset---id:1,ambrg->rst_gpio[0]:51!\r\n'
b'[    7.785513] -------------------ambrg_hw_reset---id:1,ambrg->rst_gpio[0]:51!\r\n'
b'[    8.961514] -------------------ambrg_hw_reset---id:1,ambrg->rst_gpio[0]:51!\r\n'
b'[   10.137513] -------------------ambrg_hw_reset---id:1,ambrg->rst_gpio[0]:51!\r\n'
b'[   10.158886] random: crng init done\r\n'
b"modprobe: ERROR: could not insert 'ov2775_mipi_brg': Input/output error\r\n"
b'[   11.305630] vco = 432000000, 24000000, 1, 18, 1\r\n'
b'[   11.362513] -------------------ambrg_hw_reset---id:0,ambrg->rst_gpio[0]:35!\r\n'
b'[   11.380516] -------------------ambarella_set_vsync_gpio116_alt1\r\n'
b'[   12.438513] -------------------ambrg_hw_reset---id:0,ambrg->rst_gpio[0]:35!\r\n'
b'[   12.456515] -------------------ambarella_set_vsync_gpio116_alt1\r\n'
b'[   13.514513] -------------------ambrg_hw_reset---id:0,ambrg->rst_gpio[0]:35!\r\n'
b'[   13.532515] -------------------ambarella_set_vsync_gpio116_alt1\r\n'
b'[   14.590512] -------------------ambrg_hw_reset---id:0,ambrg->rst_gpio[0]:35!\r\n'
b'[   14.608514] -------------------ambarella_set_vsync_gpio116_alt1\r\n'
b'[   15.666512] -------------------ambrg_hw_reset---id:0,ambrg->rst_gpio[0]:35!\r\n'
b'[   15.684514] -------------------ambarella_set_vsync_gpio116_alt1\r\n'
b'[   16.742511] -------------------ambrg_hw_reset---id:0,ambrg->rst_gpio[0]:35!\r\n'
b'[   16.760514] -------------------ambarella_set_vsync_gpio116_alt1\r\n'
b"modprobe: ERROR: could not insert 'ov2311_mipi_brg': Input/output error\r\n"
b'[   17.808114] cavalry sub_scheduler0: assigned reserved memory node cavalry@0x60000000\r\n'
b'map_cavalry: phys: 0x60400000, virt: 0x7fbf00e000, total size: 0x100000\r\n'
b'Cavalry Ucode Version = CV22-Ver.84-20200509-58b[   17.837662] vco = 384000000, 24000000, 1, 16, 1\r\n'
b'2ac3f-hl_fw.00000001\r\n'
b'[   17.848516] vco = 1512000000, 24000000, 1, 63, 1\r\n'
b'[   17.866170] ambarella-i2c e400a000.i2c: No ACK from address 0xb4, 0:0!\r\n'
b'Start app: \r\n'
b'[   17.873637] ambarella-i2c e400a000.i2c: No ACK from address 0xb4, 0:0!\r\n'
b'[   17.882089] ambarella-i2c e400a000.i2c: No ACK from address 0xb4, 0:0!\r\n'
b'found blkid\r\n'
b'[   17.889560] ambarella-i2c e400a000.i2c: No ACK from address 0xb4, 0:0!\r\n'
b'found df\r\n'
b'[   17.897167] ambarella-i2c e400a000.i2c: No ACK from address 0xb4, 0:0!\r\n'
b'[   17.905016] ambarella-i2c e400a000.i2c: No ACK from address 0xb4, 0:0!\r\n'
b'[   17.912532] ambarella-i2c e400a000.i2c: No ACK from address 0xb4, 0:0!\r\n'
b'[   17.920064] ambarella-i2c e400a000.i2c: No ACK from address 0xb4, 0:0!\r\n'
b'[   17.927612] ambarella-i2c e400a000.i2c: No ACK from address 0xb4, 0:0!\r\n'
b'[   17.935097] ambarella-i2c e400a000.i2c: No ACK from address 0xb4, 0:0!\r\n'
b'[   17.942570] ambarella-i2c e400a000.i2c: No ACK from address 0xb4, 0:0!\r\n'
b'[   17.950038] ambarella-i2c e400a000.i2c: No ACK from address 0xb4, 0:0!\r\n'
b'[   17.957517] ambarella-i2c e400a000.i2c: No ACK from address 0xb4, 0:0!\r\n'
b'[   17.965126] asoc-simple-card sound: ak4637-aif <-> e000d000.i2s mapping ok\r\n'
b'[   17.973021] ambarella-i2c e400a000.i2c: No ACK from address 0xb4, 0:0!\r\n'
b'[   17.980536] ambarella-i2c e400a000.i2c: No ACK from address 0xb4, 0:0!\r\n'
b'[   17.988034] ambarella-i2c e400a000.i2c: No ACK from address 0xb4, 0:0!\r\n'
b'[   17.995466] ambarella-i2c e400a000.i2c: No ACK from address 0xb4, 0:0!\r\n'
b'[   18.002998] ambarella-i2c e400a000.i2c: No ACK from address 0xb4, 0:0!\r\n'
b'[   18.010516] ambarella-i2c e400a000.i2c: No ACK from address 0xb4, 0:0!\r\n'
b'[   18.017156] EXT4-fs (mmcblk0p7): mounted filesystem with ordered data mode. Opts: (null)\r\n'
b'[   18.026287] ambarella-i2c e400a000.i2c: No ACK from address 0xb4, 0:0!\r\n'
b'[   18.033800] ambarella-i2c e400a000.i2c: No ACK from address 0xb4, 0:0!\r\n'
b'[   18.041335] ambarella-i2c e400a000.i2c: No ACK from address 0xb4, 0:0!\r\n'
b'[   18.048805] ambarella-i2c e400a000.i2c: No ACK from address 0xb4, 0:0!\r\n'
b'[   18.099213] EXT4-fs (mmcblk0p8): mounted filesystem with ordered data mode. Opts: (null)\r\n'
b'[   18.144439] ambarella-i2c e400a000.i2c: No ACK from address 0xb4, 0:0!\r\n'
b'[   18.152137] ambarella-i2c e400a000.i2c: No ACK from address 0xb4, 0:0!\r\n'
b'[   18.159879] ambarella-i2c e400a000.i2c: No ACK from address 0xb4, 0:0!\r\n'
b'[   18.167699] ambarella-i2c e400a000.i2c: No ACK from address 0xb4, 0:0!\r\n'
b'[   18.175267] ambarella-i2c e400a000.i2c: No ACK from address 0xb4, 0:0!\r\n'
b'[   18.182839] ambarella-i2c e400a000.i2c: No ACK from address 0xb4, 0:0!\r\n'
b'[   18.190413] ambarella-i2c e400a000.i2c: No ACK from address 0xb4, 0:0!\r\n'
b'[   18.197239] EXT4-fs (mmcblk0p10): mounted filesystem with ordered data mode. Opts: (null)\r\n'
b'[   18.197966] ambarella-i2c e400a000.i2c: No ACK from address 0xb4, 0:0!\r\n'
b'[   18.213089] ambarella-i2c e400a000.i2c: No ACK from address 0xb4, 0:0!\r\n'
b'[   18.220684] ambarella-i2c e400a000.i2c: No ACK from address 0xb4, 0:0!\r\n'
b'[   18.228331] ambarella-i2c e400a000.i2c: No ACK from address 0xb4, 0:0!\r\n'
b'[   18.235908] ambarella-i2c e400a000.i2c: No ACK from address 0xb4, 0:0!\r\n'
b'[   18.243397] ambarella-i2c e400a000.i2c: No ACK from address 0xb4, 0:0!\r\n'
b'[   18.250892] ambarella-i2c e400a000.i2c: No ACK from address 0xb4, 0:0!\r\n'
b'[   18.258668] ambarella-i2c e400a000.i2c: No ACK from address 0xb4, 0:0!\r\n'
b'[   18.266191] ambarella-i2c e400a000.i2c: No ACK from address 0xb4, 0:0!\r\n'
b'[   18.273746] ambarella-i2c e400a000.i2c: No ACK from address 0xb4, 0:0!\r\n'
b'[   18.281311] ambarella-i2c e400a000.i2c: No ACK from address 0xb4, 0:0!\r\n'
b'[   18.287336] EXT4-fs (mmcblk0p11): mounted filesystem with ordered data mode. Opts: (null)\r\n'
b'[   18.288820] ambarella-i2c e400a000.i2c: No ACK from address 0xb4, 0:0!\r\n'
b'Start app: \r\n'
b'OK!\r\n'
b'[   18.303875] ambarella-i2c e400a000.i2c: No ACK from address 0xb4, 0:0!\r\n'
b'Starting network...\r\n'
b'[   18.311705] ambarella-i2c e400a000.i2c: No ACK from address 0xb4, 0:0!\r\n'
b'[   18.320091] ambarella-i2c e400a000.i2c: No ACK from address 0xb4, 0:0!\r\n'
b'[   18.327635] ambarella-i2c e400a000.i2c: No ACK from address 0xb4, 0:0!\r\n'
b'[   18.335340] ambarella-i2c e400a000.i2c: No ACK from address 0xb4, 0:0!\r\n'
b'[   18.342843] ambarella-i2c e400a000.i2c: No ACK from address 0xb4, 0:0!\r\n'
b'[   18.349367] ak4637 2-005a: ASoC: SPKLO Mixer DAPM update failed: -16\r\n'
b'[   18.356774] ambarella-i2c e400a000.i2c: No ACK from address 0xb4, 0:0!\r\n'
b'[   18.364260] ambarella-i2c e400a000.i2c: No ACK from address 0xb4, 0:0!\r\n'
b'[   18.370784] ak4637 2-005a: ASoC: SPKLO MUX DAPM update failed: -16\r\n'
b'[   18.378111] ambarella-i2c e400a000.i2c: No ACK from address 0xb4, 0:0!\r\n'
b'[   18.384652] ak4637 2-005a: ASoC: PFSDO MUX DAPM update failed: -16\r\n'
b'[   18.391911] ambarella-i2c e400a000.i2c: No ACK from address 0xb4, 0:0!\r\n'
b'[   18.399462] ambarella-i2c e400a000.i2c: No ACK from address 0xb4, 0:0!\r\n'
b'[   18.405991] ak4637 2-005a: ASoC: PFIL MUX DAPM update failed: -16\r\n'
b'[   18.413473] ambarella-i2c e400a000.i2c: No ACK from address 0xb4, 0:0!\r\n'
b'[   18.420955] ambarella-i2c e400a000.i2c: No ACK from address 0xb4, 0:0!\r\n'
b'[   18.427478] ak4637 2-005a: ASoC: MIC MUX DAPM update failed: -16\r\n'
b'ip: RTNETLINK answers: File exists\r\n'
b'ifup: interface eth0 already configured\r\n'
b'[InstanceSpecifier] size= 18: service/osdrServer\r\n'
b'SupervisedEntity sv_specifier_:service/osdrServer, len:18\r\n'
b'the open the file is successful,fd=5.\r\n'
b'read 16 Byte\r\n'
b'write successful 16\r\n'
b'name:plf_health_mgmt\r\n'
b'~ClassPointer\r\n'
b'get msg id 0\r\n'
b'the open the file is successful,fd=5.\r\n'
b'~InstanceSpecifier\r\n'
b'Configure file path[/usr/beantechs/etc/oryx]\r\n'
b'[InstanceSpecifier] size= 21: service/monitorServer\r\n'
b'SupervisedEntity sv_specifier_:service/monitorServer, len:21\r\n'
b'the open the file is successful,fd=5.\r\n'
b'read 16 Byte\r\n'
b'write successful 16\r\n'
b'name:plf_health_mgmt\r\n'
b'~ClassPointer\r\n'
b'get msg id 0\r\n'
b'the open the file is successful,fd=5.\r\n'
b'~InstanceSpecifier\r\n'
b'/usr/beantechs/etc//system.xml\r\n'
b'monitor print_type == 0\r\n'
b'the open the file is successful,fd=6.\r\n'
b'read 76 Byte\r\n'
b'msg queue name[6]: recoderServer\r\n'
b'msg queue name[7]: osdServer\r\n'
b'msg queue name[8]: monitorServer\r\n'
b'write successful 114\r\n'
b'name:plf_health_mgmt\r\n'
b'name:cvServer\r\n'
b'name:mediaServer\r\n'
b'name:data_distribution\r\n'
b'name:data_integration\r\n'
b'name:phm\r\n'
b'name:recoderServer\r\n'
b'name:osdServer\r\n'
b'name:monitorServer\r\n'
b'~ClassPointer\r\n'
b'get msg id 0\r\n'
b'get msg id 32769\r\n'
b'get msg id 65538\r\n'
b'get msg id 98307\r\n'
b'get msg id 131076\r\n'
b'get msg id 163845\r\n'
b'creat msg id 196614\r\n'
b'creat msg id 229383\r\n'
b'creat msg id 262152\r\n'
b'the open the file is successful,fd=6.\r\n'
b'\x1b[1;37mConnection established with kernel.\x1b[0m\r\n'
b'[InstanceSpecifier] size= 18: exe0/TestLibphmApp\r\n'
b'HealthChannel sv_specifier_:exe0/TestLibphmApp, len:18\r\n'
b'the open the file is successful,fd=7.\r\n'
b'read 114 Byte\r\n'
b'write successful 114\r\n'
b'name:plf_health_mgmt\r\n'
b'name:cvServer\r\n'
b'name:mediaServer\r\n'
b'name:data_distribution\r\n'
b'name:data_integration\r\n'
b'name:phm\r\n'
b'name:recoderServer\r\n'
b'name:osdServer\r\n'
b'name:monitorServer\r\n'
b'~ClassPointer\r\n'
b'get msg id 0\r\n'
b'get msg id 32769\r\n'
b'get msg id 65538\r\n'
b'get msg id 98307\r\n'
b'get msg id 131076\r\n'
b'get msg id 163845\r\n'
b'get msg id 196614\r\n'
b'get msg id 229383\r\n'
b'get msg id 262152\r\n'
b'the open the file is successful,fd=7.\r\n'
b'~InstanceSpecifier\r\n'
b'[\x1b[1;31m ERROR\x1b[0m]\x1b[36m[\x1b[0m\x1b[1;37m 846\x1b[0m\x1b[36m: am_platform_iav5.cpp: sensor_info_get()]: \x1b[0m\x1b[31mIAV_IOC_VIN_GET_DEVINFO: No such device\x1b[0m\r\n'
b'[\x1b[1;31m ERROR\x1b[0m]\x1b[36m[\x1b[0m\x1b[1;37m 111\x1b[0m\x1b[36m: am_vin_control.cpp: create_vin_devices()]: \x1b[0m\x1b[31mFaild to get VIN[0] info!\x1b[0m\r\n'
b'[\x1b[1;31m ERROR\x1b[0m]\x1b[36m[\x1b[0m\x1b[1;37m 846\x1b[0m\x1b[36m: am_platform_iav5.cpp: sensor_info_get()]: \x1b[0m\x1b[31mIAV_IOC_VIN_GET_DEVINFO: No such device\x1b[0m\r\n'
b'[\x1b[1;31m ERROR\x1b[0m]\x1b[36m[\x1b[0m\x1b[1;37m 111\x1b[0m\x1b[36m: am_vin_control.cpp: create_vin_devices()]: \x1b[0m\x1b[31mFaild to get VIN[1] info!\x1b[0m\r\n'
b'[\x1b[1;31m ERROR\x1b[0m]\x1b[36m[\x1b[0m\x1b[1;37m 846\x1b[0m\x1b[36m: am_platform_iav5.cpp: sensor_info_get()]: \x1b[0m\x1b[31mIAV_IOC_VIN_GET_DEVINFO: No such device\x1b[0m\r\n'
b'[\x1b[1;31m ERROR\x1b[0m]\x1b[36m[\x1b[0m\x1b[1;37m 846\x1b[0m\x1b[36m: am_platform_iav5.cpp: sensor_info_get()]: \x1b[0m\x1b[31mIAV_IOC_VIN_GET_DEVINFO: No such device\x1b[0m\r\n'
b'[\x1b[1;31m ERROR\x1b[0m]\x1b[36m[\x1b[0m\x1b[1;37m 111\x1b[0m\x1b[36m: am_vin_control.cpp: create_vin_devices()]: \x1b[0m\x1b[31mFaild to get VIN[2] info!\x1b[0m\r\n'
b'[\x1b[1;31m ERROR\x1b[0m]\x1b[36m[\x1b[0m\x1b[1;37m 111\x1b[0m\x1b[36m: am_vin_control.cpp: create_vin_devices()]: \x1b[0m\x1b[31mFaild to get VIN[0] info!\x1b[0m\r\n'
b'[\x1b[1;31m ERROR\x1b[0m]\x1b[36m[\x1b[0m\x1b[1;37m 132\x1b[0m\x1b[36m: am_vin_control.cpp: create_vin_devices()]: \x1b[0m\x1b[31mNo Vin Enabled!\x1b[0m\r\n'
b'[\x1b[1;31m ERROR\x1b[0m]\x1b[36m[\x1b[0m\x1b[1;37m 132\x1b[0m\x1b[36m: am_encode_device.cpp: init()]: \x1b[0m\x1b[31mFailed to create vin devices!\x1b[0m\r\n'
b'[\x1b[1;31m ERROR\x1b[0m]\x1b[36m[\x1b[0m\x1b[1;37m 846\x1b[0m\x1b[36m: am_platform_iav5.cpp: sensor_info_get()]: \x1b[0m\x1b[31mIAV_IOC_VIN_GET_DEVINFO: No such device\x1b[0m\r\n'
b'[\x1b[1;31m ERROR\x1b[0m]\x1b[36m[\x1b[0m\x1b[1;37m 111\x1b[0m\x1b[36m: am_vin_control.cpp: create_vin_devices()]: \x1b[0m\x1b[31mFaild to get VIN[1] info!\x1b[0m\r\n'
b'[\x1b[1;31m ERROR\x1b[0m]\x1b[36m[\x1b[0m\x1b[1;37m 846\x1b[0m\x1b[36m: am_platform_iav5.cpp: sensor_info_get()]: \x1b[0m\x1b[31mIAV_IOC_VIN_GET_DEVINFO: No such device\x1b[0m\r\n'
b'[\x1b[1;31m ERROR\x1b[0m]\x1b[36m[\x1b[0m\x1b[1;37m 111\x1b[0m\x1b[36m: am_vin_control.cpp: create_vin_devices()]: \x1b[0m\x1b[31mFaild to get VIN[2] info!\x1b[0m\r\n'
b'[\x1b[1;31m ERROR\x1b[0m]\x1b[36m[\x1b[0m\x1b[1;37m 132\x1b[0m\x1b[36m: am_vin_control.cpp: create_vin_devices()]: \x1b[0m\x1b[31mNo Vin Enabled!\x1b[0m\r\n'
b'[\x1b[1;31m ERROR\x1b[0m]\x1b[36m[\x1b[0m\x1b[1;37m 118\x1b[0m\x1b[36m: am_video_camera.cpp: init()]: \x1b[0m\x1b[31mFailed to create AMEncodeDevice!\x1b[0m\r\n'
b'[\x1b[1;31m ERROR\x1b[0m]\x1b[36m[\x1b[0m\x1b[1;37m 132\x1b[0m\x1b[36m: am_encode_device.cpp: init()]: \x1b[0m\x1b[31mFailed to create vin devices!\x1b[0m\r\n'
b'[\x1b[1;31m ERROR\x1b[0m]\x1b[36m[\x1b[0m\x1b[1;37m 118\x1b[0m\x1b[36m: am_video_camera.cpp: init()]: \x1b[0m\x1b[31mFailed to create AMEncodeDevice!\x1b[0m\r\n'
b'\x1b[1m\x1b[45;33m [ERROR]:\x1b[0mVideoService get instance failed\r\n'
b'\r\n'
b'\x1b[1m\x1b[45;33m [ERROR]:\x1b[0mCreate instance failed!!!!\r\n'
b'[\x1b[1;31m ERROR\x1b[0m]\x1b[36m[\x1b[0m\x1b[1;37m  74\x1b[0m\x1b[36m: am_signal_unwind.cpp: void critical_error_handler()]: \x1b[0m\x1b[31mCaught signal "Segmentation fault(11)", accessing address(           (nil)) from 0x0000556c70dd30!\x1b[0m\r\n'
b'\x1b[1m\x1b[45;33m [ERROR]:\x1b[0mGet oryx modules instance failed!\r\n'
b'[InstanceSpecifier] size= 24: untouch/dms_msg_receiver\r\n'
b'\r\n'
b'[\x1b[1;31m ERROR\x1b[0m]\x1b[36m[\x1b[0m\x1b[1;37m  75\x1b[0m\x1b[36m: am_signal_unwind.cpp: void critical_error_handler()]: \x1b[0m\x1b[31mRegister dump:\x1b[0m\r\n'
b'[\x1b[1;31m ERROR\x1b[0m]\x1b[36m[\x1b[0m\x1b[1;37m  78\x1b[0m\x1b[36m: am_signal_unwind.cpp: void critical_error_handler()]: \x1b[0m\x1b[31mReg[ 0]: 0x0000000000000000\x1b[0m\r\n'
b'[\x1b[1;31m ERROR\x1b[0m]\x1b[36m[\x1b[0m\x1b[1;37m  78\x1b[0m\x1b[36m: am_signal_unwind.cpp: void critical_error_handler()]: \x1b[0m\x1b[31mReg[ 1]: 0x0000007fcad48770\x1b[0m\r\n'
b'[\x1b[1;31m ERROR\x1b[0m]\x1b[36m[\x1b[0m\x1b[1;37m  78\x1b[0m\x1b[36m: am_signal_unwind.cpp: void critical_error_handler()]: \x1b[0m\x1b[31mReg[ 2]: 0x0000007fcad48790\x1b[0m\r\n'
b'[\x1b[1;31m ERROR\x1b[0m]\x1b[36m[\x1b[0m\x1b[1;37m  78\x1b[0m\x1b[36m: am_signal_unwind.cpp: void critical_error_handler()]: \x1b[0m\x1b[31mReg[ 3]: 0x0000000000000000\x1b[0m\r\n'
b'SupervisedEntity sv_specifier_:untouch/dms_msg_receiver, len:24\r\n'
b'[\x1b[1;31m ERROR\x1b[0m]\x1b[36m[\x1b[0m\x1b[1;37m  78\x1b[0m\x1b[36m: am_signal_unwind.cpp: void critical_error_handler()]: \x1b[0m\x1b[31mReg[ 4]: 0x0000007fcad48898\x1b[0m\r\n'
b'[\x1b[1;31m ERROR\x1b[0m]\x1b[36m[\x1b[0m\x1b[1;37m  74\x1b[0m\x1b[36m: am_signal_unwind.cpp: void critical_error_handler()]: \x1b[0m\x1b[31mCaught signal "Segmentation fault(11)", accessing address(           (nil)) from 0x000055603a2ae0!\x1b[0m\r\n'
b'[\x1b[1;31m ERROR\x1b[0m]\x1b[36m[\x1b[0m\x1b[1;37m  78\x1b[0m\x1b[36m: am_signal_unwind.cpp: void critical_error_handler()]: \x1b[0m\x1b[31mReg[ 5]: 0x0000000000000004\x1b[0m\r\n'
b'[\x1b[1;31m ERROR\x1b[0m]\x1b[36m[\x1b[0m\x1b[1;37m  75\x1b[0m\x1b[36m: am_signal_unwind.cpp: void critical_error_handler()]: \x1b[0m\x1b[31mRegister dump:\x1b[0m\r\n'
b'[\x1b[1;31m ERROR\x1b[0m]\x1b[36m[\x1b[0m\x1b[1;37m  78\x1b[0m\x1b[36m: am_signal_unwind.cpp: void critical_error_handler()]: \x1b[0m\x1b[31mReg[ 6]: 0x726553616964656d\x1b[0m\r\n'
b'[\x1b[1;31m ERROR\x1b[0m]\x1b[36m[\x1b[0m\x1b[1;37m  78\x1b[0m\x1b[36m: am_signal_unwind.cpp: void critical_error_handler()]: \x1b[0m\x1b[31mReg[ 0]: 0x0000000000000000\x1b[0m\r\n'
b'[\x1b[1;31m ERROR\x1b[0m]\x1b[36m[\x1b[0m\x1b[1;37m  78\x1b[0m\x1b[36m: am_signal_unwind.cpp: void critical_error_handler()]: \x1b[0m\x1b[31mReg[ 7]: 0x7265767265536169\x1b[0m\r\n'
b'[\x1b[1;31m ERROR\x1b[0m]\x1b[36m[\x1b[0m\x1b[1;37m  78\x1b[0m\x1b[36m: am_signal_unwind.cpp: void critical_error_handler()]: \x1b[0m\x1b[31mReg[ 1]: 0x0000007fdc4dd820\x1b[0m\r\n'
b'the open the file is successful,fd=3.\r\n'
b'[\x1b[1;31m ERROR\x1b[0m]\x1b[36m[\x1b[0m\x1b[1;37m  78\x1b[0m\x1b[36m: am_signal_unwind.cpp: void critical_error_handler()]: \x1b[0m\x1b[31mReg[ 8]: 0x636e6174736e6920\x1b[0m\r\n'
b'[\x1b[1;31m ERROR\x1b[0m]\x1b[36m[\x1b[0m\x1b[1;37m  78\x1b[0m\x1b[36m: am_signal_unwind.cpp: void critical_error_handler()]: \x1b[0m\x1b[31mReg[ 2]: 0x0000007fdc4dd840\x1b[0m\r\n'
b'read 142 Byte\r\n'
b'[[   19.425025] ambarella-i2c e400a000.i2c: No ACK from address 0xb4, 0:0!\r\n'
b'\x1b[1;31m ERROR\x1b[0m]\x1b[36m[\x1b[0m\x1b[1;37m  78\x1b[0m\x1b[36m: am_signal_unwind.cpp: void critical_error_handler()]: \x1b[0m\x1b[31mReg[ 9]: 0x64656c6961662065\x1b[0m\r\n'
b'[\x1b[1;31m ERROR[   19.444527] ambarella-i2c e400a000.i2c: No ACK from address 0xb4, 0:0!\r\n'
b'\x1b[0m]\x1b[36m[\x1b[0m\x1b[   19.453398] ambarella-i2c e400a000.i2c: No ACK from address 0xb4, 0:0!\r\n'
b'[1;37m  78\x1b[0m\x1b[[   19.461380] ambarella-i2c e400a000.i2c: No ACK from address 0xb4, 0:0!\r\n'
b'36m: am_signal_u[   19.469258] ambarella-i2c e400a000.i2c: No ACK from address 0xb4, 0:0!\r\n'
b'nwind.cpp: void critical_error_handler()]: \x1b[0m\x1b[   19.479755] ambarella-i2c e400a000.i2c: No ACK from address 0xb4, 0:0!\r\n'
b'[31mReg[ 3]: 0x0[   19.487717] ambarella-i2c e400a000.i2c: No ACK from address 0xb4, 0:0!\r\n'
b'000000000000000\x1b[   19.495710] ambarella-i2c e400a000.i2c: No ACK from address 0xb4, 0:0!\r\n'
b'[0m\r\n'
b'[\x1b[1;31m ER[   19.503697] ambarella-i2c e400a000.i2c: No ACK from address 0xb4, 0:0!\r\n'
b'ROR\x1b[0m]\x1b[36m[\x1b[0m\x1b[1;37m  78\x1b[0[   19.511724] ambarella-i2c e400a000.i2c: No ACK from address 0xb4, 0:0!\r\n'
b'm\x1b[36m: am_signa[   19.520885] ambarella-i2c e400a000.i2c: No ACK from address 0xb4, 0:0!\r\n'
b'l_unwind.cpp: vo[   19.528614] ambarella-i2c e400a000.i2c: No ACK from address 0xb4, 0:0!\r\n'
b'id critical_error_handler()]: \x1b[0m\x1b[31mReg[10]: 0x6d207879726f2074\x1b[0m\r\n'
b'[\x1b[1;31m ERROR\x1b[0m]\x1b[36m[\x1b[0m\x1b[1;37m  78\x1b[0m\x1b[36m: am_signal_unwind.cpp: void critical_error_handler()]: \x1b[0m\x1b[31mReg[ 4]: 0x0000007fdc4dd948\x1b[0m\r\n'
b'[\x1b[1;31m ERROR\x1b[0m]\x1b[36m[\x1b[0m\x1b[1;37m  78\x1b[0m\x1b[36m: am_signal_unwind.cpp: void critical_error_handler()]: \x1b[0m\x1b[31mReg[11]: 0x692073656c75646f\x1b[0m\r\n'
b'[\x1b[1;31m ERROR\x1b[0m]\x1b[36m[\x1b[0m\x1b[1;37m  78\x1b[0m\x1b[36m: am_signal_unwind.cpp: void critical_error_handler()]: \x1b[0m\x1b[31mReg[ 5]: 0x0000000000000004\x1b[0m\r\n'
b'[\x1b[1;31m ERROR\x1b[0m]\x1b[36m[\x1b[0m\x1b[1;37m  78\x1b[0m\x1b[36m: am_signal_unwind.cpp: void critical_error_handler()]: \x1b[0m\x1b[31mReg[12]: 0x2065636e6174736e\x1b[0m\r\n'
b'[\x1b[1;31m ERROR\x1b[0m]\x1b[36m[\x1b[0m\x1b[1;37m  78\x1b[0m\x1b[36m: am_signal_unwind.cpp: void critical_error_handler()]: \x1b[0m\x1b[31mReg[ 6]: 0x0000000000000009\x1b[0m\r\n'
b'[\x1b[1;31m ERROR\x1b[0m]\x1b[36m[\x1b[0m\x1b[1;37m  78\x1b[0m\x1b[36m: am_signal_unwind.cpp: void critical_error_handler()]: \x1b[0m\x1b[31mReg[13]: 0x0a2164656c696166\x1b[0m\r\n'
b'[InstanceSpecifier] size= 24: untouch/oms_msg_receiver\r\n'
b'Starting nginx: write successful 142\r\n'
b'[\x1b[1;31m ERROR\x1b[0m]\x1b[36m[\x1b[0m\x1b[1;37m  78\x1b[0m\x1b[36m: am_signal_unwind.cpp: void critical_error_handler()]: \x1b[0m\x1b[31mReg[ 7]: 0x000000000000000a\x1b[0m\r\n'
b'name:plf_health_mgmt\r\n'
b'[\x1b[1;31m ERROR\x1b[0m]\x1b[36m[\x1b[0m\x1b[1;37m  78\x1b[0m\x1b[36m: am_signal_unwind.cpp: void critical_error_handler()]: \x1b[0m\x1b[31mReg[ 8]: 0x0000000000000040\x1b[0m\r\n'
b'name:cvServer\r\n'
b'[\x1b[1;31m ERROR\x1b[0m]\x1b[36m[\x1b[0m\x1b[1;37m  78\x1b[0m\x1b[36m: am_signal_unwind.cpp: void critical_error_handler()]: \x1b[0m\x1b[31mReg[ 9]: 0x64656c6961662065\x1b[0m\r\n'
b'SupervisedEntity sv_specifier_:untouch/oms_msg_receiver, len:24\r\n'
b'name:mediaServer\r\n'
b'name:data_distribution\r\n'
b'[\x1b[1;31m ERROR\x1b[0m]\x1b[36m[\x1b[0m\x1b[1;37m  78\x1b[0m\x1b[36m: am_signal_unwind.cpp: void critical_error_handler()]: \x1b[0m\x1b[31mReg[10]: 0x6d207879726f2074\x1b[0m\r\n'
b'name:data_integration\r\n'
b'name:phm\r\n'
b'name:recoderServer\r\n'
b'[\x1b[1;31m ERROR\x1b[0m]\x1b[36m[\x1b[0m\x1b[1;37m  78\x1b[0m\x1b[36m: am_signal_unwind.cpp: void critical_error_handler()]: \x1b[0m\x1b[31mReg[11]: 0x692073656c75646f\x1b[0m\r\n'
b'name:osdServer\r\n'
b'name:monitorServer\r\n'
b'name:gps_service\r\n'
b'[\x1b[1;31m ERROR\x1b[0m]\x1b[36m[\x1b[0m\x1b[1;37m  78\x1b[0m\x1b[36m: am_signal_unwind.cpp: void critical_error_handler()]: \x1b[0m\x1b[31mReg[12]: 0x2065636e6174736e\x1b[0m\r\n'
b'name:test_gps_client\r\n'
b'[\x1b[1;31m ERROR\x1b[0m]\x1b[36m[\x1b[0m\x1b[1;37m  78\x1b[0m\x1b[36m: am_signal_unwind.cpp: void critical_error_handler()]: \x1b[0m\x1b[31mReg[13]: 0x0a2164656c696166\x1b[0m\r\n'
b'the open the file is successful,fd=3.\r\n'
b'~ClassPointer\r\n'
b'[\x1b[1;31m ERROR\x1b[0m]\x1b[36m[\x1b[0m\x1b[1;37m  78\x1b[0m\x1b[36m: am_signal_unwind.cpp: void critical_error_handler()]: \x1b[0m\x1b[31mReg[14]: 0x0000000000000000\x1b[0m\r\n'
b'read 210 Byte\r\n'
b'get msg id 0\r\n'
b'get msg id 32769\r\n'
b'[\x1b[1;31m ERROR\x1b[0m]\x1b[36m[\x1b[0m\x1b[1;37m  78\x1b[0m\x1b[36m: am_signal_unwind.cpp: void critical_error_handler()]: \x1b[0m\x1b[31mReg[15]: 0x000000000000070b\x1b[0m\r\n'
b'get msg id 65538\r\n'
b'get msg id 98307\r\n'
b'get msg id 131076\r\n'
b'[\x1b[1;31m ERROR\x1b[0m]\x1b[36m[\x1b[0m\x1b[1;37m  78\x1b[0m\x1b[36m: am_signal_unwind.cpp: void critical_error_handler()]: \x1b[0m\x1b[31mReg[16]: 0x00000055603c3098\x1b[0m\r\n'
b'get msg id 163845\r\n'
b'write successful 210\r\n'
b'[\x1b[1;31m ERROR\x1b[0m]\x1b[36m[\x1b[0m\x1b[1;37m  78\x1b[0m\x1b[36m: am_signal_unwind.cpp: void critical_error_handler()]: \x1b[0m\x1b[31mReg[17]: 0x0000007f91055ac0\x1b[0m\r\n'
b'get msg id 196614\r\n'
b'name:plf_health_mgmt\r\n'
b'get msg id 229383\r\n'
b'get msg id 262152\r\n'
b'[\x1b[1;31m ERROR\x1b[0m]\x1b[36m[\x1b[0m\x1b[1;37m  78\x1b[0m\x1b[36m: am_signal_unwind.cpp: void critical_error_handler()]: \x1b[0m\x1b[31mReg[18]: 0x000000000000002f\x1b[0m\r\n'
b'name:cvServer\r\n'
b'get msg id 294921\r\n'
b'name:mediaServer\r\n'
b'get msg id 327690\r\n'
b'[\x1b[1;31m ERROR\x1b[0m]\x1b[36m[\x1b[0m\x1b[1;37m  78\x1b[0m\x1b[36m: am_signal_unwind.cpp: void critical_error_handler()]: \x1b[0m\x1b[31mReg[19]: 0x0000007fdc4dd820\x1b[0m\r\n'
b'name:data_distribution\r\n'
b'name:data_integration\r\n'
b'the open the file is successful,fd=3.\r\n'
b'[\x1b[1;31m ERROR\x1b[0m]\x1b[36m[\x1b[0m\x1b[1;37m  78\x1b[0m\x1b[36m: am_signal_unwind.cpp: void critical_error_handler()]: \x1b[0m\x1b[31mReg[20]: 0x00000055603c2000\x1b[0m\r\n'
b'name:phm\r\n'
b'name:recoderServer\r\n'
b'name:osdServer\r\n'
b'[\x1b[1;31m ERROR\x1b[0m]\x1b[36m[\x1b[0m\x1b[1;37m  78\x1b[0m\x1b[36m: am_signal_unwind.cpp: void critical_error_handler()]: \x1b[0m\x1b[31mReg[21]: 0x0000007fdc4dda40\x1b[0m\r\n'
b'name:monitorServer\r\n'
b'name:gps_service\r\n'
b'OK\r\n'
b'~InstanceSpecifier\r\n'
b'[\x1b[1;31m ERROR\x1b[0m]\x1b[36m[\x1b[0m\x1b[1;37m  78\x1b[0m\x1b[36m: am_signal_unwind.cpp: void critical_error_handler()]: \x1b[0m\x1b[31mReg[22]: 0x0000007fdc4dd840\x1b[0m\r\n'
b'name:test_gps_client\r\n'
b'name:untouch_oms_app\r\n'
b'[\x1b[1;31m ERROR\x1b[0m]\x1b[36m[\x1b[0m\x1b[1;37m  78\x1b[0m\x1b[36m: am_signal_unwind.cpp: void critical_error_handler()]: \x1b[0m\x1b[31mReg[23]: 0x00000055603c2000\x1b[0m\r\n'
b'name:receiver_oms_demo\r\n'
b'name:untouch_dms_app\r\n'
b'name:receiver_dms_demo\r\n'
b'[\x1b[1;31m ERROR\x1b[0m]\x1b[36m[\x1b[0m\x1b[1;37m  78\x1b[0m\x1b[36m: am_signal_unwind.cpp: void critical_error_handler()]: \x1b[0m\x1b[31mReg[24]: 0x0000007fdc4dd9d8\x1b[0m\r\n'
b'~ClassPointer\r\n'
b'[\x1b[1;31m ERROR\x1b[0m]\x1b[36m[\x1b[0m\x1b[1;37m  78\x1b[0m\x1b[36m: am_signal_unwind.cpp: void critical_error_handler()]: \x1b[0m\x1b[31mReg[25]: 0x0000007fdc4dd9b0\x1b[0m\r\n'
b'[\x1b[1;31m ERROR\x1b[0m]\x1b[36m[\x1b[0m\x1b[1;37m  78\x1b[0m\x1b[36m: am_signal_unwind.cpp: void critical_error_handler()]: \x1b[0m\x1b[31mReg[14]: 0x0000000000000021\x1b[0m\r\n'
b'[\x1b[1;31m ERROR\x1b[0m]\x1b[36m[\x1b[0m\x1b[1;37m  78\x1b[0m\x1b[36m: am_signal_unwind.cpp: void critical_error_handler()]: \x1b[0m\x1b[31mReg[26]: 0x0000000000000000\x1b[0m\r\n'
b'[\x1b[1;31m ERROR\x1b[0m]\x1b[36m[\x1b[0m\x1b[1;37m  78\x1b[0m\x1b[36m: am_signal_unwind.cpp: void critical_error_handler()]: \x1b[0m\x1b[31mReg[15]: 0x000000000000070b\x1b[0m\r\n'
b'[\x1b[1;31m ERROR\x1b[0m]\x1b[36m[\x1b[0m\x1b[1;37m  78\x1b[0m\x1b[36m: am_signal_unwind.cpp: void critical_error_handler()]: \x1b[0m\x1b[31mReg[27]: 0x000000557a90ff70\x1b[0m\r\n'
b'[\x1b[1;31m ERROR\x1b[0m]\x1b[36m[\x1b[0m\x1b[1;37m  78\x1b[0m\x1b[36m: am_signal_unwind.cpp: void critical_error_handler()]: \x1b[0m\x1b[31mReg[16]: 0x000000556c7270b8\x1b[0m\r\n'
b'[\x1b[1;31m ERROR\x1b[0m]\x1b[36m[\x1b[0m\x1b[1;37m  78\x1b[0m\x1b[36m: am_signal_unwind.cpp: void critical_error_handler()]: \x1b[0m\x1b[31mReg[28]: 0x0000000000000000\x1b[0m\r\n'
b'[\x1b[1;31m ERROR\x1b[0m]\x1b[36m[\x1b[0m\x1b[1;37m  78\x1b[0m\x1b[36m: am_signal_unwind.cpp: void critical_error_handler()]: \x1b[0m\x1b[31mReg[17]: 0x0000007f9bd2bac0\x1b[0m\r\n'
b'[\x1b[1;31m ERROR\x1b[0m]\x1b[36m[\x1b[0m\x1b[1;37m  78\x1b[0m\x1b[36m: am_signal_unwind.cpp: void critical_error_handler()]: \x1b[0m\x1b[31mReg[29]: 0x0000007fdc4dd7e0\x1b[0m\r\n'
b'[\x1b[1;31m ERROR\x1b[0m]\x1b[36m[\x1b[0m\x1b[1;37m  78\x1b[0m\x1b[36m: am_signal_unwind.cpp: void critical_error_handler()]: \x1b[0m\x1b[31mReg[18]: 0x000000000000002f\x1b[0m\r\n'
b'[\x1b[1;31m ERROR\x1b[0m]\x1b[36m[\x1b[0m\x1b[1;37m  78\x1b[0m\x1b[36m: am_signal_unwind.cpp: void critical_error_handler()]: \x1b[0m\x1b[31mReg[30]: 0x00000055603a2ad0\x1b[0m\r\n'
b'[\x1b[1;31m ERROR\x1b[0m]\x1b[36m[\x1b[0m\x1b[1;37m  78\x1b[0m\x1b[36m: am_signal_unwind.cpp: void critical_error_handler()]: \x1b[0m\x1b[31mReg[19]: 0x0000007fcad48770\x1b[0m\r\n'
b'[\x1b[1;31m ERROR\x1b[0m]\x1b[36m[\x1b[0m\x1b[1;37m  78\x1b[0m\x1b[36m: am_signal_unwind.cpp: void critical_error_handler()]: \x1b[0m\x1b[31mReg[20]: 0x000000556c726000\x1b[0m\r\n'
b'[\x1b[1;31m ERROR\x1b[0m]\x1b[36m[\x1b[0m\x1b[1;37m  78\x1b[0m\x1b[36m: am_signal_unwind.cpp: void critical_error_handler()]: \x1b[0m\x1b[31mReg[21]: 0x0000007fcad48998\x1b[0m\r\n'
b'[\x1b[1;31m ERROR\x1b[0m]\x1b[36m[\x1b[0m\x1b[1;37m  78\x1b[0m\x1b[36m: am_signal_unwind.cpp: void critical_error_handler()]: \x1b[0m\x1b[31mReg[22]: 0x00000055a6cc1f40\x1b[0m\r\n'
b'[\x1b[1;31m ERROR\x1b[0m]\x1b[36m[\x1b[0m\x1b[1;37m  78\x1b[0m\x1b[36m: am_signal_unwind.cpp: void critical_error_handler()]: \x1b[0m\x1b[31mReg[23]: 0x000000556c726000\x1b[0m\r\n'
b'[\x1b[1;31m ERROR\x1b[0m]\x1b[36m[\x1b[0m\x1b[1;37m  78\x1b[0m\x1b[36m: am_signal_unwind.cpp: void critical_error_handler()]: \x1b[0m\x1b[31mReg[24]: 0x0000007fcad48d58\x1b[0m\r\n'
b'[\x1b[1;31m ERROR\x1b[0m]\x1b[36m[\x1b[0m\x1b[1;37m  78\x1b[0m\x1b[36m: am_signal_unwind.cpp: void critical_error_handler()]: \x1b[0m\x1b[31mReg[25]: 0x0000007fcad48930\x1b[0m\r\n'
b'[\x1b[1;31m ERROR\x1b[0m]\x1b[36m[\x1b[0m\x1b[1;37m  78\x1b[0m\x1b[36m: am_signal_unwind.cpp: void critical_error_handler()]: \x1b[0m\x1b[31mReg[26]: 0x0000007fcad48908\x1b[0m\r\n'
b'[\x1b[1;31m ERROR\x1b[0m]\x1b[36m[\x1b[0m\x1b[1;37m  78\x1b[0m\x1b[36m: am_signal_unwind.cpp: void critical_error_handler()]: \x1b[0m\x1b[31mReg[27]: 0x0000000000000000\x1b[0m\r\n'
b'[\x1b[1;31m ERROR\x1b[0m]\x1b[36m[\x1b[0m\x1b[1;37m  78\x1b[0m\x1b[36m: am_signal_unwind.cpp: void critical_error_handler()]: \x1b[0m\x1b[31mReg[28]: 0x00000055a6cc2f70\x1b[0m\r\n'
b'[\x1b[1;31m ERROR\x1b[0m]\x1b[36m[\x1b[0m\x1b[1;37m  78\x1b[0m\x1b[36m: am_signal_unwind.cpp: void critical_error_handler()]: \x1b[0m\x1b[31mReg[29]: 0x0000007fcad48740\x1b[0m\r\n'
b'[\x1b[1;31m ERROR\x1b[0m]\x1b[36m[\x1b[0m\x1b[1;37m  78\x1b[0m\x1b[36m: am_signal_unwind.cpp: void critical_error_handler()]: \x1b[0m\x1b[31mReg[30]: 0x000000556c70dd20\x1b[0m\r\n'
b'[\x1b[1;31m ERROR\x1b[0m]\x1b[36m[\x1b[0m\x1b[1;37m 157\x1b[0m\x1b[36m: am_signal_unwind.cpp: void critical_error_handler()]: \x1b[0m\x1b[31m#0 : [Function: 0x0000007f914cb668] sp=0x0000007fdc4dc560  + 0x0\x1b[0m\r\n'
b'[\x1b[1;31m ERROR\x1b[0m]\x1b[36m[\x1b[0m\x1b[1;37m 157\x1b[0m\x1b[36m: am_signal_unwind.cpp: void critical_error_handler()]: \x1b[0m\x1b[31m#0 : [Function: 0x0000007f9c1f5668] sp=0x0000007fcad474e0  + 0x0\x1b[0m\r\n'
b'[\x1b[1;31m ERROR\x1b[0m]\x1b[36m[\x1b[0m\x1b[1;37m 142\x1b[0m\x1b[36m: am_signal_unwind.cpp: void critical_error_handler()]: \x1b[0m\x1b[31m#1 : [Function: 0x00000055603a2ae0] sp=0x0000007fdc4dd7c0 (null) !!!! BAD Address (nil)\x1b[0m\r\n'
b'[\x1b[1;31m ERROR\x1b[0m]\x1b[36m[\x1b[0m\x1b[1;37m 157\x1b[0m\x1b[36m: am_signal_unwind.cpp: void critical_error_handler()]: \x1b[0m\x1b[31m#2 : [Function: 0x00000055603a2ae0] sp=0x0000007fdc4dd7c0 std::_Sp_counted_base<(__gnu_cxx::_Lock_policy)2>::_M_release() + 0xf60\x1b[0m\r\n'
b'get msg id 0\r\n'
b'/usr/beantechs/etc/config/dms_data_process.xml\r\n'
b'get msg id 32769\r\n'
b'Starting fcgiwrap: get msg id 65538\r\n'
b'get msg id 98307\r\n'
b'get msg id 131076\r\n'
b'get msg id 163845\r\n'
b'get msg id 196614\r\n'
b'get msg id 229383\r\n'
b'get msg id 262152\r\n'
b'get msg id 294921\r\n'
b'get msg id 327690\r\n'
b'get msg id 360459\r\n'
b'get msg id 393228[   20.326799] ambarella_fb bogus_bus:framebuffer@0: 720x480, argb1555, 16 bits per pixel, buf pitch = 1440\r\n'
b'\r\n'
b'dms_data_process/message/process_dms:untouch_dms_app\r\n'
b'get msg id 425997\r\n'
b'get m[   20.343436] ambarella_fb bogus_bus:framebuffer@1: 720x480, argb1555, 16 bits per pixel, buf pitch = 1440\r\n'
b'sg id 458766\r\n'
b'dms_data_process/message/process_own_dms:receiver_dms_demo\r\n'
b'dms_data_process/message/process_mcu:data_distribution\r\n'
b'dms_data_process/message/process_msvr:recoderServer\r\n'
b'the open the file is successful,fd=3.\r\n'
b'dms_data_process/message/process_osd:osdServer\r\n'
b'dms_data_process/configList/log_switch:1\r\n'
b'~InstanceSpecifier\r\n'
b'ShareMemory is ctor!\r\n'
b'ShareMemory is get\r\n'
b'untouch_response_dms created!\r\n'
b'67104768 left for ShareMemory!\r\n'
b'the open the file is successful,fd=6.\r\n'
b'read 210 Byte\r\n'
b'[\x1b[1;31m ERROR\x1b[0m]\x1b[36m[\x1b[0m\x1b[1;37m 157\x1b[0m\x1b[36m: am_signal_unwind.cpp: void critical_error_handler()]: \x1b[0m\x1b[31m#3 : [Function: 0x00000055603a0934] sp=0x0000007fdc4dd950 _ZNSt6vectorINSt7__cxx1112basic_stringIcSt11char_traitsIcESaIcEEESaIS5_EEaSERKS7_ + 0xf60\x1b[0m\r\n'
b'OK\r\n'
b'write successful 210\r\n'
b'name:plf_health_mgmt\r\n'
b'name:cvServer\r\n'
b'name:mediaServer\r\n'
b'name:data_distribution\r\n'
b'name:data_integration\r\n'
b'name:phm\r\n'
b'name:recoderServer\r\n'
b'name:osdServer\r\n'
b'name:monitorServer\r\n'
b'name:gps_service\r\n'
b'name:test_gps_client\r\n'
b'name:untouch_oms_app\r\n'
b'name:receiver_oms_demo\r\n'
b'name:untouch_dms_app\r\n'
b'name:receiver_dms_demo\r\n'
b'~ClassPointer\r\n'
b'get msg id 0\r\n'
b'get msg id 32769\r\n'
b'get msg id 65538\r\n'
b'get msg id 98307\r\n'
b'get msg id 131076\r\n'
b'get msg id 163845\r\n'
b'get msg id 196614\r\n'
b'get msg id 229383\r\n'
b'get msg id 262152\r\n'
b'get msg id 294921\r\n'
b'get msg id 327690\r\n'
b'get msg id 360459\r\n'
b'get msg id 393228\r\n'
b'get msg id 425997\r\n'
b'get msg id 458766\r\n'
b'the open the file is successful,fd=6.\r\n'
b'[\x1b[1;31m ERROR\x1b[0m]\x1b[36m[\x1b[0m\x1b[1;37m 142\x1b[0m\x1b[36m: am_signal_unwind.cpp: void critical_error_handler()]: \x1b[0m\x1b[31m#1 : [Function: 0x000000556c70dd30] sp=0x0000007fcad48740 (null) !!!! BAD Address (nil)\x1b[0m\r\n'
b'/usr/beantechs/etc/config/dms_data_process.xml\r\n'
b'[\x1b[1;31m ERROR\x1b[0m]\x1b[36m[\x1b[0m\x1b[1;37m 157\x1b[0m\x1b[36m: am_signal_unwind.cpp: void critical_error_handler()]: \x1b[0m\x1b[31m#2 : [Function: 0x000000556c70dd30] sp=0x0000007fcad48740 std::_Sp_counted_base<(__gnu_cxx::_Lock_policy)2>::_M_release() + 0xcb0\x1b[0m\r\n'
b'dms_data_process/message/process_oms:untouch_oms_app\r\n'
b'[\x1b[1;31m ERROR\x1b[0m]\x1b[36m[\x1b[0m\x1b[1;37m 157\x1b[0m\x1b[36m: am_signal_unwind.cpp: void critical_error_handler()]: \x1b[0m\x1b[31m#4 : [Function: 0x0000007f90ff4ce4] sp=0x0000007fdc4ddb80 __libc_start_main + 0xe4\x1b[0m\r\n'
b'dms_data_process/message/process_own_oms:receiver_oms_demo\r\n'
b'dms_data_process/message/process_mcu:data_distribution\r\n'
b'dms_data_process/message/process_msvr:recoderServer\r\n'
b'dms_data_process/message/process_osd:osdServer\r\n'
b'dms_data_process/configList/log_switch:1\r\n'
b'ShareMemory is ctor!\r\n'
b'ShareMemory is get\r\n'
b'untouch_response_oms created!\r\n'
b'67104768 left for ShareMemory!\r\n'
b'the open the file is successful,fd=6.\r\n'
b'read 210 Byte\r\n'
b'write successful 210\r\n'
b'name:plf_health_mgmt\r\n'
b'name:cvServer\r\n'
b'name:mediaServer\r\n'
b'name:data_distribution\r\n'
b'name:data_integration\r\n'
b'name:phm\r\n'
b'[\x1b[1;31m ERROR\x1b[0m]\x1b[36m[\x1b[0m\x1b[1;37m 157\x1b[0m\x1b[36m: am_signal_unwind.cpp: void critical_error_handler()]: \x1b[0m\x1b[31m#5 : [Function: 0x00000055603a0de4] sp=0x0000007fdc4ddcc0 _ZNSt6vectorINSt7__cxx1112basic_stringIcSt11char_traitsIcESaIcEEESaIS5_EEaSERKS7_ + 0xe4\x1b[0m\r\n'
b'name:recoderServer\r\n'
b'name:osdServer\r\n'
b'name:monitorServer\r\n'
b'name:gps_service\r\n'
b'[\x1b[1;31m ERROR\x1b[0m]\x1b[36m[\x1b[0m\x1b[1;37m 157\x1b[0m\x1b[36m: am_signal_unwind.cpp: void critical_error_handler()]: \x1b[0m\x1b[31m#3 : [Function: 0x000000556c70be28] sp=0x0000007fcad488a0 _ZNSt6vectorINSt7__cxx1112basic_stringIcSt11char_traitsIcESaIcEEESaIS5_EEaSERKS7_ + 0xcb0\x1b[0m\r\n'
b'name:test_gps_client\r\n'
b'[\x1b[1;31m ERROR\x1b[0m]\x1b[36m[\x1b[0m\x1b[1;37m 157\x1b[0m\x1b[36m: am_signal_unwind.cpp: void critical_error_handler()]: \x1b[0m\x1b[31m#4 : [Function: 0x0000007f9bccace4] sp=0x0000007fcad48c10 __libc_start_main + 0xe4\x1b[0m\r\n'
b'name:untouch_oms_app\r\n'
b'name:receiver_oms_demo\r\n'
b'name:untouch_dms_app\r\n'
b'name:receiver_dms_demo\r\n'
b'~ClassPointer\r\n'
b'get msg id 0\r\n'
b'get msg id 32769\r\n'
b'get msg id 65538\r\n'
b'get msg id 98307\r\n'
b'get msg id 131076\r\n'
b'get msg id 163845\r\n'
b'get msg id 196614\r\n'
b'get msg id 229383\r\n'
b'get msg id 262152\r\n'
b'get msg id 294921\r\n'
b'get msg id 327690\r\n'
b'get msg id 360459\r\n'
b'get msg id 393228\r\n'
b'get msg id 425997\r\n'
b'get msg id 458766\r\n'
b'the open the file is successful,fd=6.\r\n'
b'[\x1b[1;31m ERROR\x1b[0m]\x1b[36m[\x1b[0m\x1b[1;37m 157\x1b[0m\x1b[36m: am_signal_unwind.cpp: void critical_error_handler()]: \x1b[0m\x1b[31m#5 : [Function: 0x000000556c70c2f0] sp=0x0000007fcad48d50 _ZNSt6vectorINSt7__cxx1112basic_stringIcSt11char_traitsIcESaIcEEESaIS5_EEaSERKS7_ + 0xe4\x1b[0m\r\n'
b'\r\r\n'
b'\r\n'
b'\rWelcome to Ambarella\r\n'
b'\rAmbarella login: '
b''
ÖØÆôµÚ 2 ´Î
b'\r\r\n'
b'\r\n'
b'\rWelcome to Ambarella\r\n'
b'\rAmbarella login: \r\r\n'
b'\r\n'
b'\rWelcome to Ambarella\r\n'
b'\rAmbarella login: root\r\n'
b"login[530]: root login on 'ttyS0'\r\r\n"
b'# \r\n'
b'# reboot\r\n'
b'# \rThe system is going down NOW!\r\n'
b'\rSent SIGTERM to all processes\r\n'
b'\x1b[1;37mCapture signal[15]\x1b[0m\r\n'
b'~ClassPointer\r\n'
b'~ClassPointer\r\n'
b'~ClassPointer\r\n'
b'\rSent SIGKILL to all processes\r\n'
b'\rRequesting system reboot\r\n'
b'[   48.021308] ambarella-i2c e400a000.i2c: No ACK from address 0xb4, 0:0!\r\n'
b'[   48.028778] ambarella-i2c e400a000.i2c: No ACK from address 0xb4, 0:0!\r\n'
b'[   48.036236] ambarella-i2c e400a000.i2c: No ACK from address 0xb4, 0:0!\r\n'
b'[   48.043699] ambarella-i2c e400a000.i2c: No ACK from address 0xb4, 0:0!\r\n'
b'[   48.051153] ambarella-i2c e400a000.i2c: No ACK from address 0xb4, 0:0!\r\n'
b'[   48.058616] ambarella-i2c e400a000.i2c: No ACK from address 0xb4, 0:0!\r\n'
b'[   48.066048] ambarella-i2c e400a000.i2c: No ACK from address 0xb4, 0:0!\r\n'
b'[   49.660912] ambarella-wdt ec002000.wdt: ambarella_wdt_shutdown @ 5.\r\n'
b'[   49.667225] reboot: Restarting system\r\n'
b'\x1b[4l\r\n'
b'[    0.000000] Booting Linux on physical CPU 0x0\r\n'
b'[    0.000000] Linux version 4.14.181 (bean@tbox-compile1) (gcc version 8.2.1 20180802 (Linaro GCC 8.2-2018.08~dev)) #1 SMP PREEMPT Thu Dec 10 10:13:09 CST 2020\r\n'
b'[    0.000000] Boot CPU: AArch64 Processor [410fd034]\r\n'
b'[    0.000000] Machine model: Ambarella CV22 Walnut Board\r\n'
b'[    0.000000] Reserved memory: created CMA memory pool at 0x000000003cc00000, size 48 MiB\r\n'
b'[    0.000000] OF: reserved mem: initialized node linux,cma, compatible id shared-dma-pool\r\n'
b'[    0.000000] Reserved memory: created CMA memory pool at 0x0000000040000000, size 508 MiB\r\n'
b'[    0.000000] OF: reserved mem: initialized node iav@0x40000000, compatible id shared-dma-pool\r\n'
b'[    0.000000] Reserved memory: created CMA memory pool at 0x0000000060000000, size 508 MiB\r\n'
b'[    0.000000] OF: reserved mem: initialized node cavalry@0x60000000, compatible id shared-dma-pool\r\n'
b'[    0.000000] percpu: Embedded 19 pages/cpu s38552 r8192 d31080 u77824\r\n'
b'[    0.000000] Detected VIPT I-cache on CPU0\r\n'
b'[    0.000000] CPU features: enabling workaround for ARM erratum 845719\r\n'
b'[    0.000000] Built 1 zonelists, mobility grouping on.  Total pages: 515592\r\n'
b'[    0.000000] Kernel command line: console=ttyS0 noinitrd root=/dev/mmcblk0p9 rw rootfstype=ext4 init=/linuxrc rootwait\r\n'
b'[    0.000000] PID hash table entries: 4096 (order: 3, 32768 bytes)\r\n'
b'[    0.000000] Dentry cache hash table entries: 262144 (order: 9, 2097152 bytes)\r\n'
b'[    0.000000] Inode-cache hash table entries: 131072 (order: 8, 1048576 bytes)\r\n'
b'[    0.000000] Memory: 962052K/2095104K available (4670K kernel code, 432K rwdata, 1336K rodata, 320K init, 224K bss, 43516K reserved, 1089536K cma-reserved)\r\n'
b'[    0.000000] Virtual kernel memory layout:\r\n'
b'[    0.000000]     modules : 0xffffff8000000000 - 0xffffff8008000000   (   128 MB)\r\n'
b'[    0.000000]     vmalloc : 0xffffff8008000000 - 0xffffffbebfff0000   (   250 GB)\r\n'
b'[    0.000000]       .text : 0xffffff8008080000 - 0xffffff8008510000   (  4672 KB)\r\n'
b'[    0.000000]     .rodata : 0xffffff8008510000 - 0xffffff8008670000   (  1408 KB)\r\n'
b'[    0.000000]       .init : 0xffffff8008670000 - 0xffffff80086c0000   (   320 KB)\r\n'
b'[    0.000000]       .data : 0xffffff80086c0000 - 0xffffff800872c008   (   433 KB)\r\n'
b'[    0.000000]        .bss : 0xffffff800872c008 - 0xffffff8008764178   (   225 KB)\r\n'
b'[    0.000000]     fixed   : 0xffffffbefe7fb000 - 0xffffffbefec00000   (  4116 KB)\r\n'
b'[    0.000000]     PCI I/O : 0xffffffbefee00000 - 0xffffffbeffe00000   (    16 MB)\r\n'
b'[    0.000000]     vmemmap : 0xffffffbf00000000 - 0xffffffc000000000   (     4 GB maximum)\r\n'
b'[    0.000000]               0xffffffbf00008000 - 0xffffffbf02000000   (    31 MB actual)\r\n'
b'[    0.000000]     memory  : 0xffffffc000200000 - 0xffffffc080000000   (  2046 MB)\r\n'
b'[    0.000000] SLUB: HWalign=64, Order=0-3, MinObjects=0, CPUs=4, Nodes=1\r\n'
b'[    0.000000] Preemptible hierarchical RCU implementation.\r\n'
b'[    0.000000] \tTasks RCU enabled.\r\n'
b'[    0.000000] NR_IRQS: 64, nr_irqs: 64, preallocated irqs: 0\r\n'
b'[    0.000000] CPU features: GIC system register CPU interface present but disabled by higher exception level\r\n'
b'[    0.000000] vco = 384000000, 24000000, 1, 16, 1\r\n'
b'[    0.000000] arch_timer: cp15 timer(s) running at 47.25MHz (virt).\r\n'
b'[    0.000000] clocksource: arch_sys_counter: mask: 0xffffffffffffff max_cycles: 0xae5b54743, max_idle_ns: 440795204480 ns\r\n'
b'[    0.000004] sched_clock: 56 bits at 47MHz, resolution 21ns, wraps every 4398046511098ns\r\n'
b'[    0.000252] Console: colour dummy device 80x25\r\n'
b'[    0.302237] console [ttyS0] enabled\r\n'
b'[    0.305721] Calibrating delay loop (skipped), value calculated using timer frequency.. 94.50 BogoMIPS (lpj=47250)\r\n'
b'[    0.315961] pid_max: default: 32768 minimum: 301\r\n'
b'[    0.320662] Mount-cache hash table entries: 4096 (order: 3, 32768 bytes)\r\n'
b'[    0.327362] Mountpoint-cache hash table entries: 4096 (order: 3, 32768 bytes)\r\n'
b'[    0.338544] ASID allocator initialised with 32768 entries\r\n'
b'[    0.345953] Hierarchical SRCU implementation.\r\n'
b'[    0.354338] smp: Bringing up secondary CPUs ...\r\n'
b'[    0.365962] Detected VIPT I-cache on CPU1\r\n'
b'[    0.369989] CPU1: Booted secondary processor [410fd034]\r\n'
b'[    0.382052] Detected VIPT I-cache on CPU2\r\n'
b'[    0.386064] CPU2: Booted secondary processor [410fd034]\r\n'
b'[    0.398154] Detected VIPT I-cache on CPU3\r\n'
b'[    0.402165] CPU3: Booted secondary processor [410fd034]\r\n'
b'[    0.407443] smp: Brought up 1 node, 4 CPUs\r\n'
b'[    0.411538] SMP: Total of 4 processors activated.\r\n'
b'[    0.416230] CPU features: detected: 32-bit EL0 Support\r\n'
b'[    0.421855] CPU: All CPU(s) started at EL1\r\n'
b'[    0.425955] alternatives: patching kernel code\r\n'
b'[    0.431509] devtmpfs: initialized\r\n'
b'[    0.440588] random: get_random_u32 called from bucket_table_alloc+0x108/0x268 with crng_init=0\r\n'
b'[    0.449523] clocksource: jiffies: mask: 0xffffffff max_cycles: 0xffffffff, max_idle_ns: 1911260446275000 ns\r\n'
b'[    0.459251] futex hash table entries: 1024 (order: 5, 131072 bytes)\r\n'
b'[    0.507653] pinctrl core: initialized pinctrl subsystem\r\n'
b'[    0.513209] NET: Registered protocol family 16\r\n'
b'[    0.518343] vdso: 2 pages (1 code @ ffffff8008515000, 1 data @ ffffff80086c4000)\r\n'
b'[    0.532802] DMA: preallocated 256 KiB pool for atomic allocations\r\n'
b'[    0.542087] ambarella-pinctrl ec003000.pinctrl: Ambarella pinctrl driver registered\r\n'
b'[    0.550445] ambarella-gpio ec003000.pinctrl:gpio@0: Ambarella GPIO driver registered\r\n'
b'[    0.565045] HugeTLB registered 2.00 MiB page size, pre-allocated 0 pages\r\n'
b'[    0.572841] ambarella-dma e0020000.dma: Ambarella DMA Engine \r\n'
b'[    0.579166] ambarella-dma e0021000.dma: Ambarella DMA Engine \r\n'
b'[    0.585304] ambarella-i2c e4008000.i2c: Ambarella I2C adapter[0] probed, clock:100000!\r\n'
b'[    0.593410] ambarella-i2c e4009000.i2c: Ambarella I2C adapter[1] probed, clock:100000!\r\n'
b'[    0.601595] ambarella-i2c e400a000.i2c: Ambarella I2C adapter[2] probed, clock:100000!\r\n'
b'[    0.609692] ambarella-i2c e400b000.i2c: Ambarella I2C adapter[3] probed, clock:100000!\r\n'
b'[    0.618494] clocksource: Switched to clocksource arch_sys_counter\r\n'
b'[    0.630790] NET: Registered protocol family 2\r\n'
b'[    0.635586] TCP established hash table entries: 16384 (order: 5, 131072 bytes)\r\n'
b'[    0.642957] TCP bind hash table entries: 16384 (order: 6, 262144 bytes)\r\n'
b'[    0.649896] TCP: Hash tables configured (established 16384 bind 16384)\r\n'
b'[    0.656541] UDP hash table entries: 1024 (order: 3, 32768 bytes)\r\n'
b'[    0.662594] UDP-Lite hash table entries: 1024 (order: 3, 32768 bytes)\r\n'
b'[    0.669178] NET: Registered protocol family 1\r\n'
b'[    0.673826] RPC: Registered named UNIX socket transport module.\r\n'
b'[    0.679750] RPC: Registered udp transport module.\r\n'
b'[    0.684441] RPC: Registered tcp transport module.\r\n'
b'[    0.689131] RPC: Registered tcp NFSv4.1 backchannel transport module.\r\n'
b'[    0.699192] workingset: timestamp_bits=62 max_order=19 bucket_order=0\r\n'
b'[    0.711288] squashfs: version 4.0 (2009/01/31) Phillip Lougher\r\n'
b'[    0.721719] Block layer SCSI generic (bsg) driver version 0.4 loaded (major 251)\r\n'
b'[    0.729107] io scheduler noop registered\r\n'
b'[    0.733019] io scheduler deadline registered\r\n'
b'[    0.737375] io scheduler cfq registered (default)\r\n'
b'[    0.742069] io scheduler mq-deadline registered\r\n'
b'[    0.746590] io scheduler kyber registered\r\n'
b'[    0.751143] ambarella-gdma e000c000.gdma: Ambarella GDMA driver init\r\n'
b'[    0.757868] e4000000.uart: ttyS0 at MMIO 0xe4000000 (irq = 11, base_baud = 1500000) is a ambuart\r\n'
b'[    0.766961] e0017000.uart: ttyS1 at MMIO 0xe0017000 (irq = 32, base_baud = 1500000) is a ambuart\r\n'
b'[    0.776016] e001a000.uart: ttyS4 at MMIO 0xe001a000 (irq = 33, base_baud = 1500000) is a ambuart\r\n'
b'[    0.785091] cacheinfo: Unable to detect cache hierarchy for CPU 0\r\n'
b'[    0.791771] brd: module loaded\r\n'
b'[    0.800834] loop: module loaded\r\n'
b'[    0.804103] mousedev: PS/2 mouse device common for all mice\r\n'
b'[    0.809989] ambarella-rtc e8001000.rtc: rtc core: registered e8001000.rtc as rtc0\r\n'
b'[    0.817460] ambarella-rtc e8001000.rtc: Warning: RTC lost power.....\r\n'
b'[    0.829144] ambarella-wdt ec002000.wdt: Ambarella Watchdog Timer Probed.\r\n'
b'[    1.187572] ambarella-sd e0004000.sdmmc0: Max frequency is 120000000Hz\r\n'
b'[    1.573539] ambarella-sd e0005000.sdmmc1: Max frequency is 48000000Hz\r\n'
b'[    1.580245] Initializing XFRM netlink socket\r\n'
b'[    1.584521] NET: Registered protocol family 17\r\n'
b'[    1.588987] Key type dns_resolver registered\r\n'
b'[    1.599117] console [netcon0] enabled\r\n'
b'[    1.602790] netconsole: network logging started\r\n'
b'[    1.624228] ambarella-rtc e8001000.rtc: setting system clock to 1970-01-13 03:16:16 UTC (1048576)\r\n'
b'[    1.633465] Waiting for root device /dev/mmcblk0p9...\r\n'
b'[    1.753069] mmc0: new high speed MMC card at address 0001\r\n'
b'[    1.779782] mmcblk0: mmc0:0001 S0J57X 29.6 GiB \r\n'
b'[    1.806745] mmcblk0boot0: mmc0:0001 S0J57X partition 1 31.5 MiB\r\n'
b'[    1.812829] mmcblk0boot1: mmc0:0001 S0J57X partition 2 31.5 MiB\r\n'
b'[    1.828794] mmcblk0rpmb: mmc0:0001 S0J57X partition 3 4.00 MiB, chardev (250:0)\r\n'
b'[    1.848524]  (bst): 0x0000000000000000, 0x0000000000001000\r\n'
b'[    1.854002]  (bld): 0x0000000000001000, 0x0000000000100000\r\n'
b'[    1.859494]  (ptb): 0x0000000000101000, 0x00000000000e0000\r\n'
b'[    1.864981]  (atf): 0x00000000001e1000, 0x0000000000100000\r\n'
b'[    1.870470]  (pba): 0x00000000002e1000, 0x0000000001000000\r\n'
b'[    1.875958]  (pri): 0x00000000012e1000, 0x0000000001000000\r\n'
b'[    1.881444]  (sec): 0x00000000022e1000, 0x0000000040000000\r\n'
b'[    1.886919]  (dsp): 0x00000000422e1000, 0x0000000006400000\r\n'
b'[    1.892394]  (lnx): 0x00000000486e1000, 0x0000000026600000\r\n'
b'[    1.897881]  (add): 0x000000006ece1000, 0x0000000080000000\r\n'
b'[    1.903369]  (raw): 0x00000000eece1000, 0x000000067a31f000\r\n'
b'[    1.908854]  mmcblk0: p1(bst) p2(bld) p3(ptb) p4(atf) p5(pba) p6(pri) p7(sec) p8(dsp) p9(lnx) p10(add) p11(raw)\r\n'
b'[    1.954531] random: fast init done\r\n'
b'[    1.961106] mmc1: new high speed SDHC card at address aaaa\r\n'
b'[    1.966960] mmcblk1: mmc1:aaaa SC32G 29.7 GiB \r\n'
b'[    1.975117]  mmcblk1: p1\r\n'
b'[    1.986719] EXT4-fs (mmcblk0p9): recovery complete\r\n'
b'[    1.992300] EXT4-fs (mmcblk0p9): mounted filesystem with ordered data mode. Opts: (null)\r\n'
b'[    2.000408] VFS: Mounted root (ext4 filesystem) on device 179:9.\r\n'
b'[    2.007053] devtmpfs: mounted\r\n'
b'[    2.010237] Freeing unused kernel memory: 320K\r\n'
b'[    2.127543] EXT4-fs (mmcblk0p9): re-mounted. Opts: errors=remount-ro,data=ordered\r\n'
b'net.core.wmem_default = 524288\r\n'
b'net.core.wmem_max = 1048576\r\n'
b'vm.laptop_mode = 0\r\n'
b'vm.min_free_kbytes = 8192\r\n'
b'vm.vfs_cache_pressure = 160\r\n'
b'vm.dirty_expire_centisecs = 600\r\n'
b'vm.dirty_writeback_centisecs = 200\r\n'
b'vm.dirty_ratio = 3\r\n'
b'vm.dirty_background_ratio = 3\r\n'
b'[    2.240640] i2c /dev entries driver\r\n'
b'[    2.253345] ambarella-spi e0011000.spi: Ambarella spi controller 0 created.\r\r\n'
b'[    2.312178] ambcma: loading out-of-tree module taints kernel.\r\n'
b'[    2.318957] platform iav:ambcma: assigned reserved memory node iav@0x40000000\r\n'
b"[    2.618550] imgproc: module license 'Proprietary' taints kernel.\r\n"
b'[    2.624575] Disabling lock debugging due to kernel taint\r\n'
b'[    2.806865] amba_debug_init 247:0.\r\n'
b'Populating cv22_bmap using udev: Starting version v242-1.amba\r\n'
b'Done\r\n'
b'Loading CV22 private driver: [    3.113534] pps_core: LinuxPPS API ver. 1 registered\r\n'
b'[    3.118501] pps_core: Software ver. 5.3.6 - Copyright 2005-2007 Rodolfo Giometti <giometti@linux.it>\r\n'
b'[    3.139806] pps pps0: new PPS source pps.-1\r\n'
b'[    3.144117] pps pps0: Registered IRQ 52 as PPS source\r\n'
b'[    3.260561] libphy: Fixed MDIO Bus: probed\r\n'
b'[    3.418514] libphy: Ambarella MDIO Bus: probed\r\n'
b'[    3.426768] rtl9000_probe id 1c\r\n'
b'[    3.430010] rtl9000_probe id cb00\r\n'
b'[    3.433965] ambarella-eth e000e000.ethernet: Enhance Ethernet PHY[0]: 0x001ccb00!\r\n'
b'[    3.442140] ambarella-eth e000e000.ethernet: CONFIG_PTP_1588_CLOCK is not set\r\n'
b'[    3.449448] ambarella-eth e000e000.ethernet: MAC Address[f6:5c:56:bf:af:f9].\r\n'
b'modprobe: FATAL: Module ambarella_sd not found i[    3.477012] EXT4-fs (mmcblk0p7): Unrecognized mount option "flush" or missing value\r\n'
b'n directory /lib/modules/4.14.181\r\n'
b'modprobe: FATAL: Module mmc_block not found in directory /lib/modules/4.14.181\r\n'
b'[    3.512767] EXT4-fs (mmcblk0p8): Unrecognized mount option "flush" or missing value\r\n'
b'[    3.518818] usbcore: registered new interface driver usbfs\r\n'
b'[    3.525973] usbcore: registered new interface driver hub\r\n'
b'[    3.531420] usbcore: registered new device driver usb\r\n'
b"[    3.542988] ehci_hcd: USB 2.0 'Enhanced' Host Controller (EHCI) Driver\r\n"
b'[    3.554743] ehci-ambarella: AMBARELLA-EHCI Host Controller driver\r\n'
b'[    3.561143] ambarella-ehci e001f000.ehci: EHCI Host Controller\r\n'
b'[    3.567025] ambarella-ehci e001f000.ehci: new USB bus registered, assigned bus number 1\r\n'
b'[    3.575991] ambarella-ehci e001f000.ehci: irq 26, io mem 0xe001f000\r\n'
b'[    3.588514] ambarella-ehci e001f000.ehci: USB 2.0 started, EHCI 1.00\r\n'
b'[    3.592208] FAT-fs (mmcblk1p1): Volume was not properly unmounted. Some data may be corrupt. Please run fsck.\r\n'
b'[    3.595068] usb usb1: New USB device found, idVendor=1d6b, idProduct=0002\r\n'
b'[    3.611532] usb usb1: New USB device strings: Mfr=3, Product=2, SerialNumber=1\r\n'
b'[    3.618746] usb usb1: Product: EHCI Host Controller\r\n'
b'[    3.623614] usb usb1: Manufacturer: Linux 4.14.181 ehci_hcd\r\n'
b'[    3.629177] usb usb1: SerialNumber: AmbUSB\r\n'
b'[    3.633806] hub 1-0:1.0: USB hub found\r\n'
b'[    3.637580] hub 1-0:1.0: 1 port detected\r\n'
b"[    3.653706] ohci_hcd: USB 1.1 'Open' Host Controller (OHCI) Driver\r\n"
b'[    3.660154] ambarella-ohci e001e000.ohci: Ambarella OHCI\r\n'
b'[    3.665480] ambarella-ohci e001e000.ohci: new USB bus registered, assigned bus number 2\r\n'
b'[    3.673546] ambarella-ohci e001e000.ohci: irq 25, io mem 0xe001e000\r\n'
b'[    3.735687] usb usb2: New USB device found, idVendor=1d6b, idProduct=0001\r\n'
b'[    3.742470] usb usb2: New USB device strings: Mfr=3, Product=2, SerialNumber=1\r\n'
b'[    3.749680] usb usb2: Product: Ambarella OHCI\r\n'
b'[    3.754027] usb usb2: Manufacturer: Linux 4.14.181 ohci_hcd\r\n'
b'[    3.759588] usb usb2: SerialNumber: AmbUSB\r\n'
b'[    3.764128] hub 2-0:1.0: USB hub found\r\n'
b'[    3.767900] hub 2-0:1.0: 1 port detected\r\n'
b'[    3.782990] ambarella-udc e0006000.udc: ambarella_udc: version 21 Jan 2016\r\n'
b'[    3.818410] using random self ethernet address\r\n'
b'[    3.822862] using random host ethernet address\r\n'
b'[    3.827726] usb0: HOST MAC fa:33:b9:40:a2:9e\r\n'
b'[    3.832067] usb0: MAC 0e:44:73:ab:aa:28\r\n'
b'[    3.835940] using random self ethernet address\r\n'
b'[    3.840379] using random host ethernet address\r\n'
b'[    3.844879] g_ether gadget: Ethernet Gadget, version: Memorial Day 2008\r\n'
b'[    3.851498] g_ether gadget: g_ether ready\r\n'
b'Install Auido...\r\n'
b'OK!\r\n'
b'Initializing random number generator... [    3.914927] random: dd: uninitialized urandom read (512 bytes read)\r\n'
b'done.\r\n'
b'run /usr/beantechs/bin/dlt-daemonstart successful\r\n'
b'/usr/beantechs/bin:/usr/untouch/bin:/usr/beantechs/unit_test:/bin:/sbin:/usr/bin:/usr/sbin:/usr/bin/X11:/usr/local/bin:/usr/local/sbin\r\n'
b'[    3.982671] ambhdmi e000b000.hdmi: Ambarella hdmi controller version:2.0 \r\n'
b'Init without VIN drivers...\r\n'
b'Default init without lens driver\r\n'
b'Use default settings\r\n'
b'map_size = 0x500000, nr_item = 4\r\n'
b'addr_offset = 0x00000000, filename = orccode.bin\r\n'
b'addr_offset = 0x00300000, filename = orcme.bin\r\n'
b'addr_offset = 0x003a0000, filename = orcmdxf.bin\r\n'
b'addr_offset = 0x003e0000, filename = default_binary.bin\r\n'
b'mmap returns 0x7fae00b000\r\n'
b'loading /lib/firmware/orccode.bin...addr = 0x7fae00b000, size = 0x206bbf\r\n'
b'loading /lib/firmware/orcme.bin...addr = 0x7fae30b000, size = 0x42894\r\n'
b'loading /lib/firmware/orcmdxf.bin...addr = 0x7fae3ab000, size = 0x28ed0\r\n'
b'loading /lib/firmware/default_binary.bin...addr = 0x7fae3eb000, size = 0x6bf84\r\n'
b'===============================================\r\n'
b'ucode (CV22) version = 2020/5/25 288664.288656\r\n'
b'===============================================\r\n'
b'[    4.275507] -------------------ambrg_hw_reset---id:1,ambrg->rst_gpio[0]:51!\r\n'
b'[    5.449504] -------------------ambrg_hw_reset---id:1,ambrg->rst_gpio[0]:51!\r\n'
b'[    6.625503] -------------------ambrg_hw_reset---id:1,ambrg->rst_gpio[0]:51!\r\n'
b'[    7.801504] -------------------ambrg_hw_reset---id:1,ambrg->rst_gpio[0]:51!\r\n'
b'[    8.978504] -------------------ambrg_hw_reset---id:1,ambrg->rst_gpio[0]:51!\r\n'
b'[   10.153504] -------------------ambrg_hw_reset---id:1,ambrg->rst_gpio[0]:51!\r\n'
b'[   10.287935] random: crng init done\r\n'
b"modprobe: ERROR: could not insert 'ov2775_mipi_brg': Input/output error\r\n"
b'[   11.326477] vco = 432000000, 24000000, 1, 18, 1\r\n'
b'[   11.383503] -------------------ambrg_hw_reset---id:0,ambrg->rst_gpio[0]:35!\r\n'
b'[   11.401506] -------------------ambarella_set_vsync_gpio116_alt1\r\n'
b'[   12.459503] -------------------ambrg_hw_reset---id:0,ambrg->rst_gpio[0]:35!\r\n'
b'[   12.477505] -------------------ambarella_set_vsync_gpio116_alt1\r\n'
b'[   13.535502] -------------------ambrg_hw_reset---id:0,ambrg->rst_gpio[0]:35!\r\n'
b'[   13.553505] -------------------ambarella_set_vsync_gpio116_alt1\r\n'
b'[   14.611502] -------------------ambrg_hw_reset---id:0,ambrg->rst_gpio[0]:35!\r\n'
b'[   14.629505] -------------------ambarella_set_vsync_gpio116_alt1\r\n'
b'[   15.687504] -------------------ambrg_hw_reset---id:0,ambrg->rst_gpio[0]:35!\r\n'
b'[   15.705505] -------------------ambarella_set_vsync_gpio116_alt1\r\n'
b'[   16.763503] -------------------ambrg_hw_reset---id:0,ambrg->rst_gpio[0]:35!\r\n'
b'[   16.781505] -------------------ambarella_set_vsync_gpio116_alt1\r\n'
b"modprobe: ERROR: could not insert 'ov2311_mipi_brg': Input/output error\r\n"
b'[   17.828227] cavalry sub_scheduler0: assigned reserved memory node cavalry@0x60000000\r\n'
b'map_cavalry: phys: 0x60400000, virt: 0x7fb4444000, total size: 0x100000\r\n'
b'Cavalry Ucode Version = CV22-Ver.84-20200509-58b[   17.857621] vco = 384000000, 24000000, 1, 16, 1\r\n'
b'2ac3f-hl_fw.00000001\r\n'
b'[   17.868504] vco = 1512000000, 24000000, 1, 63, 1\r\n'
b'[   17.885376] ambarella-i2c e400a000.i2c: No ACK from address 0xb4, 0:0!\r\n'
b'Start app: \r\n'
b'[   17.892912] ambarella-i2c e400a000.i2c: No ACK from address 0xb4, 0:0!\r\n'
b'[   17.900577] ambarella-i2c e400a000.i2c: No ACK from address 0xb4, 0:0!\r\n'
b'found blkid\r\n'
b'[   17.908053] ambarella-i2c e400a000.i2c: No ACK from address 0xb4, 0:0!\r\n'
b'found df\r\n'
b'[   17.915660] ambarella-i2c e400a000.i2c: No ACK from address 0xb4, 0:0!\r\n'
b'[   17.923625] ambarella-i2c e400a000.i2c: No ACK from address 0xb4, 0:0!\r\n'
b'[   17.931151] ambarella-i2c e400a000.i2c: No ACK from address 0xb4, 0:0!\r\n'
b'[   17.938762] ambarella-i2c e400a000.i2c: No ACK from address 0xb4, 0:0!\r\n'
b'[   17.946323] ambarella-i2c e400a000.i2c: No ACK from address 0xb4, 0:0!\r\n'
b'[   17.953833] ambarella-i2c e400a000.i2c: No ACK from address 0xb4, 0:0!\r\n'
b'[   17.961308] ambarella-i2c e400a000.i2c: No ACK from address 0xb4, 0:0!\r\n'
b'[   17.968811] ambarella-i2c e400a000.i2c: No ACK from address 0xb4, 0:0!\r\n'
b'[   17.976335] ambarella-i2c e400a000.i2c: No ACK from address 0xb4, 0:0!\r\n'
b'[   17.984470] asoc-simple-card sound: ak4637-aif <-> e000d000.i2s mapping ok\r\n'
b'[   17.992347] ambarella-i2c e400a000.i2c: No ACK from address 0xb4, 0:0!\r\n'
b'[   17.999883] ambarella-i2c e400a000.i2c: No ACK from address 0xb4, 0:0!\r\n'
b'[   18.007394] ambarella-i2c e400a000.i2c: No ACK from address 0xb4, 0:0!\r\n'
b'[   18.014839] ambarella-i2c e400a000.i2c: No ACK from address 0xb4, 0:0!\r\n'
b'[   18.022445] ambarella-i2c e400a000.i2c: No ACK from address 0xb4, 0:0!\r\n'
b'[   18.029922] ambarella-i2c e400a000.i2c: No ACK from address 0xb4, 0:0!\r\n'
b'[   18.037385] ambarella-i2c e400a000.i2c: No ACK from address 0xb4, 0:0!\r\n'
b'[   18.044883] ambarella-i2c e400a000.i2c: No ACK from address 0xb4, 0:0!\r\n'
b'[   18.052465] ambarella-i2c e400a000.i2c: No ACK from address 0xb4, 0:0!\r\n'
b'[   18.060009] ambarella-i2c e400a000.i2c: No ACK from address 0xb4, 0:0!\r\n'
b'[   18.073153] EXT4-fs (mmcblk0p7): mounted filesystem with ordered data mode. Opts: (null)\r\n'
b'[   18.137631] ambarella-i2c e400a000.i2c: No ACK from address 0xb4, 0:0!\r\n'
b'[   18.145629] ambarella-i2c e400a000.i2c: No ACK from address 0xb4, 0:0!\r\n'
b'[   18.151402] EXT4-fs (mmcblk0p8): mounted filesystem with ordered data mode. Opts: (null)\r\n'
b'[   18.161026] ambarella-i2c e400a000.i2c: No ACK from address 0xb4, 0:0!\r\n'
b'[   18.169137] ambarella-i2c e400a000.i2c: No ACK from address 0xb4, 0:0!\r\n'
b'[   18.176673] ambarella-i2c e400a000.i2c: No ACK from address 0xb4, 0:0!\r\n'
b'[   18.184182] ambarella-i2c e400a000.i2c: No ACK from address 0xb4, 0:0!\r\n'
b'[   18.191700] ambarella-i2c e400a000.i2c: No ACK from address 0xb4, 0:0!\r\n'
b'[   18.199275] ambarella-i2c e400a000.i2c: No ACK from address 0xb4, 0:0!\r\n'
b'[   18.206840] ambarella-i2c e400a000.i2c: No ACK from address 0xb4, 0:0!\r\n'
b'[   18.214835] ambarella-i2c e400a000.i2c: No ACK from address 0xb4, 0:0!\r\n'
b'[   18.222850] ambarella-i2c e400a000.i2c: No ACK from address 0xb4, 0:0!\r\n'
b'[   18.230375] ambarella-i2c e400a000.i2c: No ACK from address 0xb4, 0:0!\r\n'
b'[   18.231440] EXT4-fs (mmcblk0p10): mounted filesystem with ordered data mode. Opts: (null)\r\n'
b'[   18.245900] ambarella-i2c e400a000.i2c: No ACK from address 0xb4, 0:0!\r\n'
b'[   18.253921] ambarella-i2c e400a000.i2c: No ACK from address 0xb4, 0:0!\r\n'
b'[   18.261712] ambarella-i2c e400a000.i2c: No ACK from address 0xb4, 0:0!\r\n'
b'[   18.269234] ambarella-i2c e400a000.i2c: No ACK from address 0xb4, 0:0!\r\n'
b'[   18.276749] ambarella-i2c e400a000.i2c: No ACK from address 0xb4, 0:0!\r\n'
b'[   18.284315] ambarella-i2c e400a000.i2c: No ACK from address 0xb4, 0:0!\r\n'
b'[   18.291839] ambarella-i2c e400a000.i2c: No ACK from address 0xb4, 0:0!\r\n'
b'[   18.299342] ambarella-i2c e400a000.i2c: No ACK from address 0xb4, 0:0!\r\n'
b'[   18.306898] ambarella-i2c e400a000.i2c: No ACK from address 0xb4, 0:0!\r\n'
b'[   18.313282] EXT4-fs (mmcblk0p11): mounted filesystem with ordered data mode. Opts: (null)\r\n'
b'[   18.322379] ambarella-i2c e400a000.i2c: No ACK from address 0xb4, 0:0!\r\n'
b'[   18.331457] ambarella-i2c e400a000.i2c: No ACK from address 0xb4, 0:0!\r\n'
b'Start app: \r\n'
b'OK!\r\n'
b'[   18.340003] ambarella-i2c e400a000.i2c: No ACK from address 0xb4, 0:0!\r\n'
b'[   18.347672] ambarella-i2c e400a000.i2c: No ACK from address 0xb4, 0:0!\r\n'
b'[   18.354268] ak4637 2-005a: ASoC: SPKLO Mixer DAPM update failed: -16\r\n'
b'[   18.361936] ambarella-i2c e400a000.i2c: No ACK from address 0xb4, 0:0!\r\n'
b'[   18.369610] ambarella-i2c e400a000.i2c: No ACK from address 0xb4, 0:0!\r\n'
b'[   18.376192] ak4637 2-005a: ASoC: SPKLO MUX DAPM update failed: -16\r\n'
b'[   18.383507] ambarella-i2c e400a000.i2c: No ACK from address 0xb4, 0:0!\r\n'
b'[   18.390046] ak4637 2-005a: ASoC: PFSDO MUX DAPM update failed: -16\r\n'
b'[   18.397204] ambarella-i2c e400a000.i2c: No ACK from address 0xb4, 0:0!\r\n'
b'[   18.404712] ambarella-i2c e400a000.i2c: No ACK from address 0xb4, 0:0!\r\n'
b'[   18.411295] ak4637 2-005a: ASoC: PFIL MUX DAPM update failed: -16\r\n'
b'[   18.418638] ambarella-i2c e400a000.i2c: No ACK from address 0xb4, 0:0!\r\n'
b'[   18.426135] ambarella-i2c e400a000.i2c: No ACK from address 0xb4, 0:0!\r\n'
b'[   18.432684] ak4637 2-005a: ASoC: MIC MUX DAPM update failed: -16\r\n'
b'Starting network...\r\n'
b'ip: RTNETLINK answers: File exists\r\n'
b'ifup: interface eth0 already configured\r\n'
b'[InstanceSpecifier] size= 18: service/osdrServer\r\n'
b'SupervisedEntity sv_specifier_:service/osdrServer, len:18\r\n'
b'the open the file is successful,fd=5.\r\n'
b'read 16 Byte\r\n'
b'write successful 16\r\n'
b'name:plf_health_mgmt\r\n'
b'~ClassPointer\r\n'
b'get msg id 0\r\n'
b'the open the file is successful,fd=5.\r\n'
b'~InstanceSpecifier\r\n'
b'Configure file path[/usr/beantechs/etc/oryx]\r\n'
b'[\x1b[1;31m ERROR\x1b[0m]\x1b[36m[\x1b[0m\x1b[1;37m 846\x1b[0m\x1b[36m: am_platform_iav5.cpp: sensor_info_get()]: \x1b[0m\x1b[31mIAV_IOC_VIN_GET_DEVINFO: No such device\x1b[0m\r\n'
b'[\x1b[1;31m ERROR\x1b[0m]\x1b[36m[\x1b[0m\x1b[1;37m 846\x1b[0m\x1b[36m: am_platform_iav5.cpp: sensor_info_get()]: \x1b[0m\x1b[31mIAV_IOC_VIN_GET_DEVINFO: No such device\x1b[0m\r\n'
b'[\x1b[1;31m ERROR\x1b[0m]\x1b[36m[\x1b[0m\x1b[1;37m 111\x1b[0m\x1b[36m: am_vin_control.cpp: create_vin_devices()]: \x1b[0m\x1b[31mFaild to get VIN[0] info!\x1b[0m\r\n'
b'[\x1b[1;31m ERROR\x1b[0m]\x1b[36m[\x1b[0m\x1b[1;37m 111\x1b[0m\x1b[36m: am_vin_control.cpp: create_vin_devices()]: \x1b[0m\x1b[31mFaild to get VIN[0] info!\x1b[0m\r\n'
b'[\x1b[1;31m ERROR\x1b[0m]\x1b[36m[\x1b[0m\x1b[1;37m 846\x1b[0m\x1b[36m: am_platform_iav5.cpp: sensor_info_get()]: \x1b[0m\x1b[31mIAV_IOC_VIN_GET_DEVINFO: No such device\x1b[0m\r\n'
b'[\x1b[1;31m ERROR\x1b[0m]\x1b[36m[\x1b[0m\x1b[1;37m 846\x1b[0m\x1b[36m: am_platform_iav5.cpp: sensor_info_get()]: \x1b[0m\x1b[31mIAV_IOC_VIN_GET_DEVINFO: No such device\x1b[0m\r\n'
b'[\x1b[1;31m ERROR\x1b[0m]\x1b[36m[\x1b[0m\x1b[1;37m 111\x1b[0m\x1b[36m: am_vin_control.cpp: create_vin_devices()]: \x1b[0m\x1b[31mFaild to get VIN[1] info!\x1b[0m\r\n'
b'[\x1b[1;31m ERROR\x1b[0m]\x1b[36m[\x1b[0m\x1b[1;37m 111\x1b[0m\x1b[36m: am_vin_control.cpp: create_vin_devices()]: \x1b[0m\x1b[31mFaild to get VIN[1] info!\x1b[0m\r\n'
b'[\x1b[1;31m ERROR\x1b[0m]\x1b[36m[\x1b[0m\x1b[1;37m 846\x1b[0m\x1b[36m: am_platform_iav5.cpp: sensor_info_get()]: \x1b[0m\x1b[31mIAV_IOC_VIN_GET_DEVINFO: No such device\x1b[0m\r\n'
b'[\x1b[1;31m ERROR\x1b[0m]\x1b[36m[\x1b[0m\x1b[1;37m 846\x1b[0m\x1b[36m: am_platform_iav5.cpp: sensor_info_get()]: \x1b[0m\x1b[31mIAV_IOC_VIN_GET_DEVINFO: No such device\x1b[0m\r\n'
b'[\x1b[1;31m ERROR\x1b[0m]\x1b[36m[\x1b[0m\x1b[1;37m 111\x1b[0m\x1b[36m: am_vin_control.cpp: create_vin_devices()]: \x1b[0m\x1b[31mFaild to get VIN[2] info!\x1b[0m\r\n'
b'[\x1b[1;31m ERROR\x1b[0m]\x1b[36m[\x1b[0m\x1b[1;37m 111\x1b[0m\x1b[36m: am_vin_control.cpp: create_vin_devices()]: \x1b[0m\x1b[31mFaild to get VIN[2] info!\x1b[0m\r\n'
b'[\x1b[1;31m ERROR\x1b[0m]\x1b[36m[\x1b[0m\x1b[1;37m 132\x1b[0m\x1b[36m: am_vin_control.cpp: create_vin_devices()]: \x1b[0m\x1b[31mNo Vin Enabled!\x1b[0m\r\n'
b'[\x1b[1;31m ERROR\x1b[0m]\x1b[36m[\x1b[0m\x1b[1;37m 132\x1b[0m\x1b[36m: am_vin_control.cpp: create_vin_devices()]: \x1b[0m\x1b[31mNo Vin Enabled!\x1b[0m\r\n'
b'[\x1b[1;31m ERROR\x1b[0m]\x1b[36m[\x1b[0m\x1b[1;37m 132\x1b[0m\x1b[36m: am_encode_device.cpp: init()]: \x1b[0m\x1b[31mFailed to create vin devices!\x1b[0m\r\n'
b'[\x1b[1;31m ERROR\x1b[0m]\x1b[36m[\x1b[0m\x1b[1;37m 132\x1b[0m\x1b[36m: am_encode_device.cpp: init()]: \x1b[0m\x1b[31mFailed to create vin devices!\x1b[0m\r\n'
b'[\x1b[1;31m ERROR\x1b[0m]\x1b[36m[\x1b[0m\x1b[1;37m 118\x1b[0m\x1b[36m: am_video_camera.cpp: init()]: \x1b[0m\x1b[31mFailed to create AMEncodeDevice!\x1b[0m\r\n'
b'[\x1b[1;31m ERROR\x1b[0m]\x1b[36m[\x1b[0m\x1b[1;37m 118\x1b[0m\x1b[36m: am_video_camera.cpp: init()]: \x1b[0m\x1b[31mFailed to create AMEncodeDevice!\x1b[0m\r\n'
b'\x1b[1m\x1b[45;33m [ERROR]:\x1b[0mVideoService get instance failed\r\n'
b'\r\n'
b'\x1b[1m\x1b[45;33m [ERROR]:\x1b[0mCreate instance failed!!!!\r\n'
b'\x1b[1m\x1b[45;33m [ERROR]:\x1b[0mGet oryx modules instance failed!\r\n'
b'\r\n'
b'[\x1b[1;31m ERROR\x1b[0m]\x1b[36m[\x1b[0m\x1b[1;37m  74\x1b[0m\x1b[36m: am_signal_unwind.cpp: void critical_error_handler()]: \x1b[0m\x1b[31mCaught signal "Segmentation fault(11)", accessing address(           (nil)) from 0x00005574f78ae0!\x1b[0m\r\n'
b'[\x1b[1;31m ERROR\x1b[0m]\x1b[36m[\x1b[0m\x1b[1;37m  74\x1b[0m\x1b[36m: am_signal_unwind.cpp: void critical_error_handler()]: \x1b[0m\x1b[31mCaught signal "Segmentation fault(11)", accessing address(           (nil)) from 0x0000557c675d30!\x1b[0m\r\n'
b'[\x1b[1;31m ERROR\x1b[0m]\x1b[36m[\x1b[0m\x1b[1;37m  75\x1b[0m\x1b[36m: am_signal_unwind.cpp: void critical_error_handler()]: \x1b[0m\x1b[31mRegister dump:\x1b[0m\r\n'
b'[\x1b[1;31m ERROR\x1b[0m]\x1b[36m[\x1b[0m\x1b[1;37m  75\x1b[0m\x1b[36m: am_signal_unwind.cpp: void critical_error_handler()]: \x1b[0m\x1b[31mRegister dump:\x1b[0m\r\n'
b'[\x1b[1;31m ERROR\x1b[0m]\x1b[36m[\x1b[0m\x1b[1;37m  78\x1b[0m\x1b[36m: am_signal_unwind.cpp: void critical_error_handler()]: \x1b[0m\x1b[31mReg[ 0]: 0x0000000000000000\x1b[0m\r\n'
b'[\x1b[1;31m ERROR\x1b[0m]\x1b[36m[\x1b[0m\x1b[1;37m  78\x1b[0m\x1b[36m: am_signal_unwind.cpp: void critical_error_handler()]: \x1b[0m\x1b[31mReg[ 0]: 0x0000000000000000\x1b[0m\r\n'
b'[\x1b[1;31m ERROR\x1b[0m]\x1b[36m[\x1b[0m\x1b[1;37m  78\x1b[0m\x1b[36m: am_signal_unwind.cpp: void critical_error_handler()]: \x1b[0m\x1b[31mReg[ 1]: 0x0000007fd3c59af0\x1b[0m\r\n'
b'[\x1b[1;31m ERROR\x1b[0m]\x1b[36m[\x1b[0m\x1b[1;37m  78\x1b[0m\x1b[36m: am_signal_unwind.cpp: void critical_error_handler()]: \x1b[0m\x1b[31mReg[ 1]: 0x0000007fc9b50040\x1b[0m\r\n'
b'[\x1b[1;31m ERROR\x1b[0m]\x1b[36m[\x1b[0m\x1b[1;37m  78\x1b[0m\x1b[36m: am_signal_unwind.cpp: void critical_error_handler()]: \x1b[0m\x1b[31mReg[ 2]: 0x0000007fd3c59b10\x1b[0m\r\n'
b'[\x1b[1;31m ERROR\x1b[0m]\x1b[36m[\x1b[0m\x1b[1;37m  78\x1b[0m\x1b[36m: am_signal_unwind.cpp: void critical_error_handler()]: \x1b[0m\x1b[31mReg[ 2]: 0x0000007fc9b50060\x1b[0m\r\n'
b'[\x1b[1;31m ERROR\x1b[0m]\x1b[36m[\x1b[0m\x1b[1;37m  78\x1b[0m\x1b[36m: am_signal_unwind.cpp: void critical_error_handler()]: \x1b[0m\x1b[31mReg[ 3]: 0x0000000000000000\x1b[0m\r\n'
b'[InstanceSpecifier] size= 21: service/monitorServer\r\n'
b'[\x1b[1;31m ERROR\x1b[0m]\x1b[36m[\x1b[0m\x1b[1;37m  78\x1b[0m\x1b[36m: am_signal_unwind.cpp: void critical_error_handler()]: \x1b[0m\x1b[31mReg[ 3]: 0x0000000000000000\x1b[0m\r\n'
b'[\x1b[1;31m ERROR\x1b[0m]\x1b[36m[\x1b[0m\x1b[1;37m  78\x1b[0m\x1b[36m: am_signal_unwind.cpp: void critical_error_handler()]: \x1b[0m\x1b[31mReg[ 4]: 0x0000007fd3c59c18\x1b[0m\r\n'
b'[\x1b[1;31m ERROR\x1b[0m]\x1b[36m[\x1b[0m\x1b[1;37m  78\x1b[0m\x1b[36m: am_signal_unwind.cpp: void critical_error_handler()]: \x1b[0m\x1b[31mReg[ 4]: 0x0000007fc9b50168\x1b[0m\r\n'
b'[\x1b[1;31m ERROR\x1b[0m]\x1b[36m[\x1b[0m\x1b[1;37m  78\x1b[0m\x1b[36m: am_signal_unwind.cpp: void critical_error_handler()]: \x1b[0m\x1b[31mReg[ 5]: 0x0000000000000004\x1b[0m\r\n'
b'[\x1b[1;31m ERROR\x1b[0m]\x1b[36m[\x1b[0m\x1b[1;37m  78\x1b[0m\x1b[36m: am_signal_unwind.cpp: void critical_error_handler()]: \x1b[0m\x1b[31mReg[ 5]: 0x0000000000000004\x1b[0m\r\n'
b'[\x1b[1;31m ERROR\x1b[0m]\x1b[36m[\x1b[0m\x1b[1;37m  78\x1b[0m\x1b[36m: am_signal_unwind.cpp: void critical_error_handler()]: \x1b[0m\x1b[31mReg[ 6]: 0x0000000000000009\x1b[0m\r\n'
b'[\x1b[1;31m ERROR\x1b[0m]\x1b[36m[\x1b[0m\x1b[1;37m  78\x1b[0m\x1b[36m: am_signal_unwind.cpp: void critical_error_handler()]: \x1b[0m\x1b[31mReg[ 7]: 0x000000000000000a\x1b[0m\r\n'
b'[\x1b[1;31m ERROR\x1b[0m]\x1b[36m[\x1b[0m\x1b[1;37m  78\x1b[0m\x1b[36m: am_signal_unwind.cpp: void critical_error_handler()]: \x1b[0m\x1b[31mReg[ 6]: 0x726553616964656d\x1b[0m\r\n'
b'SupervisedEntity sv_specifier_:service/monitorServer, len:21\r\n'
b'[\x1b[1;31m ERROR\x1b[0m]\x1b[36m[\x1b[0m\x1b[1;37m  78\x1b[0m\x1b[36m: am_signal_unwind.cpp: void critical_error_handler()]: \x1b[0m\x1b[31mReg[ 8]: 0x0000000000000040\x1b[0m\r\n'
b'[\x1b[1;31m ERROR\x1b[0m]\x1b[36m[\x1b[0m\x1b[1;37m  78\x1b[0m\x1b[36m: am_signal_unwind.cpp: void critical_error_handler()]: \x1b[0m\x1b[31mReg[ 7]: 0x7265767265536169\x1b[0m\r\n'
b'[InstanceSpecifier] size= 24: untouch/dms_msg_receiver\r\n'
b'[\x1b[1;31m ERROR\x1b[0m]\x1b[36m[\x1b[0m\x1b[1;37m  78\x1b[0m\x1b[36m: am_signal_unwind.cpp: void critical_error_handler()]: \x1b[0m\x1b[31mReg[ 9]: 0x64656c6961662065\x1b[0m\r\n'
b'[\x1b[1;31m ERROR\x1b[0m]\x1b[36m[\x1b[0m\x1b[1;37m  78\x1b[0m\x1b[36m: am_signal_unwind.cpp: void critical_error_handler()]: \x1b[0m\x1b[31mReg[ 8]: 0x636e6174736e6920\x1b[0m\r\n'
b'[\x1b[1;31m ERROR\x1b[0m]\x1b[36m[\x1b[0m\x1b[1;37m  78\x1b[0m\x1b[36m: am_signal_unwind.cpp: void critical_error_handler()]: \x1b[0m\x1b[31mReg[10]: 0x6d207879726f2074\x1b[0m\r\n'
b'[\x1b[1;31m ERROR\x1b[0m]\x1b[36m[\x1b[0m\x1b[1;37m  78\x1b[0m\x1b[36m: am_signal_unwind.cpp: void critical_error_handler()]: \x1b[0m\x1b[31mReg[ 9]: 0x64656c6961662065\x1b[0m\r\n'
b'[\x1b[1;31m ERROR\x1b[0m]\x1b[36m[\x1b[0m\x1b[1;37m  78\x1b[0m\x1b[36m: am_signal_unwind.cpp: void critical_error_handler()]: \x1b[0m\x1b[31mReg[11]: 0x692073656c75646f\x1b[0m\r\n'
b'[\x1b[1;31m ERROR\x1b[0m]\x1b[36m[\x1b[0m\x1b[1;37m  78\x1b[0m\x1b[36m: am_signal_unwind.cpp: void critical_error_handler()]: \x1b[0m\x1b[31mReg[10]: 0x6d207879726f2074\x1b[0m\r\n'
b'the open the file is successful,fd=5.\r\n'
b'[\x1b[1;31m ERROR\x1b[0m]\x1b[36m[\x1b[0m\x1b[1;37m  78\x1b[0m\x1b[36m: am_signal_unwind.cpp: void critical_error_handler()]: \x1b[0m\x1b[31mReg[12]: 0x2065636e6174736e\x1b[0m\r\n'
b'[\x1b[1;31m ERROR\x1b[0m]\x1b[36m[\x1b[0m\x1b[1;37m  78\x1b[0m\x1b[36m: am_signal_unwind.cpp: void critical_error_handler()]: \x1b[0m\x1b[31mReg[11]: 0x692073656c75646f\x1b[0m\r\n'
b'SupervisedEntity sv_specifier_:untouch/dms_msg_receiver, len:24\r\n'
b'read 10[   19.461774] ambarella-i2c e400a000.i2c: No ACK from address 0xb4, 0:0!\r\n'
b'4 Byte\r\n'
b'[\x1b[1;31m ERROR\x1b[0m]\x1b[36m[\x1b[0m\x1b[1;37m  78\x1b[0m\x1b[36m: am_signal_unwind.cpp: void critical_error_handler()]: \x1b[0m\x1b[31mReg[13]: 0x0a2164656c696166\x1b[0m\r\n'
b'[\x1b[1;31m ERROR\x1b[0m]\x1b[36m[\x1b[0m\x1b[1;37m  78\x1b[0m\x1b[36m: am_signal_unwind.cpp: void critical_error_handler()]: \x1b[0m\x1b[31mReg[12]: 0x2065636e6174736e\x1b[0m\r\n'
b'[\x1b[1;31m ERROR\x1b[0m]\x1b[36m[\x1b[0m\x1b[1;3[   19.498251] ambarella-i2c e400a000.i2c: No ACK from address 0xb4, 0:0!\r\n'
b'7m  78\x1b[0m\x1b[36m:[   19.506317] ambarella-i2c e400a000.i2c: No ACK from address 0xb4, 0:0!\r\n'
b' am_signal_unwin[   19.514086] ambarella-i2c e400a000.i2c: No ACK from address 0xb4, 0:0!\r\n'
b'd.cpp: void crit[   19.521987] ambarella-i2c e400a000.i2c: No ACK from address 0xb4, 0:0!\r\n'
b'ical_error_handler()]: \x1b[0m\x1b[31mReg[14]: 0x00000[   19.532743] ambarella-i2c e400a000.i2c: No ACK from address 0xb4, 0:0!\r\n'
b'00000000000\x1b[0m\r[   19.540555] ambarella-i2c e400a000.i2c: No ACK from address 0xb4, 0:0!\r\n'
b'\n'
b'[\x1b[1;31m ERROR\x1b[   19.548642] ambarella-i2c e400a000.i2c: No ACK from address 0xb4, 0:0!\r\n'
b'[0m]\x1b[36m[\x1b[0m\x1b[[   19.556318] ambarella-i2c e400a000.i2c: No ACK from address 0xb4, 0:0!\r\n'
b'1;37m  78\x1b[0m\x1b[3[   19.564216] ambarella-i2c e400a000.i2c: No ACK from address 0xb4, 0:0!\r\n'
b'6m: am_signal_un[   19.572215] ambarella-i2c e400a000.i2c: No ACK from address 0xb4, 0:0!\r\n'
b'wind.cpp: void critical_error_handler()]: \x1b[0m\x1b[31mReg[13]: 0x0a2164656c[   19.580409] ambarella-i2c e400a000.i2c: No ACK from address 0xb4, 0:0!\r\n'
b'696166\x1b[0m\r\n'
b'[InstanceSpecifier] size= 24: untouch/oms_msg_receiver\r\n'
b'[\x1b[1;31m ERROR\x1b[0m]\x1b[36m[\x1b[0m\x1b[1;37m  78\x1b[0m\x1b[36m: am_signal_unwind.cpp: void critical_error_handler()]: \x1b[0m\x1b[31mReg[15]: 0x000000000000070b\x1b[0m\r\n'
b'Starting nginx: [\x1b[1;31m ERROR\x1b[0m]\x1b[36m[\x1b[0m\x1b[1;37m  78\x1b[0m\x1b[36m: am_signal_unwind.cpp: void critical_error_handler()]: \x1b[0m\x1b[31mReg[14]: 0x0000000000000021\x1b[0m\r\n'
b'[\x1b[1;31m ERROR\x1b[0m]\x1b[36m[\x1b[0m\x1b[1;37m  78\x1b[0m\x1b[36m: am_signal_unwind.cpp: void critical_error_handler()]: \x1b[0m\x1b[31mReg[16]: 0x0000005574f99098\x1b[0m\r\n'
b'[\x1b[1;31m ERROR\x1b[0m]\x1b[36m[\x1b[0m\x1b[1;37m  78\x1b[0m\x1b[36m: am_signal_unwind.cpp: void critical_error_handler()]: \x1b[0m\x1b[31mReg[17]: 0x0000007fb40e3ac0\x1b[0m\r\n'
b'[\x1b[1;31m ERROR\x1b[0m]\x1b[36m[\x1b[0m\x1b[1;37m  78\x1b[0m\x1b[36m: am_signal_unwind.cpp: void critical_error_handler()]: \x1b[0m\x1b[31mReg[18]: 0x000000000000002f\x1b[0m\r\n'
b'[\x1b[1;31m ERROR\x1b[0m]\x1b[36m[\x1b[0m\x1b[1;37m  78\x1b[0m\x1b[36m: am_signal_unwind.cpp: void critical_error_handler()]: \x1b[0m\x1b[31mReg[19]: 0x0000007fd3c59af0\x1b[0m\r\n'
b'[\x1b[1;31m ERROR\x1b[0m]\x1b[36m[\x1b[0m\x1b[1;37m  78\x1b[0m\x1b[36m: am_signal_unwind.cpp: void critical_error_handler()]: \x1b[0m\x1b[31mReg[20]: 0x0000005574f98000\x1b[0m\r\n'
b'[\x1b[1;31m ERROR\x1b[0m]\x1b[36m[\x1b[0m\x1b[1;37m  78\x1b[0m\x1b[36m: am_signal_unwind.cpp: void critical_error_handler()]: \x1b[0m\x1b[31mReg[15]: 0x000000000000070b\x1b[0m\r\n'
b'[\x1b[1;31m ERROR\x1b[0m]\x1b[36m[\x1b[0m\x1b[1;37m  78\x1b[0m\x1b[36m: am_signal_unwind.cpp: void critical_error_handler()]: \x1b[0m\x1b[31mReg[21]: 0x0000007fd3c59d10\x1b[0m\r\n'
b'[\x1b[1;31m ERROR\x1b[0m]\x1b[36m[\x1b[0m\x1b[1;37m  78\x1b[0m\x1b[36m: am_signal_unwind.cpp: void critical_error_handler()]: \x1b[0m\x1b[31mReg[16]: 0x000000557c68f0b8\x1b[0m\r\n'
b'[\x1b[1;31m ERROR\x1b[0m]\x1b[36m[\x1b[0m\x1b[1;37m  78\x1b[0m\x1b[36m: am_signal_unwind.cpp: void critical_error_handler()]: \x1b[0m\x1b[31mReg[22]: 0x0000007fd3c59b10\x1b[0m\r\n'
b'[\x1b[1;31m ERROR\x1b[0m]\x1b[36m[\x1b[0m\x1b[1;37m  78\x1b[0m\x1b[36m: am_signal_unwind.cpp: void critical_error_handler()]: \x1b[0m\x1b[31mReg[17]: 0x0000007fb6cfbac0\x1b[0m\r\n'
b'[\x1b[1;31m ERROR\x1b[0m]\x1b[36m[\x1b[0m\x1b[1;37m  78\x1b[0m\x1b[36m: am_signal_unwind.cpp: void critical_error_handler()]: \x1b[0m\x1b[31mReg[23]: 0x0000005574f98000\x1b[0m\r\n'
b'[\x1b[1;31m ERROR\x1b[0m]\x1b[36m[\x1b[0m\x1b[1;37m  78\x1b[0m\x1b[36m: am_signal_unwind.cpp: void critical_error_handler()]: \x1b[0m\x1b[31mReg[18]: 0x000000000000002f\x1b[0m\r\n'
b'[\x1b[1;31m ERROR\x1b[0m]\x1b[36m[\x1b[0m\x1b[1;37m  78\x1b[0m\x1b[36m: am_signal_unwind.cpp: void critical_error_handler()]: \x1b[0m\x1b[31mReg[24]: 0x0000007fd3c59ca8\x1b[0m\r\n'
b'[\x1b[1;31m ERROR\x1b[0m]\x1b[36m[\x1b[0m\x1b[1;37m  78\x1b[0m\x1b[36m: am_signal_unwind.cpp: void critical_error_handler()]: \x1b[0m\x1b[31mReg[19]: 0x0000007fc9b50040\x1b[0m\r\n'
b'[\x1b[1;31m ERROR\x1b[0m]\x1b[36m[\x1b[0m\x1b[1;37m  78\x1b[0m\x1b[36m: am_signal_unwind.cpp: void critical_error_handler()]: \x1b[0m\x1b[31mReg[25]: 0x0000007fd3c59c80\x1b[0m\r\n'
b'[\x1b[1;31m ERROR\x1b[0m]\x1b[36m[\x1b[0m\x1b[1;37m  78\x1b[0m\x1b[36m: am_signal_unwind.cpp: void critical_error_handler()]: \x1b[0m\x1b[31mReg[20]: 0x000000557c68e000\x1b[0m\r\n'
b'[\x1b[1;31m ERROR\x1b[0m]\x1b[36m[\x1b[0m\x1b[1;37m  78\x1b[0m\x1b[36m: am_signal_unwind.cpp: void critical_error_handler()]: \x1b[0m\x1b[31mReg[26]: 0x0000000000000000\x1b[0m\r\n'
b'[\x1b[1;31m ERROR\x1b[0m]\x1b[36m[\x1b[0m\x1b[1;37m  78\x1b[0m\x1b[36m: am_signal_unwind.cpp: void critical_error_handler()]: \x1b[0m\x1b[31mReg[21]: 0x0000007fc9b50268\x1b[0m\r\n'
b'[\x1b[1;31m ERROR\x1b[0m]\x1b[36m[\x1b[0m\x1b[1;37m  78\x1b[0m\x1b[36m: am_signal_unwind.cpp: void critical_error_handler()]: \x1b[0m\x1b[31mReg[27]: 0x00000055a71c4f70\x1b[0m\r\n'
b'[\x1b[1;31m ERROR\x1b[0m]\x1b[36m[\x1b[0m\x1b[1;37m  78\x1b[0m\x1b[36m: am_signal_unwind.cpp: void critical_error_handler()]: \x1b[0m\x1b[31mReg[22]: 0x00000055b7eb1f40\x1b[0m\r\n'
b'[\x1b[1;31m ERROR\x1b[0m]\x1b[36m[\x1b[0m\x1b[1;37m  78\x1b[0m\x1b[36m: am_signal_unwind.cpp: void critical_error_handler()]: \x1b[0m\x1b[31mReg[28]: 0x0000000000000000\x1b[0m\r\n'
b'[\x1b[1;31m ERROR\x1b[0m]\x1b[36m[\x1b[0m\x1b[1;37m  78\x1b[0m\x1b[36m: am_signal_unwind.cpp: void critical_error_handler()]: \x1b[0m\x1b[31mReg[23]: 0x000000557c68e000\x1b[0m\r\n'
b'[\x1b[1;31m ERROR\x1b[0m]\x1b[36m[\x1b[0m\x1b[1;37m  78\x1b[0m\x1b[36m: am_signal_unwind.cpp: void critical_error_handler()]: \x1b[0m\x1b[31mReg[29]: 0x0000007fd3c59ab0\x1b[0m\r\n'
b'[\x1b[1;31m ERROR\x1b[0m]\x1b[36m[\x1b[0m\x1b[1;37m  78\x1b[0m\x1b[36m: am_signal_unwind.cpp: void critical_error_handler()]: \x1b[0m\x1b[31mReg[24]: 0x0000007fc9b50628\x1b[0m\r\n'
b'[\x1b[1;31m ERROR\x1b[0m]\x1b[36m[\x1b[0m\x1b[1;37m  78\x1b[0m\x1b[36m: am_signal_unwind.cpp: void critical_error_handler()]: \x1b[0m\x1b[31mReg[30]: 0x0000005574f78ad0\x1b[0m\r\n'
b'[\x1b[1;31m ERROR\x1b[0m]\x1b[36m[\x1b[0m\x1b[1;37m  78\x1b[0m\x1b[36m: am_signal_unwind.cpp: void critical_error_handler()]: \x1b[0m\x1b[31mReg[25]: 0x0000007fc9b50200\x1b[0m\r\n'
b'write successful 104\r\n'
b'SupervisedEntity sv_specifier_:untouch/oms_msg_receiver, len:24\r\n'
b'name:plf_health_mgmt\r\n'
b'[\x1b[1;31m ERROR\x1b[0m]\x1b[36m[\x1b[0m\x1b[1;37m  78\x1b[0m\x1b[36m: am_signal_unwind.cpp: void critical_error_handler()]: \x1b[0m\x1b[31mReg[26]: 0x0000007fc9b501d8\x1b[0m\r\n'
b'[\x1b[1;31m ERROR\x1b[0m]\x1b[36m[\x1b[0m\x1b[1;37m  78\x1b[0m\x1b[36m: am_signal_unwind.cpp: void critical_error_handler()]: \x1b[0m\x1b[31mReg[27]: 0x0000000000000000\x1b[0m\r\n'
b'name:cvServer\r\n'
b'name:mediaServer\r\n'
b'[\x1b[1;31m ERROR\x1b[0m]\x1b[36m[\x1b[0m\x1b[1;37m  78\x1b[0m\x1b[36m: am_signal_unwind.cpp: void critical_error_handler()]: \x1b[0m\x1b[31mReg[28]: 0x00000055b7eb2f70\x1b[0m\r\n'
b'name:data_distribution\r\n'
b'name:data_integration\r\n'
b'[\x1b[1;31m ERROR\x1b[0m]\x1b[36m[\x1b[0m\x1b[1;37m  78\x1b[0m\x1b[36m: am_signal_unwind.cpp: void critical_error_handler()]: \x1b[0m\x1b[31mReg[29]: 0x0000007fc9b50010\x1b[0m\r\n'
b'name:phm\r\n'
b'name:gps_service\r\n'
b'[\x1b[1;31m ERROR\x1b[0m]\x1b[36m[\x1b[0m\x1b[1;37m  78\x1b[0m\x1b[36m: am_signal_unwind.cpp: void critical_error_handler()]: \x1b[0m\x1b[31mReg[30]: 0x000000557c675d20\x1b[0m\r\n'
b'name:test_gps_client\r\n'
b'~ClassPointer\r\n'
b'the open the file is successful,fd=3.\r\n'
b'get msg id 0\r\n'
b'read 176 Byte\r\n'
b'get msg id 32769\r\n'
b'get msg id 65538\r\n'
b'get msg id 98307\r\n'
b'get msg id 131076\r\n'
b'get msg id 163845\r\n'
b'get msg id 196614\r\n'
b'write successful 176\r\n'
b'get msg id 229383\r\n'
b'name:plf_health_mgmt\r\n'
b'name:cvServer\r\n'
b'the open the file is successful,fd=5.\r\n'
b'name:mediaServer\r\n'
b'name:data_distribution\r\n'
b'name:data_integration\r\n'
b'name:phm\r\n'
b'name:gps_service\r\n'
b'name:test_gps_client\r\n'
b'~InstanceSpecifier\r\n'
b'name:recoderServer\r\n'
b'name:osdServer\r\n'
b'name:monitorServer\r\n'
b'name:untouch_oms_app\r\n'
b'name:receiver_oms_demo\r\n'
b'~ClassPointer\r\n'
b'get msg id 0\r\n'
b'get msg id 32769\r\n'
b'get msg id 65538\r\n'
b'get msg id 98307\r\n'
b'get msg id 131076\r\n'
b'get msg id 163845\r\n'
b'get msg id 196614\r\n'
b'get msg id 229383\r\n'
b'get msg id 262152\r\n'
b'get msg id 294921\r\n'
b'get msg id 327690\r\n'
b'get msg id 360459\r\n'
b'get msg id 393228\r\n'
b'the open the file is successful,fd=3.\r\n'
b'~InstanceSpecifier\r\n'
b'the open the file is successful,fd=3.\r\n'
b'[\x1b[1;31m ERROR\x1b[0m]\x1b[36m[\x1b[0m\x1b[1;37m 157\x1b[0m\x1b[36m: am_signal_unwind.cpp: void critical_error_handler()]: \x1b[0m\x1b[31m#0 : [Function: 0x0000007fb4559668] sp=0x0000007fd3c58830  + 0x0\x1b[0m\r\n'
b'read 176 Byte\r\n'
b'write successful 176\r\n'
b'name:plf_health_mgmt\r\n'
b'name:cvServer\r\n'
b'name:mediaServer\r\n'
b'name:data_distribution\r\n'
b'name:data_integration\r\n'
b'name:phm\r\n'
b'name:gps_service\r\n'
b'name:test_gps_client\r\n'
b'name:recoderServer\r\n'
b'name:osdServer\r\n'
b'name:monitorServer\r\n'
b'name:untouch_oms_app\r\n'
b'name:receiver_oms_demo\r\n'
b'~ClassPointer\r\n'
b'get msg id 0\r\n'
b'get msg id 32769\r\n'
b'get msg id 65538\r\n'
b'get msg id 98307\r\n'
b'get msg id 131076\r\n'
b'get msg id 163845\r\n'
b'get msg id 196614\r\n'
b'get msg id 229383\r\n'
b'OK\r\n'
b'get msg id 262152\r\n'
b'get msg id 294921\r\n'
b'get msg id 327690\r\n'
b'get msg id 360459\r\n'
b'get msg id 393228\r\n'
b'the open the file is successful,fd=3.\r\n'
b'~InstanceSpecifier\r\n'
b'[\x1b[1;31m ERROR\x1b[0m]\x1b[36m[\x1b[0m\x1b[1;37m 157\x1b[0m\x1b[36m: am_signal_unwind.cpp: void critical_error_handler()]: \x1b[0m\x1b[31m#0 : [Function: 0x0000007fb71c5668] sp=0x0000007fc9b4edb0  + 0x0\x1b[0m\r\n'
b'[\x1b[1;31m ERROR\x1b[0m]\x1b[36m[\x1b[0m\x1b[1;37m 142\x1b[0m\x1b[36m: am_signal_unwind.cpp: void critical_error_handler()]: \x1b[0m\x1b[31m#1 : [Function: 0x0000005574f78ae0] sp=0x0000007fd3c59a90 (null) !!!! BAD Address (nil)\x1b[0m\r\n'
b'[\x1b[1;31m ERROR\x1b[0m]\x1b[36m[\x1b[0m\x1b[1;37m 157\x1b[0m\x1b[36m: am_signal_unwind.cpp: void critical_error_handler()]: \x1b[0m\x1b[31m#2 : [Function: 0x0000005574f78ae0] sp=0x0000007fd3c59a90 std::_Sp_counted_base<(__gnu_cxx::_Lock_policy)2>::_M_release() + 0xf60\x1b[0m\r\n'
b'[\x1b[1;31m ERROR\x1b[0m]\x1b[36m[\x1b[0m\x1b[1;37m 142\x1b[0m\x1b[36m: am_signal_unwind.cpp: void critical_error_handler()]: \x1b[0m\x1b[31m#1 : [Function: 0x000000557c675d30] sp=0x0000007fc9b50010 (null) !!!! BAD Address (nil)\x1b[0m\r\n'
