ÖØÆôµÚ 1 ´Î
b'\r\r\n'
b'\r\n'
b'\rWelcome to Ambarella\r\n'
b'\rAmbarella login: \r\r\n'
b'\r\n'
b'\rWelcome to Ambarella\r\n'
b'\rAmbarella login: root\r\n'
b"login[559]: root login on 'ttyS0'\r\r\n"
b'# \r\n'
b'# reboot\r\n'
b'# \rThe system is going down NOW!\r\n'
b'\rSent SIGTERM to all processes\r\n'
b'\x1b[1;37mCapture signal[15]\x1b[0m\r\n'
b'~ClassPointer\r\n'
b'~ClassPointer\r\n'
b'~ClassPointer\r\n'
b'\rSent SIGKILL to all processes\r\n'
b'\rRequesting system reboot\r\n'
b'[ 1255.016779] ambarella-i2c e400a000.i2c: No ACK from address 0xb4, 0:0!\r\n'
b'[ 1255.024399] ambarella-i2c e400a000.i2c: No ACK from address 0xb4, 0:0!\r\n'
b'[ 1255.031864] ambarella-i2c e400a000.i2c: No ACK from address 0xb4, 0:0!\r\n'
b'[ 1255.039302] ambarella-i2c e400a000.i2c: No ACK from address 0xb4, 0:0!\r\n'
b'[ 1255.046752] ambarella-i2c e400a000.i2c: No ACK from address 0xb4, 0:0!\r\n'
b'[ 1255.054214] ambarella-i2c e400a000.i2c: No ACK from address 0xb4, 0:0!\r\n'
b'[ 1255.061678] ambarella-i2c e400a000.i2c: No ACK from address 0xb4, 0:0!\r\n'
b'[ 1256.652871] ambarella-wdt ec002000.wdt: ambarella_wdt_shutdown @ 5.\r\n'
b'[ 1256.659194] reboot: Restarting system\r\n'
b'\x1b[4l\r\n'
b'[    0.000000] Booting Linux on physical CPU 0x0\r\n'
b'[    0.000000] Linux version 4.14.181 (bean@tbox-compile1) (gcc version 8.2.1 20180802 (Linaro GCC 8.2-2018.08~dev)) #1 SMP PREEMPT Fri Dec 18 14:48:02 CST 2020\r\n'
b'[    0.000000] Boot CPU: AArch64 Processor [410fd034]\r\n'
b'[    0.000000] Machine model: Ambarella CV22 Walnut Board\r\n'
b'[    0.000000] Reserved memory: created CMA memory pool at 0x000000003cc00000, size 48 MiB\r\n'
b'[    0.000000] OF: reserved mem: initialized node linux,cma, compatible id shared-dma-pool\r\n'
b'[    0.000000] Reserved memory: created CMA memory pool at 0x0000000040000000, size 508 MiB\r\n'
b'[    0.000000] OF: reserved mem: initialized node iav@0x40000000, compatible id shared-dma-pool\r\n'
b'[    0.000000] Reserved memory: created CMA memory pool at 0x0000000060000000, size 508 MiB\r\n'
b'[    0.000000] OF: reserved mem: initialized node cavalry@0x60000000, compatible id shared-dma-pool\r\n'
b'[    0.000000] percpu: Embedded 19 pages/cpu s38552 r8192 d31080 u77824\r\n'
b'[    0.000000] Detected VIPT I-cache on CPU0\r\n'
b'[    0.000000] CPU features: enabling workaround for ARM erratum 845719\r\n'
b'[    0.000000] Built 1 zonelists, mobility grouping on.  Total pages: 515592\r\n'
b'[    0.000000] Kernel command line: console=ttyS0 noinitrd root=/dev/mmcblk0p9 rw rootfstype=ext4 init=/linuxrc rootwait\r\n'
b'[    0.000000] PID hash table entries: 4096 (order: 3, 32768 bytes)\r\n'
b'[    0.000000] Dentry cache hash table entries: 262144 (order: 9, 2097152 bytes)\r\n'
b'[    0.000000] Inode-cache hash table entries: 131072 (order: 8, 1048576 bytes)\r\n'
b'[    0.000000] Memory: 962048K/2095104K available (4670K kernel code, 432K rwdata, 1336K rodata, 320K init, 224K bss, 43520K reserved, 1089536K cma-reserved)\r\n'
b'[    0.000000] Virtual kernel memory layout:\r\n'
b'[    0.000000]     modules : 0xffffff8000000000 - 0xffffff8008000000   (   128 MB)\r\n'
b'[    0.000000]     vmalloc : 0xffffff8008000000 - 0xffffffbebfff0000   (   250 GB)\r\n'
b'[    0.000000]       .text : 0xffffff8008080000 - 0xffffff8008510000   (  4672 KB)\r\n'
b'[    0.000000]     .rodata : 0xffffff8008510000 - 0xffffff8008670000   (  1408 KB)\r\n'
b'[    0.000000]       .init : 0xffffff8008670000 - 0xffffff80086c0000   (   320 KB)\r\n'
b'[    0.000000]       .data : 0xffffff80086c0000 - 0xffffff800872c008   (   433 KB)\r\n'
b'[    0.000000]        .bss : 0xffffff800872c008 - 0xffffff8008764178   (   225 KB)\r\n'
b'[    0.000000]     fixed   : 0xffffffbefe7fb000 - 0xffffffbefec00000   (  4116 KB)\r\n'
b'[    0.000000]     PCI I/O : 0xffffffbefee00000 - 0xffffffbeffe00000   (    16 MB)\r\n'
b'[    0.000000]     vmemmap : 0xffffffbf00000000 - 0xffffffc000000000   (     4 GB maximum)\r\n'
b'[    0.000000]               0xffffffbf00008000 - 0xffffffbf02000000   (    31 MB actual)\r\n'
b'[    0.000000]     memory  : 0xffffffc000200000 - 0xffffffc080000000   (  2046 MB)\r\n'
b'[    0.000000] SLUB: HWalign=64, Order=0-3, MinObjects=0, CPUs=4, Nodes=1\r\n'
b'[    0.000000] Preemptible hierarchical RCU implementation.\r\n'
b'[    0.000000] \tTasks RCU enabled.\r\n'
b'[    0.000000] NR_IRQS: 64, nr_irqs: 64, preallocated irqs: 0\r\n'
b'[    0.000000] CPU features: GIC system register CPU interface present but disabled by higher exception level\r\n'
b'[    0.000000] vco = 384000000, 24000000, 1, 16, 1\r\n'
b'[    0.000000] arch_timer: cp15 timer(s) running at 47.25MHz (virt).\r\n'
b'[    0.000000] clocksource: arch_sys_counter: mask: 0xffffffffffffff max_cycles: 0xae5b54743, max_idle_ns: 440795204480 ns\r\n'
b'[    0.000005] sched_clock: 56 bits at 47MHz, resolution 21ns, wraps every 4398046511098ns\r\n'
b'[    0.000274] Console: colour dummy device 80x25\r\n'
b'[    0.302270] console [ttyS0] enabled\r\n'
b'[    0.305754] Calibrating delay loop (skipped), value calculated using timer frequency.. 94.50 BogoMIPS (lpj=47250)\r\n'
b'[    0.315994] pid_max: default: 32768 minimum: 301\r\n'
b'[    0.320695] Mount-cache hash table entries: 4096 (order: 3, 32768 bytes)\r\n'
b'[    0.327395] Mountpoint-cache hash table entries: 4096 (order: 3, 32768 bytes)\r\n'
b'[    0.338577] ASID allocator initialised with 32768 entries\r\n'
b'[    0.345986] Hierarchical SRCU implementation.\r\n'
b'[    0.354371] smp: Bringing up secondary CPUs ...\r\n'
b'[    0.365992] Detected VIPT I-cache on CPU1\r\n'
b'[    0.370020] CPU1: Booted secondary processor [410fd034]\r\n'
b'[    0.382085] Detected VIPT I-cache on CPU2\r\n'
b'[    0.386097] CPU2: Booted secondary processor [410fd034]\r\n'
b'[    0.398186] Detected VIPT I-cache on CPU3\r\n'
b'[    0.402198] CPU3: Booted secondary processor [410fd034]\r\n'
b'[    0.407476] smp: Brought up 1 node, 4 CPUs\r\n'
b'[    0.411572] SMP: Total of 4 processors activated.\r\n'
b'[    0.416264] CPU features: detected: 32-bit EL0 Support\r\n'
b'[    0.421886] CPU: All CPU(s) started at EL1\r\n'
b'[    0.425985] alternatives: patching kernel code\r\n'
b'[    0.431544] devtmpfs: initialized\r\n'
b'[    0.440627] random: get_random_u32 called from bucket_table_alloc+0x108/0x268 with crng_init=0\r\n'
b'[    0.449562] clocksource: jiffies: mask: 0xffffffff max_cycles: 0xffffffff, max_idle_ns: 1911260446275000 ns\r\n'
b'[    0.459291] futex hash table entries: 1024 (order: 5, 131072 bytes)\r\n'
b'[    0.507602] pinctrl core: initialized pinctrl subsystem\r\n'
b'[    0.513160] NET: Registered protocol family 16\r\n'
b'[    0.518286] vdso: 2 pages (1 code @ ffffff8008515000, 1 data @ ffffff80086c4000)\r\n'
b'[    0.531831] DMA: preallocated 256 KiB pool for atomic allocations\r\n'
b'[    0.541140] ambarella-pinctrl ec003000.pinctrl: Ambarella pinctrl driver registered\r\n'
b'[    0.549501] ambarella-gpio ec003000.pinctrl:gpio@0: Ambarella GPIO driver registered\r\n'
b'[    0.564038] HugeTLB registered 2.00 MiB page size, pre-allocated 0 pages\r\n'
b'[    0.571837] ambarella-dma e0020000.dma: Ambarella DMA Engine \r\n'
b'[    0.578162] ambarella-dma e0021000.dma: Ambarella DMA Engine \r\n'
b'[    0.584300] ambarella-i2c e4008000.i2c: Ambarella I2C adapter[0] probed, clock:100000!\r\n'
b'[    0.592404] ambarella-i2c e4009000.i2c: Ambarella I2C adapter[1] probed, clock:100000!\r\n'
b'[    0.600598] ambarella-i2c e400a000.i2c: Ambarella I2C adapter[2] probed, clock:100000!\r\n'
b'[    0.608698] ambarella-i2c e400b000.i2c: Ambarella I2C adapter[3] probed, clock:100000!\r\n'
b'[    0.617493] clocksource: Switched to clocksource arch_sys_counter\r\n'
b'[    0.629794] NET: Registered protocol family 2\r\n'
b'[    0.634598] TCP established hash table entries: 16384 (order: 5, 131072 bytes)\r\n'
b'[    0.641968] TCP bind hash table entries: 16384 (order: 6, 262144 bytes)\r\n'
b'[    0.648890] TCP: Hash tables configured (established 16384 bind 16384)\r\n'
b'[    0.655536] UDP hash table entries: 1024 (order: 3, 32768 bytes)\r\n'
b'[    0.661589] UDP-Lite hash table entries: 1024 (order: 3, 32768 bytes)\r\n'
b'[    0.668169] NET: Registered protocol family 1\r\n'
b'[    0.672819] RPC: Registered named UNIX socket transport module.\r\n'
b'[    0.678742] RPC: Registered udp transport module.\r\n'
b'[    0.683433] RPC: Registered tcp transport module.\r\n'
b'[    0.688123] RPC: Registered tcp NFSv4.1 backchannel transport module.\r\n'
b'[    0.698211] workingset: timestamp_bits=62 max_order=19 bucket_order=0\r\n'
b'[    0.710305] squashfs: version 4.0 (2009/01/31) Phillip Lougher\r\n'
b'[    0.720682] Block layer SCSI generic (bsg) driver version 0.4 loaded (major 251)\r\n'
b'[    0.728067] io scheduler noop registered\r\n'
b'[    0.731983] io scheduler deadline registered\r\n'
b'[    0.736336] io scheduler cfq registered (default)\r\n'
b'[    0.741033] io scheduler mq-deadline registered\r\n'
b'[    0.745551] io scheduler kyber registered\r\n'
b'[    0.750129] ambarella-gdma e000c000.gdma: Ambarella GDMA driver init\r\n'
b'[    0.756856] e4000000.uart: ttyS0 at MMIO 0xe4000000 (irq = 11, base_baud = 1500000) is a ambuart\r\n'
b'[    0.765952] e0017000.uart: ttyS1 at MMIO 0xe0017000 (irq = 32, base_baud = 1500000) is a ambuart\r\n'
b'[    0.775009] e001a000.uart: ttyS4 at MMIO 0xe001a000 (irq = 33, base_baud = 1500000) is a ambuart\r\n'
b'[    0.784082] cacheinfo: Unable to detect cache hierarchy for CPU 0\r\n'
b'[    0.790760] brd: module loaded\r\n'
b'[    0.799815] loop: module loaded\r\n'
b'[    0.803099] mousedev: PS/2 mouse device common for all mice\r\n'
b'[    0.808995] ambarella-rtc e8001000.rtc: rtc core: registered e8001000.rtc as rtc0\r\n'
b'[    0.816466] ambarella-rtc e8001000.rtc: Warning: RTC lost power.....\r\n'
b'[    0.828139] ambarella-wdt ec002000.wdt: Ambarella Watchdog Timer Probed.\r\n'
b'[    1.187570] ambarella-sd e0004000.sdmmc0: Max frequency is 120000000Hz\r\n'
b'[    1.573539] ambarella-sd e0005000.sdmmc1: Max frequency is 48000000Hz\r\n'
b'[    1.580252] Initializing XFRM netlink socket\r\n'
b'[    1.584527] NET: Registered protocol family 17\r\n'
b'[    1.588989] Key type dns_resolver registered\r\n'
b'[    1.599110] console [netcon0] enabled\r\n'
b'[    1.602782] netconsole: network logging started\r\n'
b'[    1.624231] ambarella-rtc e8001000.rtc: setting system clock to 1970-02-18 13:22:40 UTC (4195360)\r\n'
b'[    1.633472] Waiting for root device /dev/mmcblk0p9...\r\n'
b'[    1.753053] mmc0: new high speed MMC card at address 0001\r\n'
b'[    1.779767] mmcblk0: mmc0:0001 S0J57X 29.6 GiB \r\n'
b'[    1.806732] mmcblk0boot0: mmc0:0001 S0J57X partition 1 31.5 MiB\r\n'
b'[    1.812822] mmcblk0boot1: mmc0:0001 S0J57X partition 2 31.5 MiB\r\n'
b'[    1.828787] mmcblk0rpmb: mmc0:0001 S0J57X partition 3 4.00 MiB, chardev (250:0)\r\n'
b'[    1.848521]  (bst): 0x0000000000000000, 0x0000000000001000\r\n'
b'[    1.854000]  (bld): 0x0000000000001000, 0x0000000000100000\r\n'
b'[    1.859492]  (ptb): 0x0000000000101000, 0x00000000000e0000\r\n'
b'[    1.864978]  (atf): 0x00000000001e1000, 0x0000000000100000\r\n'
b'[    1.870467]  (pba): 0x00000000002e1000, 0x0000000001000000\r\n'
b'[    1.875954]  (pri): 0x00000000012e1000, 0x0000000001000000\r\n'
b'[    1.881440]  (sec): 0x00000000022e1000, 0x0000000040000000\r\n'
b'[    1.886915]  (dsp): 0x00000000422e1000, 0x0000000006400000\r\n'
b'[    1.892390]  (lnx): 0x00000000486e1000, 0x0000000026600000\r\n'
b'[    1.897877]  (swp): 0x000000006ece1000, 0x0000000300000000\r\n'
b'[    1.903365]  (add): 0x000000036ece1000, 0x0000000080000000\r\n'
b'[    1.908853]  (raw): 0x00000003eece1000, 0x000000037a31f000\r\n'
b'[    1.914338]  mmcblk0: p1(bst) p2(bld) p3(ptb) p4(atf) p5(pba) p6(pri) p7(sec) p8(dsp) p9(lnx) p10(swp) p11(add) p12(raw)\r\n'
b'[    1.957833] random: fast init done\r\n'
b'[    1.967061] mmc1: new high speed SDHC card at address aaaa\r\n'
b'[    1.972916] mmcblk1: mmc1:aaaa SC32G 29.7 GiB \r\n'
b'[    1.981079]  mmcblk1: p1\r\n'
b'[    1.998504] EXT4-fs (mmcblk0p9): recovery complete\r\n'
b'[    2.004009] EXT4-fs (mmcblk0p9): mounted filesystem with ordered data mode. Opts: (null)\r\n'
b'[    2.012116] VFS: Mounted root (ext4 filesystem) on device 179:9.\r\n'
b'[    2.018759] devtmpfs: mounted\r\n'
b'[    2.021944] Freeing unused kernel memory: 320K\r\n'
b'[    2.134827] EXT4-fs (mmcblk0p9): re-mounted. Opts: errors=remount-ro,data=ordered\r\n'
b'net.core.wmem_default = 524288\r\n'
b'net.core.wmem_max = 1048576\r\n'
b'vm.laptop_mode = 0\r\n'
b'vm.min_free_kbytes = 8192\r\n'
b'vm.vfs_cache_pressure = 160\r\n'
b'vm.dirty_expire_centisecs = 600\r\n'
b'vm.dirty_writeback_centisecs = 200\r\n'
b'vm.dirty_ratio = 3\r\n'
b'vm.dirty_background_ratio = 3\r\n'
b'[    2.253858] i2c /dev entries driver\r\n'
b'[    2.265260] ambarella-spi e0011000.spi: Ambarella spi controller 0 created.\r\r\n'
b'[    2.319817] ambcma: loading out-of-tree module taints kernel.\r\n'
b'[    2.326647] platform iav:ambcma: assigned reserved memory node iav@0x40000000\r\n'
b"[    2.625247] imgproc: module license 'Proprietary' taints kernel.\r\n"
b'[    2.631273] Disabling lock debugging due to kernel taint\r\n'
b'[    2.812152] amba_debug_init 247:0.\r\n'
b'Populating cv22_bmap using udev: Starting version v242-1.amba\r\n'
b'Done\r\n'
b'Loading CV22 private driver: [    3.158149] pps_core: LinuxPPS API ver. 1 registered\r\n'
b'[    3.163147] pps_core: Software ver. 5.3.6 - Copyright 2005-2007 Rodolfo Giometti <giometti@linux.it>\r\n'
b'[    3.181576] pps pps0: new PPS source pps.-1\r\n'
b'[    3.185837] pps pps0: Registered IRQ 52 as PPS source\r\n'
b'[    3.231642] libphy: Fixed MDIO Bus: probed\r\n'
b'[    3.365525] libphy: Ambarella MDIO Bus: probed\r\n'
b'[    3.373612] rtl9000_probe id 1c\r\n'
b'[    3.376784] rtl9000_probe id cb00\r\n'
b'[    3.380484] ambarella-eth e000e000.ethernet: Enhance Ethernet PHY[0]: 0x001ccb00!\r\n'
b'[    3.388637] ambarella-eth e000e000.ethernet: CONFIG_PTP_1588_CLOCK is not set\r\n'
b'[    3.395788] ambarella-eth e000e000.ethernet: MAC Address[5e:54:ac:4b:fc:7e].\r\n'
b'modprobe: FATAL: Module ambarella_sd not found in directory /lib/modules/4.14.181\r\n'
b'modprobe: FATAL: Module mmc_block not found in directory /lib/modules/4.14.181\r\n'
b'[    3.494356] usbcore: registered new interface driver usbfs\r\n'
b'[    3.500643] usbcore: registered new interface driver hub\r\n'
b'[    3.506329] EXT4-fs (mmcblk0p7): Unrecognized mount option "flush" or missing value\r\n'
b'[    3.506387] usbcore: registered new device driver usb\r\n'
b"[    3.532164] ehci_hcd: USB 2.0 'Enhanced' Host Controller (EHCI) Driver\r\n"
b'[    3.544396] ehci-ambarella: AMBARELLA-EHCI Host Controller driver\r\n'
b'[    3.550826] EXT4-fs (mmcblk0p8): Unrecognized mount option "flush" or missing value\r\n'
b'[    3.551506] ambarella-ehci e001f000.ehci: EHCI Host Controller\r\n'
b'[    3.564375] ambarella-ehci e001f000.ehci: new USB bus registered, assigned bus number 1\r\n'
b'[    3.573236] ambarella-ehci e001f000.ehci: irq 26, io mem 0xe001f000\r\n'
b'[    3.587501] ambarella-ehci e001f000.ehci: USB 2.0 started, EHCI 1.00\r\n'
b'[    3.594035] usb usb1: New USB device found, idVendor=1d6b, idProduct=0002\r\n'
b'[    3.600818] usb usb1: New USB device strings: Mfr=3, Product=2, SerialNumber=1\r\n'
b'[    3.608029] usb usb1: Product: EHCI Host Controller\r\n'
b'[    3.612900] usb usb1: Manufacturer: Linux 4.14.181 ehci_hcd\r\n'
b'[    3.618463] usb usb1: SerialNumber: AmbUSB\r\n'
b'[    3.623170] hub 1-0:1.0: USB hub found\r\n'
b'[    3.626957] hub 1-0:1.0: 1 port detected\r\n'
b"[    3.644641] ohci_hcd: USB 1.1 'Open' Host Controller (OHCI) Driver\r\n"
b'[    3.651306] ambarella-ohci e001e000.ohci: Ambarella OHCI\r\n'
b'[    3.656704] ambarella-ohci e001e000.ohci: new USB bus registered, assigned bus number 2\r\n'
b'[    3.664828] ambarella-ohci e001e000.ohci: irq 25, io mem 0xe001e000\r\n'
b'[    3.671191] FAT-fs (mmcblk1p1): Volume was not properly unmounted. Some data may be corrupt. Please run fsck.\r\n'
b'[    3.737665] usb usb2: New USB device found, idVendor=1d6b, idProduct=0001\r\n'
b'[    3.744448] usb usb2: New USB device strings: Mfr=3, Product=2, SerialNumber=1\r\n'
b'[    3.751659] usb usb2: Product: Ambarella OHCI\r\n'
b'[    3.756006] usb usb2: Manufacturer: Linux 4.14.181 ohci_hcd\r\n'
b'[    3.761566] usb usb2: SerialNumber: AmbUSB\r\n'
b'[    3.766128] hub 2-0:1.0: USB hub found\r\n'
b'[    3.769916] hub 2-0:1.0: 1 port detected\r\n'
b'[    3.784745] ambarella-udc e0006000.udc: ambarella_udc: version 21 Jan 2016\r\n'
b'[    3.819098] using random self ethernet address\r\n'
b'[    3.823549] using random host ethernet address\r\n'
b'[    3.828399] usb0: HOST MAC c2:1f:3a:d8:8a:6b\r\n'
b'[    3.832746] usb0: MAC 16:f2:1c:b7:27:9b\r\n'
b'[    3.836603] using random self ethernet address\r\n'
b'[    3.841040] using random host ethernet address\r\n'
b'[    3.845547] g_ether gadget: Ethernet Gadget, version: Memorial Day 2008\r\n'
b'[    3.852150] g_ether gadget: g_ether ready\r\n'
b'Install Auido...\r\n'
b'OK!\r\n'
b'Initializing random number generator... [    3.914575] random: dd: uninitialized urandom read (512 bytes read)\r\n'
b'done.\r\n'
b'run /usr/beantechs/bin/dlt-daemonstart successful\r\n'
b'/usr/beantechs/bin:/usr/untouch/bin:/usr/beantechs/unit_test:/bin:/sbin:/usr/bin:/usr/sbin:/usr/bin/X11:/usr/local/bin:/usr/local/sbin\r\n'
b'[    3.978611] ambhdmi e000b000.hdmi: Ambarella hdmi controller version:2.0 \r\n'
b'Init without VIN drivers...\r\n'
b'Default init without lens driver\r\n'
b'Use default settings\r\n'
b'map_size = 0x500000, nr_item = 4\r\n'
b'addr_offset = 0x00000000, filename = orccode.bin\r\n'
b'addr_offset = 0x00300000, filename = orcme.bin\r\n'
b'addr_offset = 0x003a0000, filename = orcmdxf.bin\r\n'
b'addr_offset = 0x003e0000, filename = default_binary.bin\r\n'
b'mmap returns 0x7fada58000\r\n'
b'loading /lib/firmware/orccode.bin...addr = 0x7fada58000, size = 0x206bbf\r\n'
b'loading /lib/firmware/orcme.bin...addr = 0x7fadd58000, size = 0x42894\r\n'
b'loading /lib/firmware/orcmdxf.bin...addr = 0x7faddf8000, size = 0x28ed0\r\n'
b'loading /lib/firmware/default_binary.bin...addr = 0x7fade38000, size = 0x6bf84\r\n'
b'===============================================\r\n'
b'ucode (CV22) version = 2020/5/25 288664.288656\r\n'
b'===============================================\r\n'
b'[    4.265504] -------------------ambrg_hw_reset---id:1,ambrg->rst_gpio[0]:51!\r\n'
b'[    5.441503] -------------------ambrg_hw_reset---id:1,ambrg->rst_gpio[0]:51!\r\n'
b'[    6.617503] -------------------ambrg_hw_reset---id:1,ambrg->rst_gpio[0]:51!\r\n'
b'[    7.793502] -------------------ambrg_hw_reset---id:1,ambrg->rst_gpio[0]:51!\r\n'
b'[    8.970502] -------------------ambrg_hw_reset---id:1,ambrg->rst_gpio[0]:51!\r\n'
b'[   10.010632] random: crng init done\r\n'
b'[   10.145502] -------------------ambrg_hw_reset---id:1,ambrg->rst_gpio[0]:51!\r\n'
b"modprobe: ERROR: could not insert 'ov2775_mipi_brg': Input/output error\r\n"
b'[   11.313313] vco = 432000000, 24000000, 1, 18, 1\r\n'
b'[   11.370508] -------------------ambrg_hw_reset---id:0,ambrg->rst_gpio[0]:35!\r\n'
b'[   11.388505] -------------------ambarella_set_vsync_gpio116_alt1\r\n'
b'[   12.446500] -------------------ambrg_hw_reset---id:0,ambrg->rst_gpio[0]:35!\r\n'
b'[   12.464504] -------------------ambarella_set_vsync_gpio116_alt1\r\n'
b'[   13.522501] -------------------ambrg_hw_reset---id:0,ambrg->rst_gpio[0]:35!\r\n'
b'[   13.540504] -------------------ambarella_set_vsync_gpio116_alt1\r\n'
b'[   14.598501] -------------------ambrg_hw_reset---id:0,ambrg->rst_gpio[0]:35!\r\n'
b'[   14.616504] -------------------ambarella_set_vsync_gpio116_alt1\r\n'
b'[   15.674502] -------------------ambrg_hw_reset---id:0,ambrg->rst_gpio[0]:35!\r\n'
b'[   15.692505] -------------------ambarella_set_vsync_gpio116_alt1\r\n'
b'[   16.750502] -------------------ambrg_hw_reset---id:0,ambrg->rst_gpio[0]:35!\r\n'
b'[   16.768504] -------------------ambarella_set_vsync_gpio116_alt1\r\n'
b"modprobe: ERROR: could not insert 'ov2311_mipi_brg': Input/output error\r\n"
b'[   17.816091] cavalry sub_scheduler0: assigned reserved memory node cavalry@0x60000000\r\n'
b'map_cavalry: phys: 0x60400000, virt: 0x7f92972000, total size: 0x100000\r\n'
b'Cavalry Ucode Version = CV22-Ver.84-20200509-58b[   17.845671] vco = 384000000, 24000000, 1, 16, 1\r\n'
b'2ac3f-hl_fw.00000001\r\n'
b'[   17.856505] vco = 1512000000, 24000000, 1, 63, 1\r\n'
b'[   17.873414] ambarella-i2c e400a000.i2c: No ACK from address 0xb4, 0:0!\r\n'
b'Start app: \r\n'
b'[   17.880978] ambarella-i2c e400a000.i2c: No ACK from address 0xb4, 0:0!\r\n'
b'found blkid\r\n'
b'[   17.888534] ambarella-i2c e400a000.i2c: No ACK from address 0xb4, 0:0!\r\n'
b'found df\r\n'
b'[   17.896416] ambarella-i2c e400a000.i2c: No ACK from address 0xb4, 0:0!\r\n'
b'[   17.903858] ambarella-i2c e400a000.i2c: No ACK from address 0xb4, 0:0!\r\n'
b'[   17.911606] ambarella-i2c e400a000.i2c: No ACK from address 0xb4, 0:0!\r\n'
b'[   17.919057] ambarella-i2c e400a000.i2c: No ACK from address 0xb4, 0:0!\r\n'
b'[   17.926549] ambarella-i2c e400a000.i2c: No ACK from address 0xb4, 0:0!\r\n'
b'[   17.934005] ambarella-i2c e400a000.i2c: No ACK from address 0xb4, 0:0!\r\n'
b'[   17.941518] ambarella-i2c e400a000.i2c: No ACK from address 0xb4, 0:0!\r\n'
b'[   17.947641] EXT4-fs (mmcblk0p7): mounted filesystem with ordered data mode. Opts: (null)\r\n'
b'[   17.948970] ambarella-i2c e400a000.i2c: No ACK from address 0xb4, 0:0!\r\n'
b'[   17.963540] ambarella-i2c e400a000.i2c: No ACK from address 0xb4, 0:0!\r\n'
b'[   17.970967] ambarella-i2c e400a000.i2c: No ACK from address 0xb4, 0:0!\r\n'
b'[   17.978660] asoc-simple-card sound: ak4637-aif <-> e000d000.i2s mapping ok\r\n'
b'[   17.986627] ambarella-i2c e400a000.i2c: No ACK from address 0xb4, 0:0!\r\n'
b'[   17.994156] ambarella-i2c e400a000.i2c: No ACK from address 0xb4, 0:0!\r\n'
b'[   18.001662] ambarella-i2c e400a000.i2c: No ACK from address 0xb4, 0:0!\r\n'
b'[   18.007063] EXT4-fs (mmcblk0p8): mounted filesystem with ordered data mode. Opts: (null)\r\n'
b'[   18.017063] ambarella-i2c e400a000.i2c: No ACK from address 0xb4, 0:0!\r\n'
b'[   18.024610] ambarella-i2c e400a000.i2c: No ACK from address 0xb4, 0:0!\r\n'
b'[   18.032064] ambarella-i2c e400a000.i2c: No ACK from address 0xb4, 0:0!\r\n'
b'[   18.039543] ambarella-i2c e400a000.i2c: No ACK from address 0xb4, 0:0!\r\n'
b'[   18.046999] ambarella-i2c e400a000.i2c: No ACK from address 0xb4, 0:0!\r\n'
b'[   18.054637] ambarella-i2c e400a000.i2c: No ACK from address 0xb4, 0:0!\r\n'
b'[   18.062137] ambarella-i2c e400a000.i2c: No ACK from address 0xb4, 0:0!\r\n'
b'[   18.083849] EXT4-fs (mmcblk0p11): mounted filesystem with ordered data mode. Opts: (null)\r\n'
b'[   18.140580] ambarella-i2c e400a000.i2c: No ACK from address 0xb4, 0:0!\r\n'
b'[   18.148258] ambarella-i2c e400a000.i2c: No ACK from address 0xb4, 0:0!\r\n'
b'[   18.155979] ambarella-i2c e400a000.i2c: No ACK from address 0xb4, 0:0!\r\n'
b'[   18.163571] ambarella-i2c e400a000.i2c: No ACK from address 0xb4, 0:0!\r\n'
b'[   18.171093] ambarella-i2c e400a000.i2c: No ACK from address 0xb4, 0:0!\r\n'
b'[   18.172002] EXT4-fs (mmcblk0p10): mounted filesystem with ordered data mode. Opts: (null)\r\n'
b'[   18.178581] ambarella-i2c e400a000.i2c: No ACK from address 0xb4, 0:0!\r\n'
b'[   18.193433] ambarella-i2c e400a000.i2c: No ACK from address 0xb4, 0:0!\r\n'
b'[   18.201060] ambarella-i2c e400a000.i2c: No ACK from address 0xb4, 0:0!\r\n'
b'[   18.208632] ambarella-i2c e400a000.i2c: No ACK from address 0xb4, 0:0!\r\n'
b'[   18.216207] ambarella-i2c e400a000.i2c: No ACK from address 0xb4, 0:0!\r\n'
b'[   18.223773] ambarella-i2c e400a000.i2c: No ACK from address 0xb4, 0:0!\r\n'
b'[   18.231264] ambarella-i2c e400a000.i2c: No ACK from address 0xb4, 0:0!\r\n'
b'[   18.238754] ambarella-i2c e400a000.i2c: No ACK from address 0xb4, 0:0!\r\n'
b'[   18.246250] ambarella-i2c e400a000.i2c: No ACK from address 0xb4, 0:0!\r\n'
b'[   18.254066] ambarella-i2c e400a000.i2c: No ACK from address 0xb4, 0:0!\r\n'
b'[   18.261694] ambarella-i2c e400a000.i2c: No ACK from address 0xb4, 0:0!\r\n'
b'[   18.266129] EXT4-fs (mmcblk0p12): mounted filesystem with ordered data mode. Opts: (null)\r\n'
b'[   18.269215] ambarella-i2c e400a000.i2c: No ACK from address 0xb4, 0:0!\r\n'
b'Start app: \r\n'
b'OK!\r\n'
b'[   18.284015] ambarella-i2c e400a000.i2c: No ACK from address 0xb4, 0:0!\r\n'
b'[   18.292073] ambarella-i2c e400a000.i2c: No ACK from address 0xb4, 0:0!\r\n'
b'Starting network...\r\n'
b'[   18.299627] ambarella-i2c e400a000.i2c: No ACK from address 0xb4, 0:0!\r\n'
b'[   18.308168] ambarella-i2c e400a000.i2c: No ACK from address 0xb4, 0:0!\r\n'
b'[   18.315844] ambarella-i2c e400a000.i2c: No ACK from address 0xb4, 0:0!\r\n'
b'[   18.323419] ambarella-i2c e400a000.i2c: No ACK from address 0xb4, 0:0!\r\n'
b'[   18.331109] ambarella-i2c e400a000.i2c: No ACK from address 0xb4, 0:0!\r\n'
b'[   18.338615] ambarella-i2c e400a000.i2c: No ACK from address 0xb4, 0:0!\r\n'
b'[   18.345141] ak4637 2-005a: ASoC: SPKLO Mixer DAPM update failed: -16\r\n'
b'[   18.352567] ambarella-i2c e400a000.i2c: No ACK from address 0xb4, 0:0!\r\n'
b'[   18.360055] ambarella-i2c e400a000.i2c: No ACK from address 0xb4, 0:0!\r\n'
b'[   18.366587] ak4637 2-005a: ASoC: SPKLO MUX DAPM update failed: -16\r\n'
b'[   18.373893] ambarella-i2c e400a000.i2c: No ACK from address 0xb4, 0:0!\r\n'
b'[   18.380421] ak4637 2-005a: ASoC: PFSDO MUX DAPM update failed: -16\r\n'
b'[   18.387583] ambarella-i2c e400a000.i2c: No ACK from address 0xb4, 0:0!\r\n'
b'[   18.395074] ambarella-i2c e400a000.i2c: No ACK from address 0xb4, 0:0!\r\n'
b'[   18.401599] ak4637 2-005a: ASoC: PFIL MUX DAPM update failed: -16\r\n'
b'[   18.409050] ambarella-i2c e400a000.i2c: No ACK from address 0xb4, 0:0!\r\n'
b'[   18.416538] ambarella-i2c e400a000.i2c: No ACK from address 0xb4, 0:0!\r\n'
b'[   18.423082] ak4637 2-005a: ASoC: MIC MUX DAPM update failed: -16\r\n'
b'[InstanceSpecifier] size= 21: service/monitorServer\r\n'
b'SupervisedEntity sv_specifier_:service/monitorServer, len:21\r\n'
b'the open the file is successful,fd=5.\r\n'
b'read 16 Byte\r\n'
b'write successful 16\r\n'
b'name:plf_health_mgmt\r\n'
b'~ClassPointer\r\n'
b'get msg id 0\r\n'
b'the open the file is successful,fd=5.\r\n'
b'~InstanceSpecifier\r\n'
b'/usr/beantechs/etc//system.xml\r\n'
b'monitor print_type == 0\r\n'
b'the open the file is successful,fd=6.\r\n'
b'read 50 Byte\r\n'
b'msg queue name[4]: mediaServer\r\n'
b'msg queue name[5]: cvServer\r\n'
b'msg queue name[6]: recoderServer\r\n'
b'msg queue name[7]: osdServer\r\n'
b'msg queue name[8]: monitorServer\r\n'
b'write successful 109\r\n'
b'name:plf_health_mgmt\r\n'
b'name:phm\r\n'
b'name:data_distribution\r\n'
b'name:V2cloudStub\r\n'
b'name:mediaServer\r\n'
b'name:cvServer\r\n'
b'name:recoderServer\r\n'
b'name:osdServer\r\n'
b'name:monitorServer\r\n'
b'~ClassPointer\r\n'
b'get msg id 0\r\n'
b'get msg id 32769\r\n'
b'get msg id 65538\r\n'
b'get msg id 98307\r\n'
b'creat msg id 131076\r\n'
b'creat msg id 163845\r\n'
b'creat msg id 196614\r\n'
b'creat msg id 229383\r\n'
b'creat msg id 262152\r\n'
b'the open the file is successful,fd=6.\r\n'
b'\x1b[1;37mConnection established with kernel.\x1b[0m\r\n'
b'[InstanceSpecifier] size= 18: exe0/TestLibphmApp\r\n'
b'HealthChannel sv_specifier_:exe0/TestLibphmApp, len:18\r\n'
b'the open the file is successful,fd=7.\r\n'
b'read 109 Byte\r\n'
b'write successful 109\r\n'
b'name:plf_health_mgmt\r\n'
b'name:phm\r\n'
b'name:data_distribution\r\n'
b'name:V2cloudStub\r\n'
b'name:mediaServer\r\n'
b'name:cvServer\r\n'
b'name:recoderServer\r\n'
b'name:osdServer\r\n'
b'name:monitorServer\r\n'
b'~ClassPointer\r\n'
b'get msg id 0\r\n'
b'get msg id 32769\r\n'
b'get msg id 65538\r\n'
b'get msg id 98307\r\n'
b'get msg id 131076\r\n'
b'get msg id 163845\r\n'
b'get msg id 196614\r\n'
b'get msg id 229383\r\n'
b'get msg id 262152\r\n'
b'the open the file is successful,fd=7.\r\n'
b'~InstanceSpecifier\r\n'
b'[InstanceSpecifier] size= 17: service/osdServer\r\n'
b'SupervisedEntity sv_specifier_:service/osdServer, len:17\r\n'
b'the open the file is successful,fd=5.\r\n'
b'read 126 Byte\r\n'
b'write successful 126\r\n'
b'name:plf_health_mgmt\r\n'
b'name:phm\r\n'
b'name:data_distribution\r\n'
b'name:V2cloudStub\r\n'
b'name:mediaServer\r\n'
b'name:cvServer\r\n'
b'name:recoderServer\r\n'
b'name:osdServer\r\n'
b'name:monitorServer\r\n'
b'name:data_integration\r\n'
b'~ClassPointer\r\n'
b'get msg id 0\r\n'
b'get msg id 32769\r\n'
b'get msg id 65538\r\n'
b'get msg id 98307\r\n'
b'get msg id 131076\r\n'
b'get msg id 163845\r\n'
b'get msg id 196614\r\n'
b'get msg id 229383\r\n'
b'get msg id 262152\r\n'
b'get msg id 294921\r\n'
b'the open the file is successful,fd=5.\r\n'
b'~InstanceSpecifier\r\n'
b'Configure file path[/usr/beantechs/etc/oryx]\r\n'
b'[InstanceSpecifier] size= 24: untouch/oms_msg_receiver\r\n'
b'SupervisedEntity sv_specifier_:untouch/oms_msg_receiver, len:24\r\n'
b'[InstanceSpecifier] size= 24: untouch/dms_msg_receiver\r\n'
b'the open the file is successful,fd=3.\r\n'
b'SupervisedEntity sv_specifier_:untouch/dms_msg_receiver, len:24\r\n'
b'read 126 Byte\r\n'
b'write successful 126\r\n'
b'name:plf_health_mgmt\r\n'
b'the open the file is successful,fd=3.\r\n'
b'name:phm\r\n'
b'read 126 Byte\r\n'
b'name:data_distribution\r\n'
b'name:V2cloudStub\r\n'
b'name:mediaServer\r\n'
b'name:cvServer\r\n'
b'write successful 126\r\n'
b'name:recoderServer\r\n'
b'name:plf_health_mgmt\r\n'
b'name:osdServer\r\n'
b'name:monitorServer\r\n'
b'name:phm\r\n'
b'name:data_integration\r\n'
b'name:data_distribution\r\n'
b'name:V2cloudStub\r\n'
b'name:mediaServer\r\n'
b'~ClassPointer\r\n'
b'name:cvServer\r\n'
b'name:recoderServer\r\n'
b'get msg id 0\r\n'
b'name:osdServer\r\n'
b'get msg id 32769\r\n'
b'name:monitorServer\r\n'
b'get msg id 65538\r\n'
b'name:data_integration\r\n'
b'get msg id 98307\r\n'
b'get msg id 131076\r\n'
b'get msg id 163845\r\n'
b'~ClassPointer\r\n'
b'get msg id 196614\r\n'
b'get msg id 0\r\n'
b'get msg id 229383\r\n'
b'get msg id 32769\r\n'
b'get msg id 262152\r\n'
b'get msg id 65538\r\n'
b'get msg id 294921\r\n'
b'get msg id 98307\r\n'
b'get msg id 131076\r\n'
b'the open the file is successful,fd=3.\r\n'
b'get msg id 163845\r\n'
b'get msg id 196614\r\n'
b'get msg id 229383\r\n'
b'get msg id 262152\r\n'
b'get msg id 294921\r\n'
b'~InstanceSpecifier\r\n'
b'the open the file is successful,fd=3.\r\n'
b'~InstanceSpecifier\r\n'
b'[\x1b[1;31m ERROR\x1b[0m]\x1b[36m[\x1b[0m\x1b[1;37m 846\x1b[0m\x1b[36m: am_platform_iav5.cpp: sensor_info_get()]: \x1b[0m\x1b[31mIAV_IOC_VIN_GET_DEVINFO: No such device\x1b[0m\r\n'
b'[\x1b[1;31m ERROR\x1b[0m]\x1b[36m[\x1b[0m\x1b[1;37m 111\x1b[0m\x1b[36m: am_vin_control.cpp: create_vin_devices()]: \x1b[0m\x1b[31mFaild to get VIN[0] info!\x1b[0m\r\n'
b'[\x1b[1;31m ERROR\x1b[0m]\x1b[36m[\x1b[0m\x1b[1;37m 846\x1b[0m\x1b[36m: am_platform_iav5.cpp: sensor_info_get()]: \x1b[0m\x1b[31mIAV_IOC_VIN_GET_DEVINFO: No such device\x1b[0m\r\n'
b'[\x1b[1;31m ERROR\x1b[0m]\x1b[36m[\x1b[0m\x1b[1;37m 111\x1b[0m\x1b[36m: am_vin_control.cpp: create_vin_devices()]: \x1b[0m\x1b[31mFaild to get VIN[1] info!\x1b[0m\r\n'
b'[\x1b[1;31m ERROR\x1b[0m]\x1b[36m[\x1b[0m\x1b[1;37m 846\x1b[0m\x1b[36m: am_platform_iav5.cpp: sensor_info_get()]: \x1b[0m\x1b[31mIAV_IOC_VIN_GET_DEVINFO: No such device\x1b[0m\r\n'
b'[\x1b[1;31m ERROR\x1b[0m]\x1b[36m[\x1b[0m\x1b[1;37m 111\x1b[0m\x1b[36m: am_vin_control.cpp: create_vin_devices()]: \x1b[0m\x1b[31mFaild to get VIN[2] info!\x1b[0m\r\n'
b'[\x1b[1;31m ERROR\x1b[0m]\x1b[36m[\x1b[0m\x1b[1;37m 132\x1b[0m\x1b[36m: am_vin_control.cpp: create_vin_devices()]: \x1b[0m\x1b[31mNo Vin Enabled!\x1b[0m\r\n'
b'[\x1b[1;31m ERROR\x1b[0m]\x1b[36m[\x1b[0m\x1b[1;37m 132\x1b[0m\x1b[36m: am_encode_device.cpp: init()]: \x1b[0m\x1b[31mFailed to create vin devices!\x1b[0m\r\n'
b'[\x1b[1;31m ERROR\x1b[0m]\x1b[36m[\x1b[0m\x1b[1;37m 118\x1b[0m\x1b[36m: am_video_camera.cpp: init()]: \x1b[0m\x1b[31mFailed to create AMEncodeDevice!\x1b[0m\r\n'
b'\x1b[1m\x1b[45;33m [ERROR]:\x1b[0mVideoService get instance failed\r\n'
b'\r\n'
b'\x1b[1m\x1b[45;33m [ERROR]:\x1b[0mCreate instance failed!!!!\r\n'
b'\x1b[1m\x1b[45;33m [ERROR]:\x1b[0mGet oryx modules instance failed!\r\n'
b'\r\n'
b'[\x1b[1;31m ERROR\x1b[0m]\x1b[36m[\x1b[0m\x1b[1;37m  74\x1b[0m\x1b[36m: am_signal_unwind.cpp: void critical_error_handler()]: \x1b[0m\x1b[31mCaught signal "Segmentation fault(11)", accessing address(           (nil)) from 0x0000555e3fca80!\x1b[0m\r\n'
b'[\x1b[1;31m ERROR\x1b[0m]\x1b[36m[\x1b[0m\x1b[1;37m  75\x1b[0m\x1b[36m: am_signal_unwind.cpp: void critical_error_handler()]: \x1b[0m\x1b[31mRegister dump:\x1b[0m\r\n'
b'[\x1b[1;31m ERROR\x1b[0m]\x1b[36m[\x1b[0m\x1b[1;37m  78\x1b[0m\x1b[36m: am_signal_unwind.cpp: void critical_error_handler()]: \x1b[0m\x1b[31mReg[ 0]: 0x0000000000000000\x1b[0m\r\n'
b'[\x1b[1;31m ERROR\x1b[0m]\x1b[36m[\x1b[0m\x1b[1;37m  78\x1b[0m\x1b[36m: am_signal_unwind.cpp: void critical_error_handler()]: \x1b[0m\x1b[31mReg[ 1]: 0x0000007fc614fa20\x1b[0m\r\n'
b'[\x1b[1;31m ERROR\x1b[0m]\x1b[36m[\x1b[0m\x1b[1;37m  78\x1b[0m\x1b[36m: am_signal_unwind.cpp: void critical_error_handler()]: \x1b[0m\x1b[31mReg[ 2]: 0x0000007fc614fa40\x1b[0m\r\n'
b'[\x1b[1;31m ERROR\x1b[0m]\x1b[36m[\x1b[0m\x1b[1;37m  78\x1b[0m\x1b[36m: am_signal_unwind.cpp: void critical_error_handler()]: \x1b[0m\x1b[31mReg[ 3]: 0x0000000000000000\x1b[0m\r\n'
b'[\x1b[1;31m ERROR\x1b[0m]\x1b[36m[\x1b[0m\x1b[1;37m  78\x1b[0m\x1b[36m: am_signal_unwind.cpp: void critical_error_handler()]: \x1b[0m\x1b[31mReg[ 4]: 0x0000007fc614fb48\x1b[0m\r\n'
b'[\x1b[1;31m ERROR\x1b[0m]\x1b[36m[\x1b[0m\x1b[1;37m  78\x1b[0m\x1b[36m: am_signal_unwind.cpp: void critical_error_handler()]: \x1b[0m\x1b[31mReg[ 5]: 0x0000000000000004\x1b[0m\r\n'
b'[\x1b[1;31m ERROR\x1b[0m]\x1b[36m[\x1b[0m\x1b[1;37m  78\x1b[0m\x1b[36m: am_signal_unwind.cpp: void critical_error_handler()]: \x1b[0m\x1b[31mReg[ 6]: 0x0000000000000009\x1b[0m\r\n'
b'[\x1b[1;31m ERROR\x1b[0m]\x1b[36m[\x1b[0m\x1b[1;37m  78\x1b[0m\x1b[36m: am_signal_unwind.cpp: void critical_error_handler()]: \x1b[0m\x1b[31mReg[ 7]: 0x000000000000000a\x1b[0m\r\n'
b'[\x1b[1;31m ERROR\x1b[0m]\x1b[36m[\x1b[0m\x1b[1;37m  78\x1b[0m\x1b[36m: am_signal_unwind.cpp: void critical_error_handler()]: \x1b[0m\x1b[31mReg[ 8]: 0x0000000000000040\x1b[0m\r\n'
b'[\x1b[1;31m ERROR\x1b[0m]\x1b[36m[\x1b[0m\x1b[1;37m  78\x1b[0m\x1b[36m: am_signal_unwind.cpp: void critical_error_handler()]: \x1b[0m\x1b[31mReg[ 9]: 0x64656c6961662065\x1b[0m\r\n'
b'[\x1b[1;31m ERROR\x1b[0m]\x1b[36m[\x1b[0m\x1b[1;37m  78\x1b[0m\x1b[36m: am_signal_unwind.cpp: void critical_error_handler()]: \x1b[0m\x1b[31mReg[10]: 0x6d207879726f2074\x1b[0m\r\n'
b'[\x1b[1;31m ERROR\x1b[0m]\x1b[36m[\x1b[0m\x1b[1;37m  78\x1b[0m\x1b[36m: am_signal_unwind.cpp: void critical_error_handler()]: \x1b[0m\x1b[31mReg[11]: 0x692073656c75646f\x1b[0m\r\n'
b'[\x1b[1;31m ERROR\x1b[0m]\x1b[36m[\x1b[0m\x1b[1;37m  78\x1b[0m\x1b[36m: am_signal_unwind.cpp: void critical_error_handler()]: \x1b[0m\x1b[31mReg[12]: 0x2065636e6174736e\x1b[0m\r\n'
b'[\x1b[1;31m ERROR\x1b[0m]\x1b[36m[\x1b[0m\x1b[1;37m  78\x1b[0m\x1b[36m: am_signal_unwind.cpp: void critical_error_handle[   19.314967] ambarella-i2c e400a000.i2c: No ACK from address 0xb4, 0:0!\r\n'
b'r()]: \x1b[0m\x1b[31mReg[13]: 0x0a2164656c696166\x1b[0m\r\n'
b'[\x1b[1;31m ERROR\x1b[0m]\x1b[36m[\x1b[0m\x1b[1;37m  78\x1b[0m\x1b[36m: am_signal_unwind.cpp: void critical_error_handler()]: \x1b[0m\x1b[31mReg[14]: 0x0000000000000000\x1b[0m\r\n'
b'[\x1b[1;31m ERROR\x1b[0m]\x1b[36m[\x1b[0m\x1b[1;37m  78\x1b[0m\x1b[36m: am_signal_unwind.cpp: void[   19.345830] ambarella-i2c e400a000.i2c: No ACK from address 0xb4, 0:0!\r\n'
b' critical_error_[   19.353874] ambarella-i2c e400a000.i2c: No ACK from address 0xb4, 0:0!\r\n'
b'handler()]: \x1b[0m[   19.361760] ambarella-i2c e400a000.i2c: No ACK from address 0xb4, 0:0!\r\n'
b'\x1b[31mReg[15]: 0x[   19.369618] ambarella-i2c e400a000.i2c: No ACK from address 0xb4, 0:0!\r\n'
b'000000000000070b\x1b[0m\r\n'
b'[\x1b[1;31m ERROR\x1b[0m]\x1b[36m[\x1b[0m\x1b[1;37m  78\x1b[[   19.380749] ambarella-i2c e400a000.i2c: No ACK from address 0xb4, 0:0!\r\n'
b'0m\x1b[36m: am_sign[   19.389608] ambarella-i2c e400a000.i2c: No ACK from address 0xb4, 0:0!\r\n'
b'al_unwind.cpp: v[   19.397532] ambarella-i2c e400a000.i2c: No ACK from address 0xb4, 0:0!\r\n'
b'oid critical_err[   19.405325] ambarella-i2c e400a000.i2c: No ACK from address 0xb4, 0:0!\r\n'
b'or_handler()]: \x1b[   19.413217] ambarella-i2c e400a000.i2c: No ACK from address 0xb4, 0:0!\r\n'
b'[0m\x1b[31mReg[16]:[   19.421163] ambarella-i2c e400a000.i2c: No ACK from address 0xb4, 0:0!\r\n'
b' 0x000000555e41d[   19.429153] ambarella-i2c e400a000.i2c: No ACK from address 0xb4, 0:0!\r\n'
b'098\x1b[0m\r\n'
b'[\x1b[1;31m ERROR\x1b[0m]\x1b[36m[\x1b[0m\x1b[1;37m  78\x1b[0m\x1b[36m: am_signal_unwind.cpp: void critical_error_handler()]: \x1b[0m\x1b[31mReg[17]: 0x0000007fadbd8ac0\x1b[0m\r\n'
b'[\x1b[1;31m ERROR\x1b[0m]\x1b[36m[\x1b[0m\x1b[1;37m  78\x1b[0m\x1b[36m: am_signal_unwind.cpp: void critical_error_handler()]: \x1b[0m\x1b[31mReg[18]: 0x000000000000002f\x1b[0m\r\n'
b'[\x1b[1;31m ERROR\x1b[0m]\x1b[36m[\x1b[0m\x1b[1;37m  78\x1b[0m\x1b[36m: am_signal_unwind.cpp: void critical_error_handler()]: \x1b[0m\x1b[31mReg[19]: 0x0000007fc614fa20\x1b[0m\r\n'
b'/usr/beantechs/etc/config/dms_data_process.xml\r\n'
b'/usr/beantechs/etc/config/dms_data_process.xml\r\n'
b'ip: RTNETLINK answers: File exists\r\n'
b'dms_data_process/message/process_dms:untouch_dms_app\r\n'
b'dms_data_process/message/process_oms:untouch_oms_app\r\n'
b'dms_data_process/message/process_own_dms:receiver_dms_demo\r\n'
b'dms_data_process/message/process_own_oms:receiver_oms_demo\r\n'
b'dms_data_process/message/process_mcu:data_distribution\r\n'
b'dms_data_process/message/process_mcu:data_distribution\r\n'
b'dms_data_process/message/process_msvr:recoderServer\r\n'
b'dms_data_process/message/process_msvr:recoderServer\r\n'
b'dms_data_process/message/process_osd:osdServer\r\n'
b'dms_data_process/message/process_osd:osdServer\r\n'
b'dms_data_process/configList/log_switch:1\r\n'
b'dms_data_process/configList/log_switch:1\r\n'
b'ShareMemory is ctor!\r\n'
b'ShareMemory is ctor!\r\n'
b'ShareMemory is get\r\n'
b'ShareMemory is get\r\n'
b'untouch_response_dms created!\r\n'
b'untouch_response_oms created!\r\n'
b'67104768 left for ShareMemory!\r\n'
b'67104768 left for ShareMemory!\r\n'
b'the open the file is successful,fd=6.\r\n'
b'the open the file is successful,fd=6.\r\n'
b'read 154 Byte\r\n'
b'read 154 Byte\r\n'
b'msg queue name[12]: receiver_oms_demo\r\n'
b'msg queue name[12]: receiver_dms_demo\r\n'
b'msg queue name[13]: untouch_oms_app\r\n'
b'msg queue name[13]: untouch_dms_app\r\n'
b'write successful 188\r\n'
b'write successful 188\r\n'
b'name:plf_health_mgmt\r\n'
b'name:plf_health_mgmt\r\n'
b'name:phm\r\n'
b'name:phm\r\n'
b'name:data_distribution\r\n'
b'name:data_distribution\r\n'
b'name:V2cloudStub\r\n'
b'name:V2cloudStub\r\n'
b'name:mediaServer\r\n'
b'name:mediaServer\r\n'
b'name:cvServer\r\n'
b'name:cvServer\r\n'
b'name:recoderServer\r\n'
b'name:recoderServer\r\n'
b'name:osdServer\r\n'
b'name:osdServer\r\n'
b'name:monitorServer\r\n'
b'name:monitorServer\r\n'
b'[\x1b[1;31m ERROR\x1b[0m]\x1b[36m[\x1b[0m\x1b[1;37m 846\x1b[0m\x1b[36m: am_platform_iav5.cpp: sensor_info_get()]: \x1b[0m\x1b[31mIAV_IOC_VIN_GET_DEVINFO: No such device\x1b[0m\r\n'
b'name:data_integration\r\n'
b'name:gps_service\r\n'
b'name:test_gps_client\r\n'
b'[\x1b[1;31m ERROR\x1b[0m]\x1b[36m[\x1b[0m\x1b[1;37m 111\x1b[0m\x1b[36m: am_vin_control.cpp: create_vin_devices()]: \x1b[0m\x1b[31mFaild to get VIN[0] info!\x1b[0m\r\n'
b'name:receiver_dms_demo\r\n'
b'name:untouch_dms_app\r\n'
b'~ClassPointer\r\n'
b'get msg id 0\r\n'
b'[\x1b[1;31m ERROR\x1b[0m]\x1b[36m[\x1b[0m\x1b[1;37m 846\x1b[0m\x1b[36m: am_platform_iav5.cpp: sensor_info_get()]: \x1b[0m\x1b[31mIAV_IOC_VIN_GET_DEVINFO: No such device\x1b[0m\r\n'
b'get msg id 32769\r\n'
b'get msg id 65538\r\n'
b'get msg id 98307\r\n'
b'[\x1b[1;31m ERROR\x1b[0m]\x1b[36m[\x1b[0m\x1b[1;37m 111\x1b[0m\x1b[36m: am_vin_control.cpp: create_vin_devices()]: \x1b[0m\x1b[31mFaild to get VIN[1] info!\x1b[0m\r\n'
b'[\x1b[1;31m ERROR\x1b[0m]\x1b[36m[\x1b[0m\x1b[1;37m  78\x1b[0m\x1b[36m: am_signal_unwind.cpp: void critical_error_handler()]: \x1b[0m\x1b[31mReg[20]: 0x000000555e41c000\x1b[0m\r\n'
b'name:data_integration\r\n'
b'[\x1b[1;31m ERROR\x1b[0m]\x1b[36m[\x1b[0m\x1b[1;37m 846\x1b[0m\x1b[36m: am_platform_iav5.cpp: sensor_info_get()]: \x1b[0m\x1b[31mIAV_IOC_VIN_GET_DEVINFO: No such device\x1b[0m\r\n'
b'[\x1b[1;31m ERROR\x1b[0m]\x1b[36m[\x1b[0m\x1b[1;37m  78\x1b[0m\x1b[36m: am_signal_unwind.cpp: void critical_error_handler()]: \x1b[0m\x1b[31mReg[21]: 0x0000007fc614fc40\x1b[0m\r\n'
b'name:gps_service\r\n'
b'[\x1b[1;31m ERROR\x1b[0m]\x1b[36m[\x1b[0m\x1b[1;37m 111\x1b[0m\x1b[36m: am_vin_control.cpp: create_vin_devices()]: \x1b[0m\x1b[31mFaild to get VIN[2] info!\x1b[0m\r\n'
b'name:test_gps_client\r\n'
b'[\x1b[1;31m ERROR\x1b[0m]\x1b[36m[\x1b[0m\x1b[1;37m  78\x1b[0m\x1b[36m: am_signal_unwind.cpp: void critical_error_handler()]: \x1b[0m\x1b[31mReg[22]: 0x0000007fc614fa40\x1b[0m\r\n'
b'name:receiver_oms_demo\r\n'
b'[\x1b[1;31m ERROR\x1b[0m]\x1b[36m[\x1b[0m\x1b[1;37m 132\x1b[0m\x1b[36m: am_vin_control.cpp: create_vin_devices()]: \x1b[0m\x1b[31mNo Vin Enabled!\x1b[0m\r\n'
b'name:untouch_oms_app\r\n'
b'[\x1b[1;31m ERROR\x1b[0m]\x1b[36m[\x1b[0m\x1b[1;37m  78\x1b[0m\x1b[36m: am_signal_unwind.cpp: void critical_error_handler()]: \x1b[0m\x1b[31mReg[23]: 0x000000555e41c000\x1b[0m\r\n'
b'[\x1b[1;31m ERROR\x1b[0m]\x1b[36m[\x1b[0m\x1b[1;37m 132\x1b[0m\x1b[36m: am_encode_device.cpp: init()]: \x1b[0m\x1b[31mFailed to create vin devices!\x1b[0m\r\n'
b'[\x1b[1;31m ERROR\x1b[0m]\x1b[36m[\x1b[0m\x1b[1;37m  78\x1b[0m\x1b[36m: am_signal_unwind.cpp: void critical_error_handler()]: \x1b[0m\x1b[31mReg[24]: 0x0000007fc614fbd8\x1b[0m\r\n'
b'~ClassPointer\r\n'
b'get msg id 0\r\n'
b'[\x1b[1;31m ERROR\x1b[0m]\x1b[36m[\x1b[0m\x1b[1;37m  78\x1b[0m\x1b[36m: am_signal_unwind.cpp: void critical_error_handler()]: \x1b[0m\x1b[31mReg[25]: 0x0000007fc614fbb0\x1b[0m\r\n'
b'get msg id 32769\r\n'
b'get msg id 65538\r\n'
b'get msg id 98307\r\n'
b'[\x1b[1;31m ERROR\x1b[0m]\x1b[36m[\x1b[0m\x1b[1;37m  78\x1b[0m\x1b[36m: am_signal_unwind.cpp: void critical_error_handler()]: \x1b[0m\x1b[31mReg[26]: 0x0000000000000000\x1b[0m\r\n'
b'get msg id 131076\r\n'
b'get msg id 163845\r\n'
b'get msg id 196614\r\n'
b'[\x1b[1;31m ERROR\x1b[0m]\x1b[36m[\x1b[0m\x1b[1;37m  78\x1b[0m\x1b[36m: am_signal_unwind.cpp: void critical_error_handler()]: \x1b[0m\x1b[31mReg[27]: 0x00000055843caf70\x1b[0m\r\n'
b'get msg id 229383\r\n'
b'get msg id 262152\r\n'
b'get msg id 294921\r\n'
b'[\x1b[1;31m ERROR\x1b[0m]\x1b[36m[\x1b[0m\x1b[1;37m  78\x1b[0m\x1b[36m: am_signal_unwind.cpp: void critical_error_handler()]: \x1b[0m\x1b[31mReg[28]: 0x0000000000000000\x1b[0m\r\n'
b'get msg id 327690\r\n'
b'get msg id 360459\r\n'
b'get msg id 393228\r\n'
b'[\x1b[1;31m ERROR\x1b[0m]\x1b[36m[\x1b[0m\x1b[1;37m  78\x1b[0m\x1b[36m: am_signal_unwind.cpp: void critical_error_handler()]: \x1b[0m\x1b[31mReg[29]: 0x0000007fc614f9e0\x1b[0m\r\n'
b'get msg id 425997\r\n'
b'[\x1b[1;31m ERROR\x1b[0m]\x1b[36m[\x1b[0m\x1b[1;37m 118\x1b[0m\x1b[36m: am_video_camera.cpp: init()]: \x1b[0m\x1b[31mFailed to create AMEncodeDevice!\x1b[0m\r\n'
b'[\x1b[1;31m ERROR\x1b[0m]\x1b[36m[\x1b[0m\x1b[1;37m  78\x1b[0m\x1b[36m: am_signal_unwind.cpp: void critical_error_handler()]: \x1b[0m\x1b[31mReg[30]: 0x000000555e3fca70\x1b[0m\r\n'
b'the open the file is successful,fd=6.\r\n'
b'[\x1b[1;31m ERROR\x1b[0m]\x1b[36m[\x1b[0m\x1b[1;37m  74\x1b[0m\x1b[36m: am_signal_unwind.cpp: void critical_error_handler()]: \x1b[0m\x1b[31mCaught signal "Segmentation fault(11)", accessing address(           (nil)) from 0x0000556aeb1d30!\x1b[0m\r\n'
b'[\x1b[1;31m ERROR\x1b[0m]\x1b[36m[\x1b[0m\x1b[1;37m  75\x1b[0m\x1b[36m: am_signal_unwind.cpp: void critical_error_handler()]: \x1b[0m\x1b[31mRegister dump:\x1b[0m\r\n'
b'[\x1b[1;31m ERROR\x1b[0m]\x1b[36m[\x1b[0m\x1b[1;37m  78\x1b[0m\x1b[36m: am_signal_unwind.cpp: void critical_error_handler()]: \x1b[0m\x1b[31mReg[ 0]: 0x0000000000000000\x1b[0m\r\n'
b'ifup: interface eth0 already configured\r\n'
b'get msg id 131076\r\n'
b'get msg id 163845\r\n'
b'get msg id 196614\r\n'
b'get msg id 229383\r\n'
b'get msg id 262152\r\n'
b'get msg id 294921\r\n'
b'get msg id 327690\r\n'
b'get msg id 360459\r\n'
b'get msg id 393228\r\n'
b'get msg id 425997\r\n'
b'the open the file is successful,fd=6.\r\n'
b'[\x1b[1;31m ERROR\x1b[0m]\x1b[36m[\x1b[0m\x1b[1;37m 157\x1b[0m\x1b[36m: am_signal_unwind.cpp: void critical_error_handler()]: \x1b[0m\x1b[31m#0 : [Function: 0x0000007fae04e668] sp=0x0000007fc614e760  + 0x0\x1b[0m\r\n'
b'[\x1b[1;31m ERROR\x1b[0m]\x1b[36m[\x1b[0m\x1b[1;37m  78\x1b[0m\x1b[36m: am_signal_unwind.cpp: void critical_error_handler()]: \x1b[0m\x1b[31mReg[ 1]: 0x0000007fe8839b80\x1b[0m\r\n'
b'[\x1b[1;31m ERROR\x1b[0m]\x1b[36m[\x1b[0m\x1b[1;37m  78\x1b[0m\x1b[36m: am_signal_unwind.cpp: void critical_error_handler()]: \x1b[0m\x1b[31mReg[ 2]: 0x0000007fe8839ba0\x1b[0m\r\n'
b'[\x1b[1;31m ERROR\x1b[0m]\x1b[36m[\x1b[0m\x1b[1;37m  78\x1b[0m\x1b[36m: am_signal_unwind.cpp: void critical_error_handler()]: \x1b[0m\x1b[31mReg[ 3]: 0x0000000000000000\x1b[0m\r\n'
b'[\x1b[1;31m ERROR\x1b[0m]\x1b[36m[\x1b[0m\x1b[1;37m  78\x1b[0m\x1b[36m: am_signal_unwind.cpp: void critical_error_handler()]: \x1b[0m\x1b[31mReg[ 4]: 0x0000007fe8839ca8\x1b[0m\r\n'
b'[\x1b[1;31m ERROR\x1b[0m]\x1b[36m[\x1b[0m\x1b[1;37m  78\x1b[0m\x1b[36m: am_signal_unwind.cpp: void critical_error_handler()]: \x1b[0m\x1b[31mReg[ 5]: 0x0000000000000004\x1b[0m\r\n'
b'[\x1b[1;31m ERROR\x1b[0m]\x1b[36m[\x1b[0m\x1b[1;37m  78\x1b[0m\x1b[36m: am_signal_unwind.cpp: void critical_error_handler()]: \x1b[0m\x1b[31mReg[ 6]: 0x726553616964656d\x1b[0m\r\n'
b'[\x1b[1;31m ERROR\x1b[0m]\x1b[36m[\x1b[0m\x1b[1;37m  78\x1b[0m\x1b[36m: am_signal_unwind.cpp: void critical_error_handler()]: \x1b[0m\x1b[31mReg[ 7]: 0x7265767265536169\x1b[0m\r\n'
b'[\x1b[1;31m ERROR\x1b[0m]\x1b[36m[\x1b[0m\x1b[1;37m  78\x1b[0m\x1b[36m: am_signal_unwind.cpp: void critical_error_handler()]: \x1b[0m\x1b[31mReg[ 8]: 0x636e6174736e6920\x1b[0m\r\n'
b'[\x1b[1;31m ERROR\x1b[0m]\x1b[36m[\x1b[0m\x1b[1;37m  78\x1b[0m\x1b[36m: am_signal_unwind.cpp: void critical_error_handler()]: \x1b[0m\x1b[31mReg[ 9]: 0x64656c6961662065\x1b[0m\r\n'
b'[\x1b[1;31m ERROR\x1b[0m]\x1b[36m[\x1b[0m\x1b[1;37m  78\x1b[0m\x1b[36m: am_signal_unwind.cpp: void critical_error_handler()]: \x1b[0m\x1b[31mReg[10]: 0x6d207879726f2074\x1b[0m\r\n'
b'[\x1b[1;31m ERROR\x1b[0m]\x1b[36m[\x1b[0m\x1b[1;37m  78\x1b[0m\x1b[36m: am_signal_unwind.cpp: void critical_error_handler()]: \x1b[0m\x1b[31mReg[11]: 0x692073656c75646f\x1b[0m\r\n'
b'[\x1b[1;31m ERROR\x1b[0m]\x1b[36m[\x1b[0m\x1b[1;37m  78\x1b[0m\x1b[36m: am_signal_unwind.cpp: void critical_error_handler()]: \x1b[0m\x1b[31mReg[12]: 0x2065636e6174736e\x1b[0m\r\n'
b'[\x1b[1;31m ERROR\x1b[0m]\x1b[36m[\x1b[0m\x1b[1;37m  78\x1b[0m\x1b[36m: am_signal_unwind.cpp: void critical_error_handler()]: \x1b[0m\x1b[31mReg[13]: 0x0a2164656c696166\x1b[0m\r\n'
b'[\x1b[1;31m ERROR\x1b[0m]\x1b[36m[\x1b[0m\x1b[1;37m  78\x1b[0m\x1b[36m: am_signal_unwind.cpp: void critical_error_handler()]: \x1b[0m\x1b[31mReg[14]: 0x0000000000000021\x1b[0m\r\n'
b'[\x1b[1;31m ERROR\x1b[0m]\x1b[36m[\x1b[0m\x1b[1;37m  78\x1b[0m\x1b[36m: am_signal_unwind.cpp: void critical_error_handler()]: \x1b[0m\x1b[31mReg[15]: 0x000000000000070b\x1b[0m\r\n'
b'[\x1b[1;31m ERROR\x1b[0m]\x1b[36m[\x1b[0m\x1b[1;37m  78\x1b[0m\x1b[36m: am_signal_unwind.cpp: void critical_error_handler()]: \x1b[0m\x1b[31mReg[16]: 0x000000556aecb0b8\x1b[0m\r\n'
b'[\x1b[1;31m ERROR\x1b[0m]\x1b[36m[\x1b[0m\x1b[1;37m  78\x1b[0m\x1b[36m: am_signal_unwind.cpp: void critical_error_handler()]: \x1b[0m\x1b[31mReg[17]: 0x0000007f8258aac0\x1b[0m\r\n'
b'[\x1b[1;31m ERROR\x1b[0m]\x1b[36m[\x1b[0m\x1b[1;37m  78\x1b[0m\x1b[36m: am_signal_unwind.cpp: void critical_error_handler()]: \x1b[0m\x1b[31mReg[18]: 0x000000000000002f\x1b[0m\r\n'
b'[\x1b[1;31m ERROR\x1b[0m]\x1b[36m[\x1b[0m\x1b[1;37m  78\x1b[0m\x1b[36m: am_signal_unwind.cpp: void critical_error_handler()]: \x1b[0m\x1b[31mReg[19]: 0x0000007fe8839b80\x1b[0m\r\n'
b'[\x1b[1;31m ERROR\x1b[0m]\x1b[36m[\x1b[0m\x1b[1;37m  78\x1b[0m\x1b[36m: am_signal_unwind.cpp: void critical_error_handler()]: \x1b[0m\x1b[31mReg[20]: 0x000000556aeca000\x1b[0m\r\n'
b'[\x1b[1;31m ERROR\x1b[0m]\x1b[36m[\x1b[0m\x1b[1;37m  78\x1b[0m\x1b[36m: am_signal_unwind.cpp: void critical_error_handler()]: \x1b[0m\x1b[31mReg[21]: 0x0000007fe8839da8\x1b[0m\r\n'
b'[\x1b[1;31m ERROR\x1b[0m]\x1b[36m[\x1b[0m\x1b[1;37m  78\x1b[0m\x1b[36m: am_signal_unwind.cpp: void critical_error_handler()]: \x1b[0m\x1b[31mReg[22]: 0x000000556bdc7f40\x1b[0m\r\n'
b'[\x1b[1;31m ERROR\x1b[0m]\x1b[36m[\x1b[0m\x1b[1;37m  78\x1b[0m\x1b[36m: am_signal_unwind.cpp: void critical_error_handler()]: \x1b[0m\x1b[31mReg[23]: 0x000000556aeca000\x1b[0m\r\n'
b'[\x1b[1;31m ERROR\x1b[0m]\x1b[36m[\x1b[0m\x1b[1;37m  78\x1b[0m\x1b[36m: am_signal_unwind.cpp: void critical_error_handler()]: \x1b[0m\x1b[31mReg[24]: 0x0000007fe883a168\x1b[0m\r\n'
b'[\x1b[1;31m ERROR\x1b[0m]\x1b[36m[\x1b[0m\x1b[1;37m 142\x1b[0m\x1b[36m: am_signal_unwind.cpp: void critical_error_handler()]: \x1b[0m\x1b[31m#1 : [Function: 0x000000555e3fca80] sp=0x0000007fc614f9c0 (null) !!!! BAD Address (nil)\x1b[0m\r\n'
b'Starting nginx: [\x1b[1;31m ERROR\x1b[0m]\x1b[36m[\x1b[0m\x1b[1;37m 157\x1b[0m\x1b[36m: am_signal_unwind.cpp: void critical_error_handler()[   20.328307] ambarella_fb bogus_bus:framebuffer@0: 720x480, argb1555, 16 bits per pixel, buf pitch = 1440\r\n'
b']: \x1b[0m\x1b[31m#2 : [Function: 0x000000555e3fca80] [   20.342048] ambarella_fb bogus_bus:framebuffer@1: 720x480, argb1555, 16 bits per pixel, buf pitch = 1440\r\n'
b'sp=0x0000007fc614f9c0 std::_Sp_counted_base<(__gnu_cxx::_Lock_policy)2>::_M_release() + 0xf50\x1b[0m\r\n'
b'[\x1b[1;31m ERROR\x1b[0m]\x1b[36m[\x1b[0m\x1b[1;37m  78\x1b[0m\x1b[36m: am_signal_unwind.cpp: void critical_error_handler()]: \x1b[0m\x1b[31mReg[25]: 0x0000007fe8839d40\x1b[0m\r\n'
b'[\x1b[1;31m ERROR\x1b[0m]\x1b[36m[\x1b[0m\x1b[1;37m  78\x1b[0m\x1b[36m: am_signal_unwind.cpp: void critical_error_handler()]: \x1b[0m\x1b[31mReg[26]: 0x0000007fe8839d18\x1b[0m\r\n'
b'[\x1b[1;31m ERROR\x1b[0m]\x1b[36m[\x1b[0m\x1b[1;37m  78\x1b[0m\x1b[36m: am_signal_unwind.cpp: void critical_error_handler()]: \x1b[0m\x1b[31mReg[27]: 0x0000000000000000\x1b[0m\r\n'
b'[\x1b[1;31m ERROR\x1b[0m]\x1b[36m[\x1b[0m\x1b[1;37m  78\x1b[0m\x1b[36m: am_signal_unwind.cpp: void critical_error_handler()]: \x1b[0m\x1b[31mReg[28]: 0x000000556bdc8f70\x1b[0m\r\n'
b'[\x1b[1;31m ERROR\x1b[0m]\x1b[36m[\x1b[0m\x1b[1;37m  78\x1b[0m\x1b[36m: am_signal_unwind.cpp: void critical_error_handler()]: \x1b[0m\x1b[31mReg[29]: 0x0000007fe8839b50\x1b[0m\r\n'
b'[\x1b[1;31m ERROR\x1b[0m]\x1b[36m[\x1b[0m\x1b[1;37m  78\x1b[0m\x1b[36m: am_signal_unwind.cpp: void critical_error_handler()]: \x1b[0m\x1b[31mReg[30]: 0x000000556aeb1d20\x1b[0m\r\n'
b'[\x1b[1;31m ERROR\x1b[0m]\x1b[36m[\x1b[0m\x1b[1;37m 157\x1b[0m\x1b[36m: am_signal_unwind.cpp: void critical_error_handler()]: \x1b[0m\x1b[31m#3 : [Function: 0x000000555e3fa8e4] sp=0x0000007fc614fb50 _ZNSt6vectorINSt7__cxx1112basic_stringIcSt11char_traitsIcESaIcEEESaIS5_EEaSERKS7_ + 0xf50\x1b[0m\r\n'
b'OK\r\n'
b'[\x1b[1;31m ERROR\x1b[0m]\x1b[36m[\x1b[0m\x1b[1;37m 157\x1b[0m\x1b[36m: am_signal_unwind.cpp: void critical_error_handler()]: \x1b[0m\x1b[31m#4 : [Function: 0x0000007fadb77ce4] sp=0x0000007fc614fd80 __libc_start_main + 0xe4\x1b[0m\r\n'
b'[\x1b[1;31m ERROR\x1b[0m]\x1b[36m[\x1b[0m\x1b[1;37m 157\x1b[0m\x1b[36m: am_signal_unwind.cpp: void critical_error_handler()]: \x1b[0m\x1b[31m#0 : [Function: 0x0000007f82a54668] sp=0x0000007fe88388f0  + 0x0\x1b[0m\r\n'
b'[\x1b[1;31m ERROR\x1b[0m]\x1b[36m[\x1b[0m\x1b[1;37m 157\x1b[0m\x1b[36m: am_signal_unwind.cpp: void critical_error_handler()]: \x1b[0m\x1b[31m#5 : [Function: 0x000000555e3fad94] sp=0x0000007fc614fec0 _ZNSt6vectorINSt7__cxx1112basic_stringIcSt11char_traitsIcESaIcEEESaIS5_EEaSERKS7_ + 0xe4\x1b[0m\r\n'
b'[\x1b[1;31m ERROR\x1b[0m]\x1b[36m[\x1b[0m\x1b[1;37m 142\x1b[0m\x1b[36m: am_signal_unwind.cpp: void critical_error_handler()]: \x1b[0m\x1b[31m#1 : [Function: 0x000000556aeb1d30] sp=0x0000007fe8839b50 (null) !!!! BAD Address (nil)\x1b[0m\r\n'
b'[\x1b[1;31m ERROR\x1b[0m]\x1b[36m[\x1b[0m\x1b[1;37m 157\x1b[0m\x1b[36m: am_signal_unwind.cpp: void critical_error_handler()]: \x1b[0m\x1b[31m#2 : [Function: 0x000000556aeb1d30] sp=0x0000007fe8839b50 std::_Sp_counted_base<(__gnu_cxx::_Lock_policy)2>::_M_release() + 0xcb0\x1b[0m\r\n'
b'[\x1b[1;31m ERROR\x1b[0m]\x1b[36m[\x1b[0m\x1b[1;37m 157\x1b[0m\x1b[36m: am_signal_unwind.cpp: void critical_error_handler()]: \x1b[0m\x1b[31m#3 : [Function: 0x000000556aeafe28] sp=0x0000007fe8839cb0 _ZNSt6vectorINSt7__cxx1112basic_stringIcSt11char_traitsIcESaIcEEESaIS5_EEaSERKS7_ + 0xcb0\x1b[0m\r\n'
b'[\x1b[1;31m ERROR\x1b[0m]\x1b[36m[\x1b[0m\x1b[1;37m 157\x1b[0m\x1b[36m: am_signal_unwind.cpp: void critical_error_handler()]: \x1b[0m\x1b[31m#4 : [Function: 0x0000007f82529ce4] sp=0x0000007fe883a020 __libc_start_main + 0xe4\x1b[0m\r\n'
b'[\x1b[1;31m ERROR\x1b[0m]\x1b[36m[\x1b[0m\x1b[1;37m 157\x1b[0m\x1b[36m: am_signal_unwind.cpp: void critical_error_handler()]: \x1b[0m\x1b[31m#5 : [Function: 0x000000556aeb02f0] sp=0x0000007fe883a160 _ZNSt6vectorINSt7__cxx1112basic_stringIcSt11char_traitsIcESaIcEEESaIS5_EEaSERKS7_ + 0xe4\x1b[0m\r\n'
b'Starting fcgiwrap: OK\r\n'
b'\r\r\n'
b'\r\n'
b'\rWelcome to Ambarella\r\n'
b'\rAmbarella login: '
b''
ÖØÆôµÚ 2 ´Î
b'\r\r\n'
b'\r\n'
b'\rWelcome to Ambarella\r\n'
b'\rAmbarella login: \r\r\n'
b'\r\n'
b'\rWelcome to Ambarella\r\n'
b'\rAmbarella login: root\r\n'
b"login[554]: root login on 'ttyS0'\r\r\n"
b'# \r\n'
b'# reboot\r\n'
b'# \rThe system is going down NOW!\r\n'
b'\rSent SIGTERM to all processes\r\n'
b'\x1b[1;37mCapture signal[15]\x1b[0m\r\n'
b'~ClassPointer\r\n'
b'~ClassPointer\r\n'
b'~ClassPointer\r\n'
b'\rSent SIGKILL to all processes\r\n'
b'\rRequesting system reboot\r\n'
b'[   47.942152] ambarella-i2c e400a000.i2c: No ACK from address 0xb4, 0:0!\r\n'
b'[   47.949627] ambarella-i2c e400a000.i2c: No ACK from address 0xb4, 0:0!\r\n'
b'[   47.957146] ambarella-i2c e400a000.i2c: No ACK from address 0xb4, 0:0!\r\n'
b'[   47.964582] ambarella-i2c e400a000.i2c: No ACK from address 0xb4, 0:0!\r\n'
b'[   47.972031] ambarella-i2c e400a000.i2c: No ACK from address 0xb4, 0:0!\r\n'
b'[   47.979502] ambarella-i2c e400a000.i2c: No ACK from address 0xb4, 0:0!\r\n'
b'[   47.986968] ambarella-i2c e400a000.i2c: No ACK from address 0xb4, 0:0!\r\n'
b'[   49.580862] ambarella-wdt ec002000.wdt: ambarella_wdt_shutdown @ 5.\r\n'
b'[   49.587186] reboot: Restarting system\r\n'
b'\x1b[4l\r\n'
b'[    0.000000] Booting Linux on physical CPU 0x0\r\n'
b'[    0.000000] Linux version 4.14.181 (bean@tbox-compile1) (gcc version 8.2.1 20180802 (Linaro GCC 8.2-2018.08~dev)) #1 SMP PREEMPT Fri Dec 18 14:48:02 CST 2020\r\n'
b'[    0.000000] Boot CPU: AArch64 Processor [410fd034]\r\n'
b'[    0.000000] Machine model: Ambarella CV22 Walnut Board\r\n'
b'[    0.000000] Reserved memory: created CMA memory pool at 0x000000003cc00000, size 48 MiB\r\n'
b'[    0.000000] OF: reserved mem: initialized node linux,cma, compatible id shared-dma-pool\r\n'
b'[    0.000000] Reserved memory: created CMA memory pool at 0x0000000040000000, size 508 MiB\r\n'
b'[    0.000000] OF: reserved mem: initialized node iav@0x40000000, compatible id shared-dma-pool\r\n'
b'[    0.000000] Reserved memory: created CMA memory pool at 0x0000000060000000, size 508 MiB\r\n'
b'[    0.000000] OF: reserved mem: initialized node cavalry@0x60000000, compatible id shared-dma-pool\r\n'
b'[    0.000000] percpu: Embedded 19 pages/cpu s38552 r8192 d31080 u77824\r\n'
b'[    0.000000] Detected VIPT I-cache on CPU0\r\n'
b'[    0.000000] CPU features: enabling workaround for ARM erratum 845719\r\n'
b'[    0.000000] Built 1 zonelists, mobility grouping on.  Total pages: 515592\r\n'
b'[    0.000000] Kernel command line: console=ttyS0 noinitrd root=/dev/mmcblk0p9 rw rootfstype=ext4 init=/linuxrc rootwait\r\n'
b'[    0.000000] PID hash table entries: 4096 (order: 3, 32768 bytes)\r\n'
b'[    0.000000] Dentry cache hash table entries: 262144 (order: 9, 2097152 bytes)\r\n'
b'[    0.000000] Inode-cache hash table entries: 131072 (order: 8, 1048576 bytes)\r\n'
b'[    0.000000] Memory: 962048K/2095104K available (4670K kernel code, 432K rwdata, 1336K rodata, 320K init, 224K bss, 43520K reserved, 1089536K cma-reserved)\r\n'
b'[    0.000000] Virtual kernel memory layout:\r\n'
b'[    0.000000]     modules : 0xffffff8000000000 - 0xffffff8008000000   (   128 MB)\r\n'
b'[    0.000000]     vmalloc : 0xffffff8008000000 - 0xffffffbebfff0000   (   250 GB)\r\n'
b'[    0.000000]       .text : 0xffffff8008080000 - 0xffffff8008510000   (  4672 KB)\r\n'
b'[    0.000000]     .rodata : 0xffffff8008510000 - 0xffffff8008670000   (  1408 KB)\r\n'
b'[    0.000000]       .init : 0xffffff8008670000 - 0xffffff80086c0000   (   320 KB)\r\n'
b'[    0.000000]       .data : 0xffffff80086c0000 - 0xffffff800872c008   (   433 KB)\r\n'
b'[    0.000000]        .bss : 0xffffff800872c008 - 0xffffff8008764178   (   225 KB)\r\n'
b'[    0.000000]     fixed   : 0xffffffbefe7fb000 - 0xffffffbefec00000   (  4116 KB)\r\n'
b'[    0.000000]     PCI I/O : 0xffffffbefee00000 - 0xffffffbeffe00000   (    16 MB)\r\n'
b'[    0.000000]     vmemmap : 0xffffffbf00000000 - 0xffffffc000000000   (     4 GB maximum)\r\n'
b'[    0.000000]               0xffffffbf00008000 - 0xffffffbf02000000   (    31 MB actual)\r\n'
b'[    0.000000]     memory  : 0xffffffc000200000 - 0xffffffc080000000   (  2046 MB)\r\n'
b'[    0.000000] SLUB: HWalign=64, Order=0-3, MinObjects=0, CPUs=4, Nodes=1\r\n'
b'[    0.000000] Preemptible hierarchical RCU implementation.\r\n'
b'[    0.000000] \tTasks RCU enabled.\r\n'
b'[    0.000000] NR_IRQS: 64, nr_irqs: 64, preallocated irqs: 0\r\n'
b'[    0.000000] CPU features: GIC system register CPU interface present but disabled by higher exception level\r\n'
b'[    0.000000] vco = 384000000, 24000000, 1, 16, 1\r\n'
b'[    0.000000] arch_timer: cp15 timer(s) running at 47.25MHz (virt).\r\n'
b'[    0.000000] clocksource: arch_sys_counter: mask: 0xffffffffffffff max_cycles: 0xae5b54743, max_idle_ns: 440795204480 ns\r\n'
b'[    0.000004] sched_clock: 56 bits at 47MHz, resolution 21ns, wraps every 4398046511098ns\r\n'
b'[    0.000273] Console: colour dummy device 80x25\r\n'
b'[    0.302266] console [ttyS0] enabled\r\n'
b'[    0.305750] Calibrating delay loop (skipped), value calculated using timer frequency.. 94.50 BogoMIPS (lpj=47250)\r\n'
b'[    0.315989] pid_max: default: 32768 minimum: 301\r\n'
b'[    0.320692] Mount-cache hash table entries: 4096 (order: 3, 32768 bytes)\r\n'
b'[    0.327392] Mountpoint-cache hash table entries: 4096 (order: 3, 32768 bytes)\r\n'
b'[    0.338574] ASID allocator initialised with 32768 entries\r\n'
b'[    0.345984] Hierarchical SRCU implementation.\r\n'
b'[    0.354369] smp: Bringing up secondary CPUs ...\r\n'
b'[    0.365991] Detected VIPT I-cache on CPU1\r\n'
b'[    0.370019] CPU1: Booted secondary processor [410fd034]\r\n'
b'[    0.382083] Detected VIPT I-cache on CPU2\r\n'
b'[    0.386094] CPU2: Booted secondary processor [410fd034]\r\n'
b'[    0.398187] Detected VIPT I-cache on CPU3\r\n'
b'[    0.402198] CPU3: Booted secondary processor [410fd034]\r\n'
b'[    0.407475] smp: Brought up 1 node, 4 CPUs\r\n'
b'[    0.411571] SMP: Total of 4 processors activated.\r\n'
b'[    0.416264] CPU features: detected: 32-bit EL0 Support\r\n'
b'[    0.421886] CPU: All CPU(s) started at EL1\r\n'
b'[    0.425985] alternatives: patching kernel code\r\n'
b'[    0.431527] devtmpfs: initialized\r\n'
b'[    0.440605] random: get_random_u32 called from bucket_table_alloc+0x108/0x268 with crng_init=0\r\n'
b'[    0.449540] clocksource: jiffies: mask: 0xffffffff max_cycles: 0xffffffff, max_idle_ns: 1911260446275000 ns\r\n'
b'[    0.459269] futex hash table entries: 1024 (order: 5, 131072 bytes)\r\n'
b'[    0.507797] pinctrl core: initialized pinctrl subsystem\r\n'
b'[    0.513355] NET: Registered protocol family 16\r\n'
b'[    0.518489] vdso: 2 pages (1 code @ ffffff8008515000, 1 data @ ffffff80086c4000)\r\n'
b'[    0.532804] DMA: preallocated 256 KiB pool for atomic allocations\r\n'
b'[    0.542120] ambarella-pinctrl ec003000.pinctrl: Ambarella pinctrl driver registered\r\n'
b'[    0.550478] ambarella-gpio ec003000.pinctrl:gpio@0: Ambarella GPIO driver registered\r\n'
b'[    0.565131] HugeTLB registered 2.00 MiB page size, pre-allocated 0 pages\r\n'
b'[    0.572934] ambarella-dma e0020000.dma: Ambarella DMA Engine \r\n'
b'[    0.579264] ambarella-dma e0021000.dma: Ambarella DMA Engine \r\n'
b'[    0.585411] ambarella-i2c e4008000.i2c: Ambarella I2C adapter[0] probed, clock:100000!\r\n'
b'[    0.593518] ambarella-i2c e4009000.i2c: Ambarella I2C adapter[1] probed, clock:100000!\r\n'
b'[    0.601712] ambarella-i2c e400a000.i2c: Ambarella I2C adapter[2] probed, clock:100000!\r\n'
b'[    0.609815] ambarella-i2c e400b000.i2c: Ambarella I2C adapter[3] probed, clock:100000!\r\n'
b'[    0.618618] clocksource: Switched to clocksource arch_sys_counter\r\n'
b'[    0.630918] NET: Registered protocol family 2\r\n'
b'[    0.635724] TCP established hash table entries: 16384 (order: 5, 131072 bytes)\r\n'
b'[    0.643093] TCP bind hash table entries: 16384 (order: 6, 262144 bytes)\r\n'
b'[    0.650029] TCP: Hash tables configured (established 16384 bind 16384)\r\n'
b'[    0.656674] UDP hash table entries: 1024 (order: 3, 32768 bytes)\r\n'
b'[    0.662727] UDP-Lite hash table entries: 1024 (order: 3, 32768 bytes)\r\n'
b'[    0.669308] NET: Registered protocol family 1\r\n'
b'[    0.673959] RPC: Registered named UNIX socket transport module.\r\n'
b'[    0.679882] RPC: Registered udp transport module.\r\n'
b'[    0.684574] RPC: Registered tcp transport module.\r\n'
b'[    0.689263] RPC: Registered tcp NFSv4.1 backchannel transport module.\r\n'
b'[    0.699389] workingset: timestamp_bits=62 max_order=19 bucket_order=0\r\n'
b'[    0.711480] squashfs: version 4.0 (2009/01/31) Phillip Lougher\r\n'
b'[    0.721855] Block layer SCSI generic (bsg) driver version 0.4 loaded (major 251)\r\n'
b'[    0.729240] io scheduler noop registered\r\n'
b'[    0.733156] io scheduler deadline registered\r\n'
b'[    0.737509] io scheduler cfq registered (default)\r\n'
b'[    0.742206] io scheduler mq-deadline registered\r\n'
b'[    0.746724] io scheduler kyber registered\r\n'
b'[    0.751303] ambarella-gdma e000c000.gdma: Ambarella GDMA driver init\r\n'
b'[    0.758018] e4000000.uart: ttyS0 at MMIO 0xe4000000 (irq = 11, base_baud = 1500000) is a ambuart\r\n'
b'[    0.767113] e0017000.uart: ttyS1 at MMIO 0xe0017000 (irq = 32, base_baud = 1500000) is a ambuart\r\n'
b'[    0.776169] e001a000.uart: ttyS4 at MMIO 0xe001a000 (irq = 33, base_baud = 1500000) is a ambuart\r\n'
b'[    0.785243] cacheinfo: Unable to detect cache hierarchy for CPU 0\r\n'
b'[    0.791926] brd: module loaded\r\n'
b'[    0.800982] loop: module loaded\r\n'
b'[    0.804255] mousedev: PS/2 mouse device common for all mice\r\n'
b'[    0.810147] ambarella-rtc e8001000.rtc: rtc core: registered e8001000.rtc as rtc0\r\n'
b'[    0.817625] ambarella-rtc e8001000.rtc: Warning: RTC lost power.....\r\n'
b'[    0.829268] ambarella-wdt ec002000.wdt: Ambarella Watchdog Timer Probed.\r\n'
b'[    1.188696] ambarella-sd e0004000.sdmmc0: Max frequency is 120000000Hz\r\n'
b'[    1.574664] ambarella-sd e0005000.sdmmc1: Max frequency is 48000000Hz\r\n'
b'[    1.581377] Initializing XFRM netlink socket\r\n'
b'[    1.585651] NET: Registered protocol family 17\r\n'
b'[    1.590117] Key type dns_resolver registered\r\n'
b'[    1.600240] console [netcon0] enabled\r\n'
b'[    1.603913] netconsole: network logging started\r\n'
b'[    1.625358] ambarella-rtc e8001000.rtc: setting system clock to 1970-02-18 13:22:40 UTC (4195360)\r\n'
b'[    1.634599] Waiting for root device /dev/mmcblk0p9...\r\n'
b'[    1.754187] mmc0: new high speed MMC card at address 0001\r\n'
b'[    1.780899] mmcblk0: mmc0:0001 S0J57X 29.6 GiB \r\n'
b'[    1.807866] mmcblk0boot0: mmc0:0001 S0J57X partition 1 31.5 MiB\r\n'
b'[    1.813953] mmcblk0boot1: mmc0:0001 S0J57X partition 2 31.5 MiB\r\n'
b'[    1.829919] mmcblk0rpmb: mmc0:0001 S0J57X partition 3 4.00 MiB, chardev (250:0)\r\n'
b'[    1.849647]  (bst): 0x0000000000000000, 0x0000000000001000\r\n'
b'[    1.855126]  (bld): 0x0000000000001000, 0x0000000000100000\r\n'
b'[    1.860618]  (ptb): 0x0000000000101000, 0x00000000000e0000\r\n'
b'[    1.866104]  (atf): 0x00000000001e1000, 0x0000000000100000\r\n'
b'[    1.871593]  (pba): 0x00000000002e1000, 0x0000000001000000\r\n'
b'[    1.877080]  (pri): 0x00000000012e1000, 0x0000000001000000\r\n'
b'[    1.882566]  (sec): 0x00000000022e1000, 0x0000000040000000\r\n'
b'[    1.888041]  (dsp): 0x00000000422e1000, 0x0000000006400000\r\n'
b'[    1.893517]  (lnx): 0x00000000486e1000, 0x0000000026600000\r\n'
b'[    1.899004]  (swp): 0x000000006ece1000, 0x0000000300000000\r\n'
b'[    1.904492]  (add): 0x000000036ece1000, 0x0000000080000000\r\n'
b'[    1.909980]  (raw): 0x00000003eece1000, 0x000000037a31f000\r\n'
b'[    1.915464]  mmcblk0: p1(bst) p2(bld) p3(ptb) p4(atf) p5(pba) p6(pri) p7(sec) p8(dsp) p9(lnx) p10(swp) p11(add) p12(raw)\r\n'
b'[    1.959086] random: fast init done\r\n'
b'[    1.968587] mmc1: new high speed SDHC card at address aaaa\r\n'
b'[    1.974463] mmcblk1: mmc1:aaaa SC32G 29.7 GiB \r\n'
b'[    1.982623]  mmcblk1: p1\r\n'
b'[    2.002712] EXT4-fs (mmcblk0p9): recovery complete\r\n'
b'[    2.008210] EXT4-fs (mmcblk0p9): mounted filesystem with ordered data mode. Opts: (null)\r\n'
b'[    2.016315] VFS: Mounted root (ext4 filesystem) on device 179:9.\r\n'
b'[    2.022966] devtmpfs: mounted\r\n'
b'[    2.026150] Freeing unused kernel memory: 320K\r\n'
b'[    2.139052] EXT4-fs (mmcblk0p9): re-mounted. Opts: errors=remount-ro,data=ordered\r\n'
b'net.core.wmem_default = 524288\r\n'
b'net.core.wmem_max = 1048576\r\n'
b'vm.laptop_mode = 0\r\n'
b'vm.min_free_kbytes = 8192\r\n'
b'vm.vfs_cache_pressure = 160\r\n'
b'vm.dirty_expire_centisecs = 600\r\n'
b'vm.dirty_writeback_centisecs = 200\r\n'
b'vm.dirty_ratio = 3\r\n'
b'vm.dirty_background_ratio = 3\r\n'
b'[    2.257919] i2c /dev entries driver\r\n'
b'[    2.269204] ambarella-spi e0011000.spi: Ambarella spi controller 0 created.\r\r\n'
b'[    2.323019] ambcma: loading out-of-tree module taints kernel.\r\n'
b'[    2.329791] platform iav:ambcma: assigned reserved memory node iav@0x40000000\r\n'
b"[    2.628547] imgproc: module license 'Proprietary' taints kernel.\r\n"
b'[    2.634574] Disabling lock debugging due to kernel taint\r\n'
b'[    2.815443] amba_debug_init 247:0.\r\n'
b'Populating cv22_bmap using udev: Starting version v242-1.amba\r\n'
b'Done\r\n'
b'Loading CV22 private driver: [    3.132120] pps_core: LinuxPPS API ver. 1 registered\r\n'
b'[    3.137092] pps_core: Software ver. 5.3.6 - Copyright 2005-2007 Rodolfo Giometti <giometti@linux.it>\r\n'
b'[    3.157467] pps pps0: new PPS source pps.-1\r\n'
b'[    3.161721] pps pps0: Registered IRQ 52 as PPS source\r\n'
b'[    3.212890] libphy: Fixed MDIO Bus: probed\r\n'
b'[    3.350639] libphy: Ambarella MDIO Bus: probed\r\n'
b'[    3.358765] rtl9000_probe id 1c\r\n'
b'[    3.361943] rtl9000_probe id cb00\r\n'
b'[    3.366191] ambarella-eth e000e000.ethernet: Enhance Ethernet PHY[0]: 0x001ccb00!\r\n'
b'[    3.374299] ambarella-eth e000e000.ethernet: CONFIG_PTP_1588_CLOCK is not set\r\n'
b'[    3.381492] ambarella-eth e000e000.ethernet: MAC Address[0a:23:66:44:bb:49].\r\n'
b'modprobe: FATAL: Module ambarella_sd not found in directory /lib/modules/4.14.181\r\n'
b'modprobe: FATAL: Module mmc_block not found in directory /lib/modules/4.14.181\r\n'
b'[    3.489870] usbcore: registered new interface driver usbfs\r\n'
b'[    3.495567] usbcore: registered new interface driver hub\r\n'
b'[    3.499734] EXT4-fs (mmcblk0p7): Unrecognized mount option "flush" or missing value\r\n'
b'[    3.501027] usbcore: registered new device driver usb\r\n'
b"[    3.528139] ehci_hcd: USB 2.0 'Enhanced' Host Controller (EHCI) Driver\r\n"
b'[    3.542088] ehci-ambarella: AMBARELLA-EHCI Host Controller driver\r\n'
b'[    3.548543] ambarella-ehci e001f000.ehci: EHCI Host Controller\r\n'
b'[    3.554410] ambarella-ehci e001f000.ehci: new USB bus registered, assigned bus number 1\r\n'
b'[    3.563415] ambarella-ehci e001f000.ehci: irq 26, io mem 0xe001f000\r\n'
b'[    3.576089] EXT4-fs (mmcblk0p8): Unrecognized mount option "flush" or missing value\r\n'
b'[    3.576651] ambarella-ehci e001f000.ehci: USB 2.0 started, EHCI 1.00\r\n'
b'[    3.590299] usb usb1: New USB device found, idVendor=1d6b, idProduct=0002\r\n'
b'[    3.597109] usb usb1: New USB device strings: Mfr=3, Product=2, SerialNumber=1\r\n'
b'[    3.602845] FAT-fs (mmcblk1p1): Volume was not properly unmounted. Some data may be corrupt. Please run fsck.\r\n'
b'[    3.604326] usb usb1: Product: EHCI Host Controller\r\n'
b'[    3.619078] usb usb1: Manufacturer: Linux 4.14.181 ehci_hcd\r\n'
b'[    3.624644] usb usb1: SerialNumber: AmbUSB\r\n'
b'[    3.629280] hub 1-0:1.0: USB hub found\r\n'
b'[    3.633067] hub 1-0:1.0: 1 port detected\r\n'
b"[    3.649685] ohci_hcd: USB 1.1 'Open' Host Controller (OHCI) Driver\r\n"
b'[    3.656179] ambarella-ohci e001e000.ohci: Ambarella OHCI\r\n'
b'[    3.661502] ambarella-ohci e001e000.ohci: new USB bus registered, assigned bus number 2\r\n'
b'[    3.669547] ambarella-ohci e001e000.ohci: irq 25, io mem 0xe001e000\r\n'
b'[    3.731789] usb usb2: New USB device found, idVendor=1d6b, idProduct=0001\r\n'
b'[    3.738571] usb usb2: New USB device strings: Mfr=3, Product=2, SerialNumber=1\r\n'
b'[    3.745779] usb usb2: Product: Ambarella OHCI\r\n'
b'[    3.750125] usb usb2: Manufacturer: Linux 4.14.181 ohci_hcd\r\n'
b'[    3.755685] usb usb2: SerialNumber: AmbUSB\r\n'
b'[    3.760235] hub 2-0:1.0: USB hub found\r\n'
b'[    3.764005] hub 2-0:1.0: 1 port detected\r\n'
b'[    3.778864] ambarella-udc e0006000.udc: ambarella_udc: version 21 Jan 2016\r\n'
b'[    3.813340] using random self ethernet address\r\n'
b'[    3.817814] using random host ethernet address\r\n'
b'[    3.822702] usb0: HOST MAC 3a:0d:f1:cb:47:59\r\n'
b'[    3.827073] usb0: MAC 72:52:0b:ad:4c:1f\r\n'
b'[    3.831312] using random self ethernet address\r\n'
b'[    3.835774] using random host ethernet address\r\n'
b'[    3.840291] g_ether gadget: Ethernet Gadget, version: Memorial Day 2008\r\n'
b'[    3.846909] g_ether gadget: g_ether ready\r\n'
b'Install Auido...\r\n'
b'OK!\r\n'
b'Initializing random number generator... [    3.911577] random: dd: uninitialized urandom read (512 bytes read)\r\n'
b'done.\r\n'
b'run /usr/beantechs/bin/dlt-daemonstart successful\r\n'
b'/usr/beantechs/bin:/usr/untouch/bin:/usr/beantechs/unit_test:/bin:/sbin:/usr/bin:/usr/sbin:/usr/bin/X11:/usr/local/bin:/usr/local/sbin\r\n'
b'[    3.976339] ambhdmi e000b000.hdmi: Ambarella hdmi controller version:2.0 \r\n'
b'Init without VIN drivers...\r\n'
b'Default init without lens driver\r\n'
b'Use default settings\r\n'
b'map_size = 0x500000, nr_item = 4\r\n'
b'addr_offset = 0x00000000, filename = orccode.bin\r\n'
b'addr_offset = 0x00300000, filename = orcme.bin\r\n'
b'addr_offset = 0x003a0000, filename = orcmdxf.bin\r\n'
b'addr_offset = 0x003e0000, filename = default_binary.bin\r\n'
b'mmap returns 0x7fb84cd000\r\n'
b'loading /lib/firmware/orccode.bin...addr = 0x7fb84cd000, size = 0x206bbf\r\n'
b'loading /lib/firmware/orcme.bin...addr = 0x7fb87cd000, size = 0x42894\r\n'
b'loading /lib/firmware/orcmdxf.bin...addr = 0x7fb886d000, size = 0x28ed0\r\n'
b'loading /lib/firmware/default_binary.bin...addr = 0x7fb88ad000, size = 0x6bf84\r\n'
b'===============================================\r\n'
b'ucode (CV22) version = 2020/5/25 288664.288656\r\n'
b'===============================================\r\n'
b'[    4.264630] -------------------ambrg_hw_reset---id:1,ambrg->rst_gpio[0]:51!\r\n'
b'[    5.442628] -------------------ambrg_hw_reset---id:1,ambrg->rst_gpio[0]:51!\r\n'
b'[    6.618628] -------------------ambrg_hw_reset---id:1,ambrg->rst_gpio[0]:51!\r\n'
b'[    7.794628] -------------------ambrg_hw_reset---id:1,ambrg->rst_gpio[0]:51!\r\n'
b'[    8.970628] -------------------ambrg_hw_reset---id:1,ambrg->rst_gpio[0]:51!\r\n'
b'[   10.017758] random: crng init done\r\n'
b'[   10.146627] -------------------ambrg_hw_reset---id:1,ambrg->rst_gpio[0]:51!\r\n'
b"modprobe: ERROR: could not insert 'ov2775_mipi_brg': Input/output error\r\n"
b'[   11.314675] vco = 432000000, 24000000, 1, 18, 1\r\n'
b'[   11.371632] -------------------ambrg_hw_reset---id:0,ambrg->rst_gpio[0]:35!\r\n'
b'[   11.389628] -------------------ambarella_set_vsync_gpio116_alt1\r\n'
b'[   12.447627] -------------------ambrg_hw_reset---id:0,ambrg->rst_gpio[0]:35!\r\n'
b'[   12.466630] -------------------ambarella_set_vsync_gpio116_alt1\r\n'
b'[   13.524627] -------------------ambrg_hw_reset---id:0,ambrg->rst_gpio[0]:35!\r\n'
b'[   13.543630] -------------------ambarella_set_vsync_gpio116_alt1\r\n'
b'[   14.601627] -------------------ambrg_hw_reset---id:0,ambrg->rst_gpio[0]:35!\r\n'
b'[   14.620630] -------------------ambarella_set_vsync_gpio116_alt1\r\n'
b'[   15.679627] -------------------ambrg_hw_reset---id:0,ambrg->rst_gpio[0]:35!\r\n'
b'[   15.697629] -------------------ambarella_set_vsync_gpio116_alt1\r\n'
b'[   16.755627] -------------------ambrg_hw_reset---id:0,ambrg->rst_gpio[0]:35!\r\n'
b'[   16.774631] -------------------ambarella_set_vsync_gpio116_alt1\r\n'
b"modprobe: ERROR: could not insert 'ov2311_mipi_brg': Input/output error\r\n"
b'[   17.821325] cavalry sub_scheduler0: assigned reserved memory node cavalry@0x60000000\r\n'
b'map_cavalry: phys: 0x60400000, virt: 0x7fbb82f000, total size: 0x100000\r\n'
b'Cavalry Ucode Version = CV22-Ver.84-20200509-58b[   17.849811] vco = 384000000, 24000000, 1, 16, 1\r\n'
b'2ac3f-hl_fw.00000001\r\n'
b'[   17.860635] vco = 1512000000, 24000000, 1, 63, 1\r\n'
b'[   17.877738] ambarella-i2c e400a000.i2c: No ACK from address 0xb4, 0:0!\r\n'
b'Start app: \r\n'
b'[   17.885337] ambarella-i2c e400a000.i2c: No ACK from address 0xb4, 0:0!\r\n'
b'found blkid\r\n'
b'[   17.892906] ambarella-i2c e400a000.i2c: No ACK from address 0xb4, 0:0!\r\n'
b'found df\r\n'
b'[   17.900938] ambarella-i2c e400a000.i2c: No ACK from address 0xb4, 0:0!\r\n'
b'[   17.908391] ambarella-i2c e400a000.i2c: No ACK from address 0xb4, 0:0!\r\n'
b'[   17.916125] ambarella-i2c e400a000.i2c: No ACK from address 0xb4, 0:0!\r\n'
b'[   17.923566] ambarella-i2c e400a000.i2c: No ACK from address 0xb4, 0:0!\r\n'
b'[   17.931109] ambarella-i2c e400a000.i2c: No ACK from address 0xb4, 0:0!\r\n'
b'[   17.938567] ambarella-i2c e400a000.i2c: No ACK from address 0xb4, 0:0!\r\n'
b'[   17.946020] ambarella-i2c e400a000.i2c: No ACK from address 0xb4, 0:0!\r\n'
b'[   17.953516] ambarella-i2c e400a000.i2c: No ACK from address 0xb4, 0:0!\r\n'
b'[   17.954907] EXT4-fs (mmcblk0p7): mounted filesystem with ordered data mode. Opts: (null)\r\n'
b'[   17.968941] ambarella-i2c e400a000.i2c: No ACK from address 0xb4, 0:0!\r\n'
b'[   17.976417] ambarella-i2c e400a000.i2c: No ACK from address 0xb4, 0:0!\r\n'
b'[   17.984208] asoc-simple-card sound: ak4637-aif <-> e000d000.i2s mapping ok\r\n'
b'[   17.992124] ambarella-i2c e400a000.i2c: No ACK from address 0xb4, 0:0!\r\n'
b'[   17.999735] ambarella-i2c e400a000.i2c: No ACK from address 0xb4, 0:0!\r\n'
b'[   18.007257] ambarella-i2c e400a000.i2c: No ACK from address 0xb4, 0:0!\r\n'
b'[   18.014744] ambarella-i2c e400a000.i2c: No ACK from address 0xb4, 0:0!\r\n'
b'[   18.022290] ambarella-i2c e400a000.i2c: No ACK from address 0xb4, 0:0!\r\n'
b'[   18.022550] EXT4-fs (mmcblk0p8): mounted filesystem with ordered data mode. Opts: (null)\r\n'
b'[   18.029742] ambarella-i2c e400a000.i2c: No ACK from address 0xb4, 0:0!\r\n'
b'[   18.044391] ambarella-i2c e400a000.i2c: No ACK from address 0xb4, 0:0!\r\n'
b'[   18.051854] ambarella-i2c e400a000.i2c: No ACK from address 0xb4, 0:0!\r\n'
b'[   18.059402] ambarella-i2c e400a000.i2c: No ACK from address 0xb4, 0:0!\r\n'
b'[   18.067681] ambarella-i2c e400a000.i2c: No ACK from address 0xb4, 0:0!\r\n'
b'[   18.105895] EXT4-fs (mmcblk0p11): mounted filesystem with ordered data mode. Opts: (null)\r\n'
b'[   18.128053] ambarella-i2c e400a000.i2c: No ACK from address 0xb4, 0:0!\r\n'
b'[   18.135641] ambarella-i2c e400a000.i2c: No ACK from address 0xb4, 0:0!\r\n'
b'[   18.143444] ambarella-i2c e400a000.i2c: No ACK from address 0xb4, 0:0!\r\n'
b'[   18.151179] ambarella-i2c e400a000.i2c: No ACK from address 0xb4, 0:0!\r\n'
b'[   18.158774] ambarella-i2c e400a000.i2c: No ACK from address 0xb4, 0:0!\r\n'
b'[   18.166457] ambarella-i2c e400a000.i2c: No ACK from address 0xb4, 0:0!\r\n'
b'[   18.172638] EXT4-fs (mmcblk0p10): mounted filesystem with ordered data mode. Opts: (null)\r\n'
b'[   18.174113] ambarella-i2c e400a000.i2c: No ACK from address 0xb4, 0:0!\r\n'
b'[   18.188833] ambarella-i2c e400a000.i2c: No ACK from address 0xb4, 0:0!\r\n'
b'[   18.196408] ambarella-i2c e400a000.i2c: No ACK from address 0xb4, 0:0!\r\n'
b'[   18.203985] ambarella-i2c e400a000.i2c: No ACK from address 0xb4, 0:0!\r\n'
b'[   18.211662] ambarella-i2c e400a000.i2c: No ACK from address 0xb4, 0:0!\r\n'
b'[   18.219322] ambarella-i2c e400a000.i2c: No ACK from address 0xb4, 0:0!\r\n'
b'[   18.226992] ambarella-i2c e400a000.i2c: No ACK from address 0xb4, 0:0!\r\n'
b'[   18.233162] EXT4-fs (mmcblk0p12): mounted filesystem with ordered data mode. Opts: (null)\r\n'
b'[   18.234680] ambarella-i2c e400a000.i2c: No ACK from address 0xb4, 0:0!\r\n'
b'Start app: \r\n'
b'OK!\r\n'
b'[   18.249904] ambarella-i2c e400a000.i2c: No ACK from address 0xb4, 0:0!\r\n'
b'Starting network...\r\n'
b'[   18.257958] ambarella-i2c e400a000.i2c: No ACK from address 0xb4, 0:0!\r\n'
b'[   18.266020] ambarella-i2c e400a000.i2c: No ACK from address 0xb4, 0:0!\r\n'
b'[   18.273679] ambarella-i2c e400a000.i2c: No ACK from address 0xb4, 0:0!\r\n'
b'[   18.281272] ambarella-i2c e400a000.i2c: No ACK from address 0xb4, 0:0!\r\n'
b'[   18.288859] ambarella-i2c e400a000.i2c: No ACK from address 0xb4, 0:0!\r\n'
b'[   18.296436] ambarella-i2c e400a000.i2c: No ACK from address 0xb4, 0:0!\r\n'
b'[   18.304112] ambarella-i2c e400a000.i2c: No ACK from address 0xb4, 0:0!\r\n'
b'[   18.311780] ambarella-i2c e400a000.i2c: No ACK from address 0xb4, 0:0!\r\n'
b'[   18.319812] ambarella-i2c e400a000.i2c: No ACK from address 0xb4, 0:0!\r\n'
b'[   18.327341] ambarella-i2c e400a000.i2c: No ACK from address 0xb4, 0:0!\r\n'
b'[   18.333869] ak4637 2-005a: ASoC: SPKLO Mixer DAPM update failed: -16\r\n'
b'[   18.341433] ambarella-i2c e400a000.i2c: No ACK from address 0xb4, 0:0!\r\n'
b'[   18.348928] ambarella-i2c e400a000.i2c: No ACK from address 0xb4, 0:0!\r\n'
b'[   18.355455] ak4637 2-005a: ASoC: SPKLO MUX DAPM update failed: -16\r\n'
b'[   18.362839] ambarella-i2c e400a000.i2c: No ACK from address 0xb4, 0:0!\r\n'
b'[   18.369369] ak4637 2-005a: ASoC: PFSDO MUX DAPM update failed: -16\r\n'
b'[   18.376557] ambarella-i2c e400a000.i2c: No ACK from address 0xb4, 0:0!\r\n'
b'ip: RTNETLINK answers: File exists\r\n'
b'[   18.384062] ambarella-i2c e400a000.i2c: No ACK from address 0xb4, 0:0!\r\n'
b'[   18.393145] ak4637 2-005a: ASoC: PFIL MUX DAPM update failed: -16\r\n'
b'[   18.400907] ambarella-i2c e400a000.i2c: No ACK from address 0xb4, 0:0!\r\n'
b'[   18.408565] ambarella-i2c e400a000.i2c: No ACK from address 0xb4, 0:0!\r\n'
b'[   18.415225] ak4637 2-005a: ASoC: MIC MUX DAPM update failed: -16\r\n'
b'ifup: interface eth0 already configured\r\n'
b'[InstanceSpecifier] size= 17: service/osdServer\r\n'
b'SupervisedEntity sv_specifier_:service/osdServer, len:17\r\n'
b'the open the file is successful,fd=5.\r\n'
b'read 16 Byte\r\n'
b'write successful 16\r\n'
b'name:plf_health_mgmt\r\n'
b'~ClassPointer\r\n'
b'get msg id 0\r\n'
b'the open the file is successful,fd=5.\r\n'
b'~InstanceSpecifier\r\n'
b'Configure file path[/usr/beantechs/etc/oryx]\r\n'
b'[InstanceSpecifier] size= 21: service/monitorServer\r\n'
b'SupervisedEntity sv_specifier_:service/monitorServer, len:21\r\n'
b'the open the file is successful,fd=5.\r\n'
b'read 16 Byte\r\n'
b'write successful 16\r\n'
b'name:plf_health_mgmt\r\n'
b'~ClassPointer\r\n'
b'get msg id 0\r\n'
b'the open the file is successful,fd=5.\r\n'
b'~InstanceSpecifier\r\n'
b'Starting nginx: OK\r\n'
b'[\x1b[1;31m ERROR\x1b[0m]\x1b[36m[\x1b[0m\x1b[1;37m 846\x1b[0m\x1b[36m: am_platform_iav5.cpp: sensor_info_get()]: \x1b[0m\x1b[31mIAV_IOC_VIN_GET_DEVINFO: No such device\x1b[0m\r\n'
b'[\x1b[1;31m ERROR\x1b[0m]\x1b[36m[\x1b[0m\x1b[1;37m 846\x1b[0m\x1b[36m: am_platform_iav5.cpp: sensor_info_get()]: \x1b[0m\x1b[31mIAV_IOC_VIN_GET_DEVINFO: No such device\x1b[0m\r\n'
b'[\x1b[1;31m ERROR\x1b[0m]\x1b[36m[\x1b[0m\x1b[1;37m 111\x1b[0m\x1b[36m: am_vin_control.cpp: create_vin_devices()]: \x1b[0m\x1b[31mFaild to get VIN[0] info!\x1b[0m\r\n'
b'[\x1b[1;31m ERROR\x1b[0m]\x1b[36m[\x1b[0m\x1b[1;37m 111\x1b[0m\x1b[36m: am_vin_control.cpp: create_vin_devices()]: \x1b[0m\x1b[31mFaild to get VIN[0] info!\x1b[0m\r\n'
b'[\x1b[1;31m ERROR\x1b[0m]\x1b[36m[\x1b[0m\x1b[1;37m 846\x1b[0m\x1b[36m: am_platform_iav5.cpp: sensor_info_get()]: \x1b[0m\x1b[31mIAV_IOC_VIN_GET_DEVINFO: No such device\x1b[0m\r\n'
b'[\x1b[1;31m ERROR\x1b[0m]\x1b[36m[\x1b[0m\x1b[1;37m 846\x1b[0m\x1b[36m: am_platform_iav5.cpp: sensor_info_get()]: \x1b[0m\x1b[31mIAV_IOC_VIN_GET_DEVINFO: No such device\x1b[0m\r\n'
b'[\x1b[1;31m ERROR\x1b[0m]\x1b[36m[\x1b[0m\x1b[1;37m 111\x1b[0m\x1b[36m: am_vin_control.cpp: create_vin_devices()]: \x1b[0m\x1b[31mFaild to get VIN[1] info!\x1b[0m\r\n'
b'[\x1b[1;31m ERROR\x1b[0m]\x1b[36m[\x1b[0m\x1b[1;37m 111\x1b[0m\x1b[36m: am_vin_control.cpp: create_vin_devices()]: \x1b[0m\x1b[31mFaild to get VIN[1] info!\x1b[0m\r\n'
b'[\x1b[1;31m ERROR\x1b[0m]\x1b[36m[\x1b[0m\x1b[1;37m 846\x1b[0m\x1b[36m: am_platform_iav5.cpp: sensor_info_get()]: \x1b[0m\x1b[31mIAV_IOC_VIN_GET_DEVINFO: No such device\x1b[0m\r\n'
b'[\x1b[1;31m ERROR\x1b[0m]\x1b[36m[\x1b[0m\x1b[1;37m 846\x1b[0m\x1b[36m: am_platform_iav5.cpp: sensor_info_get()]: \x1b[0m\x1b[31mIAV_IOC_VIN_GET_DEVINFO: No such device\x1b[0m\r\n'
b'[\x1b[1;31m ERROR\x1b[0m]\x1b[36m[\x1b[0m\x1b[1;37m 111\x1b[0m\x1b[36m: am_vin_control.cpp: create_vin_devices()]: \x1b[0m\x1b[31mFaild to get VIN[2] info!\x1b[0m\r\n'
b'[\x1b[1;31m ERROR\x1b[0m]\x1b[36m[\x1b[0m\x1b[1;37m 111\x1b[0m\x1b[36m: am_vin_control.cpp: create_vin_devices()]: \x1b[0m\x1b[31mFaild to get VIN[2] info!\x1b[0m\r\n'
b'[\x1b[1;31m ERROR\x1b[0m]\x1b[36m[\x1b[0m\x1b[1;37m 132\x1b[0m\x1b[36m: am_vin_control.cpp: create_vin_devices()]: \x1b[0m\x1b[31mNo Vin Enabled!\x1b[0m\r\n'
b'[\x1b[1;31m ERROR\x1b[0m]\x1b[36m[\x1b[0m\x1b[1;37m 132\x1b[0m\x1b[36m: am_vin_control.cpp: create_vin_devices()]: \x1b[0m\x1b[31mNo Vin Enabled!\x1b[0m\r\n'
b'[\x1b[1;31m ERROR\x1b[0m]\x1b[36m[\x1b[0m\x1b[1;37m 132\x1b[0m\x1b[36m: am_encode_device.cpp: init()]: \x1b[0m\x1b[31mFailed to create vin devices!\x1b[0m\r\n'
b'[\x1b[1;31m ERROR\x1b[0m]\x1b[36m[\x1b[0m\x1b[1;37m 132\x1b[0m\x1b[36m: am_encode_device.cpp: init()]: \x1b[0m\x1b[31mFailed to create vin devices!\x1b[0m\r\n'
b'[\x1b[1;31m ERROR\x1b[0m]\x1b[36m[\x1b[0m\x1b[1;37m 118\x1b[0m\x1b[36m: am_video_camera.cpp: init()]: \x1b[0m\x1b[31mFailed to create AMEncodeDevice!\x1b[0m\r\n'
b'[\x1b[1;31m ERROR\x1b[0m]\x1b[36m[\x1b[0m\x1b[1;37m 118\x1b[0m\x1b[36m: am_video_camera.cpp: init()]: \x1b[0m\x1b[31mFailed to create AMEncodeDevice!\x1b[0m\r\n'
b'\x1b[1m\x1b[45;33m [ERROR]:\x1b[0mVideoService get instance failed\r\n'
b'\r\n'
b'\x1b[1m\x1b[45;33m [ERROR]:\x1b[0mCreate instance failed!!!!\r\n'
b'\x1b[1m\x1b[45;33m [ERROR]:\x1b[0mGet oryx modules instance failed!\r\n'
b'\r\n'
b'[\x1b[1;31m ERROR\x1b[0m]\x1b[36m[\x1b[0m\x1b[1;37m  74\x1b[0m\x1b[36m: am_signal_unwind.cpp: void critical_error_handler()]: \x1b[0m\x1b[31mCaught signal "Segmentation fault(11)", accessing address(           (nil)) from 0x0000556a565d30!\x1b[0m\r\n'
b'[\x1b[1;31m ERROR\x1b[0m]\x1b[36m[\x1b[0m\x1b[1;37m  74\x1b[0m\x1b[36m: am_signal_unwind.cpp: void critical_error_handler()]: \x1b[0m\x1b[31mCaught signal "Segmentation fault(11)", accessing address(           (nil)) from 0x0000556b091a80!\x1b[0m\r\n'
b'[\x1b[1;31m ERROR\x1b[0m]\x1b[36m[\x1b[0m\x1b[1;37m  75\x1b[0m\x1b[36m: am_signal_unwind.cpp: void critical_error_handler()]: \x1b[0m\x1b[31mRegister dump:\x1b[0m\r\n'
b'[\x1b[1;31m ERROR\x1b[0m]\x1b[36m[\x1b[0m\x1b[1;37m  75\x1b[0m\x1b[36m: am_signal_unwind.cpp: void critical_error_handler()]: \x1b[0m\x1b[31mRegister dump:\x1b[0m\r\n'
b'[\x1b[1;31m ERROR\x1b[0m]\x1b[36m[\x1b[0m\x1b[1;37m  78\x1b[0m\x1b[36m: am_signal_unwind.cpp: void critical_error_handler()]: \x1b[0m\x1b[31mReg[ 0]: 0x0000000000000000\x1b[0m\r\n'
b'[\x1b[1;31m ERROR\x1b[0m]\x1b[36m[\x1b[0m\x1b[1;37m  78\x1b[0m\x1b[36m: am_signal_unwind.cpp: void critical_error_handler()]: \x1b[0m\x1b[31mReg[ 0]: 0x0000000000000000\x1b[0m\r\n'
b'[\x1b[1;31m ERROR\x1b[0m]\x1b[36m[\x1b[0m\x1b[1;37m  78\x1b[0m\x1b[36m: am_signal_unwind.cpp: void critical_error_handler()]: \x1b[0m\x1b[31mReg[ 1]: 0x0000007fde734730\x1b[0m\r\n'
b'[\x1b[1;31m ERROR\x1b[0m]\x1b[36m[\x1b[0m\x1b[1;37m  78\x1b[0m\x1b[36m: am_signal_unwind.cpp: void critical_error_handler()]: \x1b[0m\x1b[31mReg[ 1]: 0x0000007ff820aeb0\x1b[0m\r\n'
b'[\x1b[1;31m ERROR\x1b[0m]\x1b[36m[\x1b[0m\x1b[1;37m  78\x1b[0m\x1b[36m: am_signal_unwind.cpp: void critical_error_handler()]: \x1b[0m\x1b[31mReg[ 2]: 0x0000007fde734750\x1b[0m\r\n'
b'[\x1b[1;31m ERROR\x1b[0m]\x1b[36m[\x1b[0m\x1b[1;37m  78\x1b[0m\x1b[36m: am_signal_unwind.cpp: void critical_error_handler()]: \x1b[0m\x1b[31mReg[ 2]: 0x0000007ff820aed0\x1b[0m\r\n'
b'[\x1b[1;31m ERROR\x1b[0m]\x1b[36m[\x1b[0m\x1b[1;37m  78\x1b[0m\x1b[36m: am_signal_unwind.cpp: void critical_error_handler()]: \x1b[0m\x1b[31mReg[ 3]: 0x0000000000000000\x1b[0m\r\n'
b'[\x1b[1;31m ERROR\x1b[0m]\x1b[36m[\x1b[0m\x1b[1;37m  78\x1b[0m\x1b[36m: am_signal_unwind.cpp: void critical_error_handler()]: \x1b[0m\x1b[31mReg[ 3]: 0x0000000000000000\x1b[0m\r\n'
b'[\x1b[1;31m ERROR\x1b[0m]\x1b[36m[\x1b[0m\x1b[1;37m  78\x1b[0m\x1b[36m: am_signal_unwind.cpp: void critical_error_handler()]: \x1b[0m\x1b[31mReg[ 4]: 0x0000007fde734858\x1b[0m\r\n'
b'[\x1b[1;31m ERROR\x1b[0m]\x1b[36m[\x1b[0m\x1b[1;37m  78\x1b[0m\x1b[36m: am_signal_unwind.cpp: void critical_error_handler()]: \x1b[0m\x1b[31mReg[ 4]: 0x0000007ff820afd8\x1b[0m\r\n'
b'[\x1b[1;31m ERROR\x1b[0m]\x1b[36m[\x1b[0m\x1b[1;37m  78\x1b[0m\x1b[36m: am_signal_unwind.cpp: void critical_error_handler()]: \x1b[0m\x1b[31mReg[ 5]: 0x0000000000000004\x1b[0m\r\n'
b'[\x1b[1;31m ERROR\x1b[0m]\x1b[36m[\x1b[0m\x1b[1;37m  78\x1b[0m\x1b[36m: am_signal_unwind.cpp: void critical_error_handler()]: \x1b[0m\x1b[31mReg[ 5]: 0x0000000000000004\x1b[0m\r\n'
b'[\x1b[1;31m ERROR\x1b[0m]\x1b[36m[\x1b[0m\x1b[1;37m  78\x1b[0m\x1b[36m: am_signal_unwind.cpp: void critical_error_handler()]: \x1b[0m\x1b[31mReg[ 6]: 0x726553616964656d\x1b[0m\r\n'
b'[\x1b[1;31m ERROR\x1b[0m]\x1b[36m[\x1b[0m\x1b[1;37m  78\x1b[0m\x1b[36m: am_signal_unwind.cpp: void critical_error_handler()]: \x1b[0m\x1b[31mReg[ 6]: 0x0000000000000009\x1b[0m\r\n'
b'[\x1b[1;31m ERROR\x1b[0m]\x1b[36m[\x1b[0m\x1b[1;37m  78\x1b[0m\x1b[36m: am_signal_unwind.cpp: void critical_error_handler()]: \x1b[0m\x1b[31mReg[ 7]: 0x7265767265536169\x1b[0m\r\n'
b'[\x1b[1;31m ERROR\x1b[0m]\x1b[36m[\x1b[0m\x1b[1;37m  78\x1b[0m\x1b[36m: am_signal_unwind.cpp: void critical_error_handler()]: \x1b[0m\x1b[31mReg[ 7]: 0x000000000000000a\x1b[0m\r\n'
b'[\x1b[1;31m ERROR\x1b[0m]\x1b[36m[\x1b[0m\x1b[1;37m  78\x1b[0m\x1b[36m: am_signal_unwind.cpp: void critical_error_handler()]: \x1b[0m\x1b[31mReg[ 8]: 0x636e6174736e6920\x1b[0m\r\n'
b'[\x1b[1;31m ERROR\x1b[0m]\x1b[36m[\x1b[0m\x1b[1;37m  78\x1b[0m\x1b[36m: am_signal_unwind.cpp: void critical_error_handler()]: \x1b[0m\x1b[31mReg[ 8]: 0x0000000000000040\x1b[0m\r\n'
b'[\x1b[1;31m ERROR\x1b[0m]\x1b[36m[\x1b[0m\x1b[1;37m  78\x1b[0m\x1b[36m: am_signal_unwind.cpp: void critical_error_handler()]: \x1b[0m\x1b[31mReg[ 9]: 0x64656c6961662065\x1b[0m\r\n'
b'[\x1b[1;31m ERROR\x1b[0m]\x1b[36m[\x1b[0m\x1b[1;37m  78\x1b[0m\x1b[36m: am_signal_unwind.cpp: void critical_error_handler()]: \x1b[0m\x1b[31mReg[ 9]: 0x64656c6961662065\x1b[0m\r\n'
b'[\x1b[1;31m ERROR\x1b[0m]\x1b[36m[\x1b[0m\x1b[1;37m  78\x1b[0m\x1b[36m: am_signal_unwind.cpp: void critical_e[   19.558095] ambarella-i2c e400a000.i2c: No ACK from address 0xb4, 0:0!\r\n'
b'rror_handler()]: \x1b[0m\x1b[31mReg[10]: 0x6d207879726f2074\x1b[0m\r\n'
b'[\x1b[1;31m ERROR\x1b[0m]\x1b[36m[\x1b[0m\x1b[1;37m  78\x1b[0m\x1b[36m: am_signal_unwind.cpp: void critical_error_handler([   19.578134] ambarella-i2c e400a000.i2c: No ACK from address 0xb4, 0:0!\r\n'
b')]: \x1b[0m\x1b[31mReg[   19.586554] ambarella-i2c e400a000.i2c: No ACK from address 0xb4, 0:0!\r\n'
b'[10]: 0x6d207879[   19.594449] ambarella-i2c e400a000.i2c: No ACK from address 0xb4, 0:0!\r\n'
b'726f2074\x1b[0m\r\n'
b'[\x1b[   19.602354] ambarella-i2c e400a000.i2c: No ACK from address 0xb4, 0:0!\r\n'
b'[1;31m ERROR\x1b[0m]\x1b[36m[\x1b[0m\x1b[1;37m  78\x1b[0m\x1b[36m:[   19.612977] ambarella-i2c e400a000.i2c: No ACK from address 0xb4, 0:0!\r\n'
b' am_signal_unwin[   19.620894] ambarella-i2c e400a000.i2c: No ACK from address 0xb4, 0:0!\r\n'
b'd.cpp: void crit[   19.628783] ambarella-i2c e400a000.i2c: No ACK from address 0xb4, 0:0!\r\n'
b'ical_error_handl[   19.636667] ambarella-i2c e400a000.i2c: No ACK from address 0xb4, 0:0!\r\n'
b'er()]: \x1b[0m\x1b[31m[   19.644543] ambarella-i2c e400a000.i2c: No ACK from address 0xb4, 0:0!\r\n'
b'Reg[11]: 0x69207[   19.652532] ambarella-i2c e400a000.i2c: No ACK from address 0xb4, 0:0!\r\n'
b'3656c75646f\x1b[0m\r[   19.660313] ambarella-i2c e400a000.i2c: No ACK from address 0xb4, 0:0!\r\n'
b'\n'
b'[\x1b[1;31m ERROR\x1b[0m]\x1b[36m[\x1b[0m\x1b[1;37m  78\x1b[0m\x1b[36m: am_signal_unwind.cpp: void critical_error_handler()]: \x1b[0m\x1b[31mReg[11]: 0x692073656c75646f\x1b[0m\r\n'
b'[\x1b[1;31m ERROR\x1b[0m]\x1b[36m[\x1b[0m\x1b[1;37m  78\x1b[0m\x1b[36m: am_signal_unwind.cpp: void critical_error_handler()]: \x1b[0m\x1b[31mReg[12]: 0x2065636e6174736e\x1b[0m\r\n'
b'[\x1b[1;31m ERROR\x1b[0m]\x1b[36m[\x1b[0m\x1b[1;37m  78\x1b[0m\x1b[36m: am_signal_unwind.cpp: void critical_error_handler()]: \x1b[0m\x1b[31mReg[12]: 0x2065636e6174736e\x1b[0m\r\n'
b'[\x1b[1;31m ERROR\x1b[0m]\x1b[36m[\x1b[0m\x1b[1;37m  78\x1b[0m\x1b[36m: am_signal_unwind.cpp: void critical_error_handler()]: \x1b[0m\x1b[31mReg[13]: 0x0a2164656c696166\x1b[0m\r\n'
b'[\x1b[1;31m ERROR\x1b[0m]\x1b[36m[\x1b[0m\x1b[1;37m  78\x1b[0m\x1b[36m: am_signal_unwind.cpp: void critical_error_handler()]: \x1b[0m\x1b[31mReg[13]: 0x0a2164656c696166\x1b[0m\r\n'
b'[\x1b[1;31m ERROR\x1b[0m]\x1b[36m[\x1b[0m\x1b[1;37m  78\x1b[0m\x1b[36m: am_signal_unwind.cpp: void critical_error_handler()]: \x1b[0m\x1b[31mReg[14]: 0x0000000000000021\x1b[0m\r\n'
b'[\x1b[1;31m ERROR\x1b[0m]\x1b[36m[\x1b[0m\x1b[1;37m  78\x1b[0m\x1b[36m: am_signal_unwind.cpp: void critical_error_handler()]: \x1b[0m\x1b[31mReg[14]: 0x0000000000000000\x1b[0m\r\n'
b'/usr/beantechs/etc//system.xml\r\n'
b'[InstanceSpecifier] size= 24: untouch/dms_msg_receiver\r\n'
b'[InstanceSpecifier] size= 24: untouch/oms_msg_receiver\r\n'
b'[\x1b[1;31m ERROR\x1b[0m]\x1b[36m[\x1b[0m\x1b[1;37m  78\x1b[0m\x1b[36m: am_signal_unwind.cpp: void critical_error_handler()]: \x1b[0m\x1b[31mReg[15]: 0x000000000000070b\x1b[0m\r\n'
b'monitor print_type == 0\r\n'
b'[\x1b[1;31m ERROR\x1b[0m]\x1b[36m[\x1b[0m\x1b[1;37m  78\x1b[0m\x1b[36m: am_signal_unwind.cpp: void critical_error_handler()]: \x1b[0m\x1b[31mReg[16]: 0x000000556a57f0b8\x1b[0m\r\n'
b'SupervisedEntity sv_specifier_:untouch/oms_msg_receiver, len:24\r\n'
b'SupervisedEntity sv_specifier_:untouch/dms_msg_receiver, len:24\r\n'
b'[\x1b[1;31m ERROR\x1b[0m]\x1b[36m[\x1b[0m\x1b[1;37m  78\x1b[0m\x1b[36m: am_signal_unwind.cpp: void critical_error_handler()]: \x1b[0m\x1b[31mReg[17]: 0x0000007f9df4cac0\x1b[0m\r\n'
b'[\x1b[1;31m ERROR\x1b[0m]\x1b[36m[\x1b[0m\x1b[1;37m  78\x1b[0m\x1b[36m: am_signal_unwind.cpp: void critical_error_handler()]: \x1b[0m\x1b[31mReg[18]: 0x000000000000002f\x1b[0m\r\n'
b'[\x1b[1;31m ERROR\x1b[0m]\x1b[36m[\x1b[0m\x1b[1;37m  78\x1b[0m\x1b[36m: am_signal_unwind.cpp: void critical_error_handler()]: \x1b[0m\x1b[31mReg[19]: 0x0000007fde734730\x1b[0m\r\n'
b'[\x1b[1;31m ERROR\x1b[0m]\x1b[36m[\x1b[0m\x1b[1;37m  78\x1b[0m\x1b[36m: am_signal_unwind.cpp: void critical_error_handler()]: \x1b[0m\x1b[31mReg[20]: 0x000000556a57e000\x1b[0m\r\n'
b'the open the file is successful,fd=6.\r\n'
b'[\x1b[1;31m ERROR\x1b[0m]\x1b[36m[\x1b[0m\x1b[1;37m  78\x1b[0m\x1b[36m: am_signal_unwind.cpp: void critical_error_handler()]: \x1b[0m\x1b[31mReg[21]: 0x0000007fde734958\x1b[0m\r\n'
b'read 188 Byte\r\n'
b'the open the file is successful,fd=3.\r\n'
b'the open the file is successful,fd=3.\r\n'
b'[\x1b[1;31m ERROR\x1b[0m]\x1b[36m[\x1b[0m\x1b[1;37m  78\x1b[0m\x1b[36m: am_signal_unwind.cpp: void critical_error_handler()]: \x1b[0m\x1b[31mReg[22]: 0x000000556beb2f40\x1b[0m\r\n'
b'read 188 Byte\r\n'
b'read 188 Byte\r\n'
b'[\x1b[1;31m ERROR\x1b[0m]\x1b[36m[\x1b[0m\x1b[1;37m  78\x1b[0m\x1b[36m: am_signal_unwind.cpp: void critical_error_handler()]: \x1b[0m\x1b[31mReg[23]: 0x000000556a57e000\x1b[0m\r\n'
b'write successful 188\r\n'
b'name:plf_health_mgmt\r\n'
b'write successful 188\r\n'
b'[\x1b[1;31m ERROR\x1b[0m]\x1b[36m[\x1b[0m\x1b[1;37m  78\x1b[0m\x1b[36m: am_signal_unwind.cpp: void critical_error_handler()]: \x1b[0m\x1b[31mReg[24]: 0x0000007fde734d18\x1b[0m\r\n'
b'write successful 188\r\n'
b'name:cvServer\r\n'
b'name:plf_health_mgmt\r\n'
b'name:plf_health_mgmt\r\n'
b'name:mediaServer\r\n'
b'[\x1b[1;31m ERROR\x1b[0m]\x1b[36m[\x1b[0m\x1b[1;37m  78\x1b[0m\x1b[36m: am_signal_unwind.cpp: void critical_error_handler()]: \x1b[0m\x1b[31mReg[25]: 0x0000007fde7348f0\x1b[0m\r\n'
b'name:cvServer\r\n'
b'name:data_distribution\r\n'
b'name:cvServer\r\n'
b'name:mediaServer\r\n'
b'name:data_integration\r\n'
b'name:mediaServer\r\n'
b'name:data_distribution\r\n'
b'name:V2cloudStub\r\n'
b'name:data_distribution\r\n'
b'name:data_integration\r\n'
b'[\x1b[1;31m ERROR\x1b[0m]\x1b[36m[\x1b[0m\x1b[1;37m  78\x1b[0m\x1b[36m: am_signal_unwind.cpp: void critical_error_handler()]: \x1b[0m\x1b[31mReg[26]: 0x0000007fde7348c8\x1b[0m\r\n'
b'name:phm\r\n'
b'name:data_integration\r\n'
b'name:V2cloudStub\r\n'
b'name:gps_service\r\n'
b'name:V2cloudStub\r\n'
b'name:phm\r\n'
b'[\x1b[1;31m ERROR\x1b[0m]\x1b[36m[\x1b[0m\x1b[1;37m  78\x1b[0m\x1b[36m: am_signal_unwind.cpp: void critical_error_handler()]: \x1b[0m\x1b[31mReg[27]: 0x0000000000000000\x1b[0m\r\n'
b'name:test_gps_client\r\n'
b'name:phm\r\n'
b'name:gps_service\r\n'
b'name:untouch_dms_app\r\n'
b'name:gps_service\r\n'
b'name:test_gps_client\r\n'
b'[\x1b[1;31m ERROR\x1b[0m]\x1b[36m[\x1b[0m\x1b[1;37m  78\x1b[0m\x1b[36m: am_signal_unwind.cpp: void critical_error_handler()]: \x1b[0m\x1b[31mReg[28]: 0x000000556beb3f70\x1b[0m\r\n'
b'name:receiver_dms_demo\r\n'
b'name:test_gps_client\r\n'
b'name:untouch_dms_app\r\n'
b'name:recoderServer\r\n'
b'name:untouch_dms_app\r\n'
b'name:receiver_dms_demo\r\n'
b'[\x1b[1;31m ERROR\x1b[0m]\x1b[36m[\x1b[0m\x1b[1;37m  78\x1b[0m\x1b[36m: am_signal_unwind.cpp: void critical_error_handler()]: \x1b[0m\x1b[31mReg[29]: 0x0000007fde734700\x1b[0m\r\n'
b'name:osdServer\r\n'
b'name:receiver_dms_demo\r\n'
b'name:recoderServer\r\n'
b'name:monitorServer\r\n'
b'name:recoderServer\r\n'
b'name:osdServer\r\n'
b'[\x1b[1;31m ERROR\x1b[0m]\x1b[36m[\x1b[0m\x1b[1;37m  78\x1b[0m\x1b[36m: am_signal_unwind.cpp: void critical_error_handler()]: \x1b[0m\x1b[31mReg[30]: 0x000000556a565d20\x1b[0m\r\n'
b'name:osdServer\r\n'
b'name:monitorServer\r\n'
b'~ClassPointer\r\n'
b'name:monitorServer\r\n'
b'get msg id 0\r\n'
b'~ClassPointer\r\n'
b'get msg id 32769\r\n'
b'get msg id 0\r\n'
b'get msg id 65538\r\n'
b'get msg id 32769\r\n'
b'get msg id 98307\r\n'
b'Starting fcgi[   20.088919] ambarella_fb bogus_bus:framebuffer@0: 720x480, argb1555, 16 bits per pixel, buf pitch = 1440\r\n'
b'wrap: get msg id 131076\r\n'
b'get msg id 65538\r\n'
b'get m[   20.102001] ambarella_fb bogus_bus:framebuffer@1: 720x480, argb1555, 16 bits per pixel, buf pitch = 1440\r\n'
b'sg id 163845\r\n'
b'get msg id 196614\r\n'
b'get msg id 229383\r\n'
b'get msg id 98307\r\n'
b'get msg id 262152\r\n'
b'get msg id 131076\r\n'
b'get msg id 294921\r\n'
b'get msg id 163845\r\n'
b'get msg id 327690\r\n'
b'get msg id 196614\r\n'
b'get msg id 360459\r\n'
b'get msg id 229383\r\n'
b'get msg id 393228\r\n'
b'get msg id 262152\r\n'
b'get msg id 425997\r\n'
b'get msg id 294921\r\n'
b'get msg id 327690\r\n'
b'get msg id 360459\r\n'
b'the open the file is successful,fd=6.\r\n'
b'get msg id 393228\r\n'
b'get msg id 425997\r\n'
b'the open the file is successful,fd=3.\r\n'
b'~InstanceSpecifier\r\n'
b'~ClassPointer\r\n'
b'get msg id 0\r\n'
b'get msg id 32769\r\n'
b'get msg id 65538\r\n'
b'get msg id 98307\r\n'
b'get msg id 131076\r\n'
b'get msg id 163845\r\n'
b'get msg id 196614\r\n'
b'get msg id 229383\r\n'
b'\x1b[1;37mConnection established with kernel.\x1b[0m\r\n'
b'get msg id 262152\r\n'
b'get msg id 294921\r\n'
b'OK\r\n'
b'get msg id 327690\r\n'
b'get msg id 360459\r\n'
b'get msg id 393228\r\n'
b'get msg id 425997\r\n'
b'the open the file is successful,fd=3.\r\n'
b'~InstanceSpecifier\r\n'
b'[InstanceSpecifier] size= 18: exe0/TestLibphmApp\r\n'
b'HealthChannel sv_specifier_:exe0/TestLibphmApp, len:18\r\n'
b'the open the file is successful,fd=7.\r\n'
b'read 188 Byte\r\n'
b'write successful 188\r\n'
b'name:plf_health_mgmt\r\n'
b'name:cvServer\r\n'
b'name:mediaServer\r\n'
b'name:data_distribution\r\n'
b'name:data_integration\r\n'
b'name:V2cloudStub\r\n'
b'name:phm\r\n'
b'name:gps_service\r\n'
b'name:test_gps_client\r\n'
b'name:untouch_dms_app\r\n'
b'name:receiver_dms_demo\r\n'
b'name:recoderServer\r\n'
b'name:osdServer\r\n'
b'name:monitorServer\r\n'
b'~ClassPointer\r\n'
b'get msg id 0\r\n'
b'get msg id 32769\r\n'
b'get msg id 65538\r\n'
b'get msg id 98307\r\n'
b'get msg id 131076\r\n'
b'get msg id 163845\r\n'
b'get msg id 196614\r\n'
b'get msg id 229383\r\n'
b'get msg id 262152\r\n'
b'get msg id 294921\r\n'
b'get msg id 327690\r\n'
b'get msg id 360459\r\n'
b'get msg id 393228\r\n'
b'get msg id 425997\r\n'
b'the open the file is successful,fd=7.\r\n'
b'~InstanceSpecifier\r\n'
b'[\x1b[1;31m ERROR\x1b[0m]\x1b[36m[\x1b[0m\x1b[1;37m  78\x1b[0m\x1b[36m: am_signal_unwind.cpp: void critical_error_handler()]: \x1b[0m\x1b[31mReg[15]: 0x000000000000070b\x1b[0m\r\n'
b'[\x1b[1;31m ERROR\x1b[0m]\x1b[36m[\x1b[0m\x1b[1;37m  78\x1b[0m\x1b[36m: am_signal_unwind.cpp: void critical_error_handler()]: \x1b[0m\x1b[31mReg[16]: 0x000000556b0b2098\x1b[0m\r\n'
b'[\x1b[1;31m ERROR\x1b[0m]\x1b[36m[\x1b[0m\x1b[1;37m  78\x1b[0m\x1b[36m: am_signal_unwind.cpp: void critical_error_handler()]: \x1b[0m\x1b[31mReg[17]: 0x0000007fa5231ac0\x1b[0m\r\n'
b'[\x1b[1;31m ERROR\x1b[0m]\x1b[36m[\x1b[0m\x1b[1;37m 157\x1b[0m\x1b[36m: am_signal_unwind.cpp: void critical_error_handler()]: \x1b[0m\x1b[31m#0 : [Function: 0x0000007f9e416668] sp=0x0000007fde7334a0  + 0x0\x1b[0m\r\n'
b'[\x1b[1;31m ERROR\x1b[0m]\x1b[36m[\x1b[0m\x1b[1;37m  78\x1b[0m\x1b[36m: am_signal_unwind.cpp: void critical_error_handler()]: \x1b[0m\x1b[31mReg[18]: 0x000000000000002f\x1b[0m\r\n'
b'[\x1b[1;31m ERROR\x1b[0m]\x1b[36m[\x1b[0m\x1b[1;37m  78\x1b[0m\x1b[36m: am_signal_unwind.cpp: void critical_error_handler()]: \x1b[0m\x1b[31mReg[19]: 0x0000007ff820aeb0\x1b[0m\r\n'
b'[\x1b[1;31m ERROR\x1b[0m]\x1b[36m[\x1b[0m\x1b[1;37m  78\x1b[0m\x1b[36m: am_signal_unwind.cpp: void critical_error_handler()]: \x1b[0m\x1b[31mReg[20]: 0x000000556b0b1000\x1b[0m\r\n'
b'[\x1b[1;31m ERROR\x1b[0m]\x1b[36m[\x1b[0m\x1b[1;37m  78\x1b[0m\x1b[36m: am_signal_unwind.cpp: void critical_error_handler()]: \x1b[0m\x1b[31mReg[21]: 0x0000007ff820b0d0\x1b[0m\r\n'
b'[\x1b[1;31m ERROR\x1b[0m]\x1b[36m[\x1b[0m\x1b[1;37m  78\x1b[0m\x1b[36m: am_signal_unwind.cpp: void critical_error_handler()]: \x1b[0m\x1b[31mReg[22]: 0x0000007ff820aed0\x1b[0m\r\n'
