重启第 1 次
b'\r\r\n'
b'\r\n'
b'\rWelcome to Ambarella\r\n'
b'\rAmbarella login: \r\r\n'
b'\r\n'
b'\rWelcome to Ambarella\r\n'
b'\rAmbarella login: root\r\n'
b"login[520]: root login on 'ttyS0'\r\r\n"
b'# \r\n'
b'# reboot\r\n'
b'# \rThe system is going down NOW!\r\n'
b'\rSent SIGTERM to all processes\r\n'
b'\x1b[1;37mCapture signal[15]\x1b[0m\r\n'
b'~ClassPointer\r\n'
b'~ClassPointer\r\n'
b'~ClassPointer\r\n'
b'\rSent SIGKILL to all processes\r\n'
b'\rRequesting system reboot\r\n'
b'[   66.179540] ambarella-i2c e400a000.i2c: No ACK from address 0xb4, 0:0!\r\n'
b'[   66.187016] ambarella-i2c e400a000.i2c: No ACK from address 0xb4, 0:0!\r\n'
b'[   66.194473] ambarella-i2c e400a000.i2c: No ACK from address 0xb4, 0:0!\r\n'
b'[   66.201904] ambarella-i2c e400a000.i2c: No ACK from address 0xb4, 0:0!\r\n'
b'[   66.209346] ambarella-i2c e400a000.i2c: No ACK from address 0xb4, 0:0!\r\n'
b'[   66.216795] ambarella-i2c e400a000.i2c: No ACK from address 0xb4, 0:0!\r\n'
b'[   66.224227] ambarella-i2c e400a000.i2c: No ACK from address 0xb4, 0:0!\r\n'
b'[   67.500819] ambarella-wdt ec002000.wdt: ambarella_wdt_shutdown @ 5.\r\n'
b'[   67.507142] reboot: Restarting system\r\n'
b'\x1b[4l\r\n'
b'[    0.000000] Booting Linux on physical CPU 0x0\r\n'
b'[    0.000000] Linux version 4.14.181 (bean@tbox-compile1) (gcc version 8.2.1 20180802 (Linaro GCC 8.2-2018.08~dev)) #1 SMP PREEMPT Thu Dec 10 10:13:09 CST 2020\r\n'
b'[    0.000000] Boot CPU: AArch64 Processor [410fd034]\r\n'
b'[    0.000000] Machine model: Ambarella CV22 Walnut Board\r\n'
b'[    0.000000] Reserved memory: created CMA memory pool at 0x000000003cc00000, size 48 MiB\r\n'
b'[    0.000000] OF: reserved mem: initialized node linux,cma, compatible id shared-dma-pool\r\n'
b'[    0.000000] Reserved memory: created CMA memory pool at 0x0000000040000000, size 508 MiB\r\n'
b'[    0.000000] OF: reserved mem: initialized node iav@0x40000000, compatible id shared-dma-pool\r\n'
b'[    0.000000] Reserved memory: created CMA memory pool at 0x0000000060000000, size 508 MiB\r\n'
b'[    0.000000] OF: reserved mem: initialized node cavalry@0x60000000, compatible id shared-dma-pool\r\n'
b'[    0.000000] percpu: Embedded 19 pages/cpu s38552 r8192 d31080 u77824\r\n'
b'[    0.000000] Detected VIPT I-cache on CPU0\r\n'
b'[    0.000000] CPU features: enabling workaround for ARM erratum 845719\r\n'
b'[    0.000000] Built 1 zonelists, mobility grouping on.  Total pages: 515592\r\n'
b'[    0.000000] Kernel command line: console=ttyS0 noinitrd root=/dev/mmcblk0p9 rw rootfstype=ext4 init=/linuxrc rootwait\r\n'
b'[    0.000000] PID hash table entries: 4096 (order: 3, 32768 bytes)\r\n'
b'[    0.000000] Dentry cache hash table entries: 262144 (order: 9, 2097152 bytes)\r\n'
b'[    0.000000] Inode-cache hash table entries: 131072 (order: 8, 1048576 bytes)\r\n'
b'[    0.000000] Memory: 962052K/2095104K available (4670K kernel code, 432K rwdata, 1336K rodata, 320K init, 224K bss, 43516K reserved, 1089536K cma-reserved)\r\n'
b'[    0.000000] Virtual kernel memory layout:\r\n'
b'[    0.000000]     modules : 0xffffff8000000000 - 0xffffff8008000000   (   128 MB)\r\n'
b'[    0.000000]     vmalloc : 0xffffff8008000000 - 0xffffffbebfff0000   (   250 GB)\r\n'
b'[    0.000000]       .text : 0xffffff8008080000 - 0xffffff8008510000   (  4672 KB)\r\n'
b'[    0.000000]     .rodata : 0xffffff8008510000 - 0xffffff8008670000   (  1408 KB)\r\n'
b'[    0.000000]       .init : 0xffffff8008670000 - 0xffffff80086c0000   (   320 KB)\r\n'
b'[    0.000000]       .data : 0xffffff80086c0000 - 0xffffff800872c008   (   433 KB)\r\n'
b'[    0.000000]        .bss : 0xffffff800872c008 - 0xffffff8008764178   (   225 KB)\r\n'
b'[    0.000000]     fixed   : 0xffffffbefe7fb000 - 0xffffffbefec00000   (  4116 KB)\r\n'
b'[    0.000000]     PCI I/O : 0xffffffbefee00000 - 0xffffffbeffe00000   (    16 MB)\r\n'
b'[    0.000000]     vmemmap : 0xffffffbf00000000 - 0xffffffc000000000   (     4 GB maximum)\r\n'
b'[    0.000000]               0xffffffbf00008000 - 0xffffffbf02000000   (    31 MB actual)\r\n'
b'[    0.000000]     memory  : 0xffffffc000200000 - 0xffffffc080000000   (  2046 MB)\r\n'
b'[    0.000000] SLUB: HWalign=64, Order=0-3, MinObjects=0, CPUs=4, Nodes=1\r\n'
b'[    0.000000] Preemptible hierarchical RCU implementation.\r\n'
b'[    0.000000] \tTasks RCU enabled.\r\n'
b'[    0.000000] NR_IRQS: 64, nr_irqs: 64, preallocated irqs: 0\r\n'
b'[    0.000000] CPU features: GIC system register CPU interface present but disabled by higher exception level\r\n'
b'[    0.000000] vco = 384000000, 24000000, 1, 16, 1\r\n'
b'[    0.000000] arch_timer: cp15 timer(s) running at 47.25MHz (virt).\r\n'
b'[    0.000000] clocksource: arch_sys_counter: mask: 0xffffffffffffff max_cycles: 0xae5b54743, max_idle_ns: 440795204480 ns\r\n'
b'[    0.000005] sched_clock: 56 bits at 47MHz, resolution 21ns, wraps every 4398046511098ns\r\n'
b'[    0.000253] Console: colour dummy device 80x25\r\n'
b'[    0.302239] console [ttyS0] enabled\r\n'
b'[    0.305723] Calibrating delay loop (skipped), value calculated using timer frequency.. 94.50 BogoMIPS (lpj=47250)\r\n'
b'[    0.315963] pid_max: default: 32768 minimum: 301\r\n'
b'[    0.320664] Mount-cache hash table entries: 4096 (order: 3, 32768 bytes)\r\n'
b'[    0.327364] Mountpoint-cache hash table entries: 4096 (order: 3, 32768 bytes)\r\n'
b'[    0.338547] ASID allocator initialised with 32768 entries\r\n'
b'[    0.345956] Hierarchical SRCU implementation.\r\n'
b'[    0.354341] smp: Bringing up secondary CPUs ...\r\n'
b'[    0.365961] Detected VIPT I-cache on CPU1\r\n'
b'[    0.369990] CPU1: Booted secondary processor [410fd034]\r\n'
b'[    0.382053] Detected VIPT I-cache on CPU2\r\n'
b'[    0.386065] CPU2: Booted secondary processor [410fd034]\r\n'
b'[    0.398157] Detected VIPT I-cache on CPU3\r\n'
b'[    0.402168] CPU3: Booted secondary processor [410fd034]\r\n'
b'[    0.407447] smp: Brought up 1 node, 4 CPUs\r\n'
b'[    0.411542] SMP: Total of 4 processors activated.\r\n'
b'[    0.416234] CPU features: detected: 32-bit EL0 Support\r\n'
b'[    0.421860] CPU: All CPU(s) started at EL1\r\n'
b'[    0.425959] alternatives: patching kernel code\r\n'
b'[    0.431504] devtmpfs: initialized\r\n'
b'[    0.440573] random: get_random_u32 called from bucket_table_alloc+0x108/0x268 with crng_init=0\r\n'
b'[    0.449503] clocksource: jiffies: mask: 0xffffffff max_cycles: 0xffffffff, max_idle_ns: 1911260446275000 ns\r\n'
b'[    0.459231] futex hash table entries: 1024 (order: 5, 131072 bytes)\r\n'
b'[    0.507703] pinctrl core: initialized pinctrl subsystem\r\n'
b'[    0.513261] NET: Registered protocol family 16\r\n'
b'[    0.518390] vdso: 2 pages (1 code @ ffffff8008515000, 1 data @ ffffff80086c4000)\r\n'
b'[    0.532789] DMA: preallocated 256 KiB pool for atomic allocations\r\n'
b'[    0.542074] ambarella-pinctrl ec003000.pinctrl: Ambarella pinctrl driver registered\r\n'
b'[    0.550435] ambarella-gpio ec003000.pinctrl:gpio@0: Ambarella GPIO driver registered\r\n'
b'[    0.565043] HugeTLB registered 2.00 MiB page size, pre-allocated 0 pages\r\n'
b'[    0.572848] ambarella-dma e0020000.dma: Ambarella DMA Engine \r\n'
b'[    0.579181] ambarella-dma e0021000.dma: Ambarella DMA Engine \r\n'
b'[    0.585320] ambarella-i2c e4008000.i2c: Ambarella I2C adapter[0] probed, clock:100000!\r\n'
b'[    0.593427] ambarella-i2c e4009000.i2c: Ambarella I2C adapter[1] probed, clock:100000!\r\n'
b'[    0.601615] ambarella-i2c e400a000.i2c: Ambarella I2C adapter[2] probed, clock:100000!\r\n'
b'[    0.609715] ambarella-i2c e400b000.i2c: Ambarella I2C adapter[3] probed, clock:100000!\r\n'
b'[    0.618504] clocksource: Switched to clocksource arch_sys_counter\r\n'
b'[    0.630807] NET: Registered protocol family 2\r\n'
b'[    0.635605] TCP established hash table entries: 16384 (order: 5, 131072 bytes)\r\n'
b'[    0.642973] TCP bind hash table entries: 16384 (order: 6, 262144 bytes)\r\n'
b'[    0.649899] TCP: Hash tables configured (established 16384 bind 16384)\r\n'
b'[    0.656546] UDP hash table entries: 1024 (order: 3, 32768 bytes)\r\n'
b'[    0.662599] UDP-Lite hash table entries: 1024 (order: 3, 32768 bytes)\r\n'
b'[    0.669182] NET: Registered protocol family 1\r\n'
b'[    0.673829] RPC: Registered named UNIX socket transport module.\r\n'
b'[    0.679752] RPC: Registered udp transport module.\r\n'
b'[    0.684444] RPC: Registered tcp transport module.\r\n'
b'[    0.689134] RPC: Registered tcp NFSv4.1 backchannel transport module.\r\n'
b'[    0.699268] workingset: timestamp_bits=62 max_order=19 bucket_order=0\r\n'
b'[    0.711364] squashfs: version 4.0 (2009/01/31) Phillip Lougher\r\n'
b'[    0.721715] Block layer SCSI generic (bsg) driver version 0.4 loaded (major 251)\r\n'
b'[    0.729104] io scheduler noop registered\r\n'
b'[    0.733016] io scheduler deadline registered\r\n'
b'[    0.737373] io scheduler cfq registered (default)\r\n'
b'[    0.742067] io scheduler mq-deadline registered\r\n'
b'[    0.746589] io scheduler kyber registered\r\n'
b'[    0.751144] ambarella-gdma e000c000.gdma: Ambarella GDMA driver init\r\n'
b'[    0.757866] e4000000.uart: ttyS0 at MMIO 0xe4000000 (irq = 11, base_baud = 1500000) is a ambuart\r\n'
b'[    0.766956] e0017000.uart: ttyS1 at MMIO 0xe0017000 (irq = 32, base_baud = 1500000) is a ambuart\r\n'
b'[    0.776008] e001a000.uart: ttyS4 at MMIO 0xe001a000 (irq = 33, base_baud = 1500000) is a ambuart\r\n'
b'[    0.785084] cacheinfo: Unable to detect cache hierarchy for CPU 0\r\n'
b'[    0.791765] brd: module loaded\r\n'
b'[    0.800803] loop: module loaded\r\n'
b'[    0.804072] mousedev: PS/2 mouse device common for all mice\r\n'
b'[    0.809967] ambarella-rtc e8001000.rtc: rtc core: registered e8001000.rtc as rtc0\r\n'
b'[    0.817438] ambarella-rtc e8001000.rtc: Warning: RTC lost power.....\r\n'
b'[    0.829150] ambarella-wdt ec002000.wdt: Ambarella Watchdog Timer Probed.\r\n'
b'[    1.188582] ambarella-sd e0004000.sdmmc0: Max frequency is 120000000Hz\r\n'
b'[    1.574551] ambarella-sd e0005000.sdmmc1: Max frequency is 48000000Hz\r\n'
b'[    1.581259] Initializing XFRM netlink socket\r\n'
b'[    1.585534] NET: Registered protocol family 17\r\n'
b'[    1.589998] Key type dns_resolver registered\r\n'
b'[    1.615322] console [netcon0] enabled\r\n'
b'[    1.618990] netconsole: network logging started\r\n'
b'[    1.623550] ambarella-rtc e8001000.rtc: setting system clock to 1970-01-13 03:16:16 UTC (1048576)\r\n'
b'[    1.632771] Waiting for root device /dev/mmcblk0p9...\r\n'
b'[    1.670148] mmc0: new high speed MMC card at address 0001\r\n'
b'[    1.675843] mmcblk0: mmc0:0001 S0J57X 29.6 GiB \r\n'
b'[    1.680547] mmcblk0boot0: mmc0:0001 S0J57X partition 1 31.5 MiB\r\n'
b'[    1.686627] mmcblk0boot1: mmc0:0001 S0J57X partition 2 31.5 MiB\r\n'
b'[    1.692632] mmcblk0rpmb: mmc0:0001 S0J57X partition 3 4.00 MiB, chardev (250:0)\r\n'
b'[    1.700621]  (bst): 0x0000000000000000, 0x0000000000001000\r\n'
b'[    1.706102]  (bld): 0x0000000000001000, 0x0000000000100000\r\n'
b'[    1.711579]  (ptb): 0x0000000000101000, 0x00000000000e0000\r\n'
b'[    1.717054]  (atf): 0x00000000001e1000, 0x0000000000100000\r\n'
b'[    1.722532]  (pba): 0x00000000002e1000, 0x0000000001000000\r\n'
b'[    1.728007]  (pri): 0x00000000012e1000, 0x0000000001000000\r\n'
b'[    1.733482]  (sec): 0x00000000022e1000, 0x0000000040000000\r\n'
b'[    1.738957]  (dsp): 0x00000000422e1000, 0x0000000006400000\r\n'
b'[    1.744431]  (lnx): 0x00000000486e1000, 0x0000000026600000\r\n'
b'[    1.749905]  (add): 0x000000006ece1000, 0x0000000080000000\r\n'
b'[    1.755382]  (raw): 0x00000000eece1000, 0x000000067a31f000\r\n'
b'[    1.760853]  mmcblk0: p1(bst) p2(bld) p3(ptb) p4(atf) p5(pba) p6(pri) p7(sec) p8(dsp) p9(lnx) p10(add) p11(raw)\r\n'
b'[    1.810165] random: fast init done\r\n'
b'[    1.848546] EXT4-fs (mmcblk0p9): recovery complete\r\n'
b'[    1.854119] EXT4-fs (mmcblk0p9): mounted filesystem with ordered data mode. Opts: (null)\r\n'
b'[    1.862233] VFS: Mounted root (ext4 filesystem) on device 179:9.\r\n'
b'[    1.868912] devtmpfs: mounted\r\n'
b'[    1.872097] Freeing unused kernel memory: 320K\r\n'
b'[    1.988201] EXT4-fs (mmcblk0p9): re-mounted. Opts: errors=remount-ro,data=ordered\r\n'
b'net.core.wmem_default = 524288\r\n'
b'net.core.wmem_max = 1048576\r\n'
b'vm.laptop_mode = 0\r\n'
b'vm.min_free_kbytes = 8192\r\n'
b'vm.vfs_cache_pressure = 160\r\n'
b'vm.dirty_expire_centisecs = 600\r\n'
b'vm.dirty_writeback_centisecs = 200\r\n'
b'vm.dirty_ratio = 3\r\n'
b'vm.dirty_background_ratio = 3\r\n'
b'[    2.101321] i2c /dev entries driver\r\n'
b'[    2.112276] ambarella-spi e0011000.spi: Ambarella spi controller 0 created.\r\r\n'
b'[    2.168683] ambcma: loading out-of-tree module taints kernel.\r\n'
b'[    2.175474] platform iav:ambcma: assigned reserved memory node iav@0x40000000\r\n'
b"[    2.474362] imgproc: module license 'Proprietary' taints kernel.\r\n"
b'[    2.480392] Disabling lock debugging due to kernel taint\r\n'
b'[    2.660811] amba_debug_init 247:0.\r\n'
b'Populating cv22_bmap using udev: Starting version v242-1.amba\r\n'
b'Done\r\n'
b'Loading CV22 private driver: [    2.976356] pps_core: LinuxPPS API ver. 1 registered\r\n'
b'[    2.981330] pps_core: Software ver. 5.3.6 - Copyright 2005-2007 Rodolfo Giometti <giometti@linux.it>\r\n'
b'[    3.003351] pps pps0: new PPS source pps.-1\r\n'
b'[    3.007688] pps pps0: Registered IRQ 52 as PPS source\r\n'
b'[    3.088820] libphy: Fixed MDIO Bus: probed\r\n'
b'[    3.227542] libphy: Ambarella MDIO Bus: probed\r\n'
b'[    3.236578] rtl9000_probe id 1c\r\n'
b'[    3.240213] rtl9000_probe id cb00\r\n'
b'[    3.244038] ambarella-eth e000e000.ethernet: Enhance Ethernet PHY[0]: 0x001ccb00!\r\n'
b'[    3.252028] ambarella-eth e000e000.ethernet: CONFIG_PTP_1588_CLOCK is not set\r\n'
b'[    3.259182] ambarella-eth e000e000.ethernet: MAC Address[d2:c3:4d:04:0c:4f].\r\n'
b'modprobe: FATAL: Module ambarella_sd not found in directory /lib/modules/4.14.181\r\n'
b'modprobe: FATAL: Module mmc_block not found in directory /lib/modules/4.14.181\r\n'
b'[    3.315974] EXT4-fs (mmcblk0p7): Unrecognized mount option "flush" or missing value\r\n'
b'[    3.321894] usbcore: registered new interface driver usbfs\r\n'
b'[    3.329194] usbcore: registered new interface driver hub\r\n'
b'[    3.335415] usbcore: registered new device driver usb\r\n'
b"[    3.352466] ehci_hcd: USB 2.0 'Enhanced' Host Controller (EHCI) Driver\r\n"
b'[    3.360004] EXT4-fs (mmcblk0p8): Unrecognized mount option "flush" or missing value\r\n'
b'[    3.363995] ehci-ambarella: AMBARELLA-EHCI Host Controller driver\r\n'
b'[    3.374046] ambarella-ehci e001f000.ehci: EHCI Host Controller\r\n'
b'[    3.380322] ambarella-ehci e001f000.ehci: new USB bus registered, assigned bus number 1\r\n'
b'[    3.389783] ambarella-ehci e001f000.ehci: irq 26, io mem 0xe001f000\r\n'
b'[    3.402519] ambarella-ehci e001f000.ehci: USB 2.0 started, EHCI 1.00\r\n'
b'[    3.409050] usb usb1: New USB device found, idVendor=1d6b, idProduct=0002\r\n'
b'[    3.415832] usb usb1: New USB device strings: Mfr=3, Product=2, SerialNumber=1\r\n'
b'[    3.423043] usb usb1: Product: EHCI Host Controller\r\n'
b'[    3.427911] usb usb1: Manufacturer: Linux 4.14.181 ehci_hcd\r\n'
b'[    3.433471] usb usb1: SerialNumber: AmbUSB\r\n'
b'[    3.438048] hub 1-0:1.0: USB hub found\r\n'
b'[    3.441820] hub 1-0:1.0: 1 port detected\r\n'
b"[    3.457824] ohci_hcd: USB 1.1 'Open' Host Controller (OHCI) Driver\r\n"
b'[    3.464271] ambarella-ohci e001e000.ohci: Ambarella OHCI\r\n'
b'[    3.469589] ambarella-ohci e001e000.ohci: new USB bus registered, assigned bus number 2\r\n'
b'[    3.477654] ambarella-ohci e001e000.ohci: irq 25, io mem 0xe001e000\r\n'
b'[    3.539695] usb usb2: New USB device found, idVendor=1d6b, idProduct=0001\r\n'
b'[    3.546477] usb usb2: New USB device strings: Mfr=3, Product=2, SerialNumber=1\r\n'
b'[    3.553687] usb usb2: Product: Ambarella OHCI\r\n'
b'[    3.558036] usb usb2: Manufacturer: Linux 4.14.181 ohci_hcd\r\n'
b'[    3.563598] usb usb2: SerialNumber: AmbUSB\r\n'
b'[    3.568147] hub 2-0:1.0: USB hub found\r\n'
b'[    3.571917] hub 2-0:1.0: 1 port detected\r\n'
b'[    3.586783] ambarella-udc e0006000.udc: ambarella_udc: version 21 Jan 2016\r\n'
b'[    3.622584] using random self ethernet address\r\n'
b'[    3.627034] using random host ethernet address\r\n'
b'[    3.631912] usb0: HOST MAC 86:96:02:27:37:d8\r\n'
b'[    3.636262] usb0: MAC fa:89:e5:fd:3b:4e\r\n'
b'[    3.640133] using random self ethernet address\r\n'
b'[    3.644569] using random host ethernet address\r\n'
b'[    3.649064] g_ether gadget: Ethernet Gadget, version: Memorial Day 2008\r\n'
b'[    3.655674] g_ether gadget: g_ether ready\r\n'
b'Install Auido...\r\n'
b'OK!\r\n'
b'Initializing random number generator... [    3.718795] random: dd: uninitialized urandom read (512 bytes read)\r\n'
b'done.\r\n'
b'run /usr/beantechs/bin/dlt-daemonstart successful\r\n'
b'/usr/beantechs/bin:/usr/untouch/bin:/usr/beantechs/unit_test:/bin:/sbin:/usr/bin:/usr/sbin:/usr/bin/X11:/usr/local/bin:/usr/local/sbin\r\n'
b'[    3.783084] ambhdmi e000b000.hdmi: Ambarella hdmi controller version:2.0 \r\n'
b'Init without VIN drivers...\r\n'
b'Default init without lens driver\r\n'
b'Use default settings\r\n'
b'map_size = 0x500000, nr_item = 4\r\n'
b'addr_offset = 0x00000000, filename = orccode.bin\r\n'
b'addr_offset = 0x00300000, filename = orcme.bin\r\n'
b'addr_offset = 0x003a0000, filename = orcmdxf.bin\r\n'
b'addr_offset = 0x003e0000, filename = default_binary.bin\r\n'
b'mmap returns 0x7fb775a000\r\n'
b'loading /lib/firmware/orccode.bin...addr = 0x7fb775a000, size = 0x206bbf\r\n'
b'loading /lib/firmware/orcme.bin...addr = 0x7fb7a5a000, size = 0x42894\r\n'
b'loading /lib/firmware/orcmdxf.bin...addr = 0x7fb7afa000, size = 0x28ed0\r\n'
b'loading /lib/firmware/default_binary.bin...addr = 0x7fb7b3a000, size = 0x6bf84\r\n'
b'===============================================\r\n'
b'ucode (CV22) version = 2020/5/25 288664.288656\r\n'
b'===============================================\r\n'
b'[    4.071517] -------------------ambrg_hw_reset---id:1,ambrg->rst_gpio[0]:51!\r\n'
b'[    5.242515] -------------------ambrg_hw_reset---id:1,ambrg->rst_gpio[0]:51!\r\n'
b'[    6.418514] -------------------ambrg_hw_reset---id:1,ambrg->rst_gpio[0]:51!\r\n'
b'[    7.594514] -------------------ambrg_hw_reset---id:1,ambrg->rst_gpio[0]:51!\r\n'
b'\x00'
b''
重启第 2 次
b''
重启第 3 次
b''
重启第 4 次
b''
重启第 5 次
b''
重启第 6 次
b''
